05-23 13:34:09.833  2497  2694 I GuardianSystem: OnDestroyActiveClient: com.YourCompany.PruebaVideoStreaming
05-23 13:34:09.839  2060 14899 I UnifiedTelemetryWrapper: Stopped UT session lifetime:com.YourCompany.PruebaVideoStreaming
05-23 13:34:09.839  2060 14899 I ClientMgr: RemoveClient: com.YourCompany.PruebaVideoStreaming:com.YourCompany.PruebaVideoStreaming:14812
05-23 13:34:09.862  1036  1146 W InputDispatcher: channel '9f5e2f4 com.YourCompany.PruebaVideoStreaming/com.epicgames.ue4.GameActivity (server)' ~ Consumer closed input channel or an error occurred.  events=0x9
05-23 13:34:09.862  1036  1146 E InputDispatcher: channel '9f5e2f4 com.YourCompany.PruebaVideoStreaming/com.epicgames.ue4.GameActivity (server)' ~ Channel is unrecoverably broken and will be disposed!
05-23 13:34:09.864   790  4134 I RuntimeIPCService: DestroyBrokerConnection: com.YourCompany.PruebaVideoStreaming:com.YourCompany.PruebaVideoStreaming:14812
05-23 13:34:09.864   790  4134 E IPCThreadState: attemptIncStrongHandle(28): Not supported
05-23 13:34:09.866  4915  4972 D xrstreaming: receive ping: org 0 recv 0 xmt 12177855526600 (received at 7532701798633), offset divergence 87678
05-23 13:34:09.868  1036  5930 D ConnectivityService: ConnectivityService NetworkRequestInfo binderDied(NetworkRequest [ LISTEN id=35, [ Transports: CELLULAR|WIFI|BLUETOOTH|ETHERNET|VPN Capabilities: INTERNET&NOT_RESTRICTED&TRUSTED&NOT_VPN&VALIDATED&FOREGROUND Uid: 10209] ], android.os.BinderProxy@cdd9866)
05-23 13:34:09.868  1036  3399 I ActivityManager: Process com.YourCompany.PruebaVideoStreaming (pid 14812) has died: cch CRE 
05-23 13:34:09.869  1036  1428 I WindowManager: WIN DEATH: Window{9f5e2f4 u0 com.YourCompany.PruebaVideoStreaming/com.epicgames.ue4.GameActivity}
05-23 13:34:09.869  1036  1428 W InputDispatcher: Attempted to unregister already unregistered input channel '9f5e2f4 com.YourCompany.PruebaVideoStreaming/com.epicgames.ue4.GameActivity (server)'
05-23 13:34:09.870  1298  1298 V AvrcpMediaPlayerList: onPlaybackConfigChanged(): Configs list size=9
05-23 13:34:09.870  1298  1298 V AvrcpMediaPlayerList: onPlaybackConfigChanged(): Configs list size=7
05-23 13:34:09.871  1298  1298 V AvrcpMediaPlayerList: onPlaybackConfigChanged(): Configs list size=7
05-23 13:34:09.874  1900  1900 I Zygote  : Process 14812 exited cleanly (0)
05-23 13:34:09.891  1036  1068 W ActivityManager: setHasOverlayUi called on unknown pid: 14812
05-23 13:34:09.914  1036  1076 I libprocessgroup: Successfully killed process cgroup uid 10209 pid 14812 in 45ms
05-23 13:34:09.951  2034  2291 I ServerProcessConnector: Connection closed: com.YourCompany.PruebaVideoStreaming:com.YourCompany.PruebaVideoStreaming:14812
05-23 13:34:09.967  2497  2686 I ServerProcessConnector: Connection closed: com.YourCompany.PruebaVideoStreaming:com.YourCompany.PruebaVideoStreaming:14812
05-23 13:34:10.066  3356 15022 E memtrack: Couldn't load memtrack module
05-23 13:34:10.066  3356 15022 W android.os.Debug: failed to get memory consumption info: -1
05-23 13:34:10.102  2060  2124 I ServerProcessConnector: Connection closed: com.YourCompany.PruebaVideoStreaming:com.YourCompany.PruebaVideoStreaming:14812
05-23 13:34:10.304   724 15013 W SensorService: Unknown packet type (20) received
05-23 13:34:10.345   847 15063 I [CT]    : CONSTELLATION:IMU_STATUS: bec25d3a5594a307 (L): [FusionTracked=1.000, OutputTracked=0.063, OutputValid=1.000] [AccelSat=0.000, GyroSat=0.000] 
05-23 13:34:10.446   847 15063 I [CT]    : CONSTELLATION:IMU_STATUS: 7c0258126e7b29fa (R): [FusionTracked=1.000, OutputTracked=1.000, OutputValid=1.000] [AccelSat=0.000, GyroSat=0.000] 
05-23 13:34:10.606  3130 15385 I VrApi   : FPS=88/90,Prd=33ms,Tear=0,Early=35,Stale=2,VSnc=0,Lat=-1,Fov=0,CPU4/GPU=2/3,2419/490MHz,OC=FF,TA=0/70/0,SP=N/F/N,Mem=2092MHz,Free=0MB,PLS=0,Temp=37.2C/0.0C,TW=4.19ms,App=4.49ms,GD=0.26ms,CPU&GPU=7.75ms,LCnt=5,GPU%=0.82,CPU%=0.18(W0.28),DSF=1.00
05-23 13:34:10.629   847 15047 I [CT]    : VIPER: InternalAnchorHealthMonitor: Anchors: 1 | Persistent anchors: 1 | Anchors never observed: 0
05-23 13:34:10.629   847 15047 I [CT]    :   (min/avg/max) Anchor landmarks: (24|24|24) | Covisible keyframes: (19|19|19) | Times since observation: (0|0|0)
05-23 13:34:10.710   903   903 E adbd    : failed to connect to socket 'tcp:6666': Connection refused
05-23 13:34:10.866  4915  4972 D xrstreaming: receive ping: org 0 recv 0 xmt 12178856224500 (received at 7533701703164), offset divergence 87678
05-23 13:34:11.473   903   903 E adbd    : failed to connect to socket 'tcp:6666': Connection refused
05-23 13:34:11.503  2497  2694 I GuardianInput: RightTrigger down
05-23 13:34:11.605  3130 15385 I VrApi   : FPS=90/90,Prd=29ms,Tear=0,Early=0,Stale=0,VSnc=0,Lat=-1,Fov=0,CPU4/GPU=2/3,2419/490MHz,OC=FF,TA=0/70/0,SP=N/F/N,Mem=2092MHz,Free=0MB,PLS=0,Temp=37.2C/0.0C,TW=4.19ms,App=4.25ms,GD=0.28ms,CPU&GPU=7.90ms,LCnt=5,GPU%=0.81,CPU%=0.16(W0.20),DSF=1.00
05-23 13:34:11.606   847 15239 I [CT]    : CONSTELLATION:VISION_STATUS: bec25d3a5594a307 (L): BlobDetection:[#BlobsDetected=(18.38, 16.06)]Matching:[MatchSuccess=1.000, MatchCost=(0.00143, 0.00000), #MatchedBlobs=(5.79, 1.48), #MatchedLeds=(3.17, 0.36), RematchM=0.068, SkipRefine=0.000] MatchMethod:[Prox=1.000, ConstBrute=0.000, UnconstBrute=0.000] MatchResets[AnomBlobSize=0.000, SharedMatch=0.000, DenseReacq=0.000] | Fusion:[FusionError=0.000, ImuFromCamMs=(16.909, 0.987), RematchF=0.000] FusionUpdates:[Successful=0.000, Reliable=0.000, TightFusion=0.000, FullPose=0.000, StaticPrior=1.000, StaticForHandTrans=1.000, PoseUpdateMD=(0.0000, 0.0000)] FusionResets[6DoFReset=0.000, ResetSuccess=0.000] FusionStatus[HasPosition=1.000, HasVelocity=1.000] 
05-23 13:34:11.607   847 15239 I [CT]    : CONSTELLATION:VISION_STATUS: 7c0258126e7b29fa (R): BlobDetection:[#BlobsDetected=(18.38, 16.06)]Matching:[MatchSuccess=1.000, MatchCost=(0.00291, 0.00003), #MatchedBlobs=(10.87, 9.44), #MatchedLeds=(6.02, 2.12), RematchM=0.004, SkipRefine=0.000] MatchMethod:[Prox=1.000, ConstBrute=0.000, UnconstBrute=0.000] MatchResets[AnomBlobSize=0.000, SharedMatch=0.000, DenseReacq=0.000] | Fusion:[FusionError=0.000, ImuFromCamMs=(16.972, 1.161), RematchF=0.096] FusionUpdates:[Successful=1.000, Reliable=0.988, TightFusion=0.916, FullPose=0.084, StaticPrior=0.000, StaticForHandTrans=0.000, PoseUpdateMD=(3.6925, 61.9391)] FusionResets[6DoFReset=0.000, ResetSuccess=0.000] FusionStatus[HasPosition=1.000, HasVelocity=1.000] 
05-23 13:34:11.681  3130  3161 I Clay    : Local user with id 101042312219970 does NOT have a custom avatar
05-23 13:34:11.726  2497  2694 I GuardianInput: RightTrigger up
05-23 13:34:11.748  3356  3356 I [SUI] LaunchUtil: actionMaximize - {"actionType":"foregroundPanels","actionData":{"targetPanelIds":[7]}}
05-23 13:34:11.750  3356  3356 D [SUI] AnytimeUIPanelAppBase: ClickEventButtonId: AUI_SYSTEM_STATUS_QUICK_SETTINGS
05-23 13:34:11.780  3448  3575 I [SEO] DesktopPanelController: LaunchOrRestore( com.oculus.systemux/com.oculus.panelapp.quicksettings.QuickSettingsPanelService ) with launchAsNew=0, sourcePanelId=0, launchTarget=Default, targetMonitor=-1, launchingComponent=system_action_foreground
05-23 13:34:11.780  3448  3575 I [SEO] DesktopPanelControllerHelper: Validating activation
05-23 13:34:11.780  3448  3575 I [SEO] DesktopPanelControllerHelper: Resolving launch target
05-23 13:34:11.780  3448  3575 I [SEO] PanelAppsManager: Foreground activation for component com.oculus.systemux/com.oculus.panelapp.quicksettings.QuickSettingsPanelService
05-23 13:34:11.780  3448  3575 I [SEO] DesktopPanelControllerHelper: Resolving panel apps for activation
05-23 13:34:11.780  3448  3575 I [SEO] DesktopPanelControllerHelper: Resolved 1 panel apps for Foreground activation
05-23 13:34:11.780  3448  3575 I [SEO] DesktopPanelController: Sending to backstack apps in desktop mode Tablet
05-23 13:34:11.780  3448  3575 I [SEO] DesktopPanelController: Checking whether desktop switch is necessary with current desktop Tablet for activation of app com.oculus.systemux/com.oculus.panelapp.quicksettings.QuickSettingsPanelService
05-23 13:34:11.780  3448  3575 I [SEO] DesktopPanelController: Processing Foreground Activation for panel with current DesktopType Tablet
05-23 13:34:11.780  3448  3575 I [SEO] DesktopPanelController: Selecting desktop Tablet for foreground activation
05-23 13:34:11.780  3448  3575 I [SEO] DesktopPanelController: Sending activation to desktop with mode Tablet
05-23 13:34:11.780  3448  3575 I [SEO] VrShellDesktopBase: Processing app activation with type Foreground
05-23 13:34:11.780  3448  3575 I [SEO] VrShellDesktopBase: Found monitor 0 for AddPanelApp
05-23 13:34:11.780  3448  3575 I [SEO] VrShellDesktopBase: Inserting panelapp with id 7 to monitor 0
05-23 13:34:11.780  3448  3575 I [SEO] DesktopPanelApp: Storing location Tablet, monitor 0
05-23 13:34:11.780  3448  3575 I [SEO] AppActivationRecord: AppActivation result is Success with reason  and type:Foreground, launchTarget:Default, activationSourceId:0, activationTargetId:-1, launchAsNew:0, uri:, launchingComponent:
05-23 13:34:11.781  3448  3575 I [SEO] ShellApp: com.oculus.systemux/com.oculus.panelapp.quicksettings.QuickSettingsPanelService:7 is now foregrounded
05-23 13:34:11.781  3448  3575 I [SEO] PanelAppHost: Panel app 7 (com.oculus.systemux/com.oculus.panelapp.quicksettings.QuickSettingsPanelService) changing state from background to foreground
05-23 13:34:11.781  3448  3575 I [SEO] ShellApp: Notifying foreground panel changed
05-23 13:34:11.782  3356  3356 V LifecycleAwarePanelApp: PanelApp lifecycle moved from state CREATED to state RESUMED. Moved through events ON_START and ON_RESUMED
05-23 13:34:11.782  3356  3356 I [SUI] AnytimeUIPanelAppBase: actionSetVolumeLayerEnabled - false
05-23 13:34:11.782  3448  3575 I [SEO] PanelAppOSLifecycleNotificationManager: Sending frameState isForeground:1 to OS for app com.oculus.systemux/com.oculus.panelapp.quicksettings.QuickSettingsPanelService
05-23 13:34:11.782  3448  3575 I [SEO] ShellApp: ShellApp app status changed observed...
05-23 13:34:11.782  3448  3575 I [SEO] ShellApp: ...sending following to AUI Bar:
05-23 13:34:11.782  3448  3575 I [SEO] ShellApp: appStatus {"appState":[{"name":"com.oculus.explore/com.oculus.explore.PanelService","panels":[{"panelId":3,"state":"Background"}]},{"name":"com.oculus.systemux/com.oculus.panelapp.quicksettings.QuickSettingsPanelService","panels":[{"panelId":7,"state":"Focused"}]},{"name":"com.oculus.systemux/com.oculus.panelapp.settings.SettingsPanelService","panels":[{"panelId":8,"state":"Background"}]},{"name":"com.oculus.systemux/com.oculus.panelapp.library.LibraryPanelService","panels":[{"panelId":11,"state":"Foreground"}]},{"name":"com.oculus.tv/com.oculus.tv.PanelService","panels":[{"panelId":21,"state":"Background"}]}],"mostRecent":["com.oculus.systemux/com.oculus.panelapp.quicksettings.QuickSettingsPanelService","com.oculus.systemux/com.oculus.panelapp.library.LibraryPanelService","com.oculus.explore/com.oculus.explore.PanelService","com.oculus.tv/com.oculus.tv.PanelService","com.oculus.systemux/com.oculus.panelapp.settings.SettingsPanelService"]}
05-23 13:34:11.792  3448  3575 I OpenXR_DeviceSettings: ------------ xrSetDeviceSettingBooleanFB -----------
05-23 13:34:11.792  3356  3356 I [SUI] AnytimeUIAndroidPanelApp: handleGenericMessage appStatus {"appState":[{"name":"com.oculus.explore/com.oculus.explore.PanelService","panels":[{"panelId":3,"state":"Background"}]},{"name":"com.oculus.systemux/com.oculus.panelapp.quicksettings.QuickSettingsPanelService","panels":[{"panelId":7,"state":"Focused"}]},{"name":"com.oculus.systemux/com.oculus.panelapp.settings.SettingsPanelService","panels":[{"panelId":8,"state":"Background"}]},{"name":"com.oculus.systemux/com.oculus.panelapp.library.LibraryPanelService","panels":[{"panelId":11,"state":"Foreground"}]},{"name":"com.oculus.tv/com.oculus.tv.PanelService","panels":[{"panelId":21,"state":"Background"}]}],"mostRecent":["com.oculus.systemux/com.oculus.panelapp.quicksettings.QuickSettingsPanelService","com.oculus.systemux/com.oculus.panelapp.library.LibraryPanelService","com.oculus.explore/com.oculus.explore.PanelService","com.oculus.tv/com.oculus.tv.PanelService","com.oculus.systemux/com.oculus.panelapp.settings.SettingsPanelService"]}
05-23 13:34:11.829  2326  2368 W LibraryProvider: Cannot find entitlement for quick_settings_app
05-23 13:34:11.830  3356  3356 W OVRLibrary: null cursor received for query content://com.oculus.ocms.library/apps/quick_settings_app
05-23 13:34:11.844  2326  2368 W LibraryProvider: Cannot find entitlement for library_system_app
05-23 13:34:11.844  3356  3356 W OVRLibrary: null cursor received for query content://com.oculus.ocms.library/apps/library_system_app
05-23 13:34:11.844  3356  3356 I [SUI] AnytimeUIAndroidPanelApp: handleGenericMessage activeComponent com.oculus.systemux/com.oculus.panelapp.quicksettings.QuickSettingsPanelService 
05-23 13:34:11.845  3356  3356 I [SUI] AnytimeUIAndroidPanelApp: handleActiveComponent - com.oculus.systemux/com.oculus.panelapp.quicksettings.QuickSettingsPanelService, returnComponent = 
05-23 13:34:11.845  3356  3356 D [SUI] SharingViewModel: clearAbuseReportRecordingTimer
05-23 13:34:11.845  3356  3356 D [SUI] AdapterUpdatesCoalescer: startDiffingInBackground
05-23 13:34:11.845  3356  3356 E [SUI] FakeAppUtils: error no systemUX route for com.oculus.explore
05-23 13:34:11.845  3356  3356 E [SUI] FakeAppUtils: error no systemUX route for com.oculus.store
05-23 13:34:11.849  3356  3356 D [SUI] AdapterUpdatesCoalescer: There is no pending update
05-23 13:34:11.876  4915  4972 D xrstreaming: receive ping: org 0 recv 0 xmt 12179865825400 (received at 7534711378268), offset divergence 87678
05-23 13:34:11.897  1472 15469 W ContextImpl: Calling a method in the system process without a qualified user: android.app.ContextImpl.sendBroadcast:1057 android.content.ContextWrapper.sendBroadcast:448 X.o4.A00:143 X.nw.A00:17 X.nw.handleMessage:90 
05-23 13:34:11.904  3356  3356 I [SUI] ControlBarPanelApp: handleGenericMessage controlBarShow {"layer":"controlbar1","state":{"displayName":"Quick settings"},"width":1000}
05-23 13:34:11.904  3356  3356 I [SUI] ControlBarPanelApp: controlBarShow -  {"layer":"controlbar1","state":{"displayName":"Quick settings"},"width":1000}
05-23 13:34:11.904  3356  3356 D [SUI] ControlBarPanelApp: acquireViewModel - controlbar1
05-23 13:34:11.904  3356  3356 D [SUI] ControlBarViewModel: Constructing ViewModel for barId: controlbar1
05-23 13:34:11.904  3356  3356 D [SUI] ControlBarPanelApp: acquireViewModel - creating new model - controlbar1 castIconEnabled: false
05-23 13:34:11.904  3356  3356 I AndroidPanelApp: HideLayer(controlbar1, shape: 2, shouldMinimizeLayer: false)
05-23 13:34:11.907  1036  1053 I DisplayManagerService: Display device added: DisplayDeviceInfo{"com.oculus.android_panel_app.AndroidPanelLayer-controlbar1": uniqueId="virtual:com.oculus.systemux,10032,com.oculus.android_panel_app.AndroidPanelLayer-controlbar1,0", 1250 x 50, modeId 286, defaultModeId 286, supportedModes [{id=286, width=1250, height=50, fps=60.0}], colorMode 0, supportedColorModes [0], HdrCapabilities null, density 200, 200.0 x 200.0 dpi, appVsyncOff 0, presDeadline 16666666, touch NONE, rotation 0, type VIRTUAL, state OFF, owner com.oculus.systemux (uid 10032), FLAG_PRIVATE, FLAG_NEVER_BLANK, FLAG_OWN_CONTENT_ONLY}
05-23 13:34:11.910  3356  3356 I [SUI] ControlBarView: ControlBarView created
05-23 13:34:11.912  2060 15086 I SwapChain_Surface: AttachSurfaceSwapChainGLES: attaching 0x7a1fa61000 with SurfaceTexture 0x2676
05-23 13:34:11.915  3356  3356 I [SUI] ControlBarView: Initializing ControlBarViewcontrolbar1
05-23 13:34:11.915  3356  3356 D [SUI] ControlBarPanelApp: acquireViewModel - controlbar1
05-23 13:34:11.920  1036  1053 I DisplayManagerService: Display device removed: DisplayDeviceInfo{"com.oculus.android_panel_app.AndroidPanelLayer-controlbar1": uniqueId="virtual:com.oculus.systemux,10032,com.oculus.android_panel_app.AndroidPanelLayer-controlbar1,0", 1250 x 50, modeId 286, defaultModeId 286, supportedModes [{id=286, width=1250, height=50, fps=60.0}], colorMode 0, supportedColorModes [0], HdrCapabilities null, density 200, 200.0 x 200.0 dpi, appVsyncOff 0, presDeadline 16666666, touch NONE, rotation 0, type VIRTUAL, state OFF, owner com.oculus.systemux (uid 10032), FLAG_PRIVATE, FLAG_NEVER_BLANK, FLAG_OWN_CONTENT_ONLY}
05-23 13:34:11.922  1036  1053 I DisplayManagerService: Display device added: DisplayDeviceInfo{"com.oculus.android_panel_app.AndroidPanelLayer-controlbar1": uniqueId="virtual:com.oculus.systemux,10032,com.oculus.android_panel_app.AndroidPanelLayer-controlbar1,0", 1000 x 50, modeId 287, defaultModeId 287, supportedModes [{id=287, width=1000, height=50, fps=60.0}], colorMode 0, supportedColorModes [0], HdrCapabilities null, density 200, 200.0 x 200.0 dpi, appVsyncOff 0, presDeadline 16666666, touch NONE, rotation 0, type VIRTUAL, state OFF, owner com.oculus.systemux (uid 10032), FLAG_PRIVATE, FLAG_NEVER_BLANK, FLAG_OWN_CONTENT_ONLY}
05-23 13:34:11.925  3356  3356 I AndroidPanelApp: Processing pending hide layer for layer controlbar1.
05-23 13:34:11.925  3356  3356 I AndroidPanelApp: Processing pending show layer info for layer controlbar1 with width 1000 and height 50.
05-23 13:34:11.925  3356  3356 I AndroidPanelApp: layerSupersample no changes
05-23 13:34:11.927  1036  1066 W InputReader: Device has associated, but no associated display id.
05-23 13:34:11.931  3448  3575 I [SEO] PanelAppHost: Setting panel layer visibility of layer "controlbar1" to invisible
05-23 13:34:11.931  3448  3575 I [SEO] PanelAppHost: Resize layer controlbar1 to size 1000 x 50 shape:2 stereo:0
05-23 13:34:11.931  3448  3575 I [SEO] PanelRenderLayer: ResetSurface 1000 x 50 - shape:2 stereo:0
05-23 13:34:11.932  3356  3356 I AndroidPanelApp: Processing next frame action "layerShow" for layer "controlbar1"
05-23 13:34:11.950   847 15088 I [CT]    : VIPER:MAP_MANAGER: State: TrackingPersistent, UUID=0236f00a-b7d0-2762-ceac-8516caac74a0, Num. Persistent maps = 3,  Persistent maps:9dafb6d2-7cce-fc48-79a1-27a9abfd876d,0236f00a-b7d0-2762-ceac-8516caac74a0,bc705666-18f7-3b7b-46c2-e61fa37bbbc9,
05-23 13:34:11.955  1036  1066 W InputReader: Device has associated, but no associated display id.
05-23 13:34:11.959  1036  1068 I DisplayManagerService: Display device changed state: "com.oculus.android_panel_app.AndroidPanelLayer-controlbar1", ON
05-23 13:34:11.964  1036  1068 W InputReader: Device has associated, but no associated display id.
05-23 13:34:11.964  1036  1068 I ActivityTaskManager: Override config changes=20005df8 {0.0 ?mcc?mnc ?localeList ?layoutDir sw40dp w800dp h40dp 200dpi nrml long land ?uimode ?night -touch qwerty/v/v -nav/h winConfig={ mBounds=Rect(0, 0 - 1000, 50) mAppBounds=Rect(0, 0 - 1000, 50) mWindowingMode=fullscreen mDisplayWindowingMode=fullscreen mActivityType=undefined mAlwaysOnTop=undefined mRotation=ROTATION_0}} for displayId=282
05-23 13:34:11.966  1036  3399 E WindowManager: App trying to use insecure INPUT_FEATURE_NO_INPUT_CHANNEL flag. Ignoring
05-23 13:34:11.977  3448  3575 I [SEO] LayerSwapChainResource: LayerSwapChainResource 1000,50 : 3
05-23 13:34:11.977  2060  3197 I VrRuntimeService: CreateSwapChain: 954850670
05-23 13:34:11.977  2060  3197 I VrRuntimeService: CreateSwapChain: api:vk 0 0x2b 1000 50 10 3 1 4 3
05-23 13:34:11.978  2060  3197 W SwapChain: CreateTextureSwapChainFoveation: export failed
05-23 13:34:11.980  2060  3197 I VrRuntimeServer: CreateTextureSwapChain: result importswapchaingles 1
05-23 13:34:11.987  3130  3613 I SwapChain_Vulkan: Imported texture has requirements 3, ends up index 0
05-23 13:34:11.988  3130  3613 I chatty  : uid=10013(com.oculus.shellenv) Thread-32 identical 1 line
05-23 13:34:11.988  3130  3613 I SwapChain_Vulkan: Imported texture has requirements 3, ends up index 0
05-23 13:34:11.988  3130  3613 W VrRuntimeClient: CreateTextureSwapChain: Failed to import foveation swapchain
05-23 13:34:11.992  2060  3197 I VrRuntimeService: UpdateSwapChainSamplerState: 455
05-23 13:34:11.992  2060  3197 I VrRuntimeService: UpdateSwapChainSamplerState: minFilter=1 magFilter=1 wrapModeS=3 warpModeT=3 maxAniso=1.000000 border={0.000000,0.000000,0.000000,0.000000} swizzle={0,1,2,3}
05-23 13:34:11.992   847 15088 I [CT]    : VIPER: Mode=Vega,Status=6DoF,TRACKING,KF=-1,Inl=343,Pts=0,Mem=92.3,Jit=0.2mm,Issues(Cam/min=0.0,IMU/min=0.0),Exp=(4.3ms,g=1.0,I=73,Ir=17052.9)(4.0ms,g=2.0,I=71,Ir=9004.0)(4.0ms,g=2.0,I=73,Ir=9201.2)(1.9ms,g=1.0,I=74,Ir=39714.9)
05-23 13:34:12.010  2060  2324 I PerformanceManager_V0: SetClockLevels: Apply pending clock request change: 2,3 -> 2,4
05-23 13:34:12.010  2060  2317 I Clocks  : ReleaseClocks - start
05-23 13:34:12.010  2060  2317 I Clocks  : ReleaseClocks - end (0.4 ms)
05-23 13:34:12.010  2060  2317 I Clocks  : LockClocks( cpu=2, gpu=4 ) - start
05-23 13:34:12.011  2060  2317 I Clocks  : CPU levels [0, 4]
05-23 13:34:12.011  2060  2317 I Clocks  : GPU levels [0, 5]
05-23 13:34:12.011  2060  2317 I Clocks  : LockClocks( cpu=2, gpu=4 ) - end (0.4 ms)
05-23 13:34:12.047  3448  3575 I [SEO] PanelAppHost: Setting panel layer visibility of layer "controlbar1" to visible
05-23 13:34:12.110  2060  2324 I PerformanceManager_V0: SetClockLevels: Apply pending clock request change: 2,4 -> 3,4
05-23 13:34:12.110  2060  2317 I Clocks  : ReleaseClocks - start
05-23 13:34:12.111  2060  2317 I Clocks  : ReleaseClocks - end (0.5 ms)
05-23 13:34:12.111  2060  2317 I Clocks  : LockClocks( cpu=3, gpu=4 ) - start
05-23 13:34:12.111  2060  2317 I Clocks  : CPU levels [0, 4]
05-23 13:34:12.111  2060  2317 I Clocks  : GPU levels [0, 5]
05-23 13:34:12.111  2060  2317 I Clocks  : LockClocks( cpu=3, gpu=4 ) - end (0.5 ms)
05-23 13:34:12.114  1472 15474 W ContextImpl: Calling a method in the system process without a qualified user: android.app.ContextImpl.sendBroadcast:1057 android.content.ContextWrapper.sendBroadcast:448 X.o4.A00:143 X.nw.A00:17 X.nw.handleMessage:90 
05-23 13:34:12.183  2497  2694 I GuardianInput: RightTrigger down
