05-23 13:34:06.581  2060  2324 I VrRuntimeService: RuntimeIPC: SendPrimaryPackageChangeEvent: PostClientEvent SUCCESS: com.oculus.guardian:com.oculus.vrguardianservice:2497, com.oculus.shellenv, com.oculus.shellenv
05-23 13:34:06.581  2060  2324 I VrRuntimeService: RuntimeIPC: SendPrimaryPackageChangeEvent: PostClientEvent SUCCESS: com.oculus.xrstreamingclient:com.oculus.xrstreamingclient:4915, com.oculus.shellenv, com.oculus.shellenv
05-23 13:34:06.581  2060  2324 I VrRuntimeService: RuntimeIPC: SendPrimaryPackageChangeEvent: PostClientEvent SUCCESS: com.oculus.mrservice:com.oculus.mrservice:1569, com.oculus.shellenv, com.oculus.shellenv
05-23 13:34:06.581  2060  2324 I VrRuntimeService: RuntimeIPC: SendPrimaryPackageChangeEvent: PostClientEvent SUCCESS: com.oculus.vrshell:com.oculus.vrshell:Overlay:2034, com.oculus.shellenv, com.oculus.shellenv
05-23 13:34:06.581  2060  2324 D VrRuntimeService: sendPrimaryPackageChangeBroadcast
05-23 13:34:06.581  2060 15086 I TimeWarp: LatchWarpClients: Multiple Primary Clients detected. Skipping frames for 14
05-23 13:34:06.581  2497  2497 D VrGuardianUserService: onStartCommandIntent { act=FOREGROUND_CLIENT cmp=com.oculus.guardian/com.oculus.vrguardianservice.VrGuardianUserService (has extras) }
05-23 13:34:06.581  2060 15086 I TimeWarp: WarpToScreen: Skipping frames for 14
05-23 13:34:06.582  3130 15387 I FenceChecker: FenceChecker::MainLoop - started
05-23 13:34:06.582  2497  2497 D VrGuardianUserService: onStartCommand FOREGROUND_CLIENT user = 0
05-23 13:34:06.582  2060  2324 I AADT    : SetAADTLutDataX: 0
05-23 13:34:06.582  2060  2324 I AADT    : SetAADTLutDataY: 0
05-23 13:34:06.582  2060  2324 I ServiceInputManager: DEADRECKONING deadReckoning mode on ClientMgr from server is 0
05-23 13:34:06.582  2060  2324 I TimeWarpClientMgr: Enable client 0
05-23 13:34:06.582  2060  2324 I VrRuntimeServer: EnableCompositorClient client(0): layer placement(2147483643) flags(8) sm(0x7a2cbb1a68)
05-23 13:34:06.582  2497  2497 D VrGuardianService: setCurrentUser() called with: userId = [0]
05-23 13:34:06.582  2497  2497 I VrGuardianService: nativeSetCurrentUser userid = 0
05-23 13:34:06.582  2497  2497 I GuardianSystem: GuardianSystem::SetCurrentUser: 0 
05-23 13:34:06.583  3130 15384 I InputDeviceManager: HANDTRACKING Root pose filter profile changed for (version, freq) to (2, 1) from (1,1)
05-23 13:34:06.584  3130  3161 I OpenXR  : PostSessionStateChange: XR_SESSION_STATE_READY -> XR_SESSION_STATE_SYNCHRONIZED
05-23 13:34:06.584  3130  3161 I Clay    : xrPollEvent: SESSION_STATE_CHANGED: SYNCHRONIZED
05-23 13:34:06.586  2060 15086 I TimeWarp: LatchWarpClients: Multiple Primary Clients detected. Skipping frames for 14
05-23 13:34:06.586  2497  2694 I GuardianSystem: runtimeServiceSDKClient_.ForceShowGuardianEvent
05-23 13:34:06.586  2497  2694 I GuardianSystem: ForceShowGuardian: false, 0.00
05-23 13:34:06.586  2497  2694 I GuardianSystem: runtimeServiceSDKClient_.PackageChangeEvent: package=[com.oculus.shellenv], process=[com.oculus.shellenv]
05-23 13:34:06.586  2497  2694 I GuardianSystem: SetCurrentProcessName: com.oculus.shellenv, previous ProcessName: com.YourCompany.PruebaVideoStreaming
05-23 13:34:06.586  2060 15086 I TimeWarp: SetSchedFifo( tid=3161, pol=3, pri=0 ) succeeded
05-23 13:34:06.586  2060 15086 I TimeWarp: SetSchedFifo( tid=15387, pol=3, pri=0 ) succeeded
05-23 13:34:06.586  2060 15086 I AADT    : SetAADTLutDataX. Thread. SizeX: 0
05-23 13:34:06.586  2060 15086 I AADT    : SetAADTLutDataY. Thread. SizeY: 0
05-23 13:34:06.588  1036  5085 W AppOps  : Noting op not finished: uid 10021 pkg com.oculus.vrshell code 24 time=1653305646424 duration=-1
05-23 13:34:06.590  1036  5085 E WindowManager: App trying to use insecure INPUT_FEATURE_NO_INPUT_CHANNEL flag. Ignoring
05-23 13:34:06.592  2060  2060 I ClientMgr: FocusedWindowChanged: falling back to client with same uid: 10021, and pid: 3448
05-23 13:34:06.592  2060  2060 I ClientMgr: FocusedClient changed.
05-23 13:34:06.592  2060  2060 I ClientMgr: ClientMgr::SetFocusedClient: 3448:com.oculus.vrshell type 1
05-23 13:34:06.592  2060  2060 I ClientMgr: SetFocusedPackageName - packageName com.oculus.vrshell processName com.oculus.vrshell clientId 3388843672 clientPid 3448
05-23 13:34:06.592  2060  2060 I VrRuntimeService: RuntimeIPC: SendFocusChangeEventToAllClients: PostClientEvent SUCCESS: com.YourCompany.PruebaVideoStreaming:com.YourCompany.PruebaVideoStreaming:14812, com.oculus.vrshell, com.oculus.vrshell
05-23 13:34:06.592  2060  2060 I VrRuntimeService: RuntimeIPC: SendFocusChangeEventToAllClients: PostClientEvent SUCCESS: com.oculus.vrshell:com.oculus.vrshell:3448, com.oculus.vrshell, com.oculus.vrshell
05-23 13:34:06.592  2060  2060 I VrRuntimeService: RuntimeIPC: SendFocusChangeEventToAllClients: PostClientEvent SUCCESS: com.oculus.shellenv:com.oculus.shellenv:3130, com.oculus.vrshell, com.oculus.vrshell
05-23 13:34:06.592  2060  2060 I VrRuntimeService: RuntimeIPC: SendFocusChangeEventToAllClients: PostClientEvent SUCCESS: com.oculus.guardian:com.oculus.vrguardianservice:2497, com.oculus.vrshell, com.oculus.vrshell
05-23 13:34:06.592  2060  2060 I VrRuntimeService: RuntimeIPC: SendFocusChangeEventToAllClients: PostClientEvent SUCCESS: com.oculus.xrstreamingclient:com.oculus.xrstreamingclient:4915, com.oculus.vrshell, com.oculus.vrshell
05-23 13:34:06.592  2060  2060 I VrRuntimeService: RuntimeIPC: SendFocusChangeEventToAllClients: PostClientEvent SUCCESS: com.oculus.mrservice:com.oculus.mrservice:1569, com.oculus.vrshell, com.oculus.vrshell
05-23 13:34:06.592  2060  2060 I VrRuntimeService: RuntimeIPC: SendFocusChangeEventToAllClients: PostClientEvent SUCCESS: com.oculus.vrshell:com.oculus.vrshell:Overlay:2034, com.oculus.vrshell, com.oculus.vrshell
05-23 13:34:06.593  2060  2324 I ServiceInputManager: HANDTRACKING Changing handtracking version from 2 to 1
05-23 13:34:06.593  2060  2324 I HandTrackingConfig: HANDTRACKING Config: Setting version to 1
05-23 13:34:06.594   847  1271 W [CT]    : NIMBLE:HTEngine: Pipeline version change request ignored, since already in transition
05-23 13:34:06.594  2060  2324 I Vsync   : Adjusting vsync display refresh rate 72.000000 -> 90.000000
05-23 13:34:06.595  3130 15385 D VrApi   : targetSDKVersion 29
05-23 13:34:06.595  2060 15086 I TimeWarp: WarpToScreen: Skipping frames for 14
05-23 13:34:06.598  2060  2060 D VrRuntimeService: onForegroundActivitiesChanged: pid=3448, uid=10021, hasForegroundActivities=false
05-23 13:34:06.600   859  4181 D VrApiService: refresh-rate changed to 90Hz
05-23 13:34:06.600  2060  2324 I VrRuntimeServer: DisableCompositorClient: 0
05-23 13:34:06.600  2060  2324 I TimeWarpClientMgr: Disable client 0
05-23 13:34:06.600  2060  2324 I TimeWarpClientMgr: DisableClient: frame flush required: 1
05-23 13:34:06.602  3130 15385 I JniUtils: ovr_GetCurrentPackageSignature 
05-23 13:34:06.603  3130 15385 I Metrics : device name = Oculus Quest 2
05-23 13:34:06.609  2060 15086 I TimeWarp: LatchWarpClients: Multiple Primary Clients detected. Skipping frames for 14
05-23 13:34:06.609  2060 15086 I TimeWarp: WarpToScreen: Skipping frames for 14
05-23 13:34:06.620  2060  2466 I VrRuntimeService: DestroySwapChain: swapchain=442
05-23 13:34:06.620  2060  2200 I SwapChain: DestroyAndroidSurfaceSwapChain: 0x79f58a2000: Destroying SurfaceTexture 0x270a Surface 0x26fa
05-23 13:34:06.620  2060  2466 I VrRuntimeServer: DestroyTextureSwapChain: result destroyswapchain 1
05-23 13:34:06.621  2060  2466 I VrRuntimeService: DestroySwapChain: swapchain=449
05-23 13:34:06.621  2060  2466 I VrRuntimeServer: DestroyTextureSwapChain: result destroyswapchain 1
05-23 13:34:06.622  2060  2466 I VrRuntimeService: DestroySwapChain: swapchain=441
05-23 13:34:06.622  2060  2200 I SwapChain: DestroyAndroidSurfaceSwapChain: 0x79f589c000: Destroying SurfaceTexture 0x27c6 Surface 0x27b6
05-23 13:34:06.622  2060  2466 I VrRuntimeServer: DestroyTextureSwapChain: result destroyswapchain 1
05-23 13:34:06.623  2060 15086 I TimeWarp: WarpToScreen: Skipping frames for 14
05-23 13:34:06.623  1036  1073 I ActivityTaskManager: Displayed com.oculus.shellenv/.ShellEnvActivity: +194ms
05-23 13:34:06.629  2060 15086 I Vsync   : Vsync 1972:  1 x 11.14 ms (71.82 Hz, at 7529.464)
05-23 13:34:06.634  2060 15086 I TimeWarp: WarpToScreen: Skipping frames for 14
05-23 13:34:06.635  2060  2466 I VrRuntimeService: DestroySwapChain: swapchain=443
05-23 13:34:06.638  1569  3112 I [CT]    : MIXEDREALITY: MrFeatureStatus: Client status changed from Started to Paused.
05-23 13:34:06.638  1569  3112 I [CT]    : MIXEDREALITY: MrFeatureStatus: Target status Paused, CurrentStatus: Started
05-23 13:34:06.638  1569  3112 I [CT]    : MIXEDREALITY: MrFeatureStatus: Operation chain: Pause
05-23 13:34:06.638  1569  3112 I [CT]    : MIXEDREALITY: MrFeatureStatus: Global status changed from Started to Paused.
05-23 13:34:06.638  1569  3112 I [CT]    : MIXEDREALITY: MrServiceController: Queuing command linked to operation Pause for feature 0
05-23 13:34:06.638  1569  2946 I [CT]    : MIXEDREALITY: MrServiceController: Executing passthroughPause on model
05-23 13:34:06.638  1569  2946 I [CT]    : MIXEDREALITY: MrServiceModel: passthroughPause()
05-23 13:34:06.638  1569  2946 I [CT]    : MIXEDREALITY: MrServiceModel: passthroughPause: Paused Passthrough
05-23 13:34:06.638  1569  2946 I [CT]    : MIXEDREALITY: MrServiceView: renderIteration: onPause(). (b)
05-23 13:34:06.640  2060 15086 I Vsync   : Vsync 1973:  1 x 11.13 ms (71.82 Hz, at 7529.475)
05-23 13:34:06.640  2060 15086 I TimeWarp: SetSchedFifo( tid=2946, pol=5, pri=1 ) succeeded
05-23 13:34:06.641  1569  2946 I [CT]    : MIXEDREALITY: MrRuntimeImpl: onPause: Paused. Target device 2.
05-23 13:34:06.641   845  3042 I [CT]    : MIXEDREALITY: MrSystemServiceIPCServer: MrSystemServiceIPCServer::MrComputeCommand from 456695418, request was 99344392/1
05-23 13:34:06.641   845  3042 I [CT]    : MIXEDREALITY: ServiceLogic: onIpcCommand: client 456695418, request 1
05-23 13:34:06.642   724 15353 I FrameSetDispatcher: [HEADSET] Client thread stopping
05-23 13:34:06.643   724  4767 I FrameSetDispatcher: [HEADSET] Client thread joined
05-23 13:34:06.643   724  4767 I CameraClientManager: [HEADSET] Removed client - started clients: 2
05-23 13:34:06.643   845  3042 I [CT]    : MIXEDREALITY: MrRuntimeCompute: onPause: Paused. Target device 2.
05-23 13:34:06.643   845  3042 I [CT]    : MIXEDREALITY: MrRuntimeCompute: onPause: Pausing Stereo Pipeline.
05-23 13:34:06.643  1569  2946 I [CT]    : MIXEDREALITY: MrSystemServiceClientBase: sendIpcEventAndWait: IPCCall result: 0 in 0.002216511 seconds.
05-23 13:34:06.643   845  3042 I [CT]    : MIXEDREALITY: MrSystemServiceIPCServer: MrSystemServiceIPCServer::MrComputeCommand from 456695418, request was 99344392/3
05-23 13:34:06.643   845  3042 I [CT]    : MIXEDREALITY: ServiceLogic: onIpcCommand: client 456695418, request 3
05-23 13:34:06.643  1569  2946 I [CT]    : MIXEDREALITY: MrSystemServiceClientBase: sendIpcEventAndWait: IPCCall result: 0 in 6.6094e-05 seconds.
05-23 13:34:06.645  1501  1501 D OculusNotificationListenerService: Notification posted: 0|android|0|com.android.server.wm.AlertWindowNotification - com.oculus.vrshell|1000
05-23 13:34:06.645  2060 15086 I TimeWarp: WarpToScreen: Skipping frames for 14
05-23 13:34:06.647  1893  1893 E OVRMediaServiceManager: LivestreamingManager Not initialized
05-23 13:34:06.653  1501  1501 D OculusNotificationListenerService: Notification removed: 0|android|0|com.android.server.wm.AlertWindowNotification - com.oculus.vrshell|1000
05-23 13:34:06.654  2060 15086 I TimeWarp: WarpToScreen: Skipping frames for 14
05-23 13:34:06.655  3130  3161 I Clay    : xrPollEvent: DISPLAY_REFRESH_RATE_CHANGED_FB: 72.000000 -> 90.000000
05-23 13:34:06.658  2034  2519 I chatty  : uid=10021(com.oculus.vrshell) ShellOverlayVR expire 2 lines
05-23 13:34:06.661  3356  3356 I chatty  : uid=10032 com.oculus.systemux:SystemUX expire 2 lines
05-23 13:34:06.663  1569  2946 I [CT]    : MIXEDREALITY: MrServiceView: renderIteration: Display refresh rate changed, new value: 90.
05-23 13:34:06.664  1569  2946 I [CT]    : MIXEDREALITY: MrRuntimeImpl: onDisplayRefreshRateChanged: Display rate changed from 72 to 90.
05-23 13:34:06.664  1569  2946 I [CT]    : MIXEDREALITY: MrRuntimeImpl: Force telemetry to be sent now.
05-23 13:34:06.664  1569  2946 I [CT]    : MIXEDREALITY: MrRuntimeImpl: Reset telemetry such to start collecting data using the new refresh rate.
05-23 13:34:06.664  1569  2946 I [CT]    : MIXEDREALITY: MrRuntimeImpl: setSessionInitTime: Session initialization timer was set to 7529.499018999 ns.
05-23 13:34:06.664  1569  2946 I [CT]    : MIXEDREALITY: MrRuntimeImpl: setSessionInitTime: Reset session duration timer after 2.405506405 seconds.
05-23 13:34:06.666  2060 15086 I TimeWarp: WarpToScreen: Skipping frames for 14
05-23 13:34:06.666  3448  3575 I chatty  : uid=10021(com.oculus.vrshell) ShellMainVR expire 12 lines
05-23 13:34:06.667  3448  3575 I InputDevice_TrackedRemote: OSSDKTRACKING Haptics != nullpointer 0xbb726230, 1
05-23 13:34:06.667  3448  3575 I InputDevice_TrackedRemote: OSSDKTRACKING Initializing Haptics
05-23 13:34:06.667  3448  3575 I InputDevice_TrackedRemote: OSSDKTRACKING Haptics != nullpointer 0xbb726cf8, 1
05-23 13:34:06.667  3448  3575 I Distortion: Initializing Mesh Decenter Correction
05-23 13:34:06.667  3448 15389 I InputDevice_TrackedRemote: REMOTE: Hand=1 IndexAnalog=0.00 GripAnalog=0.00 Buttons=0x00000000
05-23 13:34:06.667  3448 15389 I InputDevice_TrackedRemote: REMOTE: Hand=2 IndexAnalog=0.00 GripAnalog=0.00 Buttons=0x00000000
05-23 13:34:06.667  3448 15389 I InputDeviceManager: HANDTRACKING Pointer filter profile changed to: 0
05-23 13:34:06.667  3448 15389 I InputDeviceManager: HANDTRACKING Pointer filter profile changed to: 0
05-23 13:34:06.667  3448 15389 I InputDeviceManager: HANDTRACKING Root pose filter profile changed for (version, freq) to (1, 1) from (1,2)
05-23 13:34:06.668  3448  3575 I Distortion: SetLensPositions - iad=0.0631133, left offset=-0.000142455,-0.00127472, right offset=0.000145048,-0.00145086
05-23 13:34:06.668  3448  3575 I Distortion: Initializing Mesh Decenter Correction
05-23 13:34:06.669   724   724 W HwBinder:724_4: type=1400 audit(0.0:8172): avc: denied { getattr } for path="/proc/845" dev="proc" ino=277039 scontext=u:r:hal_oculus_sensors:s0 tcontext=u:r:mrsystemservice:s0 tclass=dir permissive=0
05-23 13:34:06.669  2034  2034 D [OAO] BaseOverlayService: setOverlayInputFocus : completed - inputFocus=false shouldSupportIME=false actionTaken:true
05-23 13:34:06.669  3448  3575 I Distortion: SetLensPositions - iad=0.0631133, left offset=-0.000142455,-0.00127472, right offset=0.000145048,-0.00145086
05-23 13:34:06.670  3448  3575 I Distortion: Created custom distortion mesh.
05-23 13:34:06.670  3448  3575 I PhaseSync: PhaseSync::PhaseSync PaddingLowerLimit 0.350000 StandardDeviations 2.000000 PaddingUpperLimit 0.750000 on instance 16
05-23 13:34:06.670  3448  3575 I VrRuntimeClient: PhaseSync Instance created
05-23 13:34:06.670  2060  3572 I VrRuntimeService: RuntimeServiceSDKServer::EnableRendering: 0x0, 0, com.oculus.vrshell
05-23 13:34:06.670  2060  3572 I ClientMgr: EnableRendering2: invalid clientWindow, testing uid/pid
05-23 13:34:06.670  2060  3572 I ClientMgr: EnableRendering2: matched uid: 10021 and pid: 3448 
05-23 13:34:06.670  2060  3572 I ClientMgr: EnableRendering2: Calling SetFocusedClient: 3388843672
05-23 13:34:06.670  2060  3572 I ClientMgr: ClientMgr::SetFocusedClient: 3448:com.oculus.vrshell type 1
05-23 13:34:06.670  2060  3572 I ClientMgr: SetFocusedPackageName - packageName com.oculus.vrshell processName com.oculus.vrshell clientId 3388843672 clientPid 3448
05-23 13:34:06.670  2060  3572 I ClientMgr: ClientMgr::EnableRendering 3448:com.oculus.vrshell : type 1 comp-id 7: enable
05-23 13:34:06.670  2060  3572 I TimeWarpClientMgr: Enable client 7
05-23 13:34:06.670  2060  3572 I VrRuntimeServer: EnableCompositorClient client(7): layer placement(2147483647) flags(0) sm(0x7a7c3ee010)
05-23 13:34:06.670   735  1058 D AudioFlinger: mixer(0x714bb2d000) throttle end: throttle time(46)
05-23 13:34:06.670  2060  3572 I TimeWarp: CheckDebuggerConnected: debugger 0
05-23 13:34:06.670  2060  3572 I VrRuntimeServer: SysProp debug mode is disabled on Server side
05-23 13:34:06.672  2356  2356 W VRLifecycleManager: onHeadsetMounted
05-23 13:34:06.674  2326  4252 W LibraryProvider: Cannot find entitlement for com.oculus.vrshell
05-23 13:34:06.675  2034 15351 I VrRuntimeDeviceConfigClient: GetBoolean: oculus_mobile_disable_non_hands_app_hands_usage 0
05-23 13:34:06.675  2034 15351 I VrRuntimeDeviceConfigClient: GetBoolean: oculus_keyboard_telemetry 0
05-23 13:34:06.675  2034 15351 W VrRuntimeDeviceConfigClient: ConfigParam result cannot be retrieved because it is not cached: oculus_mobile_upload_latency_data_with_percentiles 
05-23 13:34:06.675  2034 15351 I VrRuntimeDeviceConfigClient: GetBoolean: oculus_mobile_upload_latency_data_with_percentiles  0
05-23 13:34:06.675  2034 15351 W VrRuntimeDeviceConfigClient: ConfigParam result cannot be retrieved because it is not cached: oculus_mobile_upload_latency_data_with_percentiles 
05-23 13:34:06.675  2034 15351 I VrRuntimeDeviceConfigClient: GetBoolean: oculus_mobile_upload_latency_data_with_percentiles  0
05-23 13:34:06.677  2060  3572 I UnifiedTelemetryWrapper: Started UT session render:com.oculus.vrshell
05-23 13:34:06.677  2060 15086 I TimeWarp: LatchWarpClients: Multiple Primary Clients detected. Skipping frames for 14
05-23 13:34:06.677  2060 15086 I TimeWarp: WarpToScreen: Skipping frames for 14
05-23 13:34:06.677  2060  2324 I ServiceInputManager: HANDTRACKING Changing handtracking version from 1 to 2
05-23 13:34:06.677  2060  2324 I HandTrackingConfig: HANDTRACKING Config: Setting version to 2
05-23 13:34:06.677   847  1271 W [CT]    : NIMBLE:HTEngine: Pipeline version change request ignored, since already in transition
05-23 13:34:06.678  3448  3575 I VrApi   : OVR::Stats thread started
05-23 13:34:06.678  3448  3575 I XrRuntimeUtils: XrRuntimeUtils::BeginSession
05-23 13:34:06.678  3448  3575 I XrRuntimeSystem_Client: BeginSession
05-23 13:34:06.678  3448  3575 I OpenXR  : ------------ xrBeginSession [end] -----------
05-23 13:34:06.678  1893  1893 W OVRLibrary: null cursor received for query content://com.oculus.ocms.library/apps/com.oculus.vrshell
05-23 13:34:06.679  1569  3606 I [CT]    : MIXEDREALITY: MrFeatureStatus: Client status changed from Paused to Started.
05-23 13:34:06.679  1569  3606 I [CT]    : MIXEDREALITY: MrFeatureStatus: Target status Started, CurrentStatus: Paused
05-23 13:34:06.679  1569  3606 I [CT]    : MIXEDREALITY: MrFeatureStatus: Operation chain: Start
05-23 13:34:06.679  1569  3606 I [CT]    : MIXEDREALITY: MrFeatureStatus: Global status changed from Paused to Started.
05-23 13:34:06.679  1569  3606 I [CT]    : MIXEDREALITY: MrServiceController: Queuing command linked to operation Start for feature 0
05-23 13:34:06.679  1569  2946 I [CT]    : MIXEDREALITY: MrServiceController: Executing passthroughStart on model
05-23 13:34:06.679  1569  2946 I [CT]    : MIXEDREALITY: MrServiceModel: passthroughStart()
05-23 13:34:06.679  1569  2946 I [CT]    : MIXEDREALITY: MrServiceModel: passthroughStart: Started Passthrough
05-23 13:34:06.679  1569  2946 I [CT]    : MIXEDREALITY: MrServiceView: renderIteration: Rendering resuming.
05-23 13:34:06.679  1569  2946 I [CT]    : MIXEDREALITY: MrRuntimeImpl: onResume: Starting telemetry. Target device 2.
05-23 13:34:06.679   845  3042 I [CT]    : MIXEDREALITY: MrSystemServiceIPCServer: MrSystemServiceIPCServer::MrComputeCommand from 456695418, request was 99344392/2
05-23 13:34:06.680   845  3042 I [CT]    : MIXEDREALITY: ServiceLogic: onIpcCommand: client 456695418, request 2
05-23 13:34:06.680  3448  3575 I [SEO] VrPlatformOpenXr: VrPlatformOpenXr::SetPropInhibitHandleHomeKey inhibit:1
05-23 13:34:06.680  3448  3575 I OpenXR_DeviceSettings: ------------ xrSetDeviceSettingBooleanFB -----------
05-23 13:34:06.680  3448  3575 I ClientInputSettings: SetInhibitHandleHomeKey = true for com.oculus.vrshell
05-23 13:34:06.680  3448  3575 I ClientInputInterface: SetInhibitHandleHomeKey 1 for process com.oculus.vrshell 3448
05-23 13:34:06.680  3448  3575 I [SEO] VrPlatformOpenXr: VrPlatformOpenXr::SetPropInhibitHandleHomeKey result = 0
05-23 13:34:06.681  3448 15389 I InputDeviceManager: HANDTRACKING Root pose filter profile changed for (version, freq) to (2, 1) from (1,1)
05-23 13:34:06.682  2060 15188 I InputPreferenceStoreListener: Input preference 'HandTrackingOverrideVersion' changed from 0 to 1
05-23 13:34:06.682  3448  3575 I [SEO] Compositor: EnterVrMode with eye buffer: 1440x1584 : 3
05-23 13:34:06.682  3448  3575 I [SEO] AudioMixer: Enabling AudioPlayer.
05-23 13:34:06.682  3448  3575 I [SEO] AudioEngine: virtual void AudioLibrary::AudioEngine::EnablePlayer()
05-23 13:34:06.682   724  4767 E libosutils: failed to get real path of file /proc/845/cmdline, err: Permission denied
05-23 13:34:06.684  3448  3575 D         : PlayerBase::PlayerBase()
05-23 13:34:06.685  3448  3575 D         : TrackPlayerBase::TrackPlayerBase()
05-23 13:34:06.685  3448  3575 I libOpenSLES: Emulating old channel mask behavior (ignoring positional mask 0x3, using default mask 0x3 based on channel count of 2)
05-23 13:34:06.686  2034  2034 D VrNotificationAnalytics: logNotificationPosted(third_party)
05-23 13:34:06.688   724  4767 I FrameSetDispatcher: [HEADSET] Client thread started
05-23 13:34:06.688   724  4767 I CameraClientManager: [HEADSET] Added client - started clients: 3
05-23 13:34:06.688  2060 15086 I TimeWarp: WarpToScreen: Skipping frames for 14
05-23 13:34:06.689   845  3042 I [CT]    : MIXEDREALITY: MrRuntimeCompute: onResume: Starting telemetry. Target device 2.
05-23 13:34:06.689   845  3042 I [CT]    : MIXEDREALITY: MrRuntimeCompute: onResume: Resuming Stereo Pipeline.
05-23 13:34:06.689  1569  2946 I [CT]    : MIXEDREALITY: MrSystemServiceClientBase: sendIpcEventAndWait: IPCCall result: 0 in 0.009300417 seconds.
05-23 13:34:06.689  1569  2946 I [CT]    : MIXEDREALITY: MrRuntimeImpl: setSessionInitTime: Session initialization timer was set to 7529.524236499 ns.
05-23 13:34:06.689  1569  2946 I [CT]    : MIXEDREALITY: MrRuntimeImpl: setSessionInitTime: Reset session duration timer after 0.025208438 seconds.
05-23 13:34:06.689   701   701 I audio_hw_primary: getting vr mode to 0
05-23 13:34:06.690   735  1228 I AudioPolicyManagerCustom: VR mode is 0, switch to primary output if request is for fast|raw
05-23 13:34:06.691  3448 15390 D VrApi   : targetSDKVersion 29
05-23 13:34:06.691   735  1228 W AudioFlinger: createTrack_l(): mismatch between requested flags (00000104) and output flags (00000006)
05-23 13:34:06.691   735  1228 D AudioFlinger: Client defaulted notificationFrames to 192 for frameCount 384
05-23 13:34:06.691  3448 15390 I JniUtils: ovr_GetCurrentPackageSignature 
05-23 13:34:06.692  3448 15390 I Metrics : device name = Oculus Quest 2
05-23 13:34:06.692   735  1228 D AF::TrackHandle: OpPlayAudio: track:151 uid:10021 pkg:com.oculus.vrshell usage:1 not muted
05-23 13:34:06.692  3356 15144 I chatty  : uid=10032 com.oculus.systemux:SystemUX expire 8 lines
05-23 13:34:06.693  2225  3737 I RuntimeIPCServerMgr: HandleClientDisconnect: Client: com.oculus.systemux:com.oculus.systemux:SystemUX:3356, Server: com.oculus.presence:com.oculus.presence (PubSubServer)
05-23 13:34:06.693  2034  2034 I [OAO] VrNotificationListenerService: onNotificationPosted() - key = 0|android|0|com.android.server.wm.AlertWindowNotification - com.oculus.vrshell|1000, type = third_party, isToast = false, isBlocked = false
05-23 13:34:06.694  2225  3737 I RuntimeIPCServerMgr: HandleClientDisconnect: Client: com.oculus.systemux:com.oculus.systemux:SystemUX:3356, Server: com.oculus.presence:com.oculus.presence (PresenceServer)
05-23 13:34:06.695   845 15394 I [CT]    : MIXEDREALITY: ServiceLogic: Successfully set cpu affinity for thread 15394 to prime gold (7)
05-23 13:34:06.695   845 15394 I [CT]    : MIXEDREALITY: ServiceLogic: Successfully set cpu affinity for thread 3044 to prime gold (7)
05-23 13:34:06.695   845 15394 I [CT]    : MIXEDREALITY: ServiceLogic: Successfully set cpu affinity for thread 922 to prime gold (7)
05-23 13:34:06.695  3356  3356 I chatty  : uid=10032 com.oculus.systemux:SystemUX expire 12 lines
05-23 13:34:06.697  2060  2324 I ServiceInputManager: HANDTRACKING Changing handtracking version from 2 to 1
05-23 13:34:06.697  2060  2324 I HandTrackingConfig: HANDTRACKING Config: Setting version to 1
05-23 13:34:06.698   847  1641 W [CT]    : NIMBLE:HTEngine: Pipeline version change request ignored, since already in transition
05-23 13:34:06.698  3356  3356 D [SUI] SocialViewModel: removePartyObserver(): -$$Lambda$DynamicAppsViewModel$m2nYXreaQNig4LggtEcAa-Qnyr02
05-23 13:34:06.698  3356  3356 D [SUI] AnytimeUIPanelAppBase: Releasing viewModel SocialViewModel refCount: 2
05-23 13:34:06.698  3356  3356 D [SUI] DynamicAppsViewModel: Destroying BarPinnedAppsViewModel
05-23 13:34:06.698  3356  3356 E [SUI] AnytimeUIPanelAppBase: Release ViewModel called on already destroyed ViewModelnull
05-23 13:34:06.698  3356  3356 D [SUI] AnytimeUIPanelAppBase: Releasing viewModel BarViewModel refCount: 0
05-23 13:34:06.698  3356  3356 D [SUI] BarViewModel: Destroying BarViewModel
05-23 13:34:06.698  3356  3356 D [SUI] AnytimeUIPanelAppBase: Releasing viewModel SettingsViewModel refCount: 0
05-23 13:34:06.698  3356  3356 D [SUI] SettingsViewModel: Destroying ViewModel
05-23 13:34:06.699  2060 15086 I TimeWarp: WarpToScreen: Skipping frames for 14
05-23 13:34:06.700  3448  3575 I AudioTrack: createTrack_l(0): AUDIO_OUTPUT_FLAG_FAST successful; frameCount 0 -> 384
05-23 13:34:06.701  3130 15384 I InputDeviceManager: HANDTRACKING Root pose filter profile changed for (version, freq) to (1, 1) from (2,1)
05-23 13:34:06.701  2034  2034 D [OAO] VrBroadcastReceiver: action: com.oculus.vrshell.intent.action.NOTIFICATION_WAKE
05-23 13:34:06.704  1298  1298 V AvrcpMediaPlayerList: onPlaybackConfigChanged(): Configs list size=10
05-23 13:34:06.706  2034  2519 I VrApi   : OVR::Stats thread stopped
05-23 13:34:06.706  2034  2519 I InputDeviceManager: ovrInputDeviceManager::~ovrInputDeviceManager
05-23 13:34:06.706  2034  2519 I InputDevice_TrackedRemote: OSSDKTRACKING shutting down Haptics
05-23 13:34:06.706  2034  2519 I chatty  : uid=10021(com.oculus.vrshell) ShellOverlayVR identical 2 lines
05-23 13:34:06.706  2034  2519 I InputDevice_TrackedRemote: OSSDKTRACKING shutting down Haptics
05-23 13:34:06.706  2034  2519 I OSHandDataQuerier: OSSDKTRACKING shutting down HandsTracker
05-23 13:34:06.706  2034  2519 I OSHandDataQuerier: OSSDKTRACKING shutting down HandsTracker
05-23 13:34:06.706  3356  3356 D [SUI] AnytimeUIPanelAppBase: Releasing viewModel StatusViewModel refCount: 2
05-23 13:34:06.709  3448 15389 I InputDeviceManager: HANDTRACKING Root pose filter profile changed for (version, freq) to (1, 1) from (2,1)
05-23 13:34:06.710  2060 15086 I TimeWarp: WarpToScreen: Skipping frames for 14
05-23 13:34:06.713  2034 15350 I ClientInputThread_Internal: InputThreadRun ShutdownRequest received
05-23 13:34:06.715  3448  3575 D [SEO] ShellApplication: requestAudioFocus, transientFocus=false
05-23 13:34:06.715  3448  3575 W AudioManager: Use of stream types is deprecated for operations other than volume control
05-23 13:34:06.715  3448  3575 W AudioManager: See the documentation of requestAudioFocus() for what to use instead with android.media.AudioAttributes to qualify your playback use case
05-23 13:34:06.715  2034  2519 D InputHooksJava: Disabling Java Input Hooks
05-23 13:34:06.715  2034  2519 I ClientInputTrackedKeyboardManager: TRACKEDKEYBOARD ClearTrackedObjectManager called on client
05-23 13:34:06.715  2034  2519 I RuntimeIPCClientMgr: RuntimeIPCClientMgr::DisconnectFromServer: Remaining refs: 2, Client: com.oculus.vrshell:com.oculus.vrshell:Overlay:2034, Server: com.oculus.vrshell:com.oculus.vrshell:Overlay (ptkserviceserver)
05-23 13:34:06.715  2034  2519 I RuntimeIPCApi: ipc_Shutdown
05-23 13:34:06.716  2034  2519 I RuntimeIPCServiceClient: Shutdown: Refs still outstanding: 14, com.oculus.vrshell:Overlay
05-23 13:34:06.716  2060  2466 I VrRuntimeService: RuntimeServiceSDKServer::EnableRendering: 0x0, 0, com.oculus.vrshell:Overlay
05-23 13:34:06.716  2060  2466 I ClientMgr: ClientMgr::EnableRendering 2034:com.oculus.vrshell : type 1 comp-id 4: disable
05-23 13:34:06.716  2060  2466 I VrRuntimeServer: DisableCompositorClient: 4
05-23 13:34:06.716  2060  2466 I TimeWarpClientMgr: Disable client 4
05-23 13:34:06.716  2060  2466 I TimeWarpClientMgr: DisableClient: frame flush required: 1
05-23 13:34:06.717  1036  5085 I MediaFocusControl: requestAudioFocus() from uid/pid 10021/3448 clientId=android.media.AudioManager@6064983com.oculus.vrshell.ShellAudioFocusHandler@9656700 callingPack=com.oculus.vrshell req=1 flags=0x0 sdk=29
05-23 13:34:06.717  3448  3575 I [SEO] AudioSystem: Got audio focus : 1
05-23 13:34:06.717  3448  3575 I [SEO] SystemUXController: Recentering for launch - None, , 
05-23 13:34:06.717  3448  3575 I [SEO] LocalSpace: ResetNextFrame
05-23 13:34:06.717  3448  3575 I [SEO] GuardianController: auiPanel == nullptr
05-23 13:34:06.717  3448  3575 I [SEO] SystemAssistant: OnModeChanged from ImmersiveAppFocused to FullShell
05-23 13:34:06.717  3130  3161 I Clay    : Local user with id 101042312219970 does NOT have a custom avatar
05-23 13:34:06.718  3448  3575 I [SEO] LocalSpace: EnterVrMode: Setting local pose state.
05-23 13:34:06.719  3356  3356 D [SUI] AnytimeUIPanelAppBase: Releasing viewModel DestinationUIV2ViewModel refCount: 0
05-23 13:34:06.719  3356  3356 D [SUI] DestinationUIV2ViewModel: Destroying DestinationUIV2ViewModel
05-23 13:34:06.720  3356  3356 D [SUI] SocialViewModel: removePartyObserver(): 
05-23 13:34:06.720  3356  3356 D [SUI] AnytimeUIPanelAppBase: Releasing viewModel SocialViewModel refCount: 1
05-23 13:34:06.721  2060 15086 I TimeWarp: WarpToScreen: Skipping frames for 14
05-23 13:34:06.728  3356  3356 D [SUI] AnytimeUIPanelAppBase: Releasing viewModel SocialViewModel refCount: 0
05-23 13:34:06.728  3356  3356 D [SUI] SocialViewModel: Destroying ViewModel
05-23 13:34:06.730  3356  3356 D [SUI] AnytimeUIPanelAppBase: Releasing viewModel StatusViewModel refCount: 1
05-23 13:34:06.730  3356  3356 I [SUI] AnytimeUIAndroidPanelApp: Destroyed AUI PanelApp, isInOverlay: true, instanceCount: 0
05-23 13:34:06.732  2060 15086 I TimeWarp: LatchWarpClients: Multiple Primary Clients detected. Skipping frames for 14
05-23 13:34:06.732  3356  3356 D [SUI] AnytimeUIPanelAppBase: Releasing viewModel StatusViewModel refCount: 0
05-23 13:34:06.732  3356  3356 D [SUI] StatusViewModel: Destroying ViewModel
05-23 13:34:06.733  2060 15086 I TimeWarp: WarpToScreen: Skipping frames for 14
05-23 13:34:06.734  3356  3356 D [SUI] FollowTabletPanelController: Destroying FollowTabletPanelController
05-23 13:34:06.734  3356  3356 D [SUI] GraphQLExecutor: Destroying
05-23 13:34:06.734  2060  2466 I UnifiedTelemetryWrapper: Stopped UT session render:com.oculus.vrshell:Overlay
05-23 13:34:06.734  3356  3356 V LifecycleAwareViewModelStore: LifecycleAwareViewModelStore destroyed
05-23 13:34:06.734  2034  2034 D VrNotificationAnalytics: logNotificationRemoved(third_party)
05-23 13:34:06.734  3356  3356 V LifecycleAwarePanelApp: PanelApp lifecycle moved to final state: DESTROYED
05-23 13:34:06.734  2034 15358 I FenceChecker: FenceChecker::MainLoop - ended
05-23 13:34:06.734  2034  2519 I VrRuntimeClient: PhaseSync Instance deleted
05-23 13:34:06.735  2034  2519 I OpenXR  : PostSessionStateChange: XR_SESSION_STATE_STOPPING -> XR_SESSION_STATE_IDLE
05-23 13:34:06.735  2034  2519 I OpenXR  : ------------ xrEndSession [end] -----------
05-23 13:34:06.735  2034  2519 I [OAO] VrPlatformOpenXr: xrPollEvent: received XR_TYPE_EVENT_DATA_SESSION_STATE_CHANGED: 1 for session 0x2 at time 7529.570185
05-23 13:34:06.735  2034  2519 I [OAO] VrPlatformOpenXr: Session state changed XR_SESSION_STATE_IDLE
05-23 13:34:06.735  2034  2519 I OpenXR  : PostSessionStateChange: XR_SESSION_STATE_IDLE -> XR_SESSION_STATE_READY
05-23 13:34:06.735  2034  2519 I [OAO] VrPlatformOpenXr: xrPollEvent: received XR_TYPE_EVENT_DATA_DISPLAY_REFRESH_RATE_CHANGED_FB event: fromRate 72.000000 -> toRate 90.000000
05-23 13:34:06.735  2034  2519 I [OAO] VrPlatformOpenXr: xrPollEvent: received XR_TYPE_EVENT_DATA_SESSION_STATE_CHANGED: 2 for session 0x2 at time 7529.570857
05-23 13:34:06.735  2034  2519 I [OAO] VrPlatformOpenXr: Session state changed XR_SESSION_STATE_READY
05-23 13:34:06.736  2034  2034 I [OAO] VrNotificationListenerService: onNotificationRemoved() - key = 0|android|0|com.android.server.wm.AlertWindowNotification - com.oculus.vrshell|1000, type = third_party
05-23 13:34:06.736  2034  2034 D [OAO] VrNotificationService: VrNotificationService onStartCommand() Intent { cmp=com.oculus.vrshell/.VrNotificationService }
05-23 13:34:06.737  2034  2034 D DeviceHelper: isScreenOn = true
05-23 13:34:06.737  2034  2034 D [OAO] ShellOverlayBroadcastReceiver: onReceive with ShellOverlayService native pointer 3893471064, action com.oculus.vrshell.intent.action.DISMISS_NOTIFICATION
05-23 13:34:06.740  1036  5085 E InputDispatcher: Window handle Window{5c8f339 u0 com.oculus.systemux} has no registered input channel
05-23 13:34:06.741  3448  3575 I OpenXR_Hands: ------------ xrGetHandMeshFB -----------
05-23 13:34:06.741  3448  3575 I OpenXR_Hands: ------------ xrGetHandMeshFB -----------
05-23 13:34:06.741  3448  3575 D VrRuntimeClient: loadDriverResource - resourceName: 'hand_left' 
05-23 13:34:06.744  2060 15086 I TimeWarp: WarpToScreen: Skipping frames for 14
05-23 13:34:06.744  3448  3575 I OpenXR_Hands: ------------ xrGetHandMeshFB -----------
05-23 13:34:06.744  3448  3575 I OpenXR_Hands: ------------ xrGetHandMeshFB -----------
05-23 13:34:06.744  3448  3575 D VrRuntimeClient: loadDriverResource - resourceName: 'hand_right' 
05-23 13:34:06.748  3448  3575 I [SEO] InputManager: LoadKeyboards()
05-23 13:34:06.748  2060 15086 I TimeWarp: SetSchedFifo( tid=2946, pol=2, pri=0 ) succeeded
05-23 13:34:06.749  1036  8048 I DisplayManagerService: Display device removed: DisplayDeviceInfo{"com.oculus.android_panel_app.AndroidPanelLayer-#main": uniqueId="virtual:com.oculus.systemux,10032,com.oculus.android_panel_app.AndroidPanelLayer-#main,5", 800 x 110, modeId 269, defaultModeId 269, supportedModes [{id=269, width=800, height=110, fps=60.0}], colorMode 0, supportedColorModes [0], HdrCapabilities null, density 200, 200.0 x 200.0 dpi, appVsyncOff 0, presDeadline 16666666, touch NONE, rotation 0, type VIRTUAL, state ON, owner com.oculus.systemux (uid 10032), FLAG_PRIVATE, FLAG_NEVER_BLANK, FLAG_OWN_CONTENT_ONLY}
05-23 13:34:06.749  3356  3356 D [SUI] NotificationBroadcastReceiver: action: com.oculus.intent.action.NOTIF_CHANGE
05-23 13:34:06.749  3356  3356 D [SUI] NotificationBroadcastReceiver: action: com.oculus.intent.action.NOTIF_CHANGE
05-23 13:34:06.751  3448  3575 I [SEO] LocalSpace: Reset - initialRawFromLocalPose: quat(-0.102478, -0.381442, -0.028813, 0.918243), translation(-0.169558, 0.003771, 0.096440)
05-23 13:34:06.751  3448  3575 I [SEO] LocalSpace: Applying VRAPI Reorient, the reorient reason is 3
05-23 13:34:06.751  2060  3572 I VrRuntimeService: RuntimeServiceSDKServer::RecenterLocalSpace
05-23 13:34:06.751  2060  3572 I VrRuntimeService: RuntimeServiceSDKServer::RecenterLocalSpaceInternal
05-23 13:34:06.751  2060  3572 I VrRuntimeServer: UpdateLocalSpace: Src: 2, Version: 54, VersionUser: 0, RawFloorHeightOld: -1.213530, RawFloorHeightNew: -1.213530
05-23 13:34:06.754  3448  3448 D [SEO] ShellControlProtectedReceiver: onReceive with MainActivity native pointer 3893443096, action com.oculus.vrshell.intent.action.DISMISS_NOTIFICATION
05-23 13:34:06.754  2497  2694 I GuardianSystem: UpdateSystem: Responding to local space version number change.
05-23 13:34:06.755  2497  2694 I GuardianSurfaceMgr: ForceShowSurfaceBounds: false, 1.00
05-23 13:34:06.755  2497  2694 I GuardianSurfaceMgr: ForceShowSurfaceBounds: Soft fade out: currentTime 7529.59, ForceShowTime 7530.59, ForceShowFadeTime 7531.59
05-23 13:34:06.755  3448  3575 I [SEO] PanelAppOSLifecycleNotificationManager: Sending frameState isForeground:0 to OS for app com.oculus.systemux/com.oculus.panelapp.anytimeui.AnytimeUIAndroidPanelService
05-23 13:34:06.755  2060 15086 I TimeWarp: WarpToScreen: Skipping frames for 14
05-23 13:34:06.756  2034  2519 I [OAO] AudioMixer: Disabling AudioPlayer.
05-23 13:34:06.756  3448  3448 D DeviceHelper: isScreenOn = true
05-23 13:34:06.762  3448  3575 I [SEO] ShellEnvHomeController: copresence: received setCollisionShapes
05-23 13:34:06.762  3448  3575 I VrRuntimeClient: UpdateEvents: HMT was mounted
05-23 13:34:06.762  3130  3161 I Clay    : xrPollEvent: REFERENCE_SPACE_CHANGE_PENDING
05-23 13:34:06.762  3448 15398 I FenceChecker: FenceChecker::MainLoop - started
05-23 13:34:06.765  3448  3575 I [SEO] ShellApp: 0xbde71bb8 msg: broadcastIntent:
05-23 13:34:06.765  3448  3575 I [SEO] ShellApp: intent_action = com.oculus.vrshell.intent.action.DISMISS_NOTIFICATION
05-23 13:34:06.765  3448  3575 I [SEO] ShellApp: status_bar_notification = 0|android|0|com.android.server.wm.AlertWindowNotification - com.oculus.vrshell|1000
05-23 13:34:06.765  3448  3575 I OpenXR  : PostSessionStateChange: XR_SESSION_STATE_READY -> XR_SESSION_STATE_SYNCHRONIZED
05-23 13:34:06.765  3448  3575 I [SEO] VrPlatformOpenXr: xrPollEvent: received XR_TYPE_EVENT_DATA_MOUNT_STATE_CHANGED_FB event: isMounted 1
05-23 13:34:06.765  3448  3575 I OpenXR  : PostSessionStateChange: XR_SESSION_STATE_SYNCHRONIZED -> XR_SESSION_STATE_VISIBLE
05-23 13:34:06.765  3448  3575 I OpenXR  : PostSessionStateChange: XR_SESSION_STATE_VISIBLE -> XR_SESSION_STATE_FOCUSED
05-23 13:34:06.765  3448  3575 I [SEO] VrPlatformOpenXr: xrPollEvent: received XR_TYPE_EVENT_DATA_REFERENCE_SPACE_CHANGE_PENDING event
05-23 13:34:06.765  3448  3575 I [SEO] VrPlatformOpenXr: xrPollEvent: received XR_TYPE_EVENT_DATA_DISPLAY_REFRESH_RATE_CHANGED_FB event: fromRate 72.000000 -> toRate 90.000000
05-23 13:34:06.765  3448  3575 I [SEO] VrPlatformOpenXr: xrPollEvent: received XR_TYPE_EVENT_DATA_SESSION_STATE_CHANGED: 3 for session 0x2 at time 7529.600708
05-23 13:34:06.765  3448  3575 I [SEO] VrPlatformOpenXr: Session state changed XR_SESSION_STATE_SYNCHRONIZED
05-23 13:34:06.765  3448  3575 I [SEO] VrPlatformOpenXr: xrPollEvent: received XR_TYPE_EVENT_DATA_SESSION_STATE_CHANGED: 4 for session 0x2 at time 7529.600746
05-23 13:34:06.765  3448  3575 I [SEO] VrPlatformOpenXr: Session state changed XR_SESSION_STATE_VISIBLE
05-23 13:34:06.765  3448  3575 I [SEO] VrPlatformOpenXr: xrPollEvent: received XR_TYPE_EVENT_DATA_SESSION_STATE_CHANGED: 5 for session 0x2 at time 7529.600757
05-23 13:34:06.765  3448  3575 I [SEO] VrPlatformOpenXr: Session state changed XR_SESSION_STATE_FOCUSED
05-23 13:34:06.766  2060 15086 I TimeWarp: WarpToScreen: Skipping frames for 14
05-23 13:34:06.768  1893  1893 E OVRMediaServiceManager: LivestreamingManager Not initialized
05-23 13:34:06.773  3448  3575 I [SEO] ShellApp: HMD Mount State Changed - mounted - duration in prior state 898.716630s
05-23 13:34:06.773  3448  3575 I [SEO] SystemUXController: Recentering for launch - None, , 
05-23 13:34:06.773  3448  3575 I [SEO] LocalSpace: ResetNextFrame
05-23 13:34:06.773  3448  3575 I [SEO] GuardianController: auiPanel == nullptr
05-23 13:34:06.773  3448  3575 I [SEO] ShellEnvHomeController: copresence: processing currentCollisionShapes
05-23 13:34:06.774  3448  3575 I [SEO] ShellEnvHomeController: Theaterscreen transform node set for the env
05-23 13:34:06.775   847  1641 E TrackingService: attachClient: found client in attached list
05-23 13:34:06.777  2060 15086 I TimeWarp: WarpToScreen: Skipping frames for 14
05-23 13:34:06.778   847  1641 D TrackingService: getSharedMemory: com.oculus.vrshell, Controller
05-23 13:34:06.779  3448  3575 I ClientInputTrackedKeyboardManager: TRACKEDKEYBOARD created PTKServiceClient
05-23 13:34:06.779  3448  3575 I ipcLoader_static: RuntimeIPC: Loader: IPC Service API Loader Version: 26 Mar 26 2022 12:14:07
05-23 13:34:06.779  3448  3575 I RuntimeIPCApi: ipc_Initialize
05-23 13:34:06.779  3448  3575 I RuntimeIPCServiceClient: Init: Already initialized: com.oculus.vrshell, 14
05-23 13:34:06.780  3448  3575 I RuntimeIPCClientMgr: ConnectToServer: Re-using existing connection. SUCCESS: Client: com.oculus.vrshell:com.oculus.vrshell:3448, Server: com.oculus.vrshell:com.oculus.vrshell:Overlay (ptkserviceserver)
05-23 13:34:06.781  2034  2034 I [OAO] ShellOverlayService: onStartCommand(): Intent { cmp=com.oculus.vrshell/.ShellOverlayService }
05-23 13:34:06.781  2034  2034 D [OAO] ShellOverlayService: Discarding empty broadcast
05-23 13:34:06.781  2034  2034 I [OAO] ShellOverlayServiceJNI: NativeWake
05-23 13:34:06.781  2034  2034 I [OAO] ShellOverlayMain: WakeVrThread
05-23 13:34:06.781  2034  2034 I [OAO] ShellOverlayMain: WakeVrThread - notifying vr thread
05-23 13:34:06.788  2060 15086 I TimeWarp: WarpToScreen: Skipping frames for 14
05-23 13:34:06.788  3448  3575 I [SEO] InputManager: Adding controller deviceId = 2
05-23 13:34:06.790  3448  3575 I [SEO] InputManager: Adding controller deviceId = 1
05-23 13:34:06.790  2034  2071 I vrshell:Overla: Background concurrent copying GC freed 27679(1169KB) AllocSpace objects, 11(1016KB) LOS objects, 50% free, 1509KB/3045KB, paused 503us total 136.033ms
05-23 13:34:06.791  3448  3575 I [SEO] InputManager: Switching Primary controller due to vrapi
05-23 13:34:06.791  3448  3575 I [SEO] InputManager: Secondary input source selection id=1
05-23 13:34:06.791  3448  3575 I [SEO] RouteInput: New inputState.cursorTraceSource: 1
05-23 13:34:06.792  3448  3575 I [SEO] LocalSpace: New Space: quat(-0.179093, 0.009222, 0.050589, 0.982487), translation(0.000000, 1.203161, 0.000000) - Prior Space: quat(-0.105673, 0.001366, 0.012849, 0.994317), translation(0.000000, 1.217301, 0.000000)
05-23 13:34:06.792  3448  3575 I [SEO] LocalSpace: Local space version from 49 to 50, local space user version from 0 to 0.
05-23 13:34:06.792  3448  3575 I [SEO] SystemTaskBarV2: Create PanelApp
05-23 13:34:06.792  3448  3575 I [SEO] PanelAppLaunchInfo: PanelAppLaunchInfo componentString:com.oculus.systemux/com.oculus.panelapp.anytimeui.AnytimeUIAndroidPanelService packageName:com.oculus.systemux serviceName:com.oculus.panelapp.anytimeui.AnytimeUIAndroidPanelService componentName:com.oculus.systemux/com.oculus.panelapp.anytimeui.AnytimeUIAndroidPanelService
05-23 13:34:06.792  3448  3575 I [SEO] HostPlatform: Retrieving component launch information for package (com.oculus.systemux) and service (com.oculus.panelapp.anytimeui.AnytimeUIAndroidPanelService)
05-23 13:34:06.793  2034  2074 W System  : A resource failed to call release. 
05-23 13:34:06.794  2034  2074 I chatty  : uid=10021(com.oculus.vrshell) FinalizerDaemon identical 5 lines
05-23 13:34:06.794  2034  2074 W System  : A resource failed to call release. 
05-23 13:34:06.794  3448  3575 I [SEO] HostPlatform: Is valid panel service component for package (com.oculus.systemux) and service (com.oculus.panelapp.anytimeui.AnytimeUIAndroidPanelService) - true
05-23 13:34:06.794  3448  3575 I [SEO] ShellApp: CreatePanelApp( com.oculus.systemux/com.oculus.panelapp.anytimeui.AnytimeUIAndroidPanelService )
05-23 13:34:06.794  3448  3575 I [SEO] ShellApp: Environment:
05-23 13:34:06.794  3448  3575 I [SEO] ShellApp: Notifying foreground panel changed
05-23 13:34:06.795  3448  3575 I [SEO] PanelAppHost: PanelAppHost( com.oculus.systemux/com.oculus.panelapp.anytimeui.AnytimeUIAndroidPanelService ) for PanelId 63
05-23 13:34:06.795  3448  3575 I [SEO] PanelAppHost: Panel app 63 (com.oculus.systemux/com.oculus.panelapp.anytimeui.AnytimeUIAndroidPanelService) changing state from startup to foreground
05-23 13:34:06.796  2060  3197 I VrRuntimeService: CreateAndroidSurfaceSwapChain: 954850670
05-23 13:34:06.796  2060  3197 I VrRuntimeService: CreateAndroidSurfaceSwapChain: 131072 1 32856 65536 65536 1 1 1 0 3
05-23 13:34:06.796  2060  2200 I SwapChain_Surface: CreateAndroidSurfaceSwapChainGLES: 0x7a1fa4d000: SurfaceTexture 0x2702 Surface 0x26f2
05-23 13:34:06.796  2060  3197 I VrRuntimeServer: CreateAndroidSurfaceSwapChain: result surface 0x7a1fa4d000
05-23 13:34:06.798  2060  3197 I VrRuntimeService: CreateAndroidSurfaceSwapChain: 954850670
05-23 13:34:06.798  2060  3197 I VrRuntimeService: CreateAndroidSurfaceSwapChain: 131072 1 32856 65536 65536 1 1 1 0 3
05-23 13:34:06.798  2060  2200 I SwapChain_Surface: CreateAndroidSurfaceSwapChainGLES: 0x79f589c000: SurfaceTexture 0x2662 Surface 0x2652
05-23 13:34:06.798  2060  3197 I VrRuntimeServer: CreateAndroidSurfaceSwapChain: result surface 0x79f589c000
05-23 13:34:06.799  2060 15086 I TimeWarp: WarpToScreen: Skipping frames for 14
05-23 13:34:06.800  3448  3575 I [SEO] PanelAppHost: Passing env var _oc_analytics_session_id = 091a3658-41c6-4d97-ba19-6ec4654546b2
05-23 13:34:06.800  3448  3575 I [SEO] PanelAppHost: Passing env var _oc_userid = 101042312219970
05-23 13:34:06.800  3448  3575 I [SEO] PanelAppHost: Passing env var _oc_shell_version_name = 39.0.0.100.369
05-23 13:34:06.800  3448  3575 I [SEO] PanelAppHost: Passing env var _oc_shell_version_code = 363650567
05-23 13:34:06.800  3448  3575 I [SEO] PanelAppHost: Passing env var _oc_shell_automation_enabled = false
05-23 13:34:06.800  3448  3575 I [SEO] PanelAppHost: Passing env var _oc_shell_view_id_debugging_enabled = false
05-23 13:34:06.800  3448  3575 I [SEO] PanelAppHost: Passing env var _oc_shell_pixel_density = 20
05-23 13:34:06.800  3448  3575 I [SEO] PanelAppHost: Passing env var _oc_shell_render_scale = 1.250000
05-23 13:34:06.800  3448  3575 I [SEO] PanelAppHost: Passing env var _oc_shell_ux_policy = {"panelBackgroundLayerOriginDepths":{"far":0.2,"mid":0.1,"near":0.015}}
05-23 13:34:06.800  3448  3575 I [SEO] PanelAppHost: Passing env var _oc_shell_panel_session_id = 091a3658-41c6-4d97-ba19-6ec4654546b2-63
05-23 13:34:06.800  3448  3575 I [SEO] PanelAppHost: Passing env var _oc_shell_back_navigation_enabled = false
05-23 13:34:06.800  3448  3575 I [SEO] PanelAppHost: Passing env var _oc_shell_feature_sets = cooperativeState-v2,layerTranslate-v1,multiapp-v1,multiapp-v2,multiapp-v3,system-ux-file-picker-v1,system-reauth-v1,dragDrop-v1,systemThemeSetting-v1,layerOptions-v1,destinationUi-v2,systemActionBackgroundPanels-v1,shellPanelAdaptability-v1,vrNotificationsBootLoad-v1,multitasking-v1,appmenu-v1,appmenu-v2,controlBar-v1,recoverInstances-v1
05-23 13:34:06.800  3448  3575 I [SEO] PanelAppHost: Passing env var _oc_launch_timestamp = 7529629
05-23 13:34:06.800  3448  3575 I [SEO] PanelAppHost: Passing env var _oc_shell_host = vrshell
05-23 13:34:06.800  3448  3575 I [SEO] PanelAppHost: Passing env var _oc_shell_panel_id = 63
05-23 13:34:06.800  3448  3575 I [SEO] PanelAppHost: Calling sendPanelLaunchIntent for panel app com.oculus.systemux/com.oculus.panelapp.anytimeui.AnytimeUIAndroidPanelService
05-23 13:34:06.801  3448  3575 D [SEO] ShellApplication: sendApkPanelLaunchIntent: packageName=com.oculus.systemux, serviceClassName=com.oculus.panelapp.anytimeui.AnytimeUIAndroidPanelService
05-23 13:34:06.802  3448  3575 D [SEO] PanelServiceConnection: getSystemProcessUidForCurrentUser: 'android' systemUid = 1000
05-23 13:34:06.802  3448  3575 D [SEO] ShellApplication: bindService Intent { cmp=com.oculus.systemux/com.oculus.panelapp.anytimeui.AnytimeUIAndroidPanelService }
05-23 13:34:06.804  3356  3356 D CppPanelService: PanelService()
05-23 13:34:06.804  3356  3356 D CppPanelService: onBind()
05-23 13:34:06.806  3448  3575 D [SEO] ShellApplication: notify OS to set com.oculus.systemux/com.oculus.panelapp.anytimeui.AnytimeUIAndroidPanelService to FOREGROUND
05-23 13:34:06.807  3448  3575 I [SEO] SystemTabletController: Processing pending None tablet.
05-23 13:34:06.807  3448  3575 I [SEO] SystemTabletController: Processing AUI deep link uri /tablet_none.
05-23 13:34:06.807  3448  3448 D [SEO] PanelServiceConnection: onSeviceConnected - component name (ComponentInfo{com.oculus.systemux/com.oculus.panelapp.anytimeui.AnytimeUIAndroidPanelService}), panel app id (63)
05-23 13:34:06.807  3448  3448 D [SEO] ShellApplication: notify OS to set com.oculus.systemux/com.oculus.panelapp.anytimeui.AnytimeUIAndroidPanelService to FOREGROUND
05-23 13:34:06.808  3448  3575 I [SEO] PanelAppLaunchInfo: PanelAppLaunchInfo componentString:com.oculus.systemux/com.oculus.panelapp.controlbar.ControlBarPanelService packageName:com.oculus.systemux serviceName:com.oculus.panelapp.controlbar.ControlBarPanelService componentName:com.oculus.systemux/com.oculus.panelapp.controlbar.ControlBarPanelService
05-23 13:34:06.808  3448  3575 I [SEO] HostPlatform: Retrieving component launch information for package (com.oculus.systemux) and service (com.oculus.panelapp.controlbar.ControlBarPanelService)
05-23 13:34:06.809  3448  3575 I [SEO] HostPlatform: Is valid panel service component for package (com.oculus.systemux) and service (com.oculus.panelapp.controlbar.ControlBarPanelService) - true
05-23 13:34:06.809  3448  3575 I [SEO] ShellApp: CreatePanelApp( com.oculus.systemux/com.oculus.panelapp.controlbar.ControlBarPanelService )
05-23 13:34:06.809  3448  3575 I [SEO] ShellApp: Environment:
05-23 13:34:06.809  3448  3575 I [SEO] ShellApp: Notifying foreground panel changed
05-23 13:34:06.810  3448  3575 I [SEO] PanelAppHost: PanelAppHost( com.oculus.systemux/com.oculus.panelapp.controlbar.ControlBarPanelService ) for PanelId 64
05-23 13:34:06.810  3448  3575 I [SEO] PanelAppHost: Panel app 64 (com.oculus.systemux/com.oculus.panelapp.controlbar.ControlBarPanelService) changing state from startup to foreground
