05-23 13:33:55.526  2497  2694 I GuardianSystem: UpdateGuardianSystemState: Flags changed: 1572872, 1581064, SYSTEM_ROOM_SCALE_ACTIVE,SYSTEM_GUARDIAN_VALID,SYSTEM_PLAYSPACE_SCAN_WARNING to SYSTEM_ROOM_SCALE_ACTIVE,SYSTEM_GUARDIAN_VISIBLE,SYSTEM_GUARDIAN_VALID,SYSTEM_PLAYSPACE_SCAN_WARNING
05-23 13:33:55.526  2497  2694 I GuardianSystem: UpdateGuardianSystemState: Flags2 changed: 48, 0, SYSTEM_2_LOADING_DOTS,SYSTEM_2_SHOULD_PUSH_BLACK to NONE
05-23 13:33:55.534  2497  2694 W GuardianOpenXrMgr: @@@ wait frame retry=10 dtWait=0.000001 dtFrame=1.502938 submittedFrameIndex=98019
05-23 13:33:55.538  2060  2324 I chatty  : uid=10030(com.oculus.systemdriver) ClientRequest expire 4 lines
05-23 13:33:55.559  2060 15086 I chatty  : uid=10030(com.oculus.systemdriver) OVR::TimeWarp expire 3 lines
05-23 13:33:55.796  4915  4972 D xrstreaming: receive ping: org 0 recv 0 xmt 12163785444100 (received at 7518631693430), offset divergence -14411
05-23 13:33:56.291 14812 15244 I VrApi   : FPS=72/72,Prd=59ms,Tear=0,Early=72,Stale=0,VSnc=1,Lat=1,Fov=0,CPU4/GPU=2/3,1171/490MHz,OC=FF,TA=0/70/70,SP=N/F/F,Mem=2092MHz,Free=0MB,PLS=0,Temp=37.0C/0.0C,TW=3.01ms,App=2.59ms,GD=0.22ms,CPU&GPU=5.81ms,LCnt=1,GPU%=0.44,CPU%=0.30(W0.35),DSF=1.00
05-23 13:33:56.797  4915  4972 D xrstreaming: receive ping: org 0 recv 0 xmt 12164786504800 (received at 7519632057961), offset divergence -14411
05-23 13:33:57.291 14812 15244 I VrApi   : FPS=72/72,Prd=59ms,Tear=0,Early=72,Stale=0,VSnc=1,Lat=1,Fov=0,CPU4/GPU=2/3,1171/490MHz,OC=FF,TA=0/70/70,SP=N/F/F,Mem=2092MHz,Free=0MB,PLS=0,Temp=37.0C/0.0C,TW=2.96ms,App=2.56ms,GD=0.23ms,CPU&GPU=6.13ms,LCnt=1,GPU%=0.44,CPU%=0.27(W0.29),DSF=1.00
05-23 13:33:57.542   808  1169 I crash-uploader: [Crash Reporter Rate Limiting] reset data
05-23 13:33:57.589   847 15088 I [CT]    : VIPER: Mode=Vega,Status=6DoF,TRACKING,KF=-1,Inl=336,Pts=0,Mem=92.5,Jit=0.1mm,Issues(Cam/min=0.0,IMU/min=0.0),Exp=(3.5ms,g=1.0,I=72,Ir=20527.2)(4.9ms,g=1.0,I=73,Ir=15049.5)(4.9ms,g=1.0,I=72,Ir=14813.7)(1.8ms,g=1.0,I=69,Ir=38249.7)
05-23 13:33:57.688  1472 15321 W ContextImpl: Calling a method in the system process without a qualified user: android.app.ContextImpl.sendBroadcast:1057 android.content.ContextWrapper.sendBroadcast:448 X.o4.A00:143 X.nw.A00:17 X.nw.handleMessage:90 
05-23 13:33:57.806  4915  4972 D xrstreaming: receive ping: org 0 recv 0 xmt 12165795766200 (received at 7520641138742), offset divergence -14411
05-23 13:33:58.066  4915  4979 I xrstreamingclient: AudioPlayer: NetworkMetrics: [0.507,18.112]9.879
05-23 13:33:58.112  1472 15324 W ContextImpl: Calling a method in the system process without a qualified user: android.app.ContextImpl.sendBroadcast:1057 android.content.ContextWrapper.sendBroadcast:448 X.o4.A00:143 X.nw.A00:17 X.nw.handleMessage:90 
05-23 13:33:58.178   847 15047 E [CT]    : VIPER: Can't delete keyframe as there is only one adjacent kf left.
05-23 13:33:58.178   847 15047 W [CT]    : VIPER:MAP_HEALTH: Failed to purge kf.
05-23 13:33:58.190   847  1187 I [CT]    : VIPER:LOCALIZER: Extracting non-gravity-aligned descriptors on train.
05-23 13:33:58.291 14812 15244 I VrApi   : FPS=72/72,Prd=59ms,Tear=0,Early=72,Stale=0,VSnc=1,Lat=1,Fov=0,CPU4/GPU=2/3,1171/490MHz,OC=FF,TA=0/70/70,SP=N/F/F,Mem=2092MHz,Free=0MB,PLS=0,Temp=37.0C/0.0C,TW=2.96ms,App=2.47ms,GD=0.22ms,CPU&GPU=6.13ms,LCnt=1,GPU%=0.42,CPU%=0.30(W0.33),DSF=1.00
05-23 13:33:58.418   847 15088 I [CT]    : VegaTrackTracker: Continuing tracking on submap Submap id = 0, version = 1, active contexts: 1
05-23 13:33:58.815  4915  4972 D xrstreaming: receive ping: org 0 recv 0 xmt 12166804752300 (received at 7521650197856), offset divergence -14411
05-23 13:33:58.983  1501  1501 D ControllerNotifications: Enabling notifications
05-23 13:33:58.983  1501  1501 I ControllerNotifications: Updating input notifications based on state ConnectedBatteryNormal
05-23 13:33:58.992  1501  1501 D OculusNotificationListenerService: Notification posted: 0|com.oculus.notification_proxy|4104|null|1000
05-23 13:33:58.994  3356  3356 I chatty  : uid=10032 com.oculus.systemux:SystemUX expire 142 lines
05-23 13:33:59.032  2034 15327 I chatty  : uid=10021(com.oculus.vrshell) ShellOverlayMai expire 6 lines
05-23 13:33:59.039   724   724 W HwBinder:724_4: type=1400 audit(0.0:8170): avc: denied { getattr } for path="/proc/845" dev="proc" ino=277039 scontext=u:r:hal_oculus_sensors:s0 tcontext=u:r:mrsystemservice:s0 tclass=dir permissive=0
05-23 13:33:59.039  2060  2466 I chatty  : uid=10030(com.oculus.systemdriver) Thread-8 expire 8 lines
05-23 13:33:59.045  1569  3112 I [CT]    : MIXEDREALITY: MrFeatureStatus: Client status changed from Paused to Started.
05-23 13:33:59.045  1569  3112 I [CT]    : MIXEDREALITY: MrFeatureStatus: Target status Started, CurrentStatus: Paused
05-23 13:33:59.045  1569  3112 I [CT]    : MIXEDREALITY: MrFeatureStatus: Operation chain: Start
05-23 13:33:59.045  1569  3112 I [CT]    : MIXEDREALITY: MrFeatureStatus: Global status changed from Paused to Started.
05-23 13:33:59.045  1569  3112 I [CT]    : MIXEDREALITY: MrServiceController: Queuing command linked to operation Start for feature 0
05-23 13:33:59.046  1569  2946 I [CT]    : MIXEDREALITY: MrServiceController: Executing passthroughStart on model
05-23 13:33:59.046  1569  2946 I [CT]    : MIXEDREALITY: MrServiceModel: passthroughStart()
05-23 13:33:59.046  1569  2946 I [CT]    : MIXEDREALITY: MrServiceModel: passthroughStart: Started Passthrough
05-23 13:33:59.046  1569  2946 I [CT]    : MIXEDREALITY: MrServiceView: renderIteration: Rendering resuming.
05-23 13:33:59.046  1569  2946 I [CT]    : MIXEDREALITY: MrRuntimeImpl: onResume: Starting telemetry. Target device 2.
05-23 13:33:59.046   845  3042 I [CT]    : MIXEDREALITY: MrSystemServiceIPCServer: MrSystemServiceIPCServer::MrComputeCommand from 456695418, request was 99344392/2
05-23 13:33:59.046   845  3042 I [CT]    : MIXEDREALITY: ServiceLogic: onIpcCommand: client 456695418, request 2
05-23 13:33:59.046   724  4767 E libosutils: failed to get real path of file /proc/845/cmdline, err: Permission denied
05-23 13:33:59.048  2034 15328 I chatty  : uid=10021(com.oculus.vrshell) ShellOverlayMai expire 9 lines
05-23 13:33:59.048   724  4767 I FrameSetDispatcher: [HEADSET] Client thread started
05-23 13:33:59.048   724  4767 I CameraClientManager: [HEADSET] Added client - started clients: 3
05-23 13:33:59.048   845  3042 I [CT]    : MIXEDREALITY: MrRuntimeCompute: onResume: Starting telemetry. Target device 2.
05-23 13:33:59.048   845  3042 I [CT]    : MIXEDREALITY: MrRuntimeCompute: onResume: Resuming Stereo Pipeline.
05-23 13:33:59.048  1569  2946 I [CT]    : MIXEDREALITY: MrSystemServiceClientBase: sendIpcEventAndWait: IPCCall result: 0 in 0.002667552 seconds.
05-23 13:33:59.048  1569  2946 I [CT]    : MIXEDREALITY: MrRuntimeImpl: setSessionInitTime: Session initialization timer was set to 7521.883858272 ns.
05-23 13:33:59.048  1569  2946 I [CT]    : MIXEDREALITY: MrRuntimeImpl: setSessionInitTime: Reset session duration timer after 14.870185567 seconds.
05-23 13:33:59.049   701   964 I audio_hw_primary: getting vr mode to 0
05-23 13:33:59.049   735  3126 I AudioPolicyManagerCustom: VR mode is 0, switch to primary output if request is for fast|raw
05-23 13:33:59.050   735  3126 W AudioFlinger: createTrack_l(): mismatch between requested flags (00000104) and output flags (00000006)
05-23 13:33:59.050   735  3126 D AudioFlinger: Client defaulted notificationFrames to 192 for frameCount 384
05-23 13:33:59.052   735  3126 D AF::TrackHandle: OpPlayAudio: track:149 uid:10021 pkg:com.oculus.vrshell usage:1 not muted
05-23 13:33:59.055   845 15332 I [CT]    : MIXEDREALITY: ServiceLogic: Successfully set cpu affinity for thread 15332 to prime gold (7)
05-23 13:33:59.055   845 15332 I [CT]    : MIXEDREALITY: ServiceLogic: Successfully set cpu affinity for thread 3044 to prime gold (7)
05-23 13:33:59.055   845 15332 I [CT]    : MIXEDREALITY: ServiceLogic: Successfully set cpu affinity for thread 922 to prime gold (7)
05-23 13:33:59.056   845  3044 I [CT]    : MIXEDREALITY: MrRuntimeCompute: computeIteration: (every 10 seconds), Passthrough: OFF, SpaceSense: OFF, PlayspaceScan: OFF.
05-23 13:33:59.056  1298  1298 V AvrcpMediaPlayerList: onPlaybackConfigChanged(): Configs list size=9
05-23 13:33:59.110  2034 15334 I chatty  : uid=10021(com.oculus.vrshell) ShellOverlayMai expire 2 lines
05-23 13:33:59.118  1036  3362 I DisplayManagerService: Display device added: DisplayDeviceInfo{"com.oculus.android_panel_app.AndroidPanelLayer-toast": uniqueId="virtual:com.oculus.systemux,10032,com.oculus.android_panel_app.AndroidPanelLayer-toast,0", 525 x 1250, modeId 274, defaultModeId 274, supportedModes [{id=274, width=525, height=1250, fps=60.0}], colorMode 0, supportedColorModes [0], HdrCapabilities null, density 200, 200.0 x 200.0 dpi, appVsyncOff 0, presDeadline 16666666, touch NONE, rotation 0, type VIRTUAL, state OFF, owner com.oculus.systemux (uid 10032), FLAG_PRIVATE, FLAG_NEVER_BLANK, FLAG_OWN_CONTENT_ONLY}
05-23 13:33:59.123  2060 15086 I chatty  : uid=10030(com.oculus.systemdriver) OVR::TimeWarp expire 2 lines
05-23 13:33:59.130  1036  3362 I DisplayManagerService: Display device removed: DisplayDeviceInfo{"com.oculus.android_panel_app.AndroidPanelLayer-toast": uniqueId="virtual:com.oculus.systemux,10032,com.oculus.android_panel_app.AndroidPanelLayer-toast,0", 525 x 1250, modeId 274, defaultModeId 274, supportedModes [{id=274, width=525, height=1250, fps=60.0}], colorMode 0, supportedColorModes [0], HdrCapabilities null, density 200, 200.0 x 200.0 dpi, appVsyncOff 0, presDeadline 16666666, touch NONE, rotation 0, type VIRTUAL, state OFF, owner com.oculus.systemux (uid 10032), FLAG_PRIVATE, FLAG_NEVER_BLANK, FLAG_OWN_CONTENT_ONLY}
05-23 13:33:59.131  1036  3362 I DisplayManagerService: Display device added: DisplayDeviceInfo{"com.oculus.android_panel_app.AndroidPanelLayer-toast": uniqueId="virtual:com.oculus.systemux,10032,com.oculus.android_panel_app.AndroidPanelLayer-toast,0", 525 x 1, modeId 275, defaultModeId 275, supportedModes [{id=275, width=525, height=1, fps=60.0}], colorMode 0, supportedColorModes [0], HdrCapabilities null, density 200, 200.0 x 200.0 dpi, appVsyncOff 0, presDeadline 16666666, touch NONE, rotation 0, type VIRTUAL, state OFF, owner com.oculus.systemux (uid 10032), FLAG_PRIVATE, FLAG_NEVER_BLANK, FLAG_OWN_CONTENT_ONLY}
05-23 13:33:59.133  2060  2466 I chatty  : uid=10030(com.oculus.systemdriver) Thread-8 expire 2 lines
05-23 13:33:59.136  1036  1066 W InputReader: Device has associated, but no associated display id.
05-23 13:33:59.149  1036  1068 W InputReader: Device has associated, but no associated display id.
05-23 13:33:59.150  1036  1068 I ActivityTaskManager: Override config changes=20005df8 {0.0 ?mcc?mnc ?localeList ?layoutDir sw420dp w420dp h1000dp 200dpi nrml long port ?uimode ?night -touch qwerty/v/v -nav/h winConfig={ mBounds=Rect(0, 0 - 525, 1250) mAppBounds=Rect(0, 0 - 525, 1250) mWindowingMode=fullscreen mDisplayWindowingMode=fullscreen mActivityType=undefined mAlwaysOnTop=undefined mRotation=ROTATION_0}} for displayId=269
05-23 13:33:59.151  2060 15086 I chatty  : uid=10030(com.oculus.systemdriver) OVR::TimeWarp expire 2 lines
05-23 13:33:59.154  1036  1068 I DisplayManagerService: Display device changed state: "com.oculus.android_panel_app.AndroidPanelLayer-toast", ON
05-23 13:33:59.170  1036  3362 W InputReader: Device has associated, but no associated display id.
05-23 13:33:59.181  1036  3362 E SurfaceFlinger: captureScreen failed to readInt32: -22
05-23 13:33:59.181  1036  3362 W WindowManager: Unable to take screenshot of display 270
05-23 13:33:59.186  1036  3362 E WindowManager: App trying to use insecure INPUT_FEATURE_NO_INPUT_CHANNEL flag. Ignoring
05-23 13:33:59.192  1036  1068 W InputReader: Device has associated, but no associated display id.
05-23 13:33:59.192  1036  1068 I ActivityTaskManager: Override config changes=200055f8 {0.0 ?mcc?mnc ?localeList ?layoutDir ?swdp w420dp ?hdp 200dpi smll land ?uimode ?night -touch qwerty/v/v -nav/h winConfig={ mBounds=Rect(0, 0 - 525, 1) mAppBounds=Rect(0, 0 - 525, 1) mWindowingMode=fullscreen mDisplayWindowingMode=fullscreen mActivityType=undefined mAlwaysOnTop=undefined mRotation=ROTATION_0}} for displayId=270
05-23 13:33:59.193  1036  1068 I WindowManager: Screen frozen for +23ms due to new-config
05-23 13:33:59.208  2060  2466 I chatty  : uid=10030(com.oculus.systemdriver) Thread-8 expire 6 lines
05-23 13:33:59.221  2060  2466 I VrRuntimeServer: DestroyTextureSwapChain: result destroyswapchain 1
05-23 13:33:59.231  1036  3362 I DisplayManagerService: Display device removed: DisplayDeviceInfo{"com.oculus.android_panel_app.AndroidPanelLayer-toast": uniqueId="virtual:com.oculus.systemux,10032,com.oculus.android_panel_app.AndroidPanelLayer-toast,0", 525 x 1, modeId 275, defaultModeId 275, supportedModes [{id=275, width=525, height=1, fps=60.0}], colorMode 0, supportedColorModes [0], HdrCapabilities null, density 200, 200.0 x 200.0 dpi, appVsyncOff 0, presDeadline 16666666, touch NONE, rotation 0, type VIRTUAL, state ON, owner com.oculus.systemux (uid 10032), FLAG_PRIVATE, FLAG_NEVER_BLANK, FLAG_OWN_CONTENT_ONLY}
05-23 13:33:59.235  1036  1444 I DisplayManagerService: Display device added: DisplayDeviceInfo{"com.oculus.android_panel_app.AndroidPanelLayer-toast": uniqueId="virtual:com.oculus.systemux,10032,com.oculus.android_panel_app.AndroidPanelLayer-toast,0", 525 x 80, modeId 276, defaultModeId 276, supportedModes [{id=276, width=525, height=80, fps=60.0}], colorMode 0, supportedColorModes [0], HdrCapabilities null, density 200, 200.0 x 200.0 dpi, appVsyncOff 0, presDeadline 16666666, touch NONE, rotation 0, type VIRTUAL, state OFF, owner com.oculus.systemux (uid 10032), FLAG_PRIVATE, FLAG_NEVER_BLANK, FLAG_OWN_CONTENT_ONLY}
05-23 13:33:59.244  2060  2466 I VrRuntimeService: UpdateSwapChainSamplerState: 446
05-23 13:33:59.244  2060  2466 I VrRuntimeService: UpdateSwapChainSamplerState: minFilter=5 magFilter=1 wrapModeS=3 warpModeT=3 maxAniso=1.000000 border={0.000000,0.000000,0.000000,0.000000} swizzle={0,1,2,3}
05-23 13:33:59.248  2060 15086 I ScreenCaptureBase: GlobalInhibitState changed to 1
05-23 13:33:59.248  2060 15086 I TimeWarp: SetClientSurfaceSecureFlag: secure=1
05-23 13:33:59.262  2060 15086 I ScreenCaptureBase: GlobalInhibitState changed to 0
05-23 13:33:59.262  2060 15086 I TimeWarp: SetClientSurfaceSecureFlag: secure=0
05-23 13:33:59.268  1036  1066 W InputReader: Device has associated, but no associated display id.
05-23 13:33:59.270  1036  1444 W WindowManager: Failed looking up window callers=com.android.server.wm.WindowManagerService.windowForClientLocked:5330 com.android.server.wm.WindowManagerService.removeWindow:1788 com.android.server.wm.Session.remove:176 
05-23 13:33:59.276  1036  1068 W InputReader: Device has associated, but no associated display id.
05-23 13:33:59.276  1036  1068 I ActivityTaskManager: Override config changes=20005df8 {0.0 ?mcc?mnc ?localeList ?layoutDir sw64dp w420dp h64dp 200dpi smll land ?uimode ?night -touch qwerty/v/v -nav/h winConfig={ mBounds=Rect(0, 0 - 525, 80) mAppBounds=Rect(0, 0 - 525, 80) mWindowingMode=fullscreen mDisplayWindowingMode=fullscreen mActivityType=undefined mAlwaysOnTop=undefined mRotation=ROTATION_0}} for displayId=271
05-23 13:33:59.277  1472 15335 W ContextImpl: Calling a method in the system process without a qualified user: android.app.ContextImpl.sendBroadcast:1057 android.content.ContextWrapper.sendBroadcast:448 X.o4.A00:143 X.nw.A00:17 X.nw.handleMessage:90 
05-23 13:33:59.285  1036  1068 I DisplayManagerService: Display device changed state: "com.oculus.android_panel_app.AndroidPanelLayer-toast", ON
05-23 13:33:59.289  1036  8048 E WindowManager: App trying to use insecure INPUT_FEATURE_NO_INPUT_CHANNEL flag. Ignoring
05-23 13:33:59.293 14812 15244 I VrApi   : FPS=72/72,Prd=59ms,Tear=0,Early=72,Stale=0,VSnc=1,Lat=1,Fov=0,CPU4/GPU=2/3,1171/490MHz,OC=FF,TA=0/70/70,SP=N/F/F,Mem=2092MHz,Free=0MB,PLS=0,Temp=37.0C/0.0C,TW=2.95ms,App=2.47ms,GD=0.20ms,CPU&GPU=5.88ms,LCnt=1,GPU%=0.43,CPU%=0.35(W0.38),DSF=1.00
05-23 13:33:59.301  2060  2466 I VrRuntimeService: CreateSwapChain: 2375305930
05-23 13:33:59.301  2060  2466 I VrRuntimeService: CreateSwapChain: api:gles 0 0x8c43 525 80 10 2 1 0 3
05-23 13:33:59.302  2060  2466 I VrRuntimeServer: CreateTextureSwapChain: result importswapchaingles 1
05-23 13:33:59.310  2060  2466 I VrRuntimeService: UpdateSwapChainSamplerState: 447
05-23 13:33:59.310  2060  2466 I VrRuntimeService: UpdateSwapChainSamplerState: minFilter=1 magFilter=1 wrapModeS=3 warpModeT=3 maxAniso=1.000000 border={0.000000,0.000000,0.000000,0.000000} swizzle={0,1,2,3}
05-23 13:33:59.312  2060  2466 I VrRuntimeService: DestroySwapChain: swapchain=446
05-23 13:33:59.312  2060  2466 I VrRuntimeServer: DestroyTextureSwapChain: result destroyswapchain 1
05-23 13:33:59.332  2060 15086 I ScreenCaptureBase: GlobalInhibitState changed to 1
05-23 13:33:59.332  2060 15086 I TimeWarp: SetClientSurfaceSecureFlag: secure=1
05-23 13:33:59.457  1472 15336 W ContextImpl: Calling a method in the system process without a qualified user: android.app.ContextImpl.sendBroadcast:1057 android.content.ContextWrapper.sendBroadcast:448 X.o4.A00:143 X.nw.A00:17 X.nw.handleMessage:90 
05-23 13:33:59.580  1472 15338 W ContextImpl: Calling a method in the system process without a qualified user: android.app.ContextImpl.sendBroadcast:1057 android.content.ContextWrapper.sendBroadcast:448 X.o4.A00:143 X.nw.A00:17 X.nw.handleMessage:90 
05-23 13:33:59.620   847 15015 I [CT]    : boltlib: DSP utilization: 5.69 % (284 / 5000 ms)
05-23 13:33:59.630   847  1187 I [CT]    : VIPER:LOCALIZER: Extracting non-gravity-aligned descriptors on train.
05-23 13:33:59.725   847 15063 I [CT]    : INPUT_TRACKING:Behavior:AtRest: [Right] deactivated
05-23 13:33:59.725   847 15063 I [CT]    : INPUT_TRACKING:ControllerMotionModel: [Right] t = 7517.298s, behavior transition: AtRest -> None
05-23 13:33:59.732   847 15063 I [CT]    : CONSTELLATION: R: Detected IMU motion => Leaving static state.
05-23 13:33:59.751   847 15063 I [CT]    : INPUT_TRACKING:Behavior:AtRest: [Left] deactivated
05-23 13:33:59.751   847 15063 I [CT]    : INPUT_TRACKING:ControllerMotionModel: [Left] t = 7517.322s, behavior transition: AtRest -> None
05-23 13:33:59.760   847 15063 D TrackingService: [HANDTRACKING] Controller 7c0258126e7b29fa in hand: Y, valid: Y
05-23 13:33:59.769   847 15063 I [CT]    : CONSTELLATION: L: Detected IMU motion => Leaving static state.
05-23 13:33:59.816  4915  4972 D xrstreaming: receive ping: org 0 recv 0 xmt 12167806358300 (received at 7522651788949), offset divergence -14411
05-23 13:33:59.858   847 15088 I [CT]    : VegaTrackTracker: Continuing tracking on submap Submap id = 0, version = 1, active contexts: 1
05-23 13:33:59.920   847 15063 I [CT]    : CONSTELLATION: L: Detected static IMU, no button event and has tracked position => Applying constant controller pose.
05-23 13:34:00.040   847 15063 I [CT]    : CONSTELLATION: L: Detected IMU motion => Leaving static state.
05-23 13:34:00.253   847 15239 W [CT]    : CONSTELLATION: L: LED Mahalanobis distance p50 = 19.53 too high. Fallback to full pose update.
05-23 13:34:00.281   847 15063 I [CT]    : CONSTELLATION: L: Detected static IMU, no button event and has tracked position => Applying constant controller pose.
05-23 13:34:00.292 14812 15244 I VrApi   : FPS=72/72,Prd=59ms,Tear=0,Early=72,Stale=0,VSnc=1,Lat=1,Fov=0,CPU4/GPU=2/3,1171/490MHz,OC=FF,TA=0/70/70,SP=N/F/F,Mem=2092MHz,Free=0MB,PLS=0,Temp=37.0C/0.0C,TW=3.06ms,App=2.45ms,GD=0.91ms,CPU&GPU=5.89ms,LCnt=1,GPU%=0.49,CPU%=0.22(W0.32),DSF=1.00
05-23 13:34:00.303   724 15013 W SensorService: Unknown packet type (20) received
05-23 13:34:00.343   847 15063 I [CT]    : CONSTELLATION:IMU_STATUS: bec25d3a5594a307 (L): [FusionTracked=1.000, OutputTracked=0.059, OutputValid=1.000] [AccelSat=0.000, GyroSat=0.000] 
05-23 13:34:00.443   847 15063 I [CT]    : CONSTELLATION:IMU_STATUS: 7c0258126e7b29fa (R): [FusionTracked=1.000, OutputTracked=0.072, OutputValid=1.000] [AccelSat=0.000, GyroSat=0.000] 
05-23 13:34:00.825  4915  4972 D xrstreaming: receive ping: org 0 recv 0 xmt 12168814521000 (received at 7523660788584), offset divergence -14411
05-23 13:34:00.936   847 15063 I [CT]    : INPUT_TRACKING:Behavior:NearHeadMoving: [Right] state transition: TorsoInitialized -> InRange
05-23 13:34:00.969   847 15063 I [CT]    : INPUT_TRACKING:Behavior:AtRest: [Left] activated
05-23 13:34:00.969   847 15063 I [CT]    : INPUT_TRACKING:ControllerMotionModel: [Left] t = 7518.542s, behavior transition: None -> AtRest
05-23 13:34:01.112   847  1641 D TrackingService: haptic socket already exists
05-23 13:34:01.112   847  1641 D TrackingService: getSocket: com.YourCompany.PruebaVideoStreaming
05-23 13:34:01.150   847 15088 I [CT]    : VIPER:MAP_MANAGER: State: TrackingPersistent, UUID=0236f00a-b7d0-2762-ceac-8516caac74a0, Num. Persistent maps = 3,  Persistent maps:9dafb6d2-7cce-fc48-79a1-27a9abfd876d,0236f00a-b7d0-2762-ceac-8516caac74a0,bc705666-18f7-3b7b-46c2-e61fa37bbbc9,
05-23 13:34:01.190   847 15088 I [CT]    : VIPER: Mode=Vega,Status=6DoF,TRACKING,KF=-1,Inl=384,Pts=0,Mem=92.2,Jit=0.3mm,Issues(Cam/min=0.0,IMU/min=0.0),Exp=(5.0ms,g=1.0,I=77,Ir=15437.4)(5.1ms,g=1.0,I=80,Ir=15722.1)(5.1ms,g=1.0,I=88,Ir=17224.4)(1.9ms,g=1.0,I=77,Ir=41596.1)
05-23 13:34:01.275  1036  1068 I system_server: Explicit concurrent copying GC freed 68768(3330KB) AllocSpace objects, 25(628KB) LOS objects, 42% free, 12MB/21MB, paused 47us total 76.566ms
05-23 13:34:01.294 14812 15244 I VrApi   : FPS=72/72,Prd=59ms,Tear=0,Early=72,Stale=0,VSnc=1,Lat=1,Fov=0,CPU4/GPU=2/3,1171/490MHz,OC=FF,TA=0/70/70,SP=N/F/F,Mem=2092MHz,Free=0MB,PLS=0,Temp=37.0C/0.0C,TW=3.03ms,App=2.47ms,GD=0.22ms,CPU&GPU=5.80ms,LCnt=1,GPU%=0.44,CPU%=0.28(W0.29),DSF=1.00
05-23 13:34:01.317  1569  3029 I VrRuntimeDeviceConfigClient: GetBoolean: oculus_mobile_disable_non_hands_app_hands_usage 0
05-23 13:34:01.317  1569  3029 I VrRuntimeDeviceConfigClient: GetBoolean: oculus_keyboard_telemetry 0
05-23 13:34:01.317  1569  3029 W VrRuntimeDeviceConfigClient: ConfigParam result cannot be retrieved because it is not cached: oculus_mobile_upload_latency_data_with_percentiles 
05-23 13:34:01.317  1569  3029 I VrRuntimeDeviceConfigClient: GetBoolean: oculus_mobile_upload_latency_data_with_percentiles  0
05-23 13:34:01.317  1569  3029 W VrRuntimeDeviceConfigClient: ConfigParam result cannot be retrieved because it is not cached: oculus_mobile_upload_latency_data_with_percentiles 
05-23 13:34:01.317  1569  3029 I VrRuntimeDeviceConfigClient: GetBoolean: oculus_mobile_upload_latency_data_with_percentiles  0
05-23 13:34:01.544 14812 14812 D UE4     : [GameActivity] Battery: status = 2, rawlevel = 77, scale = 100
05-23 13:34:01.544 14812 14812 D UE4     : nativeBatteryEvent(stat = 2, lvl = 77  temp = 37.20 C)
05-23 13:34:01.607   847 15239 I [CT]    : CONSTELLATION:VISION_STATUS: bec25d3a5594a307 (L): BlobDetection:[#BlobsDetected=(12.06, 11.43)]Matching:[MatchSuccess=0.944, MatchCost=(0.00142, 0.00000), #MatchedBlobs=(4.96, 5.02), #MatchedLeds=(3.19, 1.42), RematchM=0.300, SkipRefine=0.028] MatchMethod:[Prox=0.936, ConstBrute=0.008, UnconstBrute=0.000] MatchResets[AnomBlobSize=0.000, SharedMatch=0.000, DenseReacq=0.000] | Fusion:[FusionError=0.000, ImuFromCamMs=(16.312, 2.657), RematchF=0.024] FusionUpdates:[Successful=0.032, Reliable=0.032, TightFusion=0.028, FullPose=0.004, StaticPrior=0.964, StaticForHandTrans=1.000, PoseUpdateMD=(61.6053, 0.0000)] FusionResets[6DoFReset=0.000, ResetSuccess=0.000] FusionStatus[HasPosition=1.000, HasVelocity=1.000] 
05-23 13:34:01.608   847 15239 I [CT]    : CONSTELLATION:VISION_STATUS: 7c0258126e7b29fa (R): BlobDetection:[#BlobsDetected=(12.06, 11.43)]Matching:[MatchSuccess=0.916, MatchCost=(0.00152, 0.00000), #MatchedBlobs=(5.17, 7.64), #MatchedLeds=(3.25, 2.28), RematchM=0.016, SkipRefine=0.000] MatchMethod:[Prox=0.912, ConstBrute=0.004, UnconstBrute=0.000] MatchResets[AnomBlobSize=0.000, SharedMatch=0.000, DenseReacq=0.000] | Fusion:[FusionError=0.000, ImuFromCamMs=(16.509, 2.579), RematchF=0.068] FusionUpdates:[Successful=0.132, Reliable=0.116, TightFusion=0.092, FullPose=0.040, StaticPrior=0.812, StaticForHandTrans=0.812, PoseUpdateMD=(3.7385, 70.1573)] FusionResets[6DoFReset=0.000, ResetSuccess=0.000] FusionStatus[HasPosition=1.000, HasVelocity=1.000] 
05-23 13:34:01.826  4915  4972 D xrstreaming: receive ping: org 0 recv 0 xmt 12169816167000 (received at 7524661588948), offset divergence -14411
05-23 13:34:02.292 14812 15244 I VrApi   : FPS=72/72,Prd=59ms,Tear=0,Early=71,Stale=0,VSnc=1,Lat=1,Fov=0,CPU4/GPU=2/3,1171/490MHz,OC=FF,TA=0/70/70,SP=N/F/F,Mem=2092MHz,Free=0MB,PLS=0,Temp=37.2C/0.0C,TW=3.05ms,App=2.60ms,GD=0.22ms,CPU&GPU=5.98ms,LCnt=1,GPU%=0.44,CPU%=0.23(W0.24),DSF=1.00
05-23 13:34:02.361  1036  5085 D WificondControl: Scan result ready event
05-23 13:34:02.369  1036  1194 D WificondScannerImpl: Filtering out 5 scan results.
05-23 13:34:02.687   847 15239 W [CT]    : CONSTELLATION: R: LED Mahalanobis distance p50 = 2.51 too high. Fallback to full pose update.
05-23 13:34:02.700   847 15063 I [CT]    : INPUT_TRACKING:Behavior:NearHeadMoving: [Right] state transition: InRange -> Init
05-23 13:34:02.702   847 15063 I [CT]    : INPUT_TRACKING:Behavior:NearHeadMoving: [Right] state transition: Init -> TorsoInitialized
05-23 13:34:02.835  4915  4972 D xrstreaming: receive ping: org 0 recv 0 xmt 12170825109100 (received at 7525670833063), offset divergence -14411
05-23 13:34:03.065  4915  4979 I xrstreamingclient: AudioPlayer: NetworkMetrics: [0.278,21.096]9.873
05-23 13:34:03.160  1569  2946 I [CT]    : MIXEDREALITY: MrServiceView: renderIteration: (every 10 seconds), screen is: ON, PT is: ON, ID is: OFF
05-23 13:34:03.161  1569  2946 I [CT]    : MIXEDREALITY: MrServiceModel: commitLayerState: (every 10 seconds), ImagesAndCompute: false, ImagesOnly: false, NoRequirement: true.
05-23 13:34:03.292 14812 15244 I VrApi   : FPS=72/72,Prd=59ms,Tear=0,Early=72,Stale=0,VSnc=1,Lat=1,Fov=0,CPU4/GPU=2/3,1171/490MHz,OC=FF,TA=0/70/70,SP=N/F/F,Mem=2092MHz,Free=0MB,PLS=0,Temp=37.2C/0.0C,TW=3.06ms,App=2.59ms,GD=0.25ms,CPU&GPU=6.07ms,LCnt=1,GPU%=0.45,CPU%=0.31(W0.41),DSF=1.00
05-23 13:34:03.615 14812 14855 D UE4     : [GameActivity] Used memory: 468698 (VmRSS:	  209836 kB)
05-23 13:34:03.711  2060  2324 I ServiceInputManager: system button SetHomeButtonDownState 7526.55
05-23 13:34:03.711  2060  2324 I ServiceInputManager: system button down, should reset recenter timer
05-23 13:34:03.711  2060  2324 I ServiceInputManager: HOME BUTTON shared state changed:  hardware ID 8935801446842706426  UpdateCount: 1 
05-23 13:34:03.711  2060  2324 I RecenterTimer: UpdateTimerData(7527.05 7527.55)
05-23 13:34:03.845  4915  4972 D xrstreaming: receive ping: org 0 recv 0 xmt 12171834565600 (received at 7526680074052), offset divergence -14411
05-23 13:34:03.864  2060  2324 I ServiceInputManager: system button SetHomeButtonUpState 7526.7
05-23 13:34:03.864  2060  2324 I ServiceInputManager: HOME BUTTON shared state changed:  hardware ID 8935801446842706426  UpdateCount: 2 
05-23 13:34:03.864  2060  2324 I RecenterTimer: UpdateTimerData(-1.00 -1.00)
05-23 13:34:04.037  1569  3112 I [CT]    : MIXEDREALITY: MrFeatureStatus: Client status changed from Started to Paused.
05-23 13:34:04.037  1569  3112 I [CT]    : MIXEDREALITY: MrFeatureStatus: Target status Paused, CurrentStatus: Started
05-23 13:34:04.037  1569  3112 I [CT]    : MIXEDREALITY: MrFeatureStatus: Operation chain: Pause
05-23 13:34:04.037  1569  3112 I [CT]    : MIXEDREALITY: MrFeatureStatus: Global status changed from Started to Paused.
05-23 13:34:04.037  1569  3112 I [CT]    : MIXEDREALITY: MrServiceController: Queuing command linked to operation Pause for feature 0
05-23 13:34:04.037  1569  2946 I [CT]    : MIXEDREALITY: MrServiceController: Executing passthroughPause on model
05-23 13:34:04.037  1569  2946 I [CT]    : MIXEDREALITY: MrServiceModel: passthroughPause()
05-23 13:34:04.037  1569  2946 I [CT]    : MIXEDREALITY: MrServiceModel: passthroughPause: Paused Passthrough
05-23 13:34:04.037  1569  2946 I [CT]    : MIXEDREALITY: MrServiceView: renderIteration: onPause(). (b)
05-23 13:34:04.037  1569  2946 W OsSdk   : Requested historical tracking state too far in the past; oldest: 7526.585562s, requested: 7512.167795s
05-23 13:34:04.038  2060 15086 I TimeWarp: SetSchedFifo( tid=2946, pol=5, pri=1 ) succeeded
05-23 13:34:04.039  1569  2946 I [CT]    : MIXEDREALITY: MrRuntimeImpl: onPause: Paused. Target device 2.
05-23 13:34:04.039   845  3042 I [CT]    : MIXEDREALITY: MrSystemServiceIPCServer: MrSystemServiceIPCServer::MrComputeCommand from 456695418, request was 99344392/1
05-23 13:34:04.039   845  3042 I [CT]    : MIXEDREALITY: ServiceLogic: onIpcCommand: client 456695418, request 1
05-23 13:34:04.040   724 15331 I FrameSetDispatcher: [HEADSET] Client thread stopping
05-23 13:34:04.040   724  4767 I FrameSetDispatcher: [HEADSET] Client thread joined
05-23 13:34:04.040   724  4767 I CameraClientManager: [HEADSET] Removed client - started clients: 2
05-23 13:34:04.040   845  3042 I [CT]    : MIXEDREALITY: MrRuntimeCompute: onPause: Paused. Target device 2.
05-23 13:34:04.040   845  3042 I [CT]    : MIXEDREALITY: MrRuntimeCompute: onPause: Pausing Stereo Pipeline.
05-23 13:34:04.040  1569  2946 I [CT]    : MIXEDREALITY: MrSystemServiceClientBase: sendIpcEventAndWait: IPCCall result: 0 in 0.000993282 seconds.
05-23 13:34:04.040   845  3042 I [CT]    : MIXEDREALITY: MrSystemServiceIPCServer: MrSystemServiceIPCServer::MrComputeCommand from 456695418, request was 99344392/3
05-23 13:34:04.040   845  3042 I [CT]    : MIXEDREALITY: ServiceLogic: onIpcCommand: client 456695418, request 3
05-23 13:34:04.040  1569  2946 I [CT]    : MIXEDREALITY: MrSystemServiceClientBase: sendIpcEventAndWait: IPCCall result: 0 in 6.3645e-05 seconds.
05-23 13:34:04.052  2060 15086 I ScreenCaptureBase: GlobalInhibitState changed to 0
05-23 13:34:04.052  2060 15086 I TimeWarp: SetClientSurfaceSecureFlag: secure=0
05-23 13:34:04.065  2060  2466 I VrRuntimeService: RuntimeServiceSDKServer::EnableRendering: 0x0, 0, com.oculus.vrshell:Overlay
05-23 13:34:04.065  2060  2466 I ClientMgr: ClientMgr::EnableRendering 2034:com.oculus.vrshell : type 1 comp-id 4: disable
05-23 13:34:04.065  2060  2466 I VrRuntimeServer: DisableCompositorClient: 4
05-23 13:34:04.065  2060  2466 I TimeWarpClientMgr: Disable client 4
05-23 13:34:04.065  2060  2466 I TimeWarpClientMgr: DisableClient: frame flush required: 1
05-23 13:34:04.072  2060  2466 I UnifiedTelemetryWrapper: Stopped UT session render:com.oculus.vrshell:Overlay
05-23 13:34:04.073  2034  2519 I chatty  : uid=10021(com.oculus.vrshell) ShellOverlayVR expire 259 lines
05-23 13:34:04.111  2034 15330 I chatty  : uid=10021(com.oculus.vrshell) ShellOverlayMai expire 6 lines
05-23 13:34:04.115  2060  2324 I ServiceInputManager: short system button press 7526.950204
05-23 13:34:04.115  2060  2324 I ServiceInputManager: system event from short press 7526.950204
05-23 13:34:04.115  2060  2324 I ServiceInputManager: ServiceInputManager::FireSystemButtonEvent queueing launch intent from service
05-23 13:34:04.115  2060  2324 I ServiceInputManager: ServiceInputManager::FireSystemButtonEvent 'com.YourCompany.PruebaVideoStreaming' Transition Type: 1
05-23 13:34:04.115  2060  2324 I RecenterTimer: UpdateTimerData(-1.00 -1.00)
05-23 13:34:04.129  2060  2324 I ServiceInputManager: ServiceInputManager::ProcessSystemButtonEvent launching intent from service 'com.YourCompany.PruebaVideoStreaming' 1
05-23 13:34:04.129  2060  2324 I ServiceInputManager: ServiceInputManager::ProcessSystemButtonEvent transitioning with a memory of the app name
05-23 13:34:04.129  2060  2324 I SystemUtils_Internal: ovrSystemUtils::StartAnytimeUI: confirmQuit
05-23 13:34:04.129  2060  2324 D SystemUtils: sendBroadcastIntent - action: 'com.oculus.vrshell.intent.action.LAUNCH' data: 'systemux://dialog/exit'intent_pkg: com.YourCompany.PruebaVideoStreaming
05-23 13:34:04.130  2060  2324 D SystemUtils: VR Shell isn't running.
05-23 13:34:04.131  2060  2324 I ServiceInputManager: ServiceInputManager::ProcessSystemButtonEvent transition result is 1, AppHadSwitchTransition is 0
05-23 13:34:04.134  3448  3448 I chatty  : uid=10021(com.oculus.vrshell) ShellMain expire 26 lines
05-23 13:34:04.149  2060 15086 I TimeWarp: SetSchedFifo( tid=2946, pol=2, pri=0 ) succeeded
05-23 13:34:04.153  1298  1298 V AvrcpMediaPlayerList: onPlaybackConfigChanged(): Configs list size=9
05-23 13:34:04.155  1036  1066 D OLOLO   : Message:29 vlpb=2
05-23 13:34:04.156  1298  1298 V AvrcpMediaPlayerList: onPlaybackConfigChanged(): Configs list size=8
05-23 13:34:04.156  2034  2034 I chatty  : uid=10021(com.oculus.vrshell) ShellOverlayMai expire 50 lines
05-23 13:34:04.211  1036  5085 E WindowManager: App trying to use insecure INPUT_FEATURE_NO_INPUT_CHANNEL flag. Ignoring
05-23 13:34:04.213  2060  2060 I ClientMgr: FocusedWindowChanged: found matching overlay client: 2375305930
05-23 13:34:04.213  2060  2060 I ClientMgr: FocusedClient changed.
05-23 13:34:04.213  2060  2060 I ClientMgr: ClientMgr::SetFocusedClient: 2034:com.oculus.vrshell type 1
05-23 13:34:04.213  2060  2060 I ClientMgr: SetFocusedPackageName - packageName com.oculus.vrshell processName com.oculus.vrshell:Overlay clientId 2375305930 clientPid 2034
05-23 13:34:04.214  2060  2060 I VrRuntimeService: RuntimeIPC: SendFocusChangeEventToAllClients: PostClientEvent SUCCESS: com.YourCompany.PruebaVideoStreaming:com.YourCompany.PruebaVideoStreaming:14812, com.oculus.vrshell, com.oculus.vrshell:Overlay
05-23 13:34:04.214  2060  2060 I VrRuntimeService: RuntimeIPC: SendFocusChangeEventToAllClients: PostClientEvent SUCCESS: com.oculus.vrshell:com.oculus.vrshell:3448, com.oculus.vrshell, com.oculus.vrshell:Overlay
05-23 13:34:04.214  2060  2060 I VrRuntimeService: RuntimeIPC: SendFocusChangeEventToAllClients: PostClientEvent SUCCESS: com.oculus.shellenv:com.oculus.shellenv:3130, com.oculus.vrshell, com.oculus.vrshell:Overlay
05-23 13:34:04.214  2060  2060 I VrRuntimeService: RuntimeIPC: SendFocusChangeEventToAllClients: PostClientEvent SUCCESS: com.oculus.guardian:com.oculus.vrguardianservice:2497, com.oculus.vrshell, com.oculus.vrshell:Overlay
05-23 13:34:04.214  2060  2060 I VrRuntimeService: RuntimeIPC: SendFocusChangeEventToAllClients: PostClientEvent SUCCESS: com.oculus.xrstreamingclient:com.oculus.xrstreamingclient:4915, com.oculus.vrshell, com.oculus.vrshell:Overlay
05-23 13:34:04.214  2060  2060 I VrRuntimeService: RuntimeIPC: SendFocusChangeEventToAllClients: PostClientEvent SUCCESS: com.oculus.mrservice:com.oculus.mrservice:1569, com.oculus.vrshell, com.oculus.vrshell:Overlay
05-23 13:34:04.214  2060  2060 I VrRuntimeService: RuntimeIPC: SendFocusChangeEventToAllClients: PostClientEvent SUCCESS: com.oculus.vrshell:com.oculus.vrshell:Overlay:2034, com.oculus.vrshell, com.oculus.vrshell:Overlay
05-23 13:34:04.216 14812 14920 I VrRuntimeClient: Client has lost focus.
05-23 13:34:04.223   847  1272 E TrackingService: attachClient: found client in attached list
05-23 13:34:04.224   847  1272 D TrackingService: getSharedMemory: com.oculus.guardian, Controller
05-23 13:34:04.226  2060  2324 I ServiceInputManager: HANDTRACKING Changing handtracking version from 1 to 2
05-23 13:34:04.226  2060  2324 I HandTrackingConfig: HANDTRACKING Config: Setting version to 2
05-23 13:34:04.226   847  1272 W [CT]    : NIMBLE:HTEngine: Pipeline version change request ignored, since already in transition
05-23 13:34:04.227   847  1272 E TrackingService: attachClient: found client in attached list
05-23 13:34:04.227   847  1272 D TrackingService: getSharedMemory: com.oculus.systemdriver, Controller
05-23 13:34:04.229  2034 15350 I chatty  : uid=10021(com.oculus.vrshell) ShellOverlayMai expire 5 lines
05-23 13:34:04.230  2326  2368 W LibraryProvider: Cannot find entitlement for com.oculus.vrshell
05-23 13:34:04.230  1893  1893 W OVRLibrary: null cursor received for query content://com.oculus.ocms.library/apps/com.oculus.vrshell
05-23 13:34:04.231   847  1272 E TrackingService: attachClient: found client in attached list
05-23 13:34:04.233 14812 14853 E OsSdk   : error getting shared memory region, memory type: Controller, failed with Status(-1, EX_SECURITY): 'requested shared memory region when not registered/focused'
05-23 13:34:04.233   847  1272 E TrackingService: attachClient: found client in attached list
05-23 13:34:04.234 14812 14853 E OsSdk   : error getting shared memory region, memory type: Controller, failed with Status(-1, EX_SECURITY): 'requested shared memory region when not registered/focused'
05-23 13:34:04.235  2060  2466 I VrRuntimeService: RuntimeServiceSDKServer::EnableRendering: 0x0, 0, com.oculus.vrshell:Overlay
05-23 13:34:04.235  2060  2466 I ClientMgr: EnableRendering2: invalid clientWindow, testing uid/pid
05-23 13:34:04.235  2060  2466 I ClientMgr: EnableRendering2: matched uid: 10021 and pid: 2034 
05-23 13:34:04.235  2060  2466 I ClientMgr: EnableRendering2: Calling SetFocusedClient: 2375305930
05-23 13:34:04.235  2060  2466 I ClientMgr: ClientMgr::SetFocusedClient: 2034:com.oculus.vrshell type 1
05-23 13:34:04.235  2060  2466 I ClientMgr: SetFocusedPackageName - packageName com.oculus.vrshell processName com.oculus.vrshell:Overlay clientId 2375305930 clientPid 2034
05-23 13:34:04.235  2060  2466 I ClientMgr: ClientMgr::EnableRendering 2034:com.oculus.vrshell : type 1 comp-id 4: enable
05-23 13:34:04.235  2060  2466 I TimeWarpClientMgr: Enable client 4
05-23 13:34:04.235  2060  2466 I VrRuntimeServer: EnableCompositorClient client(4): layer placement(2147483647) flags(0) sm(0x7a7c170010)
05-23 13:34:04.235  2060  2466 I TimeWarp: CheckDebuggerConnected: debugger 0
05-23 13:34:04.235  2060  2466 I VrRuntimeServer: SysProp debug mode is disabled on Server side
05-23 13:34:04.239   724   724 W HwBinder:724_4: type=1400 audit(0.0:8171): avc: denied { getattr } for path="/proc/845" dev="proc" ino=277039 scontext=u:r:hal_oculus_sensors:s0 tcontext=u:r:mrsystemservice:s0 tclass=dir permissive=0
05-23 13:34:04.241 14812 14854 D UE4     : [2022.05.23-11.34.04:241][585]LogAndroid: Case APP_CMD_LOST_FOCUS
05-23 13:34:04.241 14812 14854 D UE4     : LogAndroidEvents::EnqueueAppEvent : 10, [width=-1, height=-1], tid = 14854, APP_EVENT_STATE_WINDOW_LOST_FOCUS
05-23 13:34:04.242  2326  2368 W LibraryProvider: Cannot find entitlement for com.YourCompany.PruebaVideoStreaming
05-23 13:34:04.242  1893  1893 W OVRLibrary: null cursor received for query content://com.oculus.ocms.library/apps/com.YourCompany.PruebaVideoStreaming
05-23 13:34:04.243  2060  2466 I UnifiedTelemetryWrapper: Started UT session render:com.oculus.vrshell:Overlay
05-23 13:34:04.244 14812 14853 D UE4     : [2022.05.23-11.34.04:244][585]LogAndroidEvents: Display: LogAndroidEvents::DequeueAppEvent : 10, [width=-1, height=-1], APP_EVENT_STATE_WINDOW_LOST_FOCUS
05-23 13:34:04.244 14812 14853 D UE4     : FAppEventManager::Tick processing, 10
05-23 13:34:04.245  1569  3112 I [CT]    : MIXEDREALITY: MrFeatureStatus: Client status changed from Paused to Started.
05-23 13:34:04.245  1569  3112 I [CT]    : MIXEDREALITY: MrFeatureStatus: Target status Started, CurrentStatus: Paused
05-23 13:34:04.245  1569  3112 I [CT]    : MIXEDREALITY: MrFeatureStatus: Operation chain: Start
05-23 13:34:04.245  1569  3112 I [CT]    : MIXEDREALITY: MrFeatureStatus: Global status changed from Paused to Started.
05-23 13:34:04.245  1569  3112 I [CT]    : MIXEDREALITY: MrServiceController: Queuing command linked to operation Start for feature 0
05-23 13:34:04.245  1569  2946 I [CT]    : MIXEDREALITY: MrServiceController: Executing passthroughStart on model
05-23 13:34:04.245  1569  2946 I [CT]    : MIXEDREALITY: MrServiceModel: passthroughStart()
05-23 13:34:04.245  1569  2946 I [CT]    : MIXEDREALITY: MrServiceModel: passthroughStart: Started Passthrough
05-23 13:34:04.245  1569  2946 I [CT]    : MIXEDREALITY: MrServiceView: renderIteration: Rendering resuming.
05-23 13:34:04.245  1569  2946 I [CT]    : MIXEDREALITY: MrRuntimeImpl: onResume: Starting telemetry. Target device 2.
05-23 13:34:04.245   845  3042 I [CT]    : MIXEDREALITY: MrSystemServiceIPCServer: MrSystemServiceIPCServer::MrComputeCommand from 456695418, request was 99344392/2
05-23 13:34:04.245   845  3042 I [CT]    : MIXEDREALITY: ServiceLogic: onIpcCommand: client 456695418, request 2
05-23 13:34:04.246   724  4767 E libosutils: failed to get real path of file /proc/845/cmdline, err: Permission denied
05-23 13:34:04.256  2034 15351 I chatty  : uid=10021(com.oculus.vrshell) ShellOverlayMai expire 3 lines
05-23 13:34:04.257   724  4767 I FrameSetDispatcher: [HEADSET] Client thread started
05-23 13:34:04.257   724  4767 I CameraClientManager: [HEADSET] Added client - started clients: 3
05-23 13:34:04.258   845  3042 I [CT]    : MIXEDREALITY: MrRuntimeCompute: onResume: Starting telemetry. Target device 2.
05-23 13:34:04.258   845  3042 I [CT]    : MIXEDREALITY: MrRuntimeCompute: onResume: Resuming Stereo Pipeline.
05-23 13:34:04.258  1569  2946 I [CT]    : MIXEDREALITY: MrSystemServiceClientBase: sendIpcEventAndWait: IPCCall result: 0 in 0.01271849 seconds.
05-23 13:34:04.258  1569  2946 I [CT]    : MIXEDREALITY: MrRuntimeImpl: setSessionInitTime: Session initialization timer was set to 7527.09349926 ns.
05-23 13:34:04.258  1569  2946 I [CT]    : MIXEDREALITY: MrRuntimeImpl: setSessionInitTime: Reset session duration timer after 5.209634268 seconds.
05-23 13:34:04.258   845 15354 I [CT]    : MIXEDREALITY: ServiceLogic: Successfully set cpu affinity for thread 15354 to prime gold (7)
05-23 13:34:04.258   845 15354 I [CT]    : MIXEDREALITY: ServiceLogic: Successfully set cpu affinity for thread 3044 to prime gold (7)
05-23 13:34:04.258   845 15354 I [CT]    : MIXEDREALITY: ServiceLogic: Successfully set cpu affinity for thread 922 to prime gold (7)
05-23 13:34:04.259  1036  1444 W ActivityManager: Package for pid 845: no process record found
05-23 13:34:04.260   847  1641 E TrackingService: attachClient: found client in attached list
05-23 13:34:04.262   847  1641 D TrackingService: getSharedMemory: /system/bin/mrsystemservice, Controller
05-23 13:34:04.268  2060  2324 I ServiceInputManager: InhibitHandleHomeKey has changed on the service. New value: 1
05-23 13:34:04.270  2326  2373 W LibraryProvider: Cannot find entitlement for com.YourCompany.PruebaVideoStreaming
05-23 13:34:04.271  1893  1893 W OVRLibrary: null cursor received for query content://com.oculus.ocms.library/apps/com.YourCompany.PruebaVideoStreaming
05-23 13:34:04.271  1501  1501 D OculusNotificationListenerService: Notification posted: 0|android|0|com.android.server.wm.AlertWindowNotification - com.oculus.vrshell|1000
05-23 13:34:04.272   701   701 I audio_hw_primary: getting vr mode to 0
05-23 13:34:04.273   735  3126 I AudioPolicyManagerCustom: VR mode is 0, switch to primary output if request is for fast|raw
05-23 13:34:04.274   735  3126 W AudioFlinger: createTrack_l(): mismatch between requested flags (00000104) and output flags (00000006)
05-23 13:34:04.274   735  3126 D AudioFlinger: Client defaulted notificationFrames to 192 for frameCount 384
05-23 13:34:04.277   735  3126 D AF::TrackHandle: OpPlayAudio: track:150 uid:10021 pkg:com.oculus.vrshell usage:1 not muted
05-23 13:34:04.287  1298  1298 V AvrcpMediaPlayerList: onPlaybackConfigChanged(): Configs list size=9
05-23 13:34:04.295 14812 15244 I VrApi   : FPS=72/72,Prd=59ms,Tear=0,Early=72,Stale=0,VSnc=1,Lat=1,Fov=0,CPU4/GPU=2/3,1171/490MHz,OC=FF,TA=0/70/70,SP=N/F/F,Mem=2092MHz,Free=0MB,PLS=0,Temp=37.2C/0.0C,TW=3.06ms,App=2.55ms,GD=0.27ms,CPU&GPU=6.03ms,LCnt=1,GPU%=0.44,CPU%=0.26(W0.32),DSF=1.00
05-23 13:34:04.311  1893  1893 E OVRMediaServiceManager: LivestreamingManager Not initialized
05-23 13:34:04.323  2356  2356 W VRLifecycleManager: onHeadsetMounted
05-23 13:34:04.328  1501  1501 D OculusNotificationListenerService: Notification removed: 0|android|0|com.android.server.wm.AlertWindowNotification - com.oculus.vrshell|1000
05-23 13:34:04.339  2060  2060 I ClientMgr: FocusedWindowChanged: top window's client already enabled
05-23 13:34:04.339  2060  2060 I ClientMgr: FocusedClient changed.
05-23 13:34:04.339  2060  2060 I ClientMgr: ClientMgr::SetFocusedClient: 14812:com.YourCompany.PruebaVideoStreaming type 0
05-23 13:34:04.339  2060  2060 I ClientMgr: SetFocusedPackageName - packageName com.YourCompany.PruebaVideoStreaming processName com.YourCompany.PruebaVideoStreaming clientId 3451162011 clientPid 14812
05-23 13:34:04.339  2060  2060 I VrRuntimeService: RuntimeIPC: SendFocusChangeEventToAllClients: PostClientEvent SUCCESS: com.YourCompany.PruebaVideoStreaming:com.YourCompany.PruebaVideoStreaming:14812, com.YourCompany.PruebaVideoStreaming, com.YourCompany.PruebaVideoStreaming
05-23 13:34:04.339  2060  2060 I VrRuntimeService: RuntimeIPC: SendFocusChangeEventToAllClients: PostClientEvent SUCCESS: com.oculus.vrshell:com.oculus.vrshell:3448, com.YourCompany.PruebaVideoStreaming, com.YourCompany.PruebaVideoStreaming
05-23 13:34:04.339  2060  2060 I VrRuntimeService: RuntimeIPC: SendFocusChangeEventToAllClients: PostClientEvent SUCCESS: com.oculus.shellenv:com.oculus.shellenv:3130, com.YourCompany.PruebaVideoStreaming, com.YourCompany.PruebaVideoStreaming
05-23 13:34:04.339  2060  2060 I VrRuntimeService: RuntimeIPC: SendFocusChangeEventToAllClients: PostClientEvent SUCCESS: com.oculus.guardian:com.oculus.vrguardianservice:2497, com.YourCompany.PruebaVideoStreaming, com.YourCompany.PruebaVideoStreaming
05-23 13:34:04.339  2060  2060 I VrRuntimeService: RuntimeIPC: SendFocusChangeEventToAllClients: PostClientEvent SUCCESS: com.oculus.xrstreamingclient:com.oculus.xrstreamingclient:4915, com.YourCompany.PruebaVideoStreaming, com.YourCompany.PruebaVideoStreaming
05-23 13:34:04.339  2060  2060 I VrRuntimeService: RuntimeIPC: SendFocusChangeEventToAllClients: PostClientEvent SUCCESS: com.oculus.mrservice:com.oculus.mrservice:1569, com.YourCompany.PruebaVideoStreaming, com.YourCompany.PruebaVideoStreaming
05-23 13:34:04.339  2060  2060 I VrRuntimeService: RuntimeIPC: SendFocusChangeEventToAllClients: PostClientEvent SUCCESS: com.oculus.vrshell:com.oculus.vrshell:Overlay:2034, com.YourCompany.PruebaVideoStreaming, com.YourCompany.PruebaVideoStreaming
05-23 13:34:04.339 14812 14854 D UE4     : [2022.05.23-11.34.04:339][592]LogAndroid: Case APP_CMD_GAINED_FOCUS
05-23 13:34:04.339 14812 14854 D UE4     : LogAndroidEvents::EnqueueAppEvent : 11, [width=-1, height=-1], tid = 14854, APP_EVENT_STATE_WINDOW_GAINED_FOCUS
05-23 13:34:04.342 14812 14920 I VrRuntimeClient: Client has gained focus.
05-23 13:34:04.342 14812 14853 D UE4     : [2022.05.23-11.34.04:342][592]LogAndroidEvents: Display: LogAndroidEvents::DequeueAppEvent : 11, [width=-1, height=-1], APP_EVENT_STATE_WINDOW_GAINED_FOCUS
05-23 13:34:04.342 14812 14853 D UE4     : FAppEventManager::Tick processing, 11
05-23 13:34:04.349   847  1641 E TrackingService: attachClient: found client in attached list
05-23 13:34:04.350   847  1641 D TrackingService: getSharedMemory: com.oculus.vrshell, Controller
05-23 13:34:04.351  2060  2324 I ServiceInputManager: InhibitHandleHomeKey has changed on the service. New value: 0
05-23 13:34:04.351  2060  2324 I ServiceInputManager: HANDTRACKING Changing handtracking version from 2 to 1
05-23 13:34:04.351  2060  2324 I HandTrackingConfig: HANDTRACKING Config: Setting version to 1
05-23 13:34:04.352   847  1641 W [CT]    : NIMBLE:HTEngine: Pipeline version change request ignored, since already in transition
05-23 13:34:04.360 14812 15243 I InputDevice_TrackedRemote: REMOTE: Hand=1 IndexAnalog=0.00 GripAnalog=0.00 Buttons=0x00000000
05-23 13:34:04.360 14812 15243 I InputDevice_TrackedRemote: REMOTE: Hand=2 IndexAnalog=0.00 GripAnalog=0.00 Buttons=0x00000000
05-23 13:34:04.365  1036  3362 E WindowManager: App trying to use insecure INPUT_FEATURE_NO_INPUT_CHANNEL flag. Ignoring
05-23 13:34:04.367  2326  2373 W LibraryProvider: Cannot find entitlement for com.YourCompany.PruebaVideoStreaming
05-23 13:34:04.367  1893  1893 W OVRLibrary: null cursor received for query content://com.oculus.ocms.library/apps/com.YourCompany.PruebaVideoStreaming
05-23 13:34:04.370  1036  5085 I DisplayManagerService: Display device added: DisplayDeviceInfo{"com.oculus.android_panel_app.AndroidPanelLayer-tablet": uniqueId="virtual:com.oculus.systemux,10032,com.oculus.android_panel_app.AndroidPanelLayer-tablet,0", 1000 x 625, modeId 277, defaultModeId 277, supportedModes [{id=277, width=1000, height=625, fps=60.0}], colorMode 0, supportedColorModes [0], HdrCapabilities null, density 200, 200.0 x 200.0 dpi, appVsyncOff 0, presDeadline 16666666, touch NONE, rotation 0, type VIRTUAL, state OFF, owner com.oculus.systemux (uid 10032), FLAG_PRIVATE, FLAG_NEVER_BLANK, FLAG_OWN_CONTENT_ONLY}
05-23 13:34:04.371   847  1271 E TrackingService: attachClient: found client in attached list
05-23 13:34:04.371  2060  2060 I ClientMgr: FocusedWindowChanged: found matching overlay client: 2375305930
05-23 13:34:04.371  2060  2060 I ClientMgr: FocusedClient changed.
05-23 13:34:04.371  2060  2060 I ClientMgr: ClientMgr::SetFocusedClient: 2034:com.oculus.vrshell type 1
05-23 13:34:04.371  2060  2060 I ClientMgr: SetFocusedPackageName - packageName com.oculus.vrshell processName com.oculus.vrshell:Overlay clientId 2375305930 clientPid 2034
05-23 13:34:04.371  2060  2060 I VrRuntimeService: RuntimeIPC: SendFocusChangeEventToAllClients: PostClientEvent SUCCESS: com.YourCompany.PruebaVideoStreaming:com.YourCompany.PruebaVideoStreaming:14812, com.oculus.vrshell, com.oculus.vrshell:Overlay
05-23 13:34:04.371  2060  2060 I VrRuntimeService: RuntimeIPC: SendFocusChangeEventToAllClients: PostClientEvent SUCCESS: com.oculus.vrshell:com.oculus.vrshell:3448, com.oculus.vrshell, com.oculus.vrshell:Overlay
