--------- beginning of system
05-23 13:33:25.134  1036  9022 I ActivityTaskManager: START u0 {flg=0x10000000 cmp=com.YourCompany.PruebaVideoStreaming/com.epicgames.ue4.GameActivity} from uid 2000
05-23 13:33:25.134  1036  9022 D ActivityTaskManager: Using main display for VR activity ActivityRecord{711493d u0 com.YourCompany.PruebaVideoStreaming/com.epicgames.ue4.GameActivity t-1}
05-23 13:33:25.135  1036  9022 I chatty  : uid=1000(system) Binder:1036_1B identical 1 line
05-23 13:33:25.136  1036  9022 D ActivityTaskManager: Using main display for VR activity ActivityRecord{711493d u0 com.YourCompany.PruebaVideoStreaming/com.epicgames.ue4.GameActivity t-1}
05-23 13:33:25.152  1036  1075 I ActivityManager: Start proc 14812:com.YourCompany.PruebaVideoStreaming/u0a209 for activity {com.YourCompany.PruebaVideoStreaming/com.epicgames.ue4.GameActivity}
05-23 13:33:25.155  1036  9022 W ActivityManager: Package for pid 845: no process record found
05-23 13:33:25.700  1036  1068 W ActivityTaskManager: Activity top resumed state loss timeout for ActivityRecord{711493d u0 com.YourCompany.PruebaVideoStreaming/com.epicgames.ue4.GameActivity t400}
05-23 13:33:25.701  1036  1068 W ActivityTaskManager: Activity pause timeout for ActivityRecord{711493d u0 com.YourCompany.PruebaVideoStreaming/com.epicgames.ue4.GameActivity t400}
05-23 13:33:26.992  1036  3398 E WindowManager: App trying to use insecure INPUT_FEATURE_NO_INPUT_CHANNEL flag. Ignoring
05-23 13:33:28.240  1036  9022 W ActivityManager: Permission Denial: Accessing service com.oculus.vrshell/.ShellOverlayService from pid=14812, uid=10209 requires com.oculus.vrshell.OVERLAY_HOST
05-23 13:33:28.532  1472 14907 W ContextImpl: Calling a method in the system process without a qualified user: android.app.ContextImpl.sendBroadcast:1057 android.content.ContextWrapper.sendBroadcast:448 X.o4.A00:143 X.nw.A00:17 X.nw.handleMessage:90 
05-23 13:33:29.333  1036  1764 E TaskPersister: File error accessing recents directory (directory doesn't exist?).
--------- beginning of tracking
05-23 13:33:30.260   847 14434 D TrackingService: getSharedMemory: com.YourCompany.PruebaVideoStreaming, HeadTracker
05-23 13:33:30.589  1472 14948 W ContextImpl: Calling a method in the system process without a qualified user: android.app.ContextImpl.sendBroadcast:1057 android.content.ContextWrapper.sendBroadcast:448 X.o4.A00:143 X.nw.A00:17 X.nw.handleMessage:90 
05-23 13:33:39.200   724   926 I SyncBossHAL: [info   ] syncboss_hal_powerstate.c(63): Reporting powerstate event: prox_on
05-23 13:33:39.202  1036  1036 I PowerManagerService: Waking up from Asleep (uid=1000, reason=WAKE_REASON_UNKNOWN, details=VrPwMng:leave-standby)...
05-23 13:33:39.203  1036  1083 I DisplayPowerController: Blocking screen on until initial contents have been drawn.
05-23 13:33:39.203  1036  1083 D ActivityTaskManager: Top Process State changed to PROCESS_STATE_TOP
05-23 13:33:39.203   847 14434 D SensorClientUtils: Cancelling delayed transition to SLEEP
05-23 13:33:39.203   847 14434 D SensorClientUtils: Received transition request to RUNNING current is SLEEP
05-23 13:33:39.203   847 14434 D SensorClientUtils: Executing transition from SLEEP to STANDBY
05-23 13:33:39.203   847 14434 D SensorClientUtils: Setting power state to STANDBY
05-23 13:33:39.205   847  1271 D SensorClientUtils: Cancelling delayed transition to SLEEP
05-23 13:33:39.205   847  1271 D SensorClientUtils: Received transition request to RUNNING current is SLEEP
05-23 13:33:39.205   847  1271 D SensorClientUtils: Executing transition from SLEEP to STANDBY
05-23 13:33:39.205   847  1271 D SensorClientUtils: Setting power state to STANDBY
05-23 13:33:39.212   847 14434 D OVRRemoteService: ControllerGlue: setting expected mode to Streaming
05-23 13:33:39.212   847 14434 D OVRRemoteService: ControllerGlue: Setting current mode to Streaming
05-23 13:33:39.212   847 14434 D OVRRemoteService: ControllerGlue: leave mode Disabled
05-23 13:33:39.212   847 14434 D OVRRemoteService: ControllerGlue: Setting mode to Streaming
05-23 13:33:39.212   847 14434 D OVRRemoteService: ControllerGlue: enter mode Streaming
05-23 13:33:39.212   724  4766 I SyncBossHAL: [info   ] syncboss_hal_impl_android_driver.c(457): Failed to read system property vendor.syncbosshal.uart_path. Using default "/dev/ttyHS14".
05-23 13:33:39.213   724  4766 I SyncBossHAL: [info   ] syncboss_hal_impl_android_driver.c(575): Starting logging thread from UART path /dev/ttyHS14
05-23 13:33:39.213   724  4766 D SensorService: ControllerProvider: acquiring StreamingSession
05-23 13:33:39.213   724  4766 D SensorService: SyncbossEventHandler: starting all streams
05-23 13:33:39.213   724 15013 D SensorService: SyncbossEventHandler::producerThreadFunc() start
05-23 13:33:39.214  1036  9022 W ContextImpl: Calling a method in the system process without a qualified user: android.app.ContextImpl.sendBroadcast:1057 com.android.server.audio.AudioService.setMicrophoneMuteNoCallerCheck:2891 com.android.server.audio.AudioService.setMicrophoneMute:2877 android.media.IAudioService$Stub.onTransact:1113 android.os.Binder.execTransactInternal:1021 
05-23 13:33:39.215  1036  1083 V DisplayPowerController: Brightness [54] reason changing to: 'manual', previous reason: 'screen_off'.
05-23 13:33:39.216   847  1025 I TrackingService: [ vision_manager] SLEEP -> STANDBY transition time: 4 ms
05-23 13:33:39.217   847  1025 I TrackingService: [            iad] SLEEP -> STANDBY transition time: 0 ms
05-23 13:33:39.217   724 15011 I SyncBossFW: 7496704 [info   ] {APPI}: Enabling display timestamping
05-23 13:33:39.217   724  4766 I SyncBossHAL: [info   ] syncboss_hal_impl_input.c(277): No pulsar frequency blocklist set
05-23 13:33:39.217   724  4766 I SyncBossHAL: [info   ] syncboss_hal_impl_input.c(304): No AFH behavior specified, enabled by default
05-23 13:33:39.217   724  4766 I SyncBossHAL: [info   ] syncboss_hal_impl_input.c(344): Input device auto-whitelisting disabled
05-23 13:33:39.219  1036  1068 I DisplayManagerService: Display device changed state: "Built-in Screen", ON
05-23 13:33:39.222   724 15011 I SyncBossFW: 7496708 [info   ] {WIHO}: Pulsar device auto-whitelisting disabled
05-23 13:33:39.222   724 15011 I SyncBossFW: 7496708 [info   ] {APPI}: Starting input
05-23 13:33:39.226   724  4766 D SensorService: ControllerProvider: acquiring StreamingClient impl; approx # alive: 1
05-23 13:33:39.226   724  4766 D libsensorscommon: ControllerProvider: acquiring StreamingClient hidl
05-23 13:33:39.227   847 14434 D OVRRemoteService: [controller] SLEEP -> STANDBY
05-23 13:33:39.227   847 14434 D SensorClientUtils: Executing transition from STANDBY to RUNNING
05-23 13:33:39.227   847 14434 D SensorClientUtils: Setting power state to RUNNING
05-23 13:33:39.227   847 14434 D OVRRemoteService: [controller] STANDBY -> RUNNING
05-23 13:33:39.228  1036  1083 I DisplayPowerController: Unblocked screen on after 25 ms
05-23 13:33:39.229   724 15012 D SensorService: stateChangeNotifierFunc(): Reporting controller info. Change token: 6
05-23 13:33:39.231   847  1025 I TrackingService: [           bolt] SLEEP -> STANDBY transition time: 14 ms
05-23 13:33:39.237  1036  1036 W UsageStatsService: Event reported without a package name, eventType:15
05-23 13:33:39.297   724 15011 I SyncBossFW: 7496785 [info   ] {APPI}: Enabling IMU
05-23 13:33:39.302   847  1025 I TrackingService: [            iot] SLEEP -> STANDBY transition time: 70 ms
05-23 13:33:39.304   724 15011 I SyncBossFW: 7496789 [info   ] {APPI}: Enabling magnetometer
05-23 13:33:39.304   724 15011 I SyncBossFW: 7496789 [info   ] {APPI}: Enabling mag streaming.  Temperature comp enabled
05-23 13:33:39.325   847  1025 I TrackingService: ConstellationTrackingGlue: setEnableExtendedDeadreckoning to false
05-23 13:33:39.325   847  1025 I TrackingService: [  constellation] SLEEP -> STANDBY transition time: 23 ms
05-23 13:33:39.325   847  1025 I TrackingService: [           hand] SLEEP -> STANDBY transition time: 0 ms
05-23 13:33:39.328   847  1025 I TrackingService: [         object] SLEEP -> STANDBY transition time: 2 ms
05-23 13:33:39.328   847  1025 I TrackingService: [     controller] SLEEP -> STANDBY transition time: 0 ms
05-23 13:33:39.328   847  1271 D TrackingService: setPowerState: STANDBY
05-23 13:33:39.328   847  1271 D SensorClientUtils: Executing transition from STANDBY to RUNNING
05-23 13:33:39.328   847  1271 D SensorClientUtils: Setting power state to RUNNING
05-23 13:33:39.328   724  4767 D SensorService: ControllerProvider: acquiring StreamingClient impl; approx # alive: 2
05-23 13:33:39.328   724  4767 D libsensorscommon: ControllerProvider: acquiring StreamingClient hidl
05-23 13:33:39.328   847  1025 I TrackingService: [ vision_manager] STANDBY -> RUNNING transition time: 0 ms
05-23 13:33:39.328   847  1025 I TrackingService: [            iad] STANDBY -> RUNNING transition time: 0 ms
05-23 13:33:39.328   847  1025 I TrackingService: [           bolt] STANDBY -> RUNNING transition time: 0 ms
05-23 13:33:39.330   847  1025 I TrackingService: Setting initial exposure: 0.005000, initial gain: 3.000000
05-23 13:33:39.330   847 15064 D RemoteService: RemoteService - Registering status callback
05-23 13:33:39.335   724  4767 I FrameSetDispatcher: [HEADSET] Client thread started
05-23 13:33:39.335   724  4767 I CameraClientManager: [HEADSET] Added client - started clients: 1
05-23 13:33:39.340   724 15011 W SyncBossFW: 7496827 [warning] {SPTH}: [rate_lim=1000] Big IMU diff (735476324us)
05-23 13:33:39.454  1036  6960 D ConnectivityService: Returning BLOCKED NetworkInfo to uid=10032
05-23 13:33:39.473   724 15011 I SyncBossFW: 7496960 [info   ] {BCAM}: OV7251 sensors found - 0xf
05-23 13:33:39.476   724 15011 I SyncBossFW: 7497049 [info   ] {APPI}: Starting camera streaming
05-23 13:33:39.476   724 15011 I SyncBossFW: 7497050 [info   ] {BCAM}: Camera streaming started
05-23 13:33:39.478  1036  1083 W PowerManagerService: Screen on took 363 ms
05-23 13:33:39.498   724 15011 I SyncBossFW: 7496986 [info   ] {APPI}: Camera probe, found: 0xf
05-23 13:33:39.511   724  4767 I HollywoodCameraProvider: [HollywoodCameraProvider] Set cameras to 10 bpp (format 0x00000025)
05-23 13:33:39.512   847  1025 I TrackingService: [            iot] STANDBY -> RUNNING transition time: 271 ms
05-23 13:33:39.512   847  1025 I TrackingService: [  constellation] STANDBY -> RUNNING transition time: 0 ms
05-23 13:33:39.515   724   914 I SyncBossHAL: [info   ] pulsar_manager.c(774): Setting controller LED config to period: 40000us, on-time: 34us
05-23 13:33:39.545  1472 15082 W ContextImpl: Calling a method in the system process without a qualified user: android.app.ContextImpl.sendBroadcast:1057 android.content.ContextWrapper.sendBroadcast:448 X.o4.A00:143 X.nw.A00:17 X.nw.handleMessage:90 
05-23 13:33:39.574   724 15087 W SensorService: frameset capture timestamp out of spec by -7497099.53 ms. FrameType=HEADSET, observed=7497139532000 expected=a40000000. FrameSyncPeriod is: 40.00 ms
05-23 13:33:39.709  1036  3689 D ConnectivityService: Returning UNBLOCKED NetworkInfo to uid=10032
05-23 13:33:39.727   724 15067 E FrameSetDispatcher: [HEADSET] Client pid=847 (847): Failed to read from receive FMQ for 1 packets in 5000ms.
05-23 13:33:39.727   724 15067 E FrameSetDispatcher: This probably means this client is taking more than 33 ms to process the frame.
05-23 13:33:39.727   724 15067 E FrameSetDispatcher: Retrying.
05-23 13:33:39.735  1036  3398 I DisplayManagerService: Display device added: DisplayDeviceInfo{"com.oculus.android_panel_app.AndroidPanelLayer-#main": uniqueId="virtual:com.oculus.systemux,10032,com.oculus.android_panel_app.AndroidPanelLayer-#main,5", 800 x 1250, modeId 268, defaultModeId 268, supportedModes [{id=268, width=800, height=1250, fps=60.0}], colorMode 0, supportedColorModes [0], HdrCapabilities null, density 200, 200.0 x 200.0 dpi, appVsyncOff 0, presDeadline 16666666, touch NONE, rotation 0, type VIRTUAL, state OFF, owner com.oculus.systemux (uid 10032), FLAG_PRIVATE, FLAG_NEVER_BLANK, FLAG_OWN_CONTENT_ONLY}
05-23 13:33:39.760  1036  3398 E WindowManager: App trying to use insecure INPUT_FEATURE_NO_INPUT_CHANNEL flag. Ignoring
05-23 13:33:39.762  1036  1068 I ActivityTaskManager: Override config changes=20005df8 {0.0 ?mcc?mnc ?localeList ?layoutDir sw640dp w640dp h1000dp 200dpi lrg port ?uimode ?night -touch qwerty/v/v -nav/h winConfig={ mBounds=Rect(0, 0 - 800, 1250) mAppBounds=Rect(0, 0 - 800, 1250) mWindowingMode=fullscreen mDisplayWindowingMode=fullscreen mActivityType=undefined mAlwaysOnTop=undefined mRotation=ROTATION_0}} for displayId=263
05-23 13:33:39.780   847  1641 E TrackingService: attachClient: found client in attached list
05-23 13:33:39.787   847  1641 D TrackingService: getSharedMemory: com.oculus.vrshell, HeadTracker
05-23 13:33:39.816  1036  6960 I DisplayManagerService: Display device removed: DisplayDeviceInfo{"com.oculus.android_panel_app.AndroidPanelLayer-#main": uniqueId="virtual:com.oculus.systemux,10032,com.oculus.android_panel_app.AndroidPanelLayer-#main,5", 800 x 1250, modeId 268, defaultModeId 268, supportedModes [{id=268, width=800, height=1250, fps=60.0}], colorMode 0, supportedColorModes [0], HdrCapabilities null, density 200, 200.0 x 200.0 dpi, appVsyncOff 0, presDeadline 16666666, touch NONE, rotation 0, type VIRTUAL, state OFF, owner com.oculus.systemux (uid 10032), FLAG_PRIVATE, FLAG_NEVER_BLANK, FLAG_OWN_CONTENT_ONLY}
05-23 13:33:39.818  1036  6960 I DisplayManagerService: Display device added: DisplayDeviceInfo{"com.oculus.android_panel_app.AndroidPanelLayer-#main": uniqueId="virtual:com.oculus.systemux,10032,com.oculus.android_panel_app.AndroidPanelLayer-#main,5", 800 x 110, modeId 269, defaultModeId 269, supportedModes [{id=269, width=800, height=110, fps=60.0}], colorMode 0, supportedColorModes [0], HdrCapabilities null, density 200, 200.0 x 200.0 dpi, appVsyncOff 0, presDeadline 16666666, touch NONE, rotation 0, type VIRTUAL, state OFF, owner com.oculus.systemux (uid 10032), FLAG_PRIVATE, FLAG_NEVER_BLANK, FLAG_OWN_CONTENT_ONLY}
05-23 13:33:39.828   724  4767 I FrameSetDispatcher: [HEADSET] Client thread started
05-23 13:33:39.829   724  4767 I CameraClientManager: [HEADSET] Added client - started clients: 2
05-23 13:33:39.935  1036  1068 I ActivityTaskManager: Override config changes=20005df8 {0.0 ?mcc?mnc ?localeList ?layoutDir sw88dp w640dp h88dp 200dpi nrml long land ?uimode ?night -touch qwerty/v/v -nav/h winConfig={ mBounds=Rect(0, 0 - 800, 110) mAppBounds=Rect(0, 0 - 800, 110) mWindowingMode=fullscreen mDisplayWindowingMode=fullscreen mActivityType=undefined mAlwaysOnTop=undefined mRotation=ROTATION_0}} for displayId=264
05-23 13:33:39.938  1036  4278 I ActivityTaskManager: START u0 {act=android.intent.action.MAIN cmp=com.oculus.os.clearactivity/.ClearActivity (has extras)} from uid 10021
05-23 13:33:39.946  1036  4278 W ActivityTaskManager: startActivity called from non-Activity context; forcing Intent.FLAG_ACTIVITY_NEW_TASK for: Intent { act=android.intent.action.MAIN flg=0x800000 cmp=com.oculus.os.clearactivity/.ClearActivity (has extras) }
05-23 13:33:39.998  1036  1068 I DisplayManagerService: Display device changed state: "com.oculus.android_panel_app.AndroidPanelLayer-#main", ON
05-23 13:33:40.003  1036  3398 E WindowManager: App trying to use insecure INPUT_FEATURE_NO_INPUT_CHANNEL flag. Ignoring
05-23 13:33:40.048  1036  1075 W ActivityManager: Slow operation: 62ms so far, now at startProcess: returned from zygote!
05-23 13:33:40.048  1036  1075 W ActivityManager: Slow operation: 62ms so far, now at startProcess: done updating battery stats
05-23 13:33:40.052  1036  1075 W ActivityManager: Slow operation: 66ms so far, now at startProcess: building log message
05-23 13:33:40.052  1036  1075 I ActivityManager: Start proc 15158:com.oculus.os.clearactivity/u0a17 for activity {com.oculus.os.clearactivity/com.oculus.os.clearactivity.ClearActivity}
05-23 13:33:40.052  1036  1075 W ActivityManager: Slow operation: 66ms so far, now at startProcess: starting to update pids map
05-23 13:33:40.053  1036  1075 W ActivityManager: Slow operation: 67ms so far, now at startProcess: done updating pids map
05-23 13:33:40.145   724   898 I SyncBossHAL: [info   ] syncboss_hal_impl_input.c(1056): Pulsar connected devices state change: 3
05-23 13:33:40.147   724   898 I SyncBossHAL: [info   ] syncboss_hal_impl_input.c(1056): Pulsar connected devices state change: 4
05-23 13:33:40.151   724 15011 I SyncBossFW: 7497720 [info   ] {WIHO}: Pulsar device connected bec25d3a5594a307 (type: 8001401, connection id: 0x3)
05-23 13:33:40.151   724 15011 I SyncBossFW: 7497722 [info   ] {WIHO}: Pulsar device connected 7c0258126e7b29fa (type: 8011401, connection id: 0x4)
05-23 13:33:40.157  1036  9022 E WindowManager: App trying to use insecure INPUT_FEATURE_NO_INPUT_CHANNEL flag. Ignoring
05-23 13:33:40.207   724   914 I SyncBossHAL: [info   ] pulsar_manager.c(469): bec25d3axxxxxxxx: Configuring IR LED to ontime = 34, period = 40000
05-23 13:33:40.213   724   914 I SyncBossHAL: [info   ] pulsar_manager.c(319): Finished getting cache data for controller
05-23 13:33:40.213   724   914 I SyncBossHAL:     id            : bec25d3axxxxxxxx
05-23 13:33:40.213   724   914 I SyncBossHAL:     pulsar_type   : 0x08001401
05-23 13:33:40.213   724   914 I SyncBossHAL:     connection id : 0x3
05-23 13:33:40.213   724   914 I SyncBossHAL:     fw ver        : 1.9.0
05-23 13:33:40.213   724   914 I SyncBossHAL:     spl ver       : 1.5.1
05-23 13:33:40.213   724   914 I SyncBossHAL:     serial        : 1WMHCL21LV0493
05-23 13:33:40.213   724   914 I SyncBossHAL:     handedness    : left
05-23 13:33:40.213   724   914 I SyncBossHAL:     battery state : 50%
05-23 13:33:40.213   724   914 I SyncBossHAL: [info   ] pulsar_manager.c(336): Jedi-specific cache data:
05-23 13:33:40.213   724   914 I SyncBossHAL:     captouch ver  : 1.9.0
05-23 13:33:40.218   724 15012 D SensorService: stateChangeNotifierFunc(): Reporting controller info. Change token: 7
05-23 13:33:40.218   724 15011 I SyncBossFW: 7497792 [info   ] {APPI}: Found 2 connected pulsar devices
05-23 13:33:40.226   724  4767 D SensorService: Found paired controllers: 2
05-23 13:33:40.227   847  1180 I TrackingService: Registering primary controller bec25d3a5594a307 in slot 0
05-23 13:33:40.229   847  1180 D TrackingService: TrackingDataPostProcessor: Hand autotransition v2 GK enabled: 1
05-23 13:33:40.229   847  1180 D TrackingService: registerRemote: bec25d3a5594a307
05-23 13:33:40.240   847  1271 W TrackingService: Timeout: (power: STANDBY, mux: HandTracking) => (power: RUNNING, mux: --)
05-23 13:33:40.282   724   914 I SyncBossHAL: [info   ] pulsar_manager.c(469): 7c025812xxxxxxxx: Configuring IR LED to ontime = 34, period = 40000
05-23 13:33:40.290   724   914 I SyncBossHAL: [info   ] pulsar_manager.c(319): Finished getting cache data for controller
05-23 13:33:40.290   724   914 I SyncBossHAL:     id            : 7c025812xxxxxxxx
05-23 13:33:40.290   724   914 I SyncBossHAL:     pulsar_type   : 0x08011401
05-23 13:33:40.290   724   914 I SyncBossHAL:     connection id : 0x4
05-23 13:33:40.290   724   914 I SyncBossHAL:     fw ver        : 1.9.0
05-23 13:33:40.290   724   914 I SyncBossHAL:     spl ver       : 1.5.1
05-23 13:33:40.290   724   914 I SyncBossHAL:     serial        : 1WMHCR90EH0493
05-23 13:33:40.290   724   914 I SyncBossHAL:     handedness    : right
05-23 13:33:40.290   724   914 I SyncBossHAL:     battery state : 10%
05-23 13:33:40.290   724   914 I SyncBossHAL: [info   ] pulsar_manager.c(336): Jedi-specific cache data:
05-23 13:33:40.290   724   914 I SyncBossHAL:     captouch ver  : 1.9.0
05-23 13:33:40.290   724   914 I SyncBossHAL: [info   ] pulsar_manager.c(830): Setting transmit power for all connected controllers to -4 dBm
05-23 13:33:40.292   724 15013 I SyncBossInput: [info   ] [jedi ( left) bec25d3axxxxxxxx]:  221132 [info   ] {THDG}: active_seek -> inactive_seek
05-23 13:33:40.294   724 15012 D SensorService: stateChangeNotifierFunc(): Reporting controller info. Change token: 8
05-23 13:33:40.300   724 15013 W SensorService: Unknown packet type (20) received
05-23 13:33:40.320   724 15013 I SyncBossInput: [info   ] [jedi ( left) bec25d3axxxxxxxx]:  929154 [info   ] {APP }: Connected
05-23 13:33:40.320   724 15013 I SyncBossHAL: [info   ] syncboss_hal_input_controller.c(194): Controller 7c025812xxxxxxxx battery level changed: 0% -> 10%
05-23 13:33:40.325   724 15012 D SensorService: stateChangeNotifierFunc(): Reporting controller info. Change token: 9
05-23 13:33:40.326   724 15013 I SyncBossInput: [info   ] [jedi (right) 7c025812xxxxxxxx]:  925582 [info   ] {APP }: Connected
05-23 13:33:40.338   847  1180 W TrackingService: Attempted to control leds, but gatekeeper is disabled. Skipping operation.
05-23 13:33:40.339   847 15063 D TrackingService: [HANDTRACKING] Controller bec25d3a5594a307 in hand: Y, valid: Y
05-23 13:33:40.344   724  4767 D SensorService: Found paired controllers: 2
05-23 13:33:40.353   847  1180 I TrackingService: Registering primary controller 7c0258126e7b29fa in slot 1
05-23 13:33:40.353   724   914 I SyncBossHAL: [info   ] pulsar_manager.c(830): Setting transmit power for all connected controllers to -4 dBm
05-23 13:33:40.356   847  1180 D TrackingService: TrackingDataPostProcessor: Hand autotransition v2 GK enabled: 1
05-23 13:33:40.356   847  1180 D TrackingService: registerRemote: 7c0258126e7b29fa
05-23 13:33:40.367   724  4767 I HollywoodCameraProvider: Switching channel from HAND to CONTROLLER
05-23 13:33:40.368   724 15013 I SyncBossInput: [info   ] [jedi ( left) bec25d3axxxxxxxx]:  929155 [info   ] {THDG}: inactive_seek -> active_connected
05-23 13:33:40.370   724 15013 I SyncBossInput: [info   ] [jedi (right) 7c025812xxxxxxxx]:  925582 [info   ] {THDG}: inactive_seek -> active_connected
05-23 13:33:40.437   847  1180 W TrackingService: Attempted to control leds, but gatekeeper is disabled. Skipping operation.
05-23 13:33:40.439   847 15063 D TrackingService: [HANDTRACKING] Controller 7c0258126e7b29fa in hand: Y, valid: Y
05-23 13:33:40.803   724 15013 I SyncBossInput: [info   ] [jedi ( left) bec25d3axxxxxxxx]:  929772 [info   ] {HPTH}: Set haptics frequency to 0x2113
05-23 13:33:40.803  1472 15159 W ContextImpl: Calling a method in the system process without a qualified user: android.app.ContextImpl.sendBroadcast:1057 android.content.ContextWrapper.sendBroadcast:448 X.o4.A00:143 X.nw.A00:17 X.nw.handleMessage:90 
05-23 13:33:40.813   724 15013 I SyncBossInput: [info   ] [jedi (right) 7c025812xxxxxxxx]:  926200 [info   ] {HPTH}: Set haptics frequency to 0x2168
05-23 13:33:40.941   724 15140 I FrameSetDispatcher: [HEADSET] Client thread stopping
05-23 13:33:40.941   724  4767 I FrameSetDispatcher: [HEADSET] Client thread joined
05-23 13:33:40.941   724  4767 I CameraClientManager: [HEADSET] Removed client - started clients: 1
05-23 13:33:41.051   724 15013 I SyncBossHAL: [info   ] syncboss_hal_input_controller.c(194): Controller bec25d3axxxxxxxx battery level changed: 0% -> 50%
05-23 13:33:41.055   724 15012 D SensorService: stateChangeNotifierFunc(): Reporting controller info. Change token: 10
05-23 13:33:41.079  1036  4278 I ActivityTaskManager: START u0 {act=com.oculus.os.clearactivity.FINISH cmp=com.oculus.os.clearactivity/.ClearActivity (has extras)} from uid 10021
05-23 13:33:41.082  1036  4278 D ActivityTaskManager: Preferred display for non-VR activity ActivityRecord{140bac1 u0 com.oculus.os.clearactivity/.ClearActivity t-1}: 0
05-23 13:33:41.082  1036  4278 W ActivityTaskManager: startActivity called from non-Activity context; forcing Intent.FLAG_ACTIVITY_NEW_TASK for: Intent { act=com.oculus.os.clearactivity.FINISH flg=0x800000 cmp=com.oculus.os.clearactivity/.ClearActivity (has extras) }
05-23 13:33:41.082  1036  4278 D ActivityTaskManager: Preferred display for non-VR activity ActivityRecord{140bac1 u0 com.oculus.os.clearactivity/.ClearActivity t-1}: 0
--------- beginning of main
05-23 13:33:41.157  2326  2373 W LibraryProvider: Cannot find entitlement for com.YourCompany.PruebaVideoStreaming
05-23 13:33:41.157  1893  1893 W OVRLibrary: null cursor received for query content://com.oculus.ocms.library/apps/com.YourCompany.PruebaVideoStreaming
05-23 13:33:41.159  2326  2373 W LibraryProvider: Cannot find entitlement for com.YourCompany.PruebaVideoStreaming
05-23 13:33:41.159  1893  1893 W OVRLibrary: null cursor received for query content://com.oculus.ocms.library/apps/com.YourCompany.PruebaVideoStreaming
05-23 13:33:41.171  1472 15203 W ContextImpl: Calling a method in the system process without a qualified user: android.app.ContextImpl.sendBroadcast:1057 android.content.ContextWrapper.sendBroadcast:448 X.o4.A00:143 X.nw.A00:17 X.nw.handleMessage:90 
05-23 13:33:41.179  1893  1893 E OVRMediaServiceManager: LivestreamingManager Not initialized
05-23 13:33:41.183  2326  2373 W LibraryProvider: Cannot find entitlement for com.YourCompany.PruebaVideoStreaming
05-23 13:33:41.184  1893  1893 W OVRLibrary: null cursor received for query content://com.oculus.ocms.library/apps/com.YourCompany.PruebaVideoStreaming
05-23 13:33:41.185 14812 14982 I chatty  : uid=10209(com.YourCompany.PruebaVideoStreaming) expire 1 line
05-23 13:33:41.240   847  1271 W TrackingService: Timeout: (power: STANDBY, mux: HandTracking) => (power: RUNNING, mux: --)
05-23 13:33:41.271  2356  2356 W PartyNativeModuleManager: Calling nativeTearDown but native code wasn't initialized. Noop.
05-23 13:33:41.332  1472 15146 W ContextImpl: Calling a method in the system process without a qualified user: android.app.ContextImpl.sendBroadcast:1057 android.content.ContextWrapper.sendBroadcast:448 X.o4.A00:143 X.nw.A00:17 X.nw.handleMessage:90 
05-23 13:33:41.367   847  1272 W TrackingService: Timeout: (power: STANDBY, mux: HandTracking) => (power: --, mux: )
05-23 13:33:41.453  2497  2694 I GuardianSystem: ForceShowGuardian: false, 3.00
05-23 13:33:41.453  2497  2694 I GuardianSystem: ForceShowGuardian: Soft fade out: 1.00
05-23 13:33:41.453  2497  2694 I GuardianSystem: Stop pushing black after mount. Show Guardian.
05-23 13:33:41.453  2497  2694 I GuardianSystem: Stop showing dots after not pushing black.
05-23 13:33:41.455  2497  2694 I GuardianSystem: UpdateGuardianSystemState: Flags2 changed: 48, 0, SYSTEM_2_LOADING_DOTS,SYSTEM_2_SHOULD_PUSH_BLACK to NONE
05-23 13:33:41.485  2356  2356 W PartyNativeModuleManager: Calling nativeTearDown but native code wasn't initialized. Noop.
05-23 13:33:41.491  2356  2356 W PartyNativeModuleManager: Calling nativeTearDown but native code wasn't initialized. Noop.
05-23 13:33:41.493  1472 15225 W ContextImpl: Calling a method in the system process without a qualified user: android.app.ContextImpl.sendBroadcast:1057 android.content.ContextWrapper.sendBroadcast:448 X.o4.A00:143 X.nw.A00:17 X.nw.handleMessage:90 
05-23 13:33:41.559   724   724 W HwBinder:724_4: type=1400 audit(0.0:8167): avc: denied { getattr } for path="/proc/847" dev="proc" ino=254664 scontext=u:r:hal_oculus_sensors:s0 tcontext=u:r:trackingserver:s0 tclass=dir permissive=0
05-23 13:33:41.559   724   724 W HwBinder:724_4: type=1400 audit(0.0:8168): avc: denied { getattr } for path="/proc/847" dev="proc" ino=254664 scontext=u:r:hal_oculus_sensors:s0 tcontext=u:r:trackingserver:s0 tclass=dir permissive=0
05-23 13:33:41.567   847  1025 I TrackingService: [           hand] STANDBY -> RUNNING transition time: 2054 ms
05-23 13:33:41.567   724  4767 E libosutils: failed to get real path of file /proc/847/cmdline, err: Permission denied
05-23 13:33:41.570   724  4767 I FrameSetDispatcher: [HEADSET] Client thread started
05-23 13:33:41.570   724  4767 I CameraClientManager: [HEADSET] Added client - started clients: 2
05-23 13:33:41.570   847  1025 I TrackingService: [         object] STANDBY -> RUNNING transition time: 2 ms
05-23 13:33:41.570   847  1025 I TrackingService: [     controller] STANDBY -> RUNNING transition time: 0 ms
05-23 13:33:41.570   847  1271 D TrackingService: setPowerState: RUNNING
05-23 13:33:41.571   724  4767 E libosutils: failed to get real path of file /proc/847/cmdline, err: Permission denied
05-23 13:33:41.572   724  4767 I FrameSetDispatcher: [CONTROLLER] Client thread started
05-23 13:33:41.572   724  4767 I CameraClientManager: [CONTROLLER] Added client - started clients: 1
05-23 13:33:41.573   847  1025 I TrackingService: ConstellationTrackingGlue: setEnableExtendedDeadreckoning to false
05-23 13:33:41.583  2497  3520 I InputDevice_TrackedRemote: REMOTE: Hand=1 IndexAnalog=0.00 GripAnalog=0.00 Buttons=0x00000000
05-23 13:33:41.583  2497  3520 I InputDevice_TrackedRemote: REMOTE: Hand=2 IndexAnalog=0.00 GripAnalog=0.00 Buttons=0x00000000
05-23 13:33:41.583  1472 15226 W ContextImpl: Calling a method in the system process without a qualified user: android.app.ContextImpl.sendBroadcast:1057 android.content.ContextWrapper.sendBroadcast:448 X.o4.A00:143 X.nw.A00:17 X.nw.handleMessage:90 
05-23 13:33:41.588  1036  1048 I system_server: NativeAlloc concurrent copying GC freed 78595(3458KB) AllocSpace objects, 4(144KB) LOS objects, 42% free, 12MB/21MB, paused 99us total 257.659ms
05-23 13:33:41.592   724 15087 W SensorService: frameset capture timestamp out of spec by -7499120.00 ms. FrameType=CONTROLLER, observed=7499160000000 expected=a40000000. FrameSyncPeriod is: 40.00 ms
05-23 13:33:41.594   847 15239 I chatty  : uid=1000(system) CtrllrCam expire 10 lines
05-23 13:33:41.715  4915  4972 D xrstreaming: receive ping: org 0 recv 0 xmt 12149704934400 (received at 7504550188904), offset divergence -8628
05-23 13:33:41.723  1472 15230 W ContextImpl: Calling a method in the system process without a qualified user: android.app.ContextImpl.sendBroadcast:1057 android.content.ContextWrapper.sendBroadcast:448 X.o4.A00:143 X.nw.A00:17 X.nw.handleMessage:90 
05-23 13:33:41.964  1472 15240 W ContextImpl: Calling a method in the system process without a qualified user: android.app.ContextImpl.sendBroadcast:1057 android.content.ContextWrapper.sendBroadcast:448 X.o4.A00:143 X.nw.A00:17 X.nw.handleMessage:90 
05-23 13:33:41.987 14812 15006 I chatty  : uid=10209(com.YourCompany.PruebaVideoStreaming) expire 1 line
05-23 13:33:42.076  4915  4972 D xrstreaming: receive pong: org 7504910367029 recv 12150065431300 xmt 12150065485700 (received at 7504911490623), offset divergence -14411
05-23 13:33:42.076  4915  4972 D xrstreaming: new clock offset=4645154879039 (rtt: 253038, dispersion: 1204713, jitter: 14598246)
05-23 13:33:42.097   847  1271 I TrackingService: Unregistering client by ITrackingService.unregisterClient
05-23 13:33:42.097   847  1271 I TrackingService: Failed to unregister client because client not found in registered list
05-23 13:33:42.097   847  1271 I chatty  : uid=1000(system) Binder:847_1 identical 3 lines
05-23 13:33:42.097   847  1271 I TrackingService: Failed to unregister client because client not found in registered list
05-23 13:33:42.097   847  1271 D TrackingService: unregister: com.YourCompany.PruebaVideoStreaming
05-23 13:33:42.107  2060 14899 I chatty  : uid=10030(com.oculus.systemdriver) com.oculus.vrruntimeservice expire 6 lines
05-23 13:33:42.117 14812 14945 I chatty  : uid=10209(com.YourCompany.PruebaVideoStreaming) expire 1 line
05-23 13:33:42.120 14812 14854 I chatty  : uid=10209(com.YourCompany.PruebaVideoStreaming) expire 6 lines
05-23 13:33:42.120  1298  1298 V AvrcpMediaPlayerList: onPlaybackConfigChanged(): Configs list size=8
05-23 13:33:42.125 14812 14853 I chatty  : uid=10209(com.YourCompany.PruebaVideoStreaming) expire 7 lines
05-23 13:33:42.125   745   745 D SurfaceFlinger: CAC state changed to 0
05-23 13:33:42.128 14812 14812 I chatty  : uid=10209(com.YourCompany.PruebaVideoStreaming) expire 5 lines
05-23 13:33:42.129   727   985 I SDM     : HWDeviceDRM::UpdateMixerAttributes: Mixer WxH 1920x3664-1 for Virtual
05-23 13:33:42.129   727   985 I SDM     : HWVirtualDRM::SetDisplayAttributes: New WB Resolution: 1920x3664 cur_mode_index 2
05-23 13:33:42.129   727   985 I SDM     : DisplayVirtual::SetActiveConfig: Virtual display resolution changed to[1920x3664]
05-23 13:33:42.129   727   985 I SDM     : DisplayBase::SetFrameBufferConfig: New framebuffer resolution (1920x3664)
05-23 13:33:42.129   727   985 I SDM     : HWCDisplay::SetFrameBufferConfig: New framebuffer resolution (1920x3664)
05-23 13:33:42.129 14812 14854 I chatty  : uid=10209(com.YourCompany.PruebaVideoStreaming) expire 8 lines
05-23 13:33:42.132 14812 14812 I chatty  : uid=10209(com.YourCompany.PruebaVideoStreaming) expire 3 lines
05-23 13:33:42.133 14812 14854 I chatty  : uid=10209(com.YourCompany.PruebaVideoStreaming) expire 1 line
05-23 13:33:42.133 14812 14812 I chatty  : uid=10209(com.YourCompany.PruebaVideoStreaming) expire 6 lines
05-23 13:33:42.134 14812 14854 I chatty  : uid=10209(com.YourCompany.PruebaVideoStreaming) expire 10 lines
05-23 13:33:42.140  1036  4278 D WindowManager: relayoutVisibleWindow: Window{9f5e2f4 u0 com.YourCompany.PruebaVideoStreaming/com.epicgames.ue4.GameActivity EXITING} mAnimatingExit=true, mRemoveOnExit=false, mDestroying=false
05-23 13:33:42.149  2326  2373 W LibraryProvider: Cannot find entitlement for com.YourCompany.PruebaVideoStreaming
05-23 13:33:42.149  1893  1893 W OVRLibrary: null cursor received for query content://com.oculus.ocms.library/apps/com.YourCompany.PruebaVideoStreaming
05-23 13:33:42.151  1036  4278 I ActivityTaskManager: Activity reported stop, but no longer stopping: ActivityRecord{711493d u0 com.YourCompany.PruebaVideoStreaming/com.epicgames.ue4.GameActivity t400}
05-23 13:33:42.152  2060 15086 I chatty  : uid=10030(com.oculus.systemdriver) OVR::TimeWarp expire 4 lines
05-23 13:33:42.152  2326  2373 W LibraryProvider: Cannot find entitlement for com.YourCompany.PruebaVideoStreaming
05-23 13:33:42.153  2060  2060 I chatty  : uid=10030(com.oculus.systemdriver) com.oculus.vrruntimeservice expire 3 lines
05-23 13:33:42.154  1893  1893 W OVRLibrary: null cursor received for query content://com.oculus.ocms.library/apps/com.YourCompany.PruebaVideoStreaming
05-23 13:33:42.155 14812 14920 I chatty  : uid=10209(com.YourCompany.PruebaVideoStreaming) expire 19 lines
05-23 13:33:42.156 14812 15004 I chatty  : uid=10209(com.YourCompany.PruebaVideoStreaming) expire 1 line
05-23 13:33:42.157 14812 14920 I chatty  : uid=10209(com.YourCompany.PruebaVideoStreaming) expire 2 lines
05-23 13:33:42.159  2326  2368 W LibraryProvider: Cannot find entitlement for com.YourCompany.PruebaVideoStreaming
05-23 13:33:42.159  1893  1893 W OVRLibrary: null cursor received for query content://com.oculus.ocms.library/apps/com.YourCompany.PruebaVideoStreaming
05-23 13:33:42.180  1893  1893 E OVRMediaServiceManager: LivestreamingManager Not initialized
05-23 13:33:42.188  2356  2356 W VRLifecycleManager: onHeadsetMounted
05-23 13:33:42.202   701   701 D msm8974_platform: platform_split_snd_device: snd_device(2) num devices(1) new_snd_devices(0)
05-23 13:33:42.202   701   701 D ACDB-LOADER: ACDB -> send_audvoltable
05-23 13:33:42.202   701   701 D ACDB-LOADER: ACDB -> ACDB_CMD_GET_AUDPROC_INSTANCE_GAIN_DEP_STEP_TABLE_SIZE
05-23 13:33:42.202   701   701 D         : Failed to fetch the lookup information of the device 0000000F 
05-23 13:33:42.202   701   701 D ACDB-LOADER: Error: ACDB_CMD_GET_AUDPROC_INSTANCE_GAIN_DEP_STEP_TABLE_SIZE Returned = -19
05-23 13:33:42.202   701   701 D ACDB-LOADER: ACDB -> ACDB_CMD_GET_AUDPROC_INSTANCE_GAIN_DEP_STEP_TABLE, vol index 0
05-23 13:33:42.202   701   701 D         : Failed to fetch the lookup information of the device 0000000F 
05-23 13:33:42.202   701   701 D ACDB-LOADER: Error: ACDB AudProc vol returned = -19
05-23 13:33:42.202   701   701 D ACDB-LOADER: ACDB -> AUDIO_SET_VOL_CAL cal type = 40
05-23 13:33:42.202   701   701 D msm8974_platform: platform_split_snd_device: snd_device(2) num devices(1) new_snd_devices(0)
05-23 13:33:42.225 14812 14853 I chatty  : uid=10209(com.YourCompany.PruebaVideoStreaming) expire 4 lines
05-23 13:33:42.225 14812 14853 D UE4     : [2022.05.23-11.33.42:225][  5]LogAndroidEvents: Display: LogAndroidEvents::DequeueAppEvent : 9, [width=-1, height=-1], APP_EVENT_STATE_ON_START
05-23 13:33:42.225 14812 14853 D UE4     : FAppEventManager::Tick processing, 9
05-23 13:33:42.226 14812 14853 D UE4     : [2022.05.23-11.33.42:226][  5]LogAndroidEvents: Display: LogAndroidEvents::DequeueAppEvent : 7, [width=-1, height=-1], APP_EVENT_STATE_ON_RESUME
05-23 13:33:42.226 14812 14853 D UE4     : FAppEventManager::Tick processing, 7
05-23 13:33:42.226 14812 14853 D UE4     : [2022.05.23-11.33.42:226][  5]LogAndroidEvents: Display: LogAndroidEvents::DequeueAppEvent : 10, [width=-1, height=-1], APP_EVENT_STATE_WINDOW_LOST_FOCUS
05-23 13:33:42.226 14812 14853 D UE4     : FAppEventManager::Tick processing, 10
05-23 13:33:42.226 14812 14853 D UE4     : [2022.05.23-11.33.42:226][  5]LogAndroidEvents: Display: LogAndroidEvents::DequeueAppEvent : 0, [width=3664, height=1920], APP_EVENT_STATE_WINDOW_CREATED
05-23 13:33:42.226 14812 14853 D UE4     : FAppEventManager::Tick processing, 0
05-23 13:33:42.226 14812 14853 D UE4     : [2022.05.23-11.33.42:226][  5]LogAndroidEvents: Display: LogAndroidEvents::DequeueAppEvent : 11, [width=-1, height=-1], APP_EVENT_STATE_WINDOW_GAINED_FOCUS
05-23 13:33:42.226 14812 14853 D UE4     : FAppEventManager::Tick processing, 11
05-23 13:33:42.226 14812 14853 D UE4     : [2022.05.23-11.33.42:226][  5]LogAndroidEvents: Display: ExecWindowCreated
05-23 13:33:42.226 14812 14853 D UE4     : AndroidEGL::ReInitWindow()
05-23 13:33:42.226 14812 14853 D UE4     : [2022.05.23-11.33.42:226][  5]LogAndroid: AndroidEGL::RefreshWindowSize updating window size = 3664, 1920, cached size : 3664, 1920 tid : 14853
05-23 13:33:42.226 14812 14853 D UE4     : [2022.05.23-11.33.42:226][  5]LogAndroid: AndroidEGL::ResizeSharedContextSurface, PImplData->Window=0xbe657808, PImplData->eglWidth=8, PImplData->eglHeight=8!, CachedWidth=3664, CachedHeight=1920, tid: 14853
05-23 13:33:42.226 14812 14853 D UE4     : AndroidEGL::UnBindShared()
05-23 13:33:42.226 14812 14853 D UE4     : AndroidEGL::ResetDisplay()
05-23 13:33:42.226 14812 14853 D UE4     : AndroidEGL::DestroySharedSurface()
05-23 13:33:42.226 14812 14853 D UE4     : AndroidEGL::InitSharedSurface 0
05-23 13:33:42.226 14812 14853 D UE4     : AndroidEGL::InitSharedSurface, Using CachedWindowRect, width: 3664, height 1920 
05-23 13:33:42.226 14812 14853 D UE4     : AndroidEGL::InitSharedSurface, Using width: 3664, height 1920 
05-23 13:33:42.226 14812 14853 D UE4     : AndroidEGL::InitSharedSurface, width: 3664, height 1920 
05-23 13:33:42.226 14812 14853 D UE4     : AndroidEGL::CreateEGLSharedSurface(), auxSurface = eglCreatePbufferSurface(), 8x8
05-23 13:33:42.226 14812 14853 D UE4     : ExecWindowCreated, 0, 1, 1
05-23 13:33:42.227 14812 14853 D UE4     : [2022.05.23-11.33.42:226][  5]LogAndroidEvents: Display: LogAndroidEvents::DequeueAppEvent : 14, [width=-1, height=-1], APP_EVENT_STATE_APP_ACTIVATED
05-23 13:33:42.227 14812 14853 D UE4     : FAppEventManager::Tick processing, 14
05-23 13:33:42.227 14812 14853 D UE4     : Execution will be resumed!
05-23 13:33:42.227 14812 14853 D UE4     : [2022.05.23-11.33.42:227][  5]LogAndroidEvents: Display: LogAndroidEvents::DequeueAppEvent : 15, [width=-1, height=-1], APP_EVENT_RUN_CALLBACK
05-23 13:33:42.227 14812 14853 D UE4     : FAppEventManager::Tick processing, 15
05-23 13:33:42.227 14812 14853 D UE4     : [2022.05.23-11.33.42:227][  5]LogAndroidEvents: Display: Event thread callback running.
05-23 13:33:42.227 14812 14853 D UE4     : [2022.05.23-11.33.42:227][  5]LogAndroid: performing app foregrounding callback.
05-23 13:33:42.227 14812 14853 D UE4     : [2022.05.23-11.33.42:227][  5]LogHMD: Initializing OVRPlugin session
05-23 13:33:42.227 14812 14853 D UE4     : [2022.05.23-11.33.42:227][  5]LogHMD: OculusHMD plugin supports multiview!
05-23 13:33:42.227 14812 14853 D OVRPlugin: GL_EXTENSIONS:
05-23 13:33:42.227 14812 14853 D OVRPlugin: GL_OES_EGL_image
05-23 13:33:42.227 14812 14853 D OVRPlugin: GL_OES_EGL_image_external
05-23 13:33:42.227 14812 14853 D OVRPlugin: GL_OES_EGL_sync
05-23 13:33:42.227 14812 14853 D OVRPlugin: GL_OES_vertex_half_float
05-23 13:33:42.227 14812 14853 D OVRPlugin: GL_OES_framebuffer_object
05-23 13:33:42.227 14812 14853 D OVRPlugin: GL_OES_rgb8_rgba8
05-23 13:33:42.227 14812 14853 D OVRPlugin: GL_OES_compressed_ETC1_RGB8_texture
05-23 13:33:42.227 14812 14853 D OVRPlugin: GL_AMD_compressed_ATC_texture
05-23 13:33:42.227 14812 14853 D OVRPlugin: GL_KHR_texture_compression_astc_ldr
05-23 13:33:42.227 14812 14853 D OVRPlugin: GL_KHR_texture_compression_astc_hdr
05-23 13:33:42.227 14812 14853 D OVRPlugin: GL_OES_texture_compression_astc
05-23 13:33:42.227 14812 14853 D OVRPlugin: GL_OES_texture_npot
05-23 13:33:42.227 14812 14853 D OVRPlugin: GL_EXT_texture_filter_anisotropic
05-23 13:33:42.227 14812 14853 D OVRPlugin: GL_EXT_texture_format_BGRA8888
05-23 13:33:42.227 14812 14853 D OVRPlugin: GL_EXT_read_format_bgra
05-23 13:33:42.227 14812 14853 D OVRPlugin: GL_OES_texture_3D
05-23 13:33:42.227 14812 14853 D OVRPlugin: GL_EXT_color_buffer_float
05-23 13:33:42.227 14812 14853 D OVRPlugin: GL_EXT_color_buffer_half_float
05-23 13:33:42.227 14812 14853 D OVRPlugin: GL_QCOM_alpha_test
05-23 13:33:42.227 14812 14853 D OVRPlugin: GL_OES_depth24
05-23 13:33:42.227 14812 14853 D OVRPlugin: GL_OES_packed_depth_stencil
05-23 13:33:42.227 14812 14853 D OVRPlugin: GL_OES_depth_texture
05-23 13:33:42.227 14812 14853 D OVRPlugin: GL_OES_depth_texture_cube_map
05-23 13:33:42.227 14812 14853 D OVRPlugin: GL_EXT_sRGB
05-23 13:33:42.227 14812 14853 D OVRPlugin: GL_OES_texture_float
05-23 13:33:42.227 14812 14853 D OVRPlugin: GL_OES_texture_float_linear
05-23 13:33:42.227 14812 14853 D OVRPlugin: GL_OES_texture_half_float
05-23 13:33:42.227 14812 14853 D OVRPlugin: GL_OES_texture_half_float_linear
05-23 13:33:42.227 14812 14853 D OVRPlugin: GL_EXT_texture_type_2_10_10_10_REV
05-23 13:33:42.227 14812 14853 D OVRPlugin: GL_EXT_texture_sRGB_decode
05-23 13:33:42.227 14812 14853 D OVRPlugin: GL_EXT_texture_compression_astc_decode_mode
05-23 13:33:42.227 14812 14853 D OVRPlugin: GL_EXT_texture_format_sRGB_override
05-23 13:33:42.227 14812 14853 D OVRPlugin: GL_OES_element_index_uint
05-23 13:33:42.227 14812 14853 D OVRPlugin: GL_EXT_copy_image
05-23 13:33:42.227 14812 14853 D OVRPlugin: GL_EXT_geometry_shader
05-23 13:33:42.227 14812 14853 D OVRPlugin: GL_EXT_tessellation_shader
05-23 13:33:42.227 14812 14853 D OVRPlugin: GL_OES_texture_stencil8
05-23 13:33:42.227 14812 14853 D OVRPlugin: GL_EXT_shader_io_blocks
05-23 13:33:42.227 14812 14853 D OVRPlugin: GL_OES_shader_image_atomic
05-23 13:33:42.227 14812 14853 D OVRPlugin: GL_OES_sample_variables
05-23 13:33:42.227 14812 14853 D OVRPlugin: GL_EXT_texture_border_clamp
05-23 13:33:42.227 14812 14853 D OVRPlugin: GL_EXT_EGL_image_external_wrap_modes
05-23 13:33:42.227 14812 14853 D OVRPlugin: GL_EXT_multisampled_render_to_texture
05-23 13:33:42.227 14812 14853 D OVRPlugin: GL_EXT_multisampled_render_to_texture2
05-23 13:33:42.227 14812 14853 D OVRPlugin: GL_OES_shader_multisample_interpolation
05-23 13:33:42.227 14812 14853 D OVRPlugin: GL_EXT_texture_cube_map_array
05-23 13:33:42.227 14812 14853 D OVRPlugin: GL_EXT_draw_buffers_indexed
05-23 13:33:42.227 14812 14853 D OVRPlugin: GL_EXT_gpu_shader5
05-23 13:33:42.227 14812 14853 D OVRPlugin: GL_EXT_robustness
05-23 13:33:42.227 14812 14853 D OVRPlugin: GL_EXT_texture_buffer
05-23 13:33:42.227 14812 14853 D OVRPlugin: GL_EXT_shader_framebuffer_fetch
05-23 13:33:42.227 14812 14853 D OVRPlugin: GL_ARM_shader_framebuffer_fetch_depth_stencil
05-23 13:33:42.227 14812 14853 D OVRPlugin: GL_OES_texture_storage_multisample_2d_array
05-23 13:33:42.227 14812 14853 D OVRPlugin: GL_OES_sample_shading
05-23 13:33:42.227 14812 14853 D OVRPlugin: GL_OES_get_program_binary
05-23 13:33:42.227 14812 14853 D OVRPlugin: GL_EXT_debug_label
05-23 13:33:42.227 14812 14853 D OVRPlugin: GL_KHR_blend_equation_advanced
05-23 13:33:42.227 14812 14853 D OVRPlugin: GL_KHR_blend_equation_advanced_coherent
05-23 13:33:42.227 14812 14853 D OVRPlugin: GL_QCOM_tiled_rendering
05-23 13:33:42.227 14812 14853 D OVRPlugin: GL_ANDROID_extension_pack_es31a
05-23 13:33:42.227 14812 14853 D OVRPlugin: GL_EXT_primitive_bounding_box
05-23 13:33:42.227 14812 14853 D OVRPlugin: GL_OES_standard_derivatives
05-23 13:33:42.227 14812 14853 D OVRPlugin: GL_OES_vertex_array_object
05-23 13:33:42.227 14812 14853 D OVRPlugin: GL_EXT_disjoint_timer_query
05-23 13:33:42.227 14812 14853 D OVRPlugin: GL_KHR_debug
05-23 13:33:42.227 14812 14853 D OVRPlugin: GL_EXT_YUV_target
05-23 13:33:42.227 14812 14853 D OVRPlugin: GL_EXT_sRGB_write_control
05-23 13:33:42.227 14812 14853 D OVRPlugin: GL_EXT_texture_norm16
05-23 13:33:42.227 14812 14853 D OVRPlugin: GL_EXT_discard_framebuffer
05-23 13:33:42.227 14812 14853 D OVRPlugin: GL_OES_surfaceless_context
05-23 13:33:42.227 14812 14853 D OVRPlugin: GL_OVR_multiview
05-23 13:33:42.227 14812 14853 D OVRPlugin: GL_OVR_multiview2
05-23 13:33:42.227 14812 14853 D OVRPlugin: GL_EXT_texture_sRGB_R8
05-23 13:33:42.227 14812 14853 D OVRPlugin: GL_KHR_no_error
05-23 13:33:42.227 14812 14853 D OVRPlugin: GL_EXT_debug_marker
05-23 13:33:42.227 14812 14853 D OVRPlugin: GL_OES_EGL_image_external_essl3
05-23 13:33:42.227 14812 14853 D OVRPlugin: GL_OVR_multiview_multisampled_render_to_texture
05-23 13:33:42.227 14812 14853 D OVRPlugin: GL_EXT_buffer_storage
05-23 13:33:42.227 14812 14853 D OVRPlugin: GL_EXT_external_buffer
05-23 13:33:42.227 14812 14853 D OVRPlugin: GL_EXT_blit_framebuffer_params
05-23 13:33:42.227 14812 14853 D OVRPlugin: GL_EXT_clip_cull_distance
05-23 13:33:42.227 14812 14853 D OVRPlugin: GL_EXT_protected_textures
05-23 13:33:42.227 14812 14853 D OVRPlugin: GL_EXT_shader_non_constant_global_initializers
05-23 13:33:42.227 14812 14853 D OVRPlugin: GL_QCOM_texture_foveated
05-23 13:33:42.227 14812 14853 D OVRPlugin: GL_QCOM_texture_foveated2
05-23 13:33:42.227 14812 14853 D OVRPlugin: GL_QCOM_texture_foveated_subsampled_layout
05-23 13:33:42.227 14812 14853 D OVRPlugin: GL_QCOM_shader_framebuffer_fetch_noncoherent
05-23 13:33:42.227 14812 14853 D OVRPlugin: GL_QCOM_shader_framebuffer_fetch_rate
05-23 13:33:42.227 14812 14853 D OVRPlugin: GL_EXT_memory_object
05-23 13:33:42.227 14812 14853 D OVRPlugin: GL_EXT_memory_object_fd
05-23 13:33:42.227 14812 14853 D OVRPlugin: GL_EXT_EGL_image_array
05-23 13:33:42.227 14812 14853 D OVRPlugin: GL_NV_shader_noperspective_interpolation
05-23 13:33:42.227 14812 14853 D OVRPlugin: GL_KHR_robust_buffer_access_behavior
05-23 13:33:42.227 14812 14853 D OVRPlugin: GL_EXT_EGL_image_storage
05-23 13:33:42.227 14812 14853 D OVRPlugin: GL_EXT_blend_func_extended
05-23 13:33:42.227 14812 14853 D OVRPlugin: GL_EXT_clip_control
05-23 13:33:42.227 14812 14853 D OVRPlugin: GL_OES_texture_view
05-23 13:33:42.227 14812 14853 D OVRPlugin: GL_EXT_fragment_invocation_density
05-23 13:33:42.227 14812 14853 D OVRPlugin: GL_QCOM_motion_estimation
05-23 13:33:42.227 14812 14853 D OVRPlugin: GL_QCOM_validate_shader_binary
05-23 13:33:42.227 14812 14853 D OVRPlugin: GL_QCOM_YUV_texture_gather
05-23 13:33:42.227 14812 14853 D OVRPlugin: GL_IMG_texture_filter_cubic
05-23 13:33:42.227 14812 14853 D OVRPlugin: es3 = TRUE
05-23 13:33:42.227 14812 14853 D OVRPlugin: Found: GL_EXT_discard_framebuffer
05-23 13:33:42.227 14812 14853 D OVRPlugin: Found: GL_EXT_multisampled_render_to_texture
05-23 13:33:42.228 14812 14853 D OVRPlugin: Found: GL_OES_vertex_array_object
05-23 13:33:42.228 14812 14853 D OVRPlugin: Found: GL_QCOM_tiled_rendering
05-23 13:33:42.228 14812 14853 D OVRPlugin: Found: GL_EXT_disjoint_timer_query
05-23 13:33:42.229 14812 14853 D OVRPlugin: Found: GL_EXT_texture_sRGB_decode
05-23 13:33:42.229 14812 14853 D OVRPlugin: Found: GL_EXT_texture_filter_anisotropic
05-23 13:33:42.229 14812 14853 D OVRPlugin: GL_MAX_TEXTURE_SIZE = 16384
05-23 13:33:42.229 14812 14853 D OVRPlugin: GL_MAX_VERTEX_UNIFORM_VECTORS = 256
05-23 13:33:42.229 14812 14853 D OVRPlugin: GL_MAX_FRAGMENT_UNIFORM_VECTORS = 256
05-23 13:33:42.229 14812 14853 D OVRPlugin: Found: GL_EXT_texture_border_clamp
05-23 13:33:42.229 14812 14853 D OVRPlugin: Finished setting up render thread.
05-23 13:33:42.229 14812 14853 D OVRPlugin: Entering VR mode.
05-23 13:33:42.229 14812 14853 I VrApi   : ---------- vrapi_EnterVrMode [start] ----------
05-23 13:33:42.229 14812 14853 I VrRuntimeClient: Tracing is disabled
05-23 13:33:42.229 14812 14853 I VrRuntimeClient: SysProp debug mode is disabled on Client side
05-23 13:33:42.233 14812 14853 D VrApi   : targetSDKVersion 29
05-23 13:33:42.235 14812 14853 I VrRuntimeClient: DEVICE MODEL NUMBER = Quest
05-23 13:33:42.235 14812 14853 I VrRuntimeClient: DEVICE BUILD NAME = user-26242800497100000
05-23 13:33:42.235 14812 14853 I VrRuntimeClient: DEVICE BUILD TYPE = user
05-23 13:33:42.235 14812 14853 I VrRuntimeClient: DEVICE OS VERSION = 10
05-23 13:33:42.235 14812 14853 I VrRuntimeClient: API LOADER VERSION = 1.44.0
05-23 13:33:42.235 14812 14853 I VrRuntimeClient: RUNTIME API VERSION = 1.56.0
05-23 13:33:42.235 14812 14853 I VrRuntimeClient: RUNTIME VERSION = 39.0.0.97.369 Mar 26 2022 12:14:01 RELEASE
05-23 13:33:42.235 14812 14853 I VrRuntimeClient: APP NAME = PruebaVideoStreaming
05-23 13:33:42.235 14812 14853 I VrRuntimeClient: APP VERSION = 1.0 versionCode 1 internalVersionName <none>
05-23 13:33:42.235 14812 14853 I VrRuntimeClient: APP VR TYPE = <none>
05-23 13:33:42.235 14812 14853 I VrRuntimeClient: APP MODE TYPE = VR
05-23 13:33:42.235 14812 14853 I VrRuntimeClient: APP PACKAGE NAME = com.YourCompany.PruebaVideoStreaming
05-23 13:33:42.235 14812 14853 I VrRuntimeClient: APP ACTIVITY CLASS = com.epicgames.ue4.GameActivity
05-23 13:33:42.235 14812 14853 I Sensor  : OSSDKTRACKING Initializing head tracking
05-23 13:33:42.235 14812 14853 D OsSdk   : TrackingServiceConnection ctor
