05-03 10:53:30.630  3147  6624 I VrRuntimeDeviceConfigClient: GetBoolean: oculus_keyboard_telemetry 0
05-03 10:53:30.630  3147  6624 W VrRuntimeDeviceConfigClient: ConfigParam result cannot be retrieved because it is not cached: oculus_mobile_upload_latency_data_with_percentiles 
05-03 10:53:30.630  3147  6624 I VrRuntimeDeviceConfigClient: GetBoolean: oculus_mobile_upload_latency_data_with_percentiles  0
05-03 10:53:30.630  3147  6624 W VrRuntimeDeviceConfigClient: ConfigParam result cannot be retrieved because it is not cached: oculus_mobile_upload_latency_data_with_percentiles 
05-03 10:53:30.630  3147  6624 I VrRuntimeDeviceConfigClient: GetBoolean: oculus_mobile_upload_latency_data_with_percentiles  0
05-03 10:53:30.630  3147  6624 I VrApi   : FPS=37/90,Prd=32ms,Tear=0,Early=2,Stale=59,VSnc=0,Lat=-1,Fov=0,CPU4/GPU=2/4,2419/525MHz,OC=FF,TA=0/F/0,SP=N/N/N,Mem=2092MHz,Free=0MB,PLS=0,Temp=29.0C/0.0C,TW=4.06ms,App=5.92ms,GD=0.21ms,CPU&GPU=11.29ms,LCnt=4,GPU%=0.92,CPU%=0.09(W0.11),DSF=1.00
05-03 10:53:30.631  3147  3187 I VrApi   : OVR::Stats thread stopped
05-03 10:53:30.631  3147  3187 I InputDeviceManager: ovrInputDeviceManager::~ovrInputDeviceManager
05-03 10:53:30.631  3147  3187 I InputDevice_TrackedRemote: OSSDKTRACKING shutting down Haptics
05-03 10:53:30.631  3147  3187 I chatty  : uid=10013(com.oculus.shellenv) OVR::ShellEnv identical 2 lines
05-03 10:53:30.631  3147  3187 I InputDevice_TrackedRemote: OSSDKTRACKING shutting down Haptics
05-03 10:53:30.631  3147  3187 I OSHandDataQuerier: OSSDKTRACKING shutting down HandsTracker
05-03 10:53:30.631  3147  3187 I OSHandDataQuerier: OSSDKTRACKING shutting down HandsTracker
05-03 10:53:30.638  1039  1072 W Looper  : Slow dispatch took 135ms android.ui h=com.android.server.am.ActivityManagerService$UiHandler c=null m=53
05-03 10:53:30.638  1830  1830 I chatty  : uid=10030(com.oculus.systemdriver) com.oculus.vrruntimeservice expire 1 line
05-03 10:53:30.639  3147  6623 I ClientInputThread_Internal: InputThreadRun ShutdownRequest received
05-03 10:53:30.640  3147  3187 I InputHooks_Internal: Disabling Native Input Hooks
05-03 10:53:30.640  3147  3187 I ClientInputTrackedKeyboardManager: TRACKEDKEYBOARD ClearTrackedObjectManager called on client
05-03 10:53:30.641  1830  3243 I chatty  : uid=10030(com.oculus.systemdriver) Thread-12 expire 5 lines
05-03 10:53:30.644  1039  3522 W ActivityManager: Package for pid 842: no process record found
05-03 10:53:30.645   844  5772 I [CT]    : BrightnessPredictor: [Throttled count=374] Current irradiance: 11597.321 (samples: 2).
05-03 10:53:30.671  2185  2303 I ServerProcessConnector: Connection closed: com.epicgames.PruebaVR:com.epicgames.PruebaVR:6193
05-03 10:53:30.673  1830  2035 I chatty  : uid=10030(com.oculus.systemdriver) ClientRequest expire 2 lines
05-03 10:53:30.678  1830  3243 I chatty  : uid=10030(com.oculus.systemdriver) Thread-12 expire 1 line
05-03 10:53:30.678  1830  2035 I chatty  : uid=10030(com.oculus.systemdriver) ClientRequest expire 1 line
05-03 10:53:30.679  3147  6626 I FenceChecker: FenceChecker::MainLoop - ended
05-03 10:53:30.680  1830  5769 I chatty  : uid=10030(com.oculus.systemdriver) OVR::TimeWarp expire 7 lines
05-03 10:53:30.682   757   757 D SurfaceFlinger: CAC state changed to 0
05-03 10:53:30.685   844  5715 I [CT]    : boltlib: DSP utilization: 15.74 % (789 / 5014 ms)
05-03 10:53:30.688   748   748 I SDM     : HWDeviceDRM::UpdateMixerAttributes: Mixer WxH 1920x3664-1 for Virtual
05-03 10:53:30.688   748   748 I SDM     : HWVirtualDRM::SetDisplayAttributes: New WB Resolution: 1920x3664 cur_mode_index 2
05-03 10:53:30.688   748   748 I SDM     : DisplayVirtual::SetActiveConfig: Virtual display resolution changed to[1920x3664]
05-03 10:53:30.688   748   748 I SDM     : DisplayBase::SetFrameBufferConfig: New framebuffer resolution (1920x3664)
05-03 10:53:30.688   748   748 I SDM     : HWCDisplay::SetFrameBufferConfig: New framebuffer resolution (1920x3664)
05-03 10:53:30.759  3147  3187 I VrRuntimeClient: PhaseSync Instance deleted
05-03 10:53:30.759  3147  3187 I OpenXR  : PostSessionStateChange: XR_SESSION_STATE_STOPPING -> XR_SESSION_STATE_IDLE
05-03 10:53:30.759  3147  3187 I OpenXR  : ------------ xrEndSession [end] -----------
05-03 10:53:30.760  3147  3187 I Clay    : xrPollEvent: SESSION_STATE_CHANGED: IDLE
05-03 10:53:30.766  3188  3409 I [SEO] ShellApp: 0xcc156bb8 msg: pause
05-03 10:53:30.767  3188  3409 I [SEO] ShellApp: ShellApp::LeaveVrMode()
05-03 10:53:30.767  3188  3409 I [SEO] DesktopPanelControllerAnalytics: DesktopPanelControllerAnalytics flushing telemetry
05-03 10:53:30.767  3188  3409 I [SEO] DesktopPanelControllerAnalytics: FlushPendingDesktopMetrics Tablet
05-03 10:53:30.769  3188  3409 I [SEO] PanelAppHost: OnBackground
05-03 10:53:30.769  3188  3409 I [SEO] PanelAppHost: Panel app 5 (com.oculus.systemux/com.oculus.panelapp.quicksettings.QuickSettingsPanelService) changing state from foreground to background
05-03 10:53:30.769  3188  3409 I [SEO] PanelAppHost: com.oculus.systemux/com.oculus.panelapp.quicksettings.QuickSettingsPanelService:5 is now backgrounded due to: paused
05-03 10:53:30.769  3500  3500 I [SUI] AnytimeUIPanelAppBase: actionSetVolumeLayerEnabled - true
05-03 10:53:30.769  3500  3500 V LifecycleAwarePanelApp: PanelApp lifecycle moved from state RESUMED to state CREATED. Moved through events ON_PAUSE and ON_STOP
05-03 10:53:30.769  3500  3500 I [SUI] AnytimeUIPanelAppBase: handleGenericMessage backgroundReason paused
05-03 10:53:30.770  3188  3409 I [SEO] PanelAppHost: PanelAppHost destructor: id 7 com.oculus.systemux/com.oculus.panelapp.controlbar.ControlBarPanelService
05-03 10:53:30.770  3188  3409 I [SEO] PanelAppHost: Panel app 7 (com.oculus.systemux/com.oculus.panelapp.controlbar.ControlBarPanelService) changing state from foreground to shutdown
05-03 10:53:30.770  3188  3409 D [SEO] ShellApplication: Unbinding service for panel app id 7
05-03 10:53:30.775  3500  3500 D CppPanelService: onDestroy()
05-03 10:53:30.792  3500  3500 I PanelService: VR Shell socket closed(ECONNRESET); shutting down fd: 66
05-03 10:53:30.792  3500  3500 I PanelService: Quitting application via hardExit flag. Shutting down fd 66.
05-03 10:53:30.792  3500  3500 I AndroidPanelApp: Destroyed
05-03 10:53:30.794  3188  3409 I [SEO] ShellEnvSwapChainApi: Destroying SwapChain:0xc8d017c0
05-03 10:53:30.796  3188  3409 I [SEO] LocalSpace: Applying Initial Pose
05-03 10:53:30.796  1830  3402 I chatty  : uid=10030(com.oculus.systemdriver) Thread-13 expire 2 lines
05-03 10:53:30.800  2185  2345 I GuardianSystem: UpdateSystem: Responding to local space version number change.
05-03 10:53:30.800  2185  2345 I GuardianSurfaceMgr: ForceShowSurfaceBounds: false, 1.00
05-03 10:53:30.800  2185  2345 I GuardianSurfaceMgr: ForceShowSurfaceBounds: Soft fade out: currentTime 2835.54, ForceShowTime 2836.54, ForceShowFadeTime 2837.54
05-03 10:53:30.802  3188  3409 I [SEO] SystemAssistant: OnModeChanged from FullShell to ImmersiveAppFocused
05-03 10:53:30.825  3188  3409 I [SEO] AudioMixer: Disabling AudioPlayer.
05-03 10:53:30.828   844  5773 I [CT]    : NIMBLE:HLOG: NimbleTelemetryAggregator::populateTelemetry
05-03 10:53:30.835  1039  3584 I DisplayManagerService: Display device removed: DisplayDeviceInfo{"com.oculus.android_panel_app.AndroidPanelLayer-controlbar2": uniqueId="virtual:com.oculus.systemux,10032,com.oculus.android_panel_app.AndroidPanelLayer-controlbar2,0", 1000 x 50, modeId 38, defaultModeId 38, supportedModes [{id=38, width=1000, height=50, fps=60.0}], colorMode 0, supportedColorModes [0], HdrCapabilities null, density 200, 200.0 x 200.0 dpi, appVsyncOff 0, presDeadline 16666666, touch NONE, rotation 0, type VIRTUAL, state ON, owner com.oculus.systemux (uid 10032), FLAG_PRIVATE, FLAG_NEVER_BLANK, FLAG_OWN_CONTENT_ONLY}
05-03 10:53:30.845  2114  2574 I [OAO] VrPlatformOpenXr: xrPollEvent: received XR_TYPE_EVENT_DATA_REFERENCE_SPACE_CHANGE_PENDING event
05-03 10:53:30.883  3147  6740 D CCodec  : allocate(c2.android.vorbis.decoder)
05-03 10:53:30.887  2150  2175 I com.oculus.ocm: Background concurrent copying GC freed 5751(490KB) AllocSpace objects, 3(60KB) LOS objects, 49% free, 2548KB/5096KB, paused 56us total 175.554ms
05-03 10:53:30.890   837  3864 V C2Store : in init
05-03 10:53:30.890   837  3864 V C2Store : loading dll
05-03 10:53:30.904  3147  6740 I CCodec  : Created component [c2.android.vorbis.decoder]
05-03 10:53:30.908  3147  6740 D CCodecConfig: read media type: audio/vorbis
05-03 10:53:30.916  3147  6740 D ReflectedParamUpdater: extent() != 1 for single value type: algo.buffers.max-count.values
05-03 10:53:30.916  3147  6740 D ReflectedParamUpdater: extent() != 1 for single value type: output.subscribed-indices.values
05-03 10:53:30.917  3147  6740 D ReflectedParamUpdater: extent() != 1 for single value type: input.buffers.allocator-ids.values
05-03 10:53:30.917  3147  6740 D ReflectedParamUpdater: extent() != 1 for single value type: output.buffers.allocator-ids.values
05-03 10:53:30.918  3147  6740 D ReflectedParamUpdater: extent() != 1 for single value type: algo.buffers.allocator-ids.values
05-03 10:53:30.918  3147  6740 D ReflectedParamUpdater: extent() != 1 for single value type: output.buffers.pool-ids.values
05-03 10:53:30.919  3147  6740 D ReflectedParamUpdater: extent() != 1 for single value type: algo.buffers.pool-ids.values
05-03 10:53:30.927  3147  6740 I CCodecConfig: query failed after returning 7 values (BAD_INDEX)
05-03 10:53:30.927  3147  6740 D CCodecConfig: c2 config diff is Dict {
05-03 10:53:30.927  3147  6740 D CCodecConfig:   c2::u32 coded.bitrate.value = 64000
05-03 10:53:30.927  3147  6740 D CCodecConfig:   c2::u32 input.buffers.max-size.value = 32768
05-03 10:53:30.927  3147  6740 D CCodecConfig:   c2::u32 input.delay.value = 0
05-03 10:53:30.927  3147  6740 D CCodecConfig:   string input.media-type.value = "audio/vorbis"
05-03 10:53:30.927  3147  6740 D CCodecConfig:   string output.media-type.value = "audio/raw"
05-03 10:53:30.927  3147  6740 D CCodecConfig:   c2::u32 raw.channel-count.value = 1
05-03 10:53:30.927  3147  6740 D CCodecConfig:   c2::u32 raw.sample-rate.value = 48000
05-03 10:53:30.927  3147  6740 D CCodecConfig: }
05-03 10:53:30.929  3147  6740 D CCodecConfig: no c2 equivalents for durationUs
05-03 10:53:30.929  3147  6740 D CCodecConfig: no c2 equivalents for csd-1
05-03 10:53:30.929  3147  6740 D CCodecConfig: no c2 equivalents for track-id
05-03 10:53:30.929  3147  6740 D CCodecConfig: no c2 equivalents for channel-mask
05-03 10:53:30.932  3147  6740 D CCodecConfig: c2 config diff is   c2::u32 raw.channel-count.value = 4
05-03 10:53:30.939  3147  6740 W Codec2Client: query -- param skipped: index = 1107298332.
05-03 10:53:30.940  3147  6740 D CCodec  : setup formats input: AMessage(what = 0x00000000) = {
05-03 10:53:30.940  3147  6740 D CCodec  :   int32_t channel-count = 4
05-03 10:53:30.940  3147  6740 D CCodec  :   int32_t max-input-size = 32768
05-03 10:53:30.940  3147  6740 D CCodec  :   string mime = "audio/vorbis"
05-03 10:53:30.940  3147  6740 D CCodec  :   int32_t sample-rate = 48000
05-03 10:53:30.940  3147  6740 D CCodec  : } and output: AMessage(what = 0x00000000) = {
05-03 10:53:30.940  3147  6740 D CCodec  :   int32_t channel-count = 4
05-03 10:53:30.940  3147  6740 D CCodec  :   string mime = "audio/raw"
05-03 10:53:30.940  3147  6740 D CCodec  :   int32_t sample-rate = 48000
05-03 10:53:30.940  3147  6740 D CCodec  :   int32_t channel-mask = 51
05-03 10:53:30.940  3147  6740 D CCodec  : }
05-03 10:53:30.992  1571  1597 I nifiedtelemetr: Background young concurrent copying GC freed 122793(7964KB) AllocSpace objects, 52(1772KB) LOS objects, 36% free, 15MB/24MB, paused 194us total 205.201ms
05-03 10:53:31.027  3147  6740 W Codec2Client: query -- param skipped: index = 1342179345.
05-03 10:53:31.027  3147  6740 W Codec2Client: query -- param skipped: index = 2415921170.
05-03 10:53:31.031  3147  6740 D CCodecBufferChannel: [c2.android.vorbis.decoder#846] Created input block pool with allocatorID 16 => poolID 21 - OK (0)
05-03 10:53:31.031   837  1001 D BufferPoolAccessor: bufferpool2 0x34f8ea6430 : 0(0 size) total buffers - 0(0 size) used buffers - 1529/1533 (recycle/alloc) - 4/1531 (fetch/transfer)
05-03 10:53:31.031   837  1001 D BufferPoolAccessor: Destruction - bufferpool2 0x34f8ea6430 cached: 0/0M, 0/0% in use; allocs: 1533, 100% recycled; transfers: 1531, 100% unfetced
05-03 10:53:31.033  3147  6740 I CCodecBufferChannel: [c2.android.vorbis.decoder#846] Created output block pool with allocatorID 16 => poolID 39 - OK
05-03 10:53:31.033  3147  6740 D CCodecBufferChannel: [c2.android.vorbis.decoder#846] Configured output block pool ids 39 => OK
05-03 10:53:31.039   837  6745 D SimpleC2Component: Using output block pool with poolID 39 => got 39 - 0
05-03 10:53:31.066  3147  6740 D CCodecBufferChannel: [c2.android.vorbis.decoder#846] Discard frames from previous generation.
05-03 10:53:31.066  3147  6740 D CCodecBufferChannel: [c2.android.vorbis.decoder#846] Discard frames from previous generation.
05-03 10:53:31.083   837  1537 D BufferPoolAccessor: Destruction - bufferpool2 0x34f8eb3430 cached: 0/0M, 0/0% in use; allocs: 0, 0% recycled; transfers: 0, 0% unfetced
05-03 10:53:31.087   837  1537 V C2Store : in ~ComponentModule
05-03 10:53:31.087   837  1537 V C2Store : unloading dll
05-03 10:53:31.119  3147  3187 I Clay    : xrPollEvent: REFERENCE_SPACE_CHANGE_PENDING
05-03 10:53:31.119  3147  3187 I Clay    : BaseApp: Entering hibernation in 30 frames
05-03 10:53:31.119  3147  3187 I Clay    : BaseApp: Hibernate transition Pending
05-03 10:53:31.121  3188  3188 D [SEO] ShellEnvOverlayService: onUnbind()
05-03 10:53:31.166  3188  6631 I [SEO] AudioMixer: Notifying VrThread to shutdown.
05-03 10:53:31.166  3188  3409 I [SEO] AudioMixer: Successful shutdown.
05-03 10:53:31.166  3188  3409 I [SEO] AudioEngine: virtual void AudioLibrary::AudioEngine::DisablePlayer()
05-03 10:53:31.166  3188  3409 I [SEO] AudioEngine: Setting ShuttingDown.
05-03 10:53:31.185  3188  6631 I [SEO] AudioMixer: Notifying VrThread to shutdown.
05-03 10:53:31.185  3188  6631 I [SEO] AudioEngine: Fading final buffer
05-03 10:53:31.190  1830  3243 I chatty  : uid=10030(com.oculus.systemdriver) Thread-12 expire 2 lines
05-03 10:53:31.194  3147  3187 I Clay    : EnvironmentSystem: computed visibility changed from Visible to Unload (reason: Paused)
05-03 10:53:31.194  3147  3187 I Clay    : EnvironmentSystem: environment path not valid, resetting to default scene: isValid=false  packageFilename=
05-03 10:53:31.199  3147  3187 I Clay    : EnvironmentStateSystem: Clearing IR due to pausing
05-03 10:53:31.199  3147  3187 I Clay    : EnvironmentSystem: setCurrentEnvironment from 'apk://com.oculus.environment.prod.adobe/assets/scene.zip' to ''. Computed visibility: Unload (reason: Paused)
05-03 10:53:31.200  2114  2574 I [OAO] ShellOverlayApp: Sleep timeout exceeded. Timeout:2835.907612, Now:2835.937033. Sleeping... 
05-03 10:53:31.200  2114  2574 I [OAO] ShellOverlayApp: WaitForWake: VrThread entering waiting state
05-03 10:53:31.201  3147  3147 I Choreographer: Skipped 50 frames!  The application may be doing too much work on its main thread.
05-03 10:53:31.205  3188  6631 I [SEO] AudioEngine: Notifying VrThread to shutdown.
05-03 10:53:31.206  3188  6631 D         : PlayerBase::stop() from IPlayer
05-03 10:53:31.206  3188  6631 D AudioTrack: stop(56): called with 196800 frames delivered
05-03 10:53:31.206  3188  3409 I [SEO] AudioEngine: Stopping player
05-03 10:53:31.206  3188  3409 D         : PlayerBase::stop() from IPlayer
05-03 10:53:31.208  3188  3409 D [SEO] ShellApplication: abandonAudioFocus
05-03 10:53:31.209  1039  3584 I MediaFocusControl: abandonAudioFocus() from uid/pid 10021/3188 clientId=android.media.AudioManager@69d3948com.oculus.vrshell.ShellAudioFocusHandler@e1583e1
05-03 10:53:31.210  1293  1293 V AvrcpMediaPlayerList: onPlaybackConfigChanged(): Configs list size=7
05-03 10:53:31.210  3188  3409 I [SEO] DragDropController: OnBackground
05-03 10:53:31.217  3188  3409 I [SEO] ModelDef: Destroying ModelFileModel guardianLaserBeam.gltf.ovrscene
05-03 10:53:31.217  3188  3409 I [SEO] ModelDef: Destroying ModelFileModel pinchArrowBlend.gltf.ovrscene
05-03 10:53:31.222  3188  3409 I [SEO] ModelDef: Destroying ModelFileModel guardianLaserBeam.gltf.ovrscene
05-03 10:53:31.225  3188  3409 I [SEO] ModelDef: Destroying ModelFileModel pinchArrowBlend.gltf.ovrscene
05-03 10:53:31.229  1293  1293 V AvrcpMediaPlayerList: onPlaybackConfigChanged(): Configs list size=6
05-03 10:53:31.229  3188  3409 I [SEO] TrackedKeyboardDeviceManager: Clearing all tracked keyboards
05-03 10:53:31.230  3188  3409 I [SEO] VrPlatformOpenXr: SessionEnd state XR_SESSION_STATE_FOCUSED    focused:1
05-03 10:53:31.230  3188  3409 D [SEO] ShellApplication: setOverlayInputFocus: inputFocus=false shouldSupportIME=false
05-03 10:53:31.230  3188  3409 D [SEO] BaseOverlayService: setOverlayInputFocus : entrypoint - inputFocus=false shouldSupportIME=false
05-03 10:53:31.231  3188  3409 I OpenXR  : ------------ RequestExitSession [start] -----------
05-03 10:53:31.231  3188  3188 D [SEO] BaseOverlayService: detachServiceWindowView
05-03 10:53:31.231  1830  1830 I chatty  : uid=10030(com.oculus.systemdriver) com.oculus.vrruntimeservice expire 5 lines
05-03 10:53:31.233  3188  3409 I OpenXR  : ------------ RequestExitSession [end] -----------
05-03 10:53:31.234  3188  3409 I OpenXR  : PostSessionStateChange: XR_SESSION_STATE_FOCUSED -> XR_SESSION_STATE_VISIBLE
05-03 10:53:31.234  3188  3409 I [SEO] VrPlatformOpenXr: xrPollEvent: received XR_TYPE_EVENT_DATA_REFERENCE_SPACE_CHANGE_PENDING event
05-03 10:53:31.234  3188  3409 I OpenXR  : PostSessionStateChange: XR_SESSION_STATE_VISIBLE -> XR_SESSION_STATE_SYNCHRONIZED
05-03 10:53:31.234  3188  3409 I [SEO] VrPlatformOpenXr: xrPollEvent: received XR_TYPE_EVENT_DATA_SESSION_STATE_CHANGED: 4 for session 0x2 at time 2835.970990
05-03 10:53:31.236  3188  3409 I [SEO] VrPlatformOpenXr: Session state changed XR_SESSION_STATE_VISIBLE
05-03 10:53:31.236  3188  3409 I OpenXR  : PostSessionStateChange: XR_SESSION_STATE_SYNCHRONIZED -> XR_SESSION_STATE_STOPPING
05-03 10:53:31.236  3188  3409 I [SEO] VrPlatformOpenXr: xrPollEvent: received XR_TYPE_EVENT_DATA_SESSION_STATE_CHANGED: 3 for session 0x2 at time 2835.971088
05-03 10:53:31.236  3188  3409 I [SEO] VrPlatformOpenXr: Session state changed XR_SESSION_STATE_SYNCHRONIZED
05-03 10:53:31.236  3188  3409 I [SEO] VrPlatformOpenXr: xrPollEvent: received XR_TYPE_EVENT_DATA_SESSION_STATE_CHANGED: 6 for session 0x2 at time 2835.973571
05-03 10:53:31.236  3188  3409 I [SEO] VrPlatformOpenXr: Session state changed XR_SESSION_STATE_STOPPING
05-03 10:53:31.236  3188  3409 I [SEO] VrPlatformOpenXr: SessionEnd2 state XR_SESSION_STATE_STOPPING    focused:0
05-03 10:53:31.237  1039  3574 E InputDispatcher: Window handle Window{e7ddfd7 u0 com.oculus.vrshell} has no registered input channel
05-03 10:53:31.237  1662  3446 I [CT]    : MIXEDREALITY: MrFeatureStatus: Client status changed from Started to Paused.
05-03 10:53:31.237  1662  3446 I [CT]    : MIXEDREALITY: MrFeatureStatus: Target status Paused, CurrentStatus: Started
05-03 10:53:31.237  1662  3446 I [CT]    : MIXEDREALITY: MrFeatureStatus: Operation chain: Pause
05-03 10:53:31.237  1662  3446 I [CT]    : MIXEDREALITY: MrFeatureStatus: Global status changed from Started to Paused.
05-03 10:53:31.237  1662  3446 I [CT]    : MIXEDREALITY: MrServiceController: Queuing command linked to operation Pause for feature 0
05-03 10:53:31.238  3188  3409 I OpenXR  : ------------ xrEndSession [start] -----------
05-03 10:53:31.238  3188  3409 I XrRuntimeUtils: XrRuntimeUtils::EndSession
05-03 10:53:31.239  1662  2949 I [CT]    : MIXEDREALITY: MrServiceController: Executing passthroughPause on model
05-03 10:53:31.239  1662  2949 I [CT]    : MIXEDREALITY: MrServiceModel: passthroughPause()
05-03 10:53:31.245  3975  3999 V xrstreamingclient:   VR Mode state change (Can render=1, has VR mode=0)
05-03 10:53:31.245  3975  3999 D xrstreamingclient:   Entering VR Mode
05-03 10:53:31.245  3975  3999 I VrApi   : ---------- vrapi_EnterVrMode [start] ----------
05-03 10:53:31.245  3975  3999 I VrRuntimeClient: Tracing is disabled
05-03 10:53:31.245  3975  3999 I VrRuntimeClient: SysProp debug mode is disabled on Client side
05-03 10:53:31.250  3188  3409 D VrApi   : targetSDKVersion 29
05-03 10:53:31.260  1662  2949 I [CT]    : MIXEDREALITY: MrServiceModel: passthroughPause: Paused Passthrough
05-03 10:53:31.260  1662  2949 I [CT]    : MIXEDREALITY: MrServiceView: renderIteration: onPause(). (b)
05-03 10:53:31.264  3188  3409 I VrRuntimeClient: DEVICE MODEL NUMBER = Quest 2
05-03 10:53:31.264  3188  3409 I VrRuntimeClient: DEVICE BUILD NAME = user-26242800497100000
05-03 10:53:31.264  3188  3409 I VrRuntimeClient: DEVICE BUILD TYPE = user
05-03 10:53:31.264  3188  3409 I VrRuntimeClient: DEVICE OS VERSION = 10
05-03 10:53:31.264  3188  3409 I VrRuntimeClient: API LOADER VERSION = 1.0.22
05-03 10:53:31.265  3188  3409 I VrRuntimeClient: RUNTIME API VERSION = 1.0.22
05-03 10:53:31.265   844  1444 E TrackingService: attachClient: found client in attached list
05-03 10:53:31.265  3188  3409 I VrRuntimeClient: RUNTIME VERSION = 39.0.0.97.369 Mar 26 2022 12:14:01 RELEASE
05-03 10:53:31.265  3188  3409 I VrRuntimeClient: APP NAME = Oculus App Runtime
05-03 10:53:31.265  3188  3409 I VrRuntimeClient: APP VERSION = 39.0.0.100.369 versionCode 363650567 internalVersionName 39.0.0.100.369.0ecb1cd2a7ab 2022_04_12_20_41
05-03 10:53:31.265  3188  3409 I VrRuntimeClient: APP VR TYPE = vr_only
05-03 10:53:31.265  3188  3409 I VrRuntimeClient: APP MODE TYPE = VR
05-03 10:53:31.265  3188  3409 I VrRuntimeClient: APP PACKAGE NAME = com.oculus.vrshell
05-03 10:53:31.265  3188  3409 I VrRuntimeClient: APP ACTIVITY CLASS = com.oculus.vrshell.ShellApplication
05-03 10:53:31.266   716  1003 D msm8974_platform: platform_split_snd_device: snd_device(22) num devices(1) new_snd_devices(0)
05-03 10:53:31.266   716  1003 D ACDB-LOADER: ACDB -> send_audvoltable
05-03 10:53:31.266   716  1003 D ACDB-LOADER: ACDB -> ACDB_CMD_GET_AUDPROC_INSTANCE_GAIN_DEP_STEP_TABLE_SIZE
05-03 10:53:31.266   716  1003 D         : Failed to fetch the lookup information of the device 0000000F 
05-03 10:53:31.266   716  1003 D ACDB-LOADER: Error: ACDB_CMD_GET_AUDPROC_INSTANCE_GAIN_DEP_STEP_TABLE_SIZE Returned = -19
05-03 10:53:31.266   716  1003 D ACDB-LOADER: ACDB -> ACDB_CMD_GET_AUDPROC_INSTANCE_GAIN_DEP_STEP_TABLE, vol index 1
05-03 10:53:31.266   716  1003 D         : Failed to fetch the lookup information of the device 0000000F 
05-03 10:53:31.266   716  1003 D ACDB-LOADER: Error: ACDB AudProc vol returned = -19
05-03 10:53:31.266   716  1003 D ACDB-LOADER: ACDB -> AUDIO_SET_VOL_CAL cal type = 40
05-03 10:53:31.266   716  1003 D msm8974_platform: platform_split_snd_device: snd_device(22) num devices(1) new_snd_devices(0)
05-03 10:53:31.266   716  1003 D ACDB-LOADER: ACDB -> send_audvoltable
05-03 10:53:31.266   716  1003 D ACDB-LOADER: ACDB -> ACDB_CMD_GET_AUDPROC_INSTANCE_GAIN_DEP_STEP_TABLE_SIZE
05-03 10:53:31.267   716  1003 D         : Failed to fetch the lookup information of the device 0000000F 
05-03 10:53:31.267   716  1003 D ACDB-LOADER: Error: ACDB_CMD_GET_AUDPROC_INSTANCE_GAIN_DEP_STEP_TABLE_SIZE Returned = -19
05-03 10:53:31.267   716  1003 D ACDB-LOADER: ACDB -> ACDB_CMD_GET_AUDPROC_INSTANCE_GAIN_DEP_STEP_TABLE, vol index 1
05-03 10:53:31.267   716  1003 D         : Failed to fetch the lookup information of the device 0000000F 
05-03 10:53:31.267   716  1003 D ACDB-LOADER: Error: ACDB AudProc vol returned = -19
05-03 10:53:31.267   716  1003 D ACDB-LOADER: ACDB -> AUDIO_SET_VOL_CAL cal type = 40
05-03 10:53:31.276  3188  3409 D BatteryReceiver: Unregistering battery receiver
05-03 10:53:31.277  3188  3409 I Sensor  : OSSDKTRACKING Shutdown tracking
05-03 10:53:31.278  3188  3409 I LogTimer: CPUTIME: VrRuntimeClient_EndSession took 38.4567 ms
05-03 10:53:31.279   844  1444 D TrackingService: getSharedMemory: com.oculus.mrservice, HeadTracker
05-03 10:53:31.279  1662  2949 W OsSdk   : Requested historical tracking state too far in the past; oldest: 2835.734144s, requested: 2751.404696s
05-03 10:53:31.282  1830  5769 I chatty  : uid=10030(com.oculus.systemdriver) OVR::TimeWarp expire 2 lines
05-03 10:53:31.283  1662  2949 I [CT]    : MIXEDREALITY: MrRuntimeImpl: onPause: Paused. Target device 2.
05-03 10:53:31.283   842  3096 I [CT]    : MIXEDREALITY: MrSystemServiceIPCServer: MrSystemServiceIPCServer::MrComputeCommand from 2061703988, request was 61865647/1
05-03 10:53:31.283   842  3096 I [CT]    : MIXEDREALITY: ServiceLogic: onIpcCommand: client 2061703988, request 1
05-03 10:53:31.285  3188  6629 I VrRuntimeDeviceConfigClient: GetBoolean: oculus_mobile_disable_non_hands_app_hands_usage 0
05-03 10:53:31.285  3188  6629 I VrRuntimeDeviceConfigClient: GetBoolean: oculus_keyboard_telemetry 0
05-03 10:53:31.285  3188  6629 W VrRuntimeDeviceConfigClient: ConfigParam result cannot be retrieved because it is not cached: oculus_mobile_upload_latency_data_with_percentiles 
05-03 10:53:31.285  3188  6629 I VrRuntimeDeviceConfigClient: GetBoolean: oculus_mobile_upload_latency_data_with_percentiles  0
05-03 10:53:31.285  3188  6629 W VrRuntimeDeviceConfigClient: ConfigParam result cannot be retrieved because it is not cached: oculus_mobile_upload_latency_data_with_percentiles 
05-03 10:53:31.285  3188  6629 I VrRuntimeDeviceConfigClient: GetBoolean: oculus_mobile_upload_latency_data_with_percentiles  0
05-03 10:53:31.288   743  6569 I FrameSetDispatcher: [HEADSET] Client thread stopping
05-03 10:53:31.289   743   743 I FrameSetDispatcher: [HEADSET] Client thread joined
05-03 10:53:31.289   743   743 I CameraClientManager: [HEADSET] Removed client - started clients: 2
05-03 10:53:31.289   842  3096 I [CT]    : MIXEDREALITY: MrRuntimeCompute: onPause: Paused. Target device 2.
05-03 10:53:31.289   842  3096 I [CT]    : MIXEDREALITY: MrRuntimeCompute: onPause: Pausing Stereo Pipeline.
05-03 10:53:31.289   842  3096 I [CT]    : MIXEDREALITY: MrSystemService: FramesetTelemetry: valid: 450/450, stereo/depth/color: avail:  450/   0/   0, accepted %: 100.0/  0.0/  0.0, dropped %:   0.0/  0.0/  0.0, valid %: 100.0/  0.0/  0.0, textured %: 100.0/  0.0/  0.0.
05-03 10:53:31.289   842  3096 I [CT]    : MIXEDREALITY: MrSystemService: FramesetTelemetry: timeouts stereo/color: compute side: 0/0, render side: 0/0, egl: 0.
05-03 10:53:31.290  1662  2949 I [CT]    : MIXEDREALITY: MrSystemServiceClientBase: sendIpcEventAndWait: IPCCall result: 0 in 0.006378438 seconds.
05-03 10:53:31.290   842  3096 I [CT]    : MIXEDREALITY: MrSystemServiceIPCServer: MrSystemServiceIPCServer::MrComputeCommand from 2061703988, request was 61865647/3
05-03 10:53:31.290   842  3096 I [CT]    : MIXEDREALITY: ServiceLogic: onIpcCommand: client 2061703988, request 3
05-03 10:53:31.290  1662  2949 I [CT]    : MIXEDREALITY: MrSystemServiceClientBase: sendIpcEventAndWait: IPCCall result: 0 in 0.000107239 seconds.
05-03 10:53:31.296  3188  3409 I VrApi   : OVR::Stats thread stopped
05-03 10:53:31.296  3188  3409 I InputDeviceManager: ovrInputDeviceManager::~ovrInputDeviceManager
05-03 10:53:31.296  3188  3409 I InputDevice_TrackedRemote: OSSDKTRACKING shutting down Haptics
05-03 10:53:31.296  3188  3409 I chatty  : uid=10021(com.oculus.vrshell) ShellMainVR identical 2 lines
05-03 10:53:31.296  3188  3409 I InputDevice_TrackedRemote: OSSDKTRACKING shutting down Haptics
05-03 10:53:31.296  3188  3409 I OSHandDataQuerier: OSSDKTRACKING shutting down HandsTracker
05-03 10:53:31.296  3188  3409 I OSHandDataQuerier: OSSDKTRACKING shutting down HandsTracker
05-03 10:53:31.303   844  6364 I [CT]    : NIMBLE:HTEngine: active tracking pipeline: 1
05-03 10:53:31.305  3188  6627 I ClientInputThread_Internal: InputThreadRun ShutdownRequest received
05-03 10:53:31.306  3188  3409 D InputHooksJava: Disabling Java Input Hooks
05-03 10:53:31.306  3188  3409 I ClientInputTrackedKeyboardManager: TRACKEDKEYBOARD ClearTrackedObjectManager called on client
05-03 10:53:31.306  3188  3409 I RuntimeIPCClientMgr: RuntimeIPCClientMgr::DisconnectFromServer: Remaining refs: 2, Client: com.oculus.vrshell:com.oculus.vrshell:3188, Server: com.oculus.vrshell:com.oculus.vrshell:Overlay (ptkserviceserver)
05-03 10:53:31.306  3188  3409 I RuntimeIPCApi: ipc_Shutdown
05-03 10:53:31.306  3188  3409 I RuntimeIPCServiceClient: Shutdown: Refs still outstanding: 14, com.oculus.vrshell
05-03 10:53:31.307  1830  3402 I chatty  : uid=10030(com.oculus.systemdriver) Thread-13 expire 6 lines
05-03 10:53:31.314  3975  3999 D VrApi   : targetSDKVersion 29
05-03 10:53:31.317  3975  3999 I VrRuntimeClient: DEVICE MODEL NUMBER = Quest 2
05-03 10:53:31.317  3975  3999 I VrRuntimeClient: DEVICE BUILD NAME = user-26242800497100000
05-03 10:53:31.317  3975  3999 I VrRuntimeClient: DEVICE BUILD TYPE = user
05-03 10:53:31.317  3975  3999 I VrRuntimeClient: DEVICE OS VERSION = 10
05-03 10:53:31.317  3975  3999 I VrRuntimeClient: API LOADER VERSION = 1.49.0
05-03 10:53:31.317  3975  3999 I VrRuntimeClient: RUNTIME API VERSION = 1.56.0
05-03 10:53:31.317  3975  3999 I VrRuntimeClient: RUNTIME VERSION = 39.0.0.97.369 Mar 26 2022 12:14:02 RELEASE
05-03 10:53:31.317  3975  3999 I VrRuntimeClient: APP NAME = Oculus Link
05-03 10:53:31.317  3975  3999 I VrRuntimeClient: APP VERSION = 39.0.0.90.369 versionCode 362298295 internalVersionName 39.0.0.90.369.5e32a0d3cd59 2022_04_06_16_24
05-03 10:53:31.317  3975  3999 I VrRuntimeClient: APP VR TYPE = vr_only
05-03 10:53:31.317  3975  3999 I VrRuntimeClient: APP MODE TYPE = <none>
05-03 10:53:31.317  3975  3999 I VrRuntimeClient: APP PACKAGE NAME = com.oculus.xrstreamingclient
05-03 10:53:31.317  3975  3999 I VrRuntimeClient: APP ACTIVITY CLASS = com.oculus.xrstreamingclient.MainActivity
05-03 10:53:31.317  3975  3999 I Sensor  : OSSDKTRACKING Initializing head tracking
05-03 10:53:31.317  3975  3999 D OsSdk   : TrackingServiceConnection ctor
05-03 10:53:31.317  3975  3999 I Sensor  : OSSDKTRACKING Head tracker != nullpointer 0x74e0a4d138, 1
05-03 10:53:31.317  3975  3999 I Sensor  : OSSDKTRACKING Initializing controller tracking
05-03 10:53:31.317  3975  3999 I Sensor  : OSSDKTRACKING Controller tracker != nullpointer 0x74e0b37960, 1
05-03 10:53:31.317  3975  3999 D BatteryReceiver: Registering battery receiver
05-03 10:53:31.319  3975  3999 D HeadsetReceiver: getCurrentHeadsetState: false
05-03 10:53:31.319  3975  3999 I DeviceStatus: nativeHeadsetEvent(0)
05-03 10:53:31.320  3975  3999 I VrRuntimeClient: SetCompositorClientFeatureFlag ClientFeatureFlag 0 
05-03 10:53:31.321  3975  3999 I LogTimer: CPUTIME: VrRuntimeClient_BeginSession took 75.2446 ms
05-03 10:53:31.321  3975  3999 D InputHooksJava: SetInputRoutingTypeForOverlay: 0
05-03 10:53:31.321  3975  3999 I ClientInputInterface: DEADRECKONING SetControllerTrackingExtendedDeadreckoning 0
05-03 10:53:31.321  3188  6638 I FenceChecker: FenceChecker::MainLoop - ended
05-03 10:53:31.322  3975  3999 I ClientInputSettings: HANDTRACKING package name is com.oculus.xrstreamingclient
05-03 10:53:31.322  3188  3409 I VrRuntimeClient: PhaseSync Instance deleted
05-03 10:53:31.323  3188  3409 I OpenXR  : PostSessionStateChange: XR_SESSION_STATE_STOPPING -> XR_SESSION_STATE_IDLE
05-03 10:53:31.323  3188  3409 I OpenXR  : ------------ xrEndSession [end] -----------
05-03 10:53:31.324  3188  3409 I [SEO] VrPlatformOpenXr: xrPollEvent: received XR_TYPE_EVENT_DATA_SESSION_STATE_CHANGED: 1 for session 0x2 at time 2836.060168
05-03 10:53:31.324  3188  3409 I [SEO] VrPlatformOpenXr: Session state changed XR_SESSION_STATE_IDLE
05-03 10:53:31.324  3188  3409 I OpenXR  : PostSessionStateChange: XR_SESSION_STATE_IDLE -> XR_SESSION_STATE_READY
05-03 10:53:31.324  3188  3409 I [SEO] VrPlatformOpenXr: xrPollEvent: received XR_TYPE_EVENT_DATA_SESSION_STATE_CHANGED: 2 for session 0x2 at time 2836.061166
05-03 10:53:31.324  3188  3409 I [SEO] VrPlatformOpenXr: Session state changed XR_SESSION_STATE_READY
05-03 10:53:31.357  3975  3999 I ClientInputSettings: HANDTRACKING: Manifest Permission request for com.oculus.xrstreamingclient
05-03 10:53:31.358  3975  3999 I ClientInputSettings: HANDTRACKING:  'com.oculus.xrstreamingclient' Is hands or controller.
05-03 10:53:31.358  3975  3999 I ClientInputSettings: HANDTRACKING: feature flag set to 2
05-03 10:53:31.358  3975  3999 I ClientInputInterface: HANDTRACKING sethandmanifest 2
05-03 10:53:31.358  3975  3999 I InputHooks_Internal: Enabling Native Input Hooks
05-03 10:53:31.358  3975  3999 I InputDeviceManager: ovrInputDeviceManager::Initialize
05-03 10:53:31.358  3975  3999 I InputDevice_TrackedRemote: OSSDKTRACKING Initializing Haptics
05-03 10:53:31.358  3975  3999 I InputDevice_TrackedRemote: OSSDKTRACKING Haptics != nullpointer 0x74e6293150, 1
05-03 10:53:31.358  3975  3999 I InputDevice_TrackedRemote: OSSDKTRACKING Initializing Haptics
05-03 10:53:31.358  3975  3999 I InputDevice_TrackedRemote: OSSDKTRACKING Haptics != nullpointer 0x74e62931b0, 1
05-03 10:53:31.358  3975  3999 I InputDevice_TrackedRemote: OSSDKTRACKING Initializing Haptics
05-03 10:53:31.358  3975  3999 I InputDevice_TrackedRemote: OSSDKTRACKING Haptics != nullpointer 0x74e6293210, 1
05-03 10:53:31.358  3975  3999 I InputDevice_TrackedRemote: OSSDKTRACKING Initializing Haptics
05-03 10:53:31.358  3975  3999 I InputDevice_TrackedRemote: OSSDKTRACKING Haptics != nullpointer 0x74e6293270, 1
05-03 10:53:31.358  3975  6755 I InputDeviceManager: HANDTRACKING Pointer filter profile changed to: 0
05-03 10:53:31.358  3975  6755 I InputDeviceManager: HANDTRACKING Pointer filter profile changed to: 0
05-03 10:53:31.358  3975  6755 I InputDeviceManager: HANDTRACKING Root pose filter profile changed for (version, freq) to (1, 1) from (1,2)
05-03 10:53:31.358  3975  3999 D OsSdk   : TrackingServiceConnection registered
05-03 10:53:31.368   844  1444 D TrackingService: getSharedMemory: com.oculus.xrstreamingclient, HeadTracker
05-03 10:53:31.368  3975  3999 I Distortion: Initializing Mesh Decenter Correction
05-03 10:53:31.369  3975  3999 I Distortion: SetLensPositions - iad=0.0631684, left offset=-0.000114948,-0.00127472, right offset=0.00011754,-0.00145086
05-03 10:53:31.369  3975  3999 I Distortion: Initializing Mesh Decenter Correction
05-03 10:53:31.372  3975  3999 I Distortion: SetLensPositions - iad=0.0631684, left offset=-0.000114948,-0.00127472, right offset=0.00011754,-0.00145086
05-03 10:53:31.373  3975  3999 I Distortion: Created custom distortion mesh.
05-03 10:53:31.373  3975  3999 I VrApi   : ovrModeParms::VRAPI_MODE_FLAG_RESET_WINDOW_FULLSCREEN = 0
05-03 10:53:31.373  3975  3999 I VrApi   : ovrModeParms::VRAPI_MODE_FLAG_NATIVE_WINDOW = 1
05-03 10:53:31.373  3975  3999 I VrApi   : ovrModeParms::VRAPI_MODE_FLAG_FRONT_BUFFER_SRGB = 0
05-03 10:53:31.373  3975  3999 I VrApi   : ovrModeParms::VRAPI_MODE_FLAG_PHASE_SYNC = 0
05-03 10:53:31.373  3975  3999 I VrApi   : ovrModeParms::VRAPI_MODE_FLAG_APP_SPACE_WARP = 0
05-03 10:53:31.373  3975  3999 I VrRuntimeClient: SetPhaseSyncMode 0
05-03 10:53:31.373  3975  3999 I VrApi   : PhaseSync disabled
05-03 10:53:31.373  3975  3999 I VrApi   : HMD sensor attached.
05-03 10:53:31.373  3975  3999 D VrRuntimeClient: pokeGuardianUserServiceForThisClient: com.oculus.xrstreamingclient:10040
05-03 10:53:31.381  2114  2114 D KeyboardInputMethodService: onFinishInput
05-03 10:53:31.386  3188  3188 D [SEO] BaseOverlayService: setOverlayInputFocus : completed - inputFocus=false shouldSupportIME=false actionTaken:true
05-03 10:53:31.387  3975  3999 D VrRuntimeClient: VrRuntimeClient: getClientWindow: activity client
05-03 10:53:31.388  1830  4008 I chatty  : uid=10030(com.oculus.systemdriver) Thread-14 expire 15 lines
05-03 10:53:31.389  2185  2185 D VrGuardianUserService: onStartCommandIntent { act=FOREGROUND_CLIENT cmp=com.oculus.guardian/com.oculus.vrguardianservice.VrGuardianUserService (has extras) }
05-03 10:53:31.391  2185  2185 D VrGuardianUserService: onStartCommand FOREGROUND_CLIENT user = 0
05-03 10:53:31.392  2185  2185 D VrGuardianService: setCurrentUser() called with: userId = [0]
05-03 10:53:31.392  2185  2185 I VrGuardianService: nativeSetCurrentUser userid = 0
05-03 10:53:31.392  2185  2185 I GuardianSystem: GuardianSystem::SetCurrentUser: 0 
05-03 10:53:31.398  1830  2035 I chatty  : uid=10030(com.oculus.systemdriver) ClientRequest expire 16 lines
05-03 10:53:31.398  3975  3999 I ScreenCaptureHelper: Advertising com.oculus.xrstreamingclient as streamable
05-03 10:53:31.399  1830  4008 I chatty  : uid=10030(com.oculus.systemdriver) Thread-14 expire 2 lines
05-03 10:53:31.399  3975  3999 I VrApi   : Creating Default swapchain
05-03 10:53:31.399  3975  3999 I VrApi   : Creating Loading Icon swapchain
05-03 10:53:31.399  3975  3999 I VrApi   : OVR::Stats thread started
05-03 10:53:31.399  3975  3999 I XrRuntimeUtils: XrRuntimeUtils::CreateSession
05-03 10:53:31.399  3975  3999 I VrApi   : Initial BaseVsync 8789 
05-03 10:53:31.399  3975  3999 I XrRuntimeUtils: XrRuntimeUtils::BeginSession
05-03 10:53:31.399  3975  3999 I XrRuntimeSystem_Client: BeginSession
05-03 10:53:31.399  3975  3999 I VrApi   : ---------- vrapi_EnterVrMode [end] ----------
05-03 10:53:31.399  3975  3999 D xrstreamingclient:       vrapi_EnterVrMode()
05-03 10:53:31.399  3975  3999 I VrApi   : vrapi_SetDisplayRefreshRate: display refresh rate supported 72.000000
05-03 10:53:31.399  3975  3999 I xrstreamingclient:     vrapi_SetDisplayRefreshRate(72)
05-03 10:53:31.399  3975  3999 D xrstreamingclient:     vrapi_SetClockLevels(2, 2)
05-03 10:53:31.399  3975  3999 D xrstreamingclient:     vrapi_SetPerfThread(MAIN, 3999)
05-03 10:53:31.399  3975  3999 I xrstreamingclient: AudioPlayer::start()
05-03 10:53:31.399  3975  3999 I xrstreamingclient: AudioPlayer: start()
05-03 10:53:31.400  2114  2114 D [OAO] BaseOverlayService: screenStateReceiver Received broadcast: com.oculus.vrshell.intent.action.PRIMARY_PACKAGE_CHANGED
05-03 10:53:31.401  1830  2035 I chatty  : uid=10030(com.oculus.systemdriver) ClientRequest expire 7 lines
05-03 10:53:31.401  1830  2031 I chatty  : uid=10030(com.oculus.systemdriver) OVR::Clocks expire 2 lines
05-03 10:53:31.402  3188  3188 D [SEO] BaseOverlayService: screenStateReceiver Received broadcast: com.oculus.vrshell.intent.action.PRIMARY_PACKAGE_CHANGED
05-03 10:53:31.403  2185  2345 I GuardianSystem: runtimeServiceSDKClient_.ForceShowGuardianEvent
05-03 10:53:31.403  2185  2345 I GuardianSystem: ForceShowGuardian: false, 0.00
05-03 10:53:31.403  2185  2345 I GuardianSystem: runtimeServiceSDKClient_.PackageChangeEvent: package=[com.oculus.xrstreamingclient], process=[com.oculus.xrstreamingclient]
05-03 10:53:31.403  2185  2345 I GuardianSystem: SetCurrentProcessName: com.oculus.xrstreamingclient, previous ProcessName: com.oculus.shellenv
05-03 10:53:31.403  2185  2345 I GuardianSystem: SetCurrentProcessName: Return package changed: com.oculus.xrstreamingclient
05-03 10:53:31.404  2114  2114 I [OAO] ShellOverlayServiceJNI: NativeSendOverlayCommand
05-03 10:53:31.404  2114  2114 I [OAO] ShellOverlayServiceJNI: NativeWake
05-03 10:53:31.404  2114  2114 I [OAO] ShellOverlayMain: WakeVrThread
05-03 10:53:31.404  2114  2114 I [OAO] ShellOverlayMain: WakeVrThread - notifying vr thread
05-03 10:53:31.404  2114  2574 I [OAO] ShellOverlayApp: VrThread woke up
05-03 10:53:31.404  2114  2574 I [OAO] ShellOverlayApp: 0xcc125c08 msg: overlayCommand:
05-03 10:53:31.404  2114  2574 I [OAO] ShellOverlayApp: command = primaryPackageChanged
05-03 10:53:31.404  2114  2574 I [OAO] ShellOverlayApp: Process_OverlayCommand command : primaryPackageChanged
05-03 10:53:31.404  2114  2574 I [OAO] ShellOverlayApp: UpdatePrimaryPackage forceSilentUpdate:0
05-03 10:53:31.404  2114  2574 I [OAO] ShellOverlayApp: UpdatePrimaryPackage Requested for PackageName:com.oculus.xrstreamingclient
05-03 10:53:31.404  2114  2574 I [OAO] ShellOverlayApp: UpdatePrimaryPackage - Package change:1 Previous package:[com.oculus.xrstreamingclient] immersive app changed:1
05-03 10:53:31.404  2114  2574 I [OAO] OverlayFlowController: OnPrimaryPackageChange primaryPackage:com.oculus.xrstreamingclient immersiveAppChanged:1 forceSilentUpdate:0
05-03 10:53:31.405  2114  2574 I [OAO] OverlayFlowController: Non system primary client change: ready to sleep
05-03 10:53:31.405  2114  2574 I [OAO] OverlayFlowController: Reset resetReason : PrimaryClientChanged
05-03 10:53:31.405  2114  2574 I [OAO] SystemTabletController: Reset, reason: 4, taskBarVisibility: 1
05-03 10:53:31.405  1830  5769 I chatty  : uid=10030(com.oculus.systemdriver) OVR::TimeWarp expire 7 lines
05-03 10:53:31.405  3975  4027 D xrstreaming: receive ping: org 0 recv 0 xmt 4002567418800 (received at 2836142440791), offset divergence -136710
05-03 10:53:31.406  2114  2574 I [OAO] SystemDialogController: Reset
05-03 10:53:31.406  2114  2574 I [OAO] DialogControllerManager: Reset resetReason:4
05-03 10:53:31.406  2114  2574 I [OAO] OverlayFlowController: Reset - Resetting lastNonSystemPackageName to empty
05-03 10:53:31.407  2114  2574 I [OAO] OverlayFlowController: OnPrimaryPackageChange Setting lastNonSystemPackageName = com.oculus.xrstreamingclient
05-03 10:53:31.407  2114  2574 I [OAO] OverlayFlowController: WarmStart
05-03 10:53:31.407  2114  2574 I [OAO] OverlaySystemUXTransitionFlow: KeepAliveForDuration countdown start
05-03 10:53:31.408  1293  1293 V AvrcpMediaPlayerList: onPlaybackConfigChanged(): Configs list size=6
05-03 10:53:31.409  1830  2035 I chatty  : uid=10030(com.oculus.systemdriver) ClientRequest expire 4 lines
05-03 10:53:31.410  2114  2574 I [OAO] FlowController: UpdateActiveFlow from (none) to OverlaySystemUXTransitionFlow
05-03 10:53:31.410  2114  2574 I [OAO] OverlaySystemUXTransitionFlow: Activated
05-03 10:53:31.410  2114  2574 I [OAO] OverlaySystemUxOsDialogFlow: OverlaySystemUxOsDialogFlow UpdatePrimaryPackage isVrShellPackage:0 isSystemPackage:0
05-03 10:53:31.410  2114  2574 I [OAO] OverlayGuardianPtodFlow: OverlayGuardianPtodFlow UpdatePrimaryPackage lastNonSystemPackage:com.oculus.xrstreamingclient isVrShellPackage0
05-03 10:53:31.410  2114  2574 I [OAO] OverlayGuardianFlow: OverlayGuardianFlow UpdatePrimaryPackage lastNonSystemPackage:com.oculus.xrstreamingclient isVrShellPackage0
05-03 10:53:31.410  2114  2574 I [OAO] SystemTabletController: Processing pending None tablet.
05-03 10:53:31.410  2114  2574 I [OAO] SystemTabletController: Processing AUI deep link uri /tablet_none.
05-03 10:53:31.412  1830  2671 I chatty  : uid=10030(com.oculus.systemdriver) Binder:1830_4 expire 1 line
05-03 10:53:31.416   757   757 D SurfaceFlinger: CAC state changed to 5
05-03 10:53:31.416  2114  2574 I [OAO] PanelRenderLayer: ResetSurface 0 x 0 - shape:0 stereo:0
05-03 10:53:31.417  2114  2574 I [OAO] PanelAppHost: Setting panel layer visibility of layer "#main" to invisible
05-03 10:53:31.417  2114  2574 I [OAO] PanelAppHost: Resize layer #main to size 800 x 110 shape:1 stereo:0
05-03 10:53:31.417  2114  2574 I [OAO] PanelRenderLayer: ResetSurface 800 x 110 - shape:1 stereo:0
05-03 10:53:31.418  3500  3500 I AndroidPanelApp: Processing next frame action "layerShow" for layer "#main"
05-03 10:53:31.421   748   748 I SDM     : HWDeviceDRM::UpdateMixerAttributes: Mixer WxH 1920x1832-1 for Virtual
05-03 10:53:31.421   748   748 I SDM     : HWVirtualDRM::SetDisplayAttributes: New WB Resolution: 1920x1832 cur_mode_index 5
05-03 10:53:31.421   748   748 I SDM     : DisplayVirtual::SetActiveConfig: Virtual display resolution changed to[1920x1832]
05-03 10:53:31.421   748   748 I SDM     : DisplayBase::SetFrameBufferConfig: New framebuffer resolution (1920x1832)
05-03 10:53:31.421   748   748 I SDM     : HWCDisplay::SetFrameBufferConfig: New framebuffer resolution (1920x1832)
05-03 10:53:31.424  3188  3409 I [SEO] ShellFrameAnalytics: ShellFrame frameFunction: 50922us/89699676us, trace: 0us/2us, process commands: 1048us/12504us, system update: 224us/5659us, render 139us/1554us, post render 0us/0us
05-03 10:53:31.426  3188  3409 I [SEO] PanelAppHost: PanelAppHost destructor: id 6 com.oculus.systemux/com.oculus.panelapp.anytimeui.AnytimeUIAndroidPanelService
05-03 10:53:31.426  3188  3409 I [SEO] PanelAppHost: Panel app 6 (com.oculus.systemux/com.oculus.panelapp.anytimeui.AnytimeUIAndroidPanelService) changing state from foreground to shutdown
05-03 10:53:31.426  3188  3409 D [SEO] ShellApplication: Unbinding service for panel app id 6
05-03 10:53:31.428   840   986 D CameraMuxModeService: Switching active CameraMuxMode from 'HandTracking' to 'default'
05-03 10:53:31.436  1830  1853 I chatty  : uid=10030(com.oculus.systemdriver) Binder:1830_2 expire 1 line
05-03 10:53:31.439  2185  2345 I GuardianJSONHelper: GuardianJSONHelper::WriteGuardianSettings()
05-03 10:53:31.440  2185  2345 V VrGuardianService: VrGuardianService: for user: 0 run: writeUserJSONFile
05-03 10:53:31.440  2185  2345 D VrGuardianUserService: getGuardianFilesDir() /data/user/0/com.oculus.guardian/files/guardian/
05-03 10:53:31.440  2185  2345 D VrGuardianUserService: VrGuardianService: saveUserFile() /data/user/0/com.oculus.guardian/files/guardian/guardian_settings.json
05-03 10:53:31.441  2185  2345 W GuardianOpenXrMgr: @@@ wait frame retry=10 dtWait=0.000001 dtFrame=0.037834 submittedFrameIndex=25211
05-03 10:53:31.451  3188  3213 W .oculus.vrshel: Suspending all threads took: 7.402ms
05-03 10:53:31.455   743   984 I HollywoodCameraProvider: Switching channel from HAND to CONTROLLER
05-03 10:53:31.458   848  3428 D VrApiService: refresh-rate changed to 72Hz
05-03 10:53:31.458  3188  3409 I [SEO] ShellEnvSwapChainApi: Destroying SwapChain:0xc8d00140
05-03 10:53:31.459  1830  2035 I chatty  : uid=10030(com.oculus.systemdriver) ClientRequest expire 1 line
05-03 10:53:31.459  1830  2031 I chatty  : uid=10030(com.oculus.systemdriver) OVR::Clocks expire 4 lines
05-03 10:53:31.466  3188  3409 I [SEO] ShellEnvSwapChainApi: Destroying SwapChain:0xc8cffe40
05-03 10:53:31.468   743  6372 I FrameSetDispatcher: [HAND] Client thread stopping
05-03 10:53:31.468   743  1436 I FrameSetDispatcher: [HAND] Client thread joined
05-03 10:53:31.468   743  1436 I CameraClientManager: [HAND] Removed client - started clients: 1
05-03 10:53:31.470  3188  3409 I [SEO] ShellEnvSwapChainApi: Destroying SwapChain:0xc8d00980
05-03 10:53:31.473  3188  3409 I [SEO] SystemTabletController: Reset, reason: 5, taskBarVisibility: 1
05-03 10:53:31.478  3188  3409 I [SEO] SystemDialogController: Reset
05-03 10:53:31.479  3188  3409 I [SEO] DialogControllerManager: Reset resetReason:5
05-03 10:53:31.480  1039  1074 I DisplayManagerService: Display device changed state: "com.oculus.android_panel_app.AndroidPanelLayer-#main", ON
05-03 10:53:31.482  1830  1853 I chatty  : uid=10030(com.oculus.systemdriver) Binder:1830_2 expire 1 line
05-03 10:53:31.492  1830  5769 I chatty  : uid=10030(com.oculus.systemdriver) OVR::TimeWarp expire 2 lines
05-03 10:53:31.493   743  6363 W FrameSetDispatcher: [HAND] Client pid=844 (844): stopped while receiving FrameSet
05-03 10:53:31.511   743  6363 I FrameSetDispatcher: [HAND] Client pid=844 (844): Recycled sent FrameSet from receiveFMQ, packetId 11016
05-03 10:53:31.511   743  6363 I FrameSetDispatcher: [HAND] Client thread stopping
05-03 10:53:31.511   743  1436 I FrameSetDispatcher: [HAND] Client thread joined
05-03 10:53:31.511   743  1436 I CameraClientManager: [HAND] Removed client - started clients: 0
05-03 10:53:31.512   844  1028 I [CT]    : HandTrackingCapabilityTranslation: onSuspend
05-03 10:53:31.512   844  1028 I [CT]    : NIMBLE:HTEngine: onSuspend()
05-03 10:53:31.515  3147  3187 I Clay    : xrPollEvent: DISPLAY_REFRESH_RATE_CHANGED_FB: 90.000000 -> 72.000000
05-03 10:53:31.517  1039  6739 E WindowManager: App trying to use insecure INPUT_FEATURE_NO_INPUT_CHANNEL flag. Ignoring
05-03 10:53:31.518   844  1028 I [CT]    : NIMBLE:HTEngine: [Deactivate] Deactivated HT
05-03 10:53:31.518   844  1028 I [CT]    : NIMBLE:HTEngine: Total session duration = 93.20905637099986 seconds
05-03 10:53:31.518   844  1028 I [CT]    : NIMBLE:HTEngine: Total number of frame process in this session = 2329
05-03 10:53:31.518   844  1028 I [CT]    : NIMBLE:HTEngine: Estimated session frame rate = 24.9868423807434 FPS
05-03 10:53:31.519  3500  3500 D [SUI] AnytimeUIAndroidPanelApp: Received deeplink; uri: /tablet_none.
05-03 10:53:31.519  3500  3500 D [SUI] AnytimeUIAndroidPanelApp: Hiding tablet due to unknown reason
05-03 10:53:31.519  3500  3500 D [SUI] MemoryManager: Executing clearViewCache - maxAgeSecs: 0
05-03 10:53:31.520  1662  2949 I [CT]    : MIXEDREALITY: MrServiceView: renderIteration: Display refresh rate changed, new value: 72.
05-03 10:53:31.520  1662  2949 I [CT]    : MIXEDREALITY: MrRuntimeImpl: onDisplayRefreshRateChanged: Display rate changed from 90 to 72.
05-03 10:53:31.520  1662  2949 I [CT]    : MIXEDREALITY: MrRuntimeImpl: Force telemetry to be sent now.
05-03 10:53:31.520  1662  2949 I [CT]    : MIXEDREALITY: MrRuntimeImpl: Reset telemetry such to start collecting data using the new refresh rate.
05-03 10:53:31.520  1662  2949 I [CT]    : MIXEDREALITY: MrRuntimeImpl: setSessionInitTime: Session initialization timer was set to 2836.257450218 ns.
05-03 10:53:31.520  1662  2949 I [CT]    : MIXEDREALITY: MrRuntimeImpl: setSessionInitTime: Reset session duration timer after 4.635524582 seconds.
05-03 10:53:31.520  3500  3500 I PanelService: VR Shell socket closed(ECONNRESET); shutting down fd: 39
05-03 10:53:31.520  3500  3500 I PanelService: Quitting application via hardExit flag. Shutting down fd 39.
05-03 10:53:31.520  3500  3500 I AndroidPanelApp: Destroyed
05-03 10:53:31.520  3500  3500 D [SUI] HostView: Destroying HostView
