04-04 16:46:55.368  1051  3524 E ActivityManager: 	at android.app.IActivityManager$Stub.onTransact(IActivityManager.java:1964)
04-04 16:46:55.368  1051  3524 E ActivityManager: 	at com.android.server.am.ActivityManagerService.onTransact(ActivityManagerService.java:2769)
04-04 16:46:55.368  1051  3524 E ActivityManager: 	at android.os.Binder.execTransactInternal(Binder.java:1021)
04-04 16:46:55.368  1051  3524 E ActivityManager: 	at android.os.Binder.execTransact(Binder.java:994)
04-04 16:46:55.369  1051  3524 I DropBoxManagerService: add tag=system_server_wtf isTagEnabled=true flags=0x2
04-04 16:46:55.373  1051  3524 E ActivityManager: Sending non-protected broadcast com.oculus.systemactivities.CAPTURE_STATE_UPDATE from system 1762:com.oculus.horizon/u0a48 pkg com.oculus.horizon
04-04 16:46:55.373  1051  3524 E ActivityManager: java.lang.Throwable
04-04 16:46:55.373  1051  3524 E ActivityManager: 	at com.android.server.am.ActivityManagerService.checkBroadcastFromSystem(ActivityManagerService.java:15005)
04-04 16:46:55.373  1051  3524 E ActivityManager: 	at com.android.server.am.ActivityManagerService.broadcastIntentLocked(ActivityManagerService.java:15656)
04-04 16:46:55.373  1051  3524 E ActivityManager: 	at com.android.server.am.ActivityManagerService.broadcastIntentLocked(ActivityManagerService.java:15022)
04-04 16:46:55.373  1051  3524 E ActivityManager: 	at com.android.server.am.ActivityManagerService.broadcastIntent(ActivityManagerService.java:15798)
04-04 16:46:55.373  1051  3524 E ActivityManager: 	at android.app.IActivityManager$Stub.onTransact(IActivityManager.java:1964)
04-04 16:46:55.373  1051  3524 E ActivityManager: 	at com.android.server.am.ActivityManagerService.onTransact(ActivityManagerService.java:2769)
04-04 16:46:55.373  1051  3524 E ActivityManager: 	at android.os.Binder.execTransactInternal(Binder.java:1021)
04-04 16:46:55.373  1051  3524 E ActivityManager: 	at android.os.Binder.execTransact(Binder.java:994)
04-04 16:46:55.374  1051  3524 I DropBoxManagerService: add tag=system_server_wtf isTagEnabled=true flags=0x2
04-04 16:46:55.382  3206  3206 D [SUI] BarViewModel: Constructing BarViewModel
04-04 16:46:55.382  3206  3206 D [SUI] AnytimeUIPanelAppBase: Acquiring viewModel BarViewModel refCount: 1
04-04 16:46:55.382  3206  3206 D [SUI] SettingsViewModel: Constructing ViewModel
04-04 16:46:55.384  3206  3206 D [SUI] AnytimeUIPanelAppBase: Acquiring viewModel StatusViewModel refCount: 2
04-04 16:46:55.387  1051  1070 W InputReader: Device has associated, but no associated display id.
04-04 16:46:55.391  1051  1072 W InputReader: Device has associated, but no associated display id.
04-04 16:46:55.391  1051  1072 I ActivityTaskManager: Override config changes=20005df8 {0.0 ?mcc?mnc ?localeList ?layoutDir sw640dp w640dp h1000dp 200dpi lrg port ?uimode ?night -touch qwerty/v/v -nav/h winConfig={ mBounds=Rect(0, 0 - 800, 1250) mAppBounds=Rect(0, 0 - 800, 1250) mWindowingMode=fullscreen mDisplayWindowingMode=fullscreen mActivityType=undefined mAlwaysOnTop=undefined mRotation=ROTATION_0}} for displayId=252
04-04 16:46:55.393  2598  2598 D [SEO] RssdkHelper: getCurrentPackageInfo
04-04 16:46:55.393  2598  2598 I [SEO] RssdkHelperJNI: Java_com_oculus_common_navigation_RssdkHelper_nativeGetCurrentPackageInfo
04-04 16:46:55.393  2598  2598 I [SEO] RssdkHelperJNI: NativeGetCurrentPackageInfo - str combined: 'com.oculus.shellenv'
04-04 16:46:55.393  2598  2598 D [SEO] ShellControlBroadcastReceiver: onReceive with MainActivity native pointer 4003543496, action com.oculus.systemactivities.CAPTURE_STATE_UPDATE
04-04 16:46:55.393  2598  2598 D [SEO] ShellApplication: isTrustedAppLaunch early exit. Not a trusted action.com.oculus.systemactivities.CAPTURE_STATE_UPDATE
04-04 16:46:55.393  2598  2598 D [SEO] ShellControlBroadcastReceiver: isLaunchAction = false, isTrustedAppLaunch = false
04-04 16:46:55.393  2598  2598 D [SEO] ShellControlBroadcastReceiver: IsCaptureStateUpdateAction
04-04 16:46:55.397  1894  1894 D DeviceHelper: isScreenOn = true
04-04 16:46:55.397  1894  1894 D [OAO] ShellOverlayBroadcastReceiver: onReceive with ShellOverlayService native pointer 4003571544, action com.oculus.systemactivities.CAPTURE_STATE_UPDATE
04-04 16:46:55.399  1051  4210 E ActivityManager: Sending non-protected broadcast com.oculus.systemactivities.LOCAL_STREAM_STATE_UPDATE from system 1762:com.oculus.horizon/u0a48 pkg com.oculus.horizon
04-04 16:46:55.399  1051  4210 E ActivityManager: java.lang.Throwable
04-04 16:46:55.399  1051  4210 E ActivityManager: 	at com.android.server.am.ActivityManagerService.checkBroadcastFromSystem(ActivityManagerService.java:15005)
04-04 16:46:55.399  1051  4210 E ActivityManager: 	at com.android.server.am.ActivityManagerService.broadcastIntentLocked(ActivityManagerService.java:15562)
04-04 16:46:55.399  1051  4210 E ActivityManager: 	at com.android.server.am.ActivityManagerService.broadcastIntentLocked(ActivityManagerService.java:15022)
04-04 16:46:55.399  1051  4210 E ActivityManager: 	at com.android.server.am.ActivityManagerService.broadcastIntent(ActivityManagerService.java:15798)
04-04 16:46:55.399  1051  4210 E ActivityManager: 	at android.app.IActivityManager$Stub.onTransact(IActivityManager.java:1964)
04-04 16:46:55.399  1051  4210 E ActivityManager: 	at com.android.server.am.ActivityManagerService.onTransact(ActivityManagerService.java:2769)
04-04 16:46:55.399  1051  4210 E ActivityManager: 	at android.os.Binder.execTransactInternal(Binder.java:1021)
04-04 16:46:55.399  1051  4210 E ActivityManager: 	at android.os.Binder.execTransact(Binder.java:994)
04-04 16:46:55.415 21889 21889 W PartyNativeModuleManager: Calling nativeTearDown but native code wasn't initialized. Noop.
04-04 16:46:55.418 21889 21889 W PartyNativeModuleManager: Calling nativeTearDown but native code wasn't initialized. Noop.
04-04 16:46:55.425  3206  3182 D CCodec  : allocate(c2.android.raw.decoder)
04-04 16:46:55.426   825  1741 V C2Store : in init
04-04 16:46:55.426   825  1741 V C2Store : loading dll
04-04 16:46:55.435  3206  3182 I CCodec  : Created component [c2.android.raw.decoder]
04-04 16:46:55.435  3206  3182 D CCodecConfig: read media type: audio/raw
04-04 16:46:55.437  3206  3206 D [SUI] AnytimeUIPanelAppBase: Acquiring viewModel SettingsViewModel refCount: 1
04-04 16:46:55.437  3206  3206 D [SUI] AnytimeUIPanelAppBase: Acquiring viewModel SocialViewModel refCount: 2
04-04 16:46:55.437  3206  3206 D [SUI] AnytimeUIPanelAppBase: Acquiring viewModel StatusViewModel refCount: 3
04-04 16:46:55.437  3206  3206 D [SUI] ActiveCallBarViewModel: Constructing ActiveCallBarViewModel
04-04 16:46:55.437  3206  3206 D [SUI] AnytimeUIPanelAppBase: Acquiring viewModel SocialViewModel refCount: 3
04-04 16:46:55.437  3206  3206 D [SUI] MessengerCallBarViewModel: constructing MessengerCallBarViewModel
04-04 16:46:55.437  3206  3206 D [SUI] MessengerCallViewModel: constructing MessengerCallViewModel, instance count:38
04-04 16:46:55.437  3206  3206 D [SUI] AnytimeUIPanelAppBase: Acquiring viewModel MessengerCallViewModel refCount: 1
04-04 16:46:55.437  3206  3206 D [SUI] MessengerCallViewModel: registerObserver
04-04 16:46:55.437  3206  3206 D [SUI] AnytimeUIPanelAppBase: Acquiring viewModel ActiveCallBarViewModel refCount: 1
04-04 16:46:55.437  3206  3206 D [SUI] AnytimeUIPanelAppBase: Acquiring viewModel DestinationUIV2ViewModel refCount: 2
04-04 16:46:55.437  3206  3206 D [SUI] OnboardingTutorial: Initialize Onboarding Tutorial
04-04 16:46:55.438  3206  3206 D [SUI] OnboardingTutorial: Step is: SKIPPED
04-04 16:46:55.438  3206  3206 D [SUI] OnboardingTutorial: Not a first time user; skipping the tutorial
04-04 16:46:55.438  3206  3206 D [SUI] SystemStatusView: Initializing System Status
04-04 16:46:55.438  3206  3206 D [SUI] AnytimeUIPanelAppBase: Acquiring viewModel SocialViewModel refCount: 4
04-04 16:46:55.438  3206  3206 D [SUI] StatusViewModel: Constructing ViewModel
04-04 16:46:55.439  3206  3182 D ReflectedParamUpdater: extent() != 1 for single value type: algo.buffers.max-count.values
04-04 16:46:55.441  3206  3182 D ReflectedParamUpdater: extent() != 1 for single value type: output.subscribed-indices.values
04-04 16:46:55.442  3206  3182 D ReflectedParamUpdater: extent() != 1 for single value type: input.buffers.allocator-ids.values
04-04 16:46:55.442  3206  3206 I android_os_HwBinder: HwBinder: Starting thread pool for getting: vendor.oculus.hardware.battery@1.0::IBattery/default
04-04 16:46:55.445  3206  3182 D ReflectedParamUpdater: extent() != 1 for single value type: output.buffers.allocator-ids.values
04-04 16:46:55.445  3206  3182 D ReflectedParamUpdater: extent() != 1 for single value type: algo.buffers.allocator-ids.values
04-04 16:46:55.445  3206  3182 D ReflectedParamUpdater: extent() != 1 for single value type: output.buffers.pool-ids.values
04-04 16:46:55.445  3206  3182 D ReflectedParamUpdater: extent() != 1 for single value type: algo.buffers.pool-ids.values
04-04 16:46:55.448  3206  3206 D [SUI] StatusViewModel: Initializing wifi status BroadcastReceiver
04-04 16:46:55.449  3206  3206 D [SUI] StatusViewModel: Initialized wifi status BroadcastReceiver
04-04 16:46:55.453  3206  3206 D [SUI] AnytimeUIPanelAppBase: Acquiring viewModel BarViewModel refCount: 2
04-04 16:46:55.453  3206  3206 D [SUI] AnytimeUIPanelAppBase: Acquiring viewModel SystemStatusViewModel refCount: 1
04-04 16:46:55.453  3206  3206 D [SUI] SocialViewModel: registerObserver(): -$$Lambda$SystemStatusView$hvdttGlyfUmlGZJVTLPJRt2c5Fk
04-04 16:46:55.454  3206  3206 D [SUI] SocialViewModel: refreshLowPriData()
04-04 16:46:55.454  3206  3206 D [SUI] SocialViewModel: loadProfilePhotoUrl()
04-04 16:46:55.454  3206  3206 D [SUI] SystemStatusView: Initialized System Status
04-04 16:46:55.454  3206  3206 D [SUI] AnytimeUIPanelAppBase: Acquiring viewModel DynamicAppsViewModel refCount: 2
04-04 16:46:55.454  3206  3206 D [SUI] DynamicAppsView: Initializing dynamic apps view on bar
04-04 16:46:55.454  3206  3206 D [SUI] DestinationUIButtonView: Initializing running app navigation button
04-04 16:46:55.454  3206  3182 I CCodecConfig: query failed after returning 8 values (BAD_INDEX)
04-04 16:46:55.454  3206  3182 D CCodecConfig: c2 config diff is Dict {
04-04 16:46:55.454  3206  3182 D CCodecConfig:   c2::u32 coded.bitrate.value = 64000
04-04 16:46:55.454  3206  3182 D CCodecConfig:   c2::u32 input.buffers.max-size.value = 65536
04-04 16:46:55.454  3206  3182 D CCodecConfig:   c2::u32 input.delay.value = 0
04-04 16:46:55.454  3206  3182 D CCodecConfig:   string input.media-type.value = "audio/raw"
04-04 16:46:55.454  3206  3182 D CCodecConfig:   string output.media-type.value = "audio/raw"
04-04 16:46:55.454  3206  3182 D CCodecConfig:   c2::u32 raw.channel-count.value = 2
04-04 16:46:55.454  3206  3182 D CCodecConfig:   c2::u32 raw.pcm-encoding.value = 0
04-04 16:46:55.454  3206  3182 D CCodecConfig:   c2::u32 raw.sample-rate.value = 44100
04-04 16:46:55.454  3206  3182 D CCodecConfig: }
04-04 16:46:55.455  3206  3182 D CCodecConfig: no c2 equivalents for durationUs
04-04 16:46:55.455  3206  3182 D CCodecConfig: no c2 equivalents for track-id
04-04 16:46:55.455  3206  3182 D CCodecConfig: no c2 equivalents for bits-per-sample
04-04 16:46:55.455  3206  3182 D CCodecConfig: no c2 equivalents for channel-mask
04-04 16:46:55.456  3206  3182 D CCodecConfig: c2 config diff is   c2::u32 raw.channel-count.value = 1
04-04 16:46:55.456  3206  3182 D CCodecConfig:   c2::u32 raw.sample-rate.value = 48000
04-04 16:46:55.456  3206  3182 W Codec2Client: query -- param skipped: index = 1107298332.
04-04 16:46:55.456  3206  3182 D CCodec  : setup formats input: AMessage(what = 0x00000000) = {
04-04 16:46:55.456  3206  3182 D CCodec  :   int32_t channel-count = 1
04-04 16:46:55.456  3206  3182 D CCodec  :   int32_t max-input-size = 65536
04-04 16:46:55.456  3206  3182 D CCodec  :   string mime = "audio/raw"
04-04 16:46:55.456  3206  3182 D CCodec  :   int32_t pcm-encoding = 2
04-04 16:46:55.456  3206  3182 D CCodec  :   int32_t sample-rate = 48000
04-04 16:46:55.456  3206  3182 D CCodec  : } and output: AMessage(what = 0x00000000) = {
04-04 16:46:55.456  3206  3182 D CCodec  :   int32_t channel-count = 1
04-04 16:46:55.456  3206  3182 D CCodec  :   string mime = "audio/raw"
04-04 16:46:55.456  3206  3182 D CCodec  :   int32_t pcm-encoding = 2
04-04 16:46:55.456  3206  3182 D CCodec  :   int32_t sample-rate = 48000
04-04 16:46:55.456  3206  3182 D CCodec  :   int32_t channel-mask = 0
04-04 16:46:55.456  3206  3182 D CCodec  : }
04-04 16:46:55.457  3206  3182 W Codec2Client: query -- param skipped: index = 1342179345.
04-04 16:46:55.457  3206  3182 W Codec2Client: query -- param skipped: index = 2415921170.
04-04 16:46:55.457  3206  3182 D CCodecBufferChannel: [c2.android.raw.decoder#419] Created input block pool with allocatorID 16 => poolID 54 - OK (0)
04-04 16:46:55.458  3206  3206 D [SUI] AnytimeUIPanelAppBase: Acquiring viewModel DestinationUIV2ViewModel refCount: 3
04-04 16:46:55.458  3206  3206 D [SUI] DestinationUIButtonView: Initialized running app navigation button
04-04 16:46:55.458  3206  3206 D [SUI] SocialViewModel: registerPartyObserver(): -$$Lambda$BarView$_n5ab72-UnyHb6NHXw4XRP4FKAc
04-04 16:46:55.458  3206  3206 D [SUI] BarView: Initialized parties call bar
04-04 16:46:55.458  3206  3206 D [SUI] MessengerCallViewModel: registerObserver
04-04 16:46:55.458  3206  3206 D [SUI] BarView: Initialized messenger call bar
04-04 16:46:55.458  3206  3206 V [SUI] BarView: Subscribing to notifications badge live data
04-04 16:46:55.458  3206  3206 V [SUI] BarView: Notifs badge count: 0, Messenger badge count 0
04-04 16:46:55.458  3206  3299 D BufferPoolAccessor: bufferpool2 0x7555d0ac20 : 0(0 size) total buffers - 0(0 size) used buffers - 0/5 (recycle/alloc) - 4/8 (fetch/transfer)
04-04 16:46:55.459  3206  3299 D BufferPoolAccessor: Destruction - bufferpool2 0x7555d0ac20 cached: 0/0M, 0/0% in use; allocs: 5, 0% recycled; transfers: 8, 50% unfetced
04-04 16:46:55.459  3206  3182 I CCodecBufferChannel: [c2.android.raw.decoder#419] Created output block pool with allocatorID 16 => poolID 245 - OK
04-04 16:46:55.459  3206  3182 D CCodecBufferChannel: [c2.android.raw.decoder#419] Configured output block pool ids 245 => OK
04-04 16:46:55.460  1800  4172 D BufferPoolAccessor: bufferpool2 0x74d2306c20 : 0(0 size) total buffers - 0(0 size) used buffers - 2/9 (recycle/alloc) - 7/2588 (fetch/transfer)
04-04 16:46:55.460  1800  4172 D BufferPoolAccessor: Destruction - bufferpool2 0x74d2306c20 cached: 0/0M, 0/0% in use; allocs: 9, 22% recycled; transfers: 2588, 100% unfetced
04-04 16:46:55.465  1051  1455 I DisplayManagerService: Display device removed: DisplayDeviceInfo{"com.oculus.android_panel_app.AndroidPanelLayer-#main": uniqueId="virtual:com.oculus.systemux,10032,com.oculus.android_panel_app.AndroidPanelLayer-#main,2", 800 x 1250, modeId 257, defaultModeId 257, supportedModes [{id=257, width=800, height=1250, fps=60.0}], colorMode 0, supportedColorModes [0], HdrCapabilities null, density 200, 200.0 x 200.0 dpi, appVsyncOff 0, presDeadline 16666666, touch NONE, rotation 0, type VIRTUAL, state OFF, owner com.oculus.systemux (uid 10032), FLAG_PRIVATE, FLAG_NEVER_BLANK, FLAG_OWN_CONTENT_ONLY}
04-04 16:46:55.472   825  3183 D SimpleC2Component: Using output block pool with poolID 245 => got 245 - 0
04-04 16:46:55.483  1051  1455 I DisplayManagerService: Display device added: DisplayDeviceInfo{"com.oculus.android_panel_app.AndroidPanelLayer-#main": uniqueId="virtual:com.oculus.systemux,10032,com.oculus.android_panel_app.AndroidPanelLayer-#main,2", 800 x 110, modeId 258, defaultModeId 258, supportedModes [{id=258, width=800, height=110, fps=60.0}], colorMode 0, supportedColorModes [0], HdrCapabilities null, density 200, 200.0 x 200.0 dpi, appVsyncOff 0, presDeadline 16666666, touch NONE, rotation 0, type VIRTUAL, state OFF, owner com.oculus.systemux (uid 10032), FLAG_PRIVATE, FLAG_NEVER_BLANK, FLAG_OWN_CONTENT_ONLY}
04-04 16:46:55.487 21889 21889 W PartyNativeModuleManager: Calling nativeTearDown but native code wasn't initialized. Noop.
04-04 16:46:55.490   802   802 D MediaBufferGroup: creating MemoryDealer
04-04 16:46:55.493 21889 21889 W PartyNativeModuleManager: Calling nativeTearDown but native code wasn't initialized. Noop.
04-04 16:46:55.500  3206  3206 I AndroidPanelApp: HideLayer(tablet, shape: 1, shouldMinimizeLayer: false)
04-04 16:46:55.501  1051  4582 I DisplayManagerService: Display device added: DisplayDeviceInfo{"com.oculus.android_panel_app.AndroidPanelLayer-tablet": uniqueId="virtual:com.oculus.systemux,10032,com.oculus.android_panel_app.AndroidPanelLayer-tablet,0", 1000 x 625, modeId 259, defaultModeId 259, supportedModes [{id=259, width=1000, height=625, fps=60.0}], colorMode 0, supportedColorModes [0], HdrCapabilities null, density 200, 200.0 x 200.0 dpi, appVsyncOff 0, presDeadline 16666666, touch NONE, rotation 0, type VIRTUAL, state OFF, owner com.oculus.systemux (uid 10032), FLAG_PRIVATE, FLAG_NEVER_BLANK, FLAG_OWN_CONTENT_ONLY}
04-04 16:46:55.509  3206  3206 D [SUI] HostView: Constructing HostView
04-04 16:46:55.509  3206  3206 D [SUI] HostView: Initializing HostView
04-04 16:46:55.510  3206  3206 D [SUI] EmptyView: Constructing EmptyView
04-04 16:46:55.510  3206  3206 D [SUI] EmptyView: Initializing EmptyView
04-04 16:46:55.510  3206  3206 D [SUI] EmptyView: Showing EmptyView
04-04 16:46:55.511  3206  3206 D [SUI] SettingsAssistantJsonBuilder: Registering legacy settings
04-04 16:46:55.511  3206  3206 D [SUI] SettingsAssistantJsonBuilder: Not registering settings service settings. Blocked by GK
04-04 16:46:55.512  3206  3206 D [SUI] SettingsAssistantJsonBuilder: Settings JSON: {"settings":[{"id":"about","type":"void","mutable":false,"queryable":false,"route":"systemux:\/\/settings\/about"},{"id":"auto sleep","type":"void","mutable":false,"queryable":false,"route":"systemux:\/\/settings\/power?setting=auto_sleep_time","parent":"power"},{"id":"auto wake","type":"void","mutable":false,"queryable":false,"route":"systemux:\/\/settings\/power?setting=auto_wake","parent":"power"},{"id":"bluetooth pairing","type":"void","mutable":false,"queryable":false,"route":"systemux:\/\/settings\/experiments?setting=bluetooth_pairing","parent":"experiments"},{"id":"boundary color","type":"void","mutable":false,"queryable":false,"route":"systemux:\/\/settings\/guardian?setting=guardian_customization_boundary_color_config","parent":"guardian"},{"id":"bug report","type":"void","mutable":false,"queryable":false,"route":"systemux:\/\/bug_report","parent":"about"},{"id":"controllers","type":"void","mutable":false,"queryable":false,"route":"systemux:\/\/settings\/controllers"},{"id":"device","type":"void","mutable":false,"queryable":false,"route":"systemux:\/\/settings\/device"},{"id":"do not disturb","type":"void","mutable":false,"queryable":false,"route":"systemux:\/\/settings\/notifications?setting=do_not_disturb","parent":"notifications"},{"id":"environment","type":"void","mutable":false,"queryable":false,"route":"systemux:\/\/settings\/environment"},{"id":"experiments","type":"void","mutable":false,"queryable":false,"route":"systemux:\/\/settings\/experiments"},{"id":"floor level","type":"void","mutable":false,"queryable":false,"route":"systemux:\/\/guardian\/guardian-adjust-floor","parent":"guardian"},{"id":"glanceable boundary","type":"void","mutable":false,"queryable":false,"route":"systemux:\/\/settings\/guardian?setting=guardian_enable_glanceable_bounds","parent":"guardian"},{"id":"guardian","type":"void","mutable":false,"queryable":false,"route":"systemux:\/\/settings\/guardian"},{"id":"guardian history","type":"void","mutable":false,"queryable":false,"route":"systemux:\/\/settings\/guardian?setting=guardian_clear_history","parent":"guardian"},{"id":"guardian passthrough","type":"void","mutable":false,"queryable":false,"route":"systemux:\/\/settings\/guardian?setting=passthrough_on_demand","parent":"guardian"},{"id":"hand tracking","type":"void","mutable":false,"queryable":false,"route":"systemux:\/\/settings\/controllers?setting=hand_tracking","parent":"controllers"},{"id":"health and safety","type":"void","mutable":false,"queryable":false,"route":"systemux:\/\/health_and_safety_video","parent":"about"},{"id":"language","type":"void","mutable":false,"queryable":false,"route":"systemux:\/\/settings\/device?setting=settings_language","parent":"device"},{"id":"long press","type":"void","mutable":false,"queryable":false,"route":"systemux:\/\/settings\/controllers?setting=oculus_button_long_press","parent":"controllers"},{"id":"mac address","type":"void","mutable":false,"queryable":false,"route":"systemux:\/\/settings\/about?setting=null","parent":"about"},{"id":"microphone","type":"void","mutable":false,"queryable":false,"route":"systemux:\/\/settings\/device?setting=microphone","parent":"device"},{"id":"night shift","type":"void","mutable":false,"queryable":false,"route":"systemux:\/\/settings\/device?setting=night_shift","parent":"device"},{"id":"notifications","type":"void","mutable":false,"queryable":false,"route":"systemux:\/\/settings\/notifications"},{"id":"os version","type":"void","mutable":false,"queryable":false,"route":"systemux:\/\/settings\/about?setting=null","parent":"about"},{"id":"permissions","type":"void","mutable":false,"queryable":false,"route":"systemux:\/\/settings\/permissions"},{"id":"power","type":"void","mutable":false,"queryable":false,"route":"systemux:\/\/settings\/power"},{"id":"privacy policy","type":"void","mutable":false,"queryable":false,"parent":"about","route":""},{"id":"roomscale","type":"void","mutable":false,"queryable":false,"route":"systemux:\/\/settings\/guardian?setting=guardian_roomscale_
04-04 16:46:55.512  1463  3136 W ContextImpl: Calling a method in the system process without a qualified user: android.app.ContextImpl.sendBroadcast:1057 android.content.ContextWrapper.sendBroadcast:448 X.o8.A00:143 X.oO.A00:17 X.oO.handleMessage:90 
04-04 16:46:55.515  3206  3206 D [SUI] AnytimeUIAndroidPanelApp: Stored settings in pref store in 3499479 ns
04-04 16:46:55.516  3206  3206 D [SUI] AUIUpdatesTutorial: User has seen AUI Updates tutorial; skipping.
04-04 16:46:55.516   833 28691 I [CT]    : VIPER:MAP_MANAGER: State: TrackingPersistent, UUID=0236f00a-b7d0-2762-ceac-8516caac74a0, Num. Persistent maps = 3,  Persistent maps:bc705666-18f7-3b7b-46c2-e61fa37bbbc9,9dafb6d2-7cce-fc48-79a1-27a9abfd876d,0236f00a-b7d0-2762-ceac-8516caac74a0,
04-04 16:46:55.517  3206  3206 D [SUI] MultitaskTutorial: Multitasking is not enabled or multitasking tutorial has been seen; skipping.
04-04 16:46:55.518  3206  3206 D [SUI] AdaptabilityTutorial: Adaptability is not enabled or adaptability tutorial has been seen; skipping.
04-04 16:46:55.518  3206  3206 I PanelService: BEGIN: nativeInitializePanelInstance - Configure and set up thread polling.
04-04 16:46:55.518  3206  3206 I PanelService: BEGIN: Call hosted app's Configure method.
04-04 16:46:55.518  3206  3206 I PanelService: END: Call hosted app's Configure method.
04-04 16:46:55.518  3206  3206 I PanelService: END: nativeInitializePanelInstance - Add fd 33 to looper with error code 1
04-04 16:46:55.518  3206  3206 D CppPanelService: END: Initializing panel application via MSG_CREATE_PANEL_APP.
04-04 16:46:55.518  3206  3206 D [SUI] AnytimeUIAndroidPanelApp: Received deeplink; uri: /tablet_none.
04-04 16:46:55.518  3206  3206 D [SUI] AnytimeUIAndroidPanelApp: Hiding tablet due to unknown reason
04-04 16:46:55.518  3206  3206 D [SUI] LibraryLogger: Library Session ID Generated: 758d3b89-3aff-4a60-b191-1fa5485dfbd9
04-04 16:46:55.518  3206  3206 I [SUI] AnytimeUIAndroidPanelApp: handleGenericMessage activeComponent com.oculus.systemux/com.oculus.panelapp.anytimeui.AnytimeUIAndroidPanelService 
04-04 16:46:55.518  3206  3206 I [SUI] AnytimeUIAndroidPanelApp: handleActiveComponent - com.oculus.systemux/com.oculus.panelapp.anytimeui.AnytimeUIAndroidPanelService, returnComponent = 
04-04 16:46:55.518  3206  3206 D [SUI] SharingViewModel: clearAbuseReportRecordingTimer
04-04 16:46:55.518  3206  3206 I [SUI] AnytimeUIAndroidPanelApp: updateGuardianStatus - 1 - 2 - false - true
04-04 16:46:55.520  3206  3206 D [SUI] SocialViewModel: refreshLowPriData()
04-04 16:46:55.520  3206  3206 D [SUI] SocialViewModel: loadProfilePhotoUrl()
04-04 16:46:55.520  3206  3206 D [SUI] SocialViewModel: refresPartyData()
04-04 16:46:55.520  3206  3206 I AndroidPanelApp: Processing pending hide layer for layer #main.
04-04 16:46:55.520  3206  3206 I AndroidPanelApp: Processing pending hide layer for layer tablet.
04-04 16:46:55.520  3206  3206 I AndroidPanelApp: Processing pending show layer info for layer #main with width 800 and height 110.
04-04 16:46:55.520  3206  3206 I AndroidPanelApp: layerSupersample no changes
04-04 16:46:55.520  3206  3206 I AndroidPanelApp: Processing pending show layer info for layer tablet with width 1000 and height 625.
04-04 16:46:55.520  3206  3206 I AndroidPanelApp: layerSupersample no changes
04-04 16:46:55.521  1051  1070 W InputReader: Device has associated, but no associated display id.
04-04 16:46:55.525  3206  3206 D [SUI] AnytimeUIBroadcastReceiver: action: com.oculus.systemactivities.CAPTURE_STATE_UPDATE
04-04 16:46:55.525  3206  3206 I [SUI] AnytimeUIBroadcastReceiver: handleCaptureStateUpdate: captureToDisk false, captureEnabled false, isCapturingAbuseReport false, abuseRecordingUUID null
04-04 16:46:55.525  3206  3206 D [SUI] AnytimeUIBroadcastReceiver: action: com.oculus.systemactivities.LOCAL_STREAM_STATE_UPDATE
04-04 16:46:55.525  3206  3206 D [SUI] AnytimeUIBroadcastReceiver: action: com.oculus.systemactivities.CAPTURE_STATE_UPDATE
04-04 16:46:55.525  3206  3206 I [SUI] AnytimeUIBroadcastReceiver: handleCaptureStateUpdate: captureToDisk false, captureEnabled false, isCapturingAbuseReport false, abuseRecordingUUID null
04-04 16:46:55.525  3206  3206 D [SUI] AnytimeUIBroadcastReceiver: action: com.oculus.systemactivities.LOCAL_STREAM_STATE_UPDATE
04-04 16:46:55.525  3206  3206 D [SUI] MessengerCallViewModel: hyperspace client created
04-04 16:46:55.525  3206  3206 D HyperspaceClient: acquire instance, refcount: 1
04-04 16:46:55.525  3206  3206 D [SUI] MessengerCallViewModel: OCULUS_VR_MESSENGER_CALLING_CLIENT_SIDE_GATE GK value: true
04-04 16:46:55.525  2598  2865 I [SEO] PanelRenderLayer: ResetSurface 0 x 0 - shape:0 stereo:0
04-04 16:46:55.525  2598  2865 I [SEO] PanelAppHost: Setting panel layer visibility of layer "#main" to invisible
04-04 16:46:55.525  2598  2865 I [SEO] PanelAppHost: Setting panel layer visibility of layer "tablet" to invisible
04-04 16:46:55.525  2598  2865 I [SEO] PanelAppHost: Resize layer #main to size 800 x 110 shape:1 stereo:0
04-04 16:46:55.525  2598  2865 I [SEO] PanelRenderLayer: ResetSurface 800 x 110 - shape:1 stereo:0
04-04 16:46:55.526  2598  2865 I [SEO] PanelAppHost: Resize layer tablet to size 1000 x 625 shape:1 stereo:0
04-04 16:46:55.526  2598  2865 I [SEO] PanelRenderLayer: ResetSurface 1000 x 625 - shape:1 stereo:0
04-04 16:46:55.526  1964  2257 I VrRuntimeService: UpdateAndroidSurfaceSwapChainDimensions: 540: 1000x625
04-04 16:46:55.526  1964  2257 I VrRuntimeService: UpdateSwapChainSamplerState: 540
04-04 16:46:55.526  1964  2257 I VrRuntimeService: UpdateSwapChainSamplerState: minFilter=1 magFilter=1 wrapModeS=3 warpModeT=3 maxAniso=1.000000 border={0.000000,0.000000,0.000000,0.000000} swizzle={0,1,2,3}
04-04 16:46:55.526  3206  3189 D HyperspaceClientJni: initInternal - start
04-04 16:46:55.526  3206  3189 D HyperspaceClientJni: startHyperspacePresenceServiceClient
04-04 16:46:55.526  3206  3189 D HyperspaceClientJni: initHyperspacePresenceServiceClient begin
04-04 16:46:55.526  3206  3189 I ipcLoader_static: RuntimeIPC: Loader: IPC Service API Loader Version: 24 Feb 10 2022 17:39:23
04-04 16:46:55.526  3206  3189 I RuntimeIPCApi: ipc_Initialize
04-04 16:46:55.526  3206  3189 I RuntimeIPCServiceClient: Init: Already initialized: com.oculus.systemux:SystemUX, 1
04-04 16:46:55.526   825  7102 D BufferPoolAccessor: Destruction - bufferpool2 0x2a8018e430 cached: 0/0M, 0/0% in use; allocs: 0, 0% recycled; transfers: 0, 0% unfetced
04-04 16:46:55.526   825  7102 V C2Store : in ~ComponentModule
04-04 16:46:55.526   825  7102 V C2Store : unloading dll
04-04 16:46:55.527  3206  3169 D [SUI] OCFollowingLoader: Setting 0 records
04-04 16:46:55.529  3206  3206 I AndroidPanelApp: Processing next frame action "layerShow" for layer "#main"
04-04 16:46:55.544  3206  3170 D [SUI] FollowTopBarViewModel: success
04-04 16:46:55.546  1051  1070 W InputReader: Device has associated, but no associated display id.
04-04 16:46:55.547  1463  3148 W ContextImpl: Calling a method in the system process without a qualified user: android.app.ContextImpl.sendBroadcast:1057 android.content.ContextWrapper.sendBroadcast:448 X.o8.A00:143 X.oO.A00:17 X.oO.handleMessage:90 
04-04 16:46:55.550  1051  3913 E WindowManager: App trying to use insecure INPUT_FEATURE_NO_INPUT_CHANNEL flag. Ignoring
04-04 16:46:55.553  3206  3206 I AndroidPanelApp: Processing next frame action "layerShow" for layer "tablet"
04-04 16:46:55.556  1051  1072 W InputReader: Device has associated, but no associated display id.
04-04 16:46:55.556  1051  1072 I ActivityTaskManager: Override config changes=20005df8 {0.0 ?mcc?mnc ?localeList ?layoutDir sw88dp w640dp h88dp 200dpi nrml long land ?uimode ?night -touch qwerty/v/v -nav/h winConfig={ mBounds=Rect(0, 0 - 800, 110) mAppBounds=Rect(0, 0 - 800, 110) mWindowingMode=fullscreen mDisplayWindowingMode=fullscreen mActivityType=undefined mAlwaysOnTop=undefined mRotation=ROTATION_0}} for displayId=253
04-04 16:46:55.557  1051  1072 I DisplayManagerService: Display device changed state: "com.oculus.android_panel_app.AndroidPanelLayer-#main", ON
04-04 16:46:55.558   833 28691 I [CT]    : VIPER: Mode=Vega,Status=6DoF,TRACKING,KF=-1,Inl=349,Pts=0,Mem=85.5,Jit=0.7mm,Issues(Cam/min=0.0,IMU/min=0.0),Exp=(4.0ms,g=1.0,I=73,Ir=18127.4)(5.4ms,g=2.0,I=73,Ir=6839.5)(5.4ms,g=2.0,I=68,Ir=6380.6)(2.1ms,g=1.0,I=73,Ir=34002.3)
04-04 16:46:55.560  1051  4210 E WindowManager: App trying to use insecure INPUT_FEATURE_NO_INPUT_CHANNEL flag. Ignoring
04-04 16:46:55.562  2598  2865 I [SEO] PanelAppAnalytics: First frame latency: 0.344 for id 58 com.oculus.systemux/com.oculus.panelapp.anytimeui.AnytimeUIAndroidPanelService
04-04 16:46:55.562  2598  2865 I [SEO] LayerSwapChainResource: LayerSwapChainResource 800,110 : 3
04-04 16:46:55.562  1964  2257 I VrRuntimeService: CreateSwapChain: 240020496
04-04 16:46:55.562  1964  2257 I VrRuntimeService: CreateSwapChain: api:vk 0 0x2b 800 110 10 3 1 4 3
04-04 16:46:55.562  1964  2257 W SwapChain: CreateTextureSwapChainFoveation: export failed
04-04 16:46:55.563  1964  2257 I VrRuntimeServer: CreateTextureSwapChain: result importswapchaingles 1
04-04 16:46:55.564  3206  3206 D [SUI] AdapterUpdatesCoalescer: startDiffingInBackground
04-04 16:46:55.564  3206  3206 E [SUI] FakeAppUtils: error no systemUX route for com.oculus.explore
04-04 16:46:55.564  3206  3206 E [SUI] FakeAppUtils: error no systemUX route for com.oculus.store
04-04 16:46:55.564  1800  3040 I SwapChain_Vulkan: Imported texture has requirements 3, ends up index 0
04-04 16:46:55.564  1800  3040 I chatty  : uid=10013(com.oculus.shellenv) Thread-28 identical 1 line
04-04 16:46:55.564  1800  3040 I SwapChain_Vulkan: Imported texture has requirements 3, ends up index 0
04-04 16:46:55.565  1800  3040 W VrRuntimeClient: CreateTextureSwapChain: Failed to import foveation swapchain
04-04 16:46:55.567  1964  2257 I VrRuntimeService: UpdateSwapChainSamplerState: 542
04-04 16:46:55.567  1964  2257 I VrRuntimeService: UpdateSwapChainSamplerState: minFilter=1 magFilter=1 wrapModeS=3 warpModeT=3 maxAniso=1.000000 border={0.000000,0.000000,0.000000,0.000000} swizzle={0,1,2,3}
04-04 16:46:55.568  1051  1072 W InputReader: Device has associated, but no associated display id.
04-04 16:46:55.568  1051  1072 I ActivityTaskManager: Override config changes=20005df8 {0.0 ?mcc?mnc ?localeList ?layoutDir sw500dp w800dp h500dp 200dpi lrg land ?uimode ?night -touch qwerty/v/v -nav/h winConfig={ mBounds=Rect(0, 0 - 1000, 625) mAppBounds=Rect(0, 0 - 1000, 625) mWindowingMode=fullscreen mDisplayWindowingMode=fullscreen mActivityType=undefined mAlwaysOnTop=undefined mRotation=ROTATION_0}} for displayId=254
04-04 16:46:55.569  1051  1072 I DisplayManagerService: Display device changed state: "com.oculus.android_panel_app.AndroidPanelLayer-tablet", ON
04-04 16:46:55.570  1964  2179 I PerformanceManager_V0: SetClockLevels: Apply pending clock request change: 2,2 -> 3,2
04-04 16:46:55.570  1964 28700 I Clocks  : ReleaseClocks - start
04-04 16:46:55.571  1964 28700 I Clocks  : ReleaseClocks - end (0.9 ms)
04-04 16:46:55.571  1964 28700 I Clocks  : LockClocks( cpu=3, gpu=2 ) - start
04-04 16:46:55.574  1964 28700 I Clocks  : CPU levels [0, 4]
04-04 16:46:55.574  1964 28700 I Clocks  : GPU levels [0, 5]
04-04 16:46:55.575  1964 28700 I Clocks  : LockClocks( cpu=3, gpu=2 ) - end (3.5 ms)
04-04 16:46:55.579  2002  2002 D PresenceAPK(PresenceService): onStartCommand: Intent action = null
04-04 16:46:55.582  2002  3388 D RuntimeIPCServerMgr: RegisterClient: Client: com.oculus.systemux:com.oculus.systemux:SystemUX:3206, Server: com.oculus.presence:com.oculus.presence (PresenceServer)
04-04 16:46:55.582  2002  3388 I IPCSharedMemory: CreateSharedMemory: Allocated shared memory fd 88 (ipcStateReadWrite)
04-04 16:46:55.583  2002  3388 I IPCSharedMemory: CreateSharedMemory: Allocated shared memory fd 89 (ipcReadOnlyState)
04-04 16:46:55.592  2002  3388 I RuntimeIPCServerMgr: HandleClientConnect SUCCESS: Client: com.oculus.systemux:com.oculus.systemux:SystemUX:3206, Server: com.oculus.presence:com.oculus.presence (PresenceServer)
04-04 16:46:55.592  2002  3388 I RuntimeIPCServerMgr: GetServerStatesConfig -> {MaxBufferSize=32768, MaxEntries=64}
04-04 16:46:55.592  3206  3189 I RuntimeIPCClientMgr: GetServerStatesConfig returned maxEntries=64, maxBuffSize=32768
04-04 16:46:55.592  3206  3189 I RuntimeIPCClientMgr: TryToGetIPCResourcesFromServer: RPC_CONNECTOR_CONNECT_TO_SERVER SUCCESS: Client: com.oculus.systemux:com.oculus.systemux:SystemUX:3206, Server: com.oculus.presence:com.oculus.presence (PresenceServer)
04-04 16:46:55.592  3206  3189 I RuntimeIPCClientMgr: EnsureServerConnection: SUCCESS. Client: com.oculus.systemux:com.oculus.systemux:SystemUX:3206, Server: com.oculus.presence:com.oculus.presence (PresenceServer)
04-04 16:46:55.592  3206  3189 I RuntimeIPCClientMgr: ConnectToServer: SUCCESS: Client: com.oculus.systemux:com.oculus.systemux:SystemUX:3206, Server: com.oculus.presence:com.oculus.presence (PresenceServer)
04-04 16:46:55.592  3206  3189 W REFLECT : RuntimeIPC: DeferredConnectEvent not valid: 0, 15
04-04 16:46:55.592  3206  3189 I ipcLoader_static: RuntimeIPC: Loader: IPC Service API Loader Version: 24 Feb 10 2022 17:39:23
04-04 16:46:55.592  3206  3189 I RuntimeIPCApi: ipc_Initialize
04-04 16:46:55.592  3206  3189 I RuntimeIPCServiceClient: Init: Already initialized: com.oculus.systemux:SystemUX, 2
04-04 16:46:55.609  2002  2002 D PresenceAPK(PresenceService): onStartCommand: Intent action = null
04-04 16:46:55.610  2002  3388 D RuntimeIPCServerMgr: RegisterClient: Client: com.oculus.systemux:com.oculus.systemux:SystemUX:3206, Server: com.oculus.presence:com.oculus.presence (PubSubServer)
04-04 16:46:55.610  2002  3388 I IPCSharedMemory: CreateSharedMemory: Allocated shared memory fd 91 (ipcStateReadWrite)
04-04 16:46:55.611  3206  3206 D [SUI] AdapterUpdatesCoalescer: There is no pending update
04-04 16:46:55.612  2002  3388 I IPCSharedMemory: CreateSharedMemory: Allocated shared memory fd 92 (ipcReadOnlyState)
04-04 16:46:55.616  2002  3388 I RuntimeIPCServerMgr: HandleClientConnect SUCCESS: Client: com.oculus.systemux:com.oculus.systemux:SystemUX:3206, Server: com.oculus.presence:com.oculus.presence (PubSubServer)
04-04 16:46:55.624  2002  3388 I RuntimeIPCServerMgr: GetServerStatesConfig -> {MaxBufferSize=32768, MaxEntries=64}
04-04 16:46:55.625  3206  3189 I RuntimeIPCClientMgr: GetServerStatesConfig returned maxEntries=64, maxBuffSize=32768
04-04 16:46:55.625  3206  3189 I RuntimeIPCClientMgr: TryToGetIPCResourcesFromServer: RPC_CONNECTOR_CONNECT_TO_SERVER SUCCESS: Client: com.oculus.systemux:com.oculus.systemux:SystemUX:3206, Server: com.oculus.presence:com.oculus.presence (PubSubServer)
04-04 16:46:55.625  3206  3189 I RuntimeIPCClientMgr: EnsureServerConnection: SUCCESS. Client: com.oculus.systemux:com.oculus.systemux:SystemUX:3206, Server: com.oculus.presence:com.oculus.presence (PubSubServer)
04-04 16:46:55.625  3206  3189 I RuntimeIPCClientMgr: ConnectToServer: SUCCESS: Client: com.oculus.systemux:com.oculus.systemux:SystemUX:3206, Server: com.oculus.presence:com.oculus.presence (PubSubServer)
04-04 16:46:55.625  3206  3189 W REFLECT : RuntimeIPC: DeferredConnectEvent not valid: 0, 16
04-04 16:46:55.629  3206  3206 W [SUI] AsyncQueryHandlerBase: Callback reference is null
04-04 16:46:55.636  2598  2865 I [SEO] PanelAppHost: Setting panel layer visibility of layer "#main" to visible
04-04 16:46:55.636  2598  2865 I [SEO] PanelAppHost: Setting panel layer visibility of layer "tablet" to visible
04-04 16:46:55.636  3206  3189 D HyperspaceClientJni: initHyperspacePresenceServiceClient finished
04-04 16:46:55.636  3206  3189 D HyperspaceClientJni: initInternal - finish
04-04 16:46:55.637  3206  3189 I HyperspaceClient: Service connection changed: true
04-04 16:46:55.637  3206  3189 D HyperspaceClientJni: initHyperspacePresenceServiceClientCallsInfoChangedCallback
04-04 16:46:55.639  2002  3388 I RuntimeIPCServerMgr: GetServerStatesConfig -> {MaxBufferSize=32768, MaxEntries=64}
04-04 16:46:55.639  3206  3189 I RuntimeIPCClientMgr: GetServerStatesConfig returned maxEntries=64, maxBuffSize=32768
04-04 16:46:55.639  3206  3189 I RuntimeIPCClientMgr: InitServerStateForGroup: SUCCESS. 2, Client: com.oculus.systemux:com.oculus.systemux:SystemUX:3206, Server: com.oculus.presence:com.oculus.presence (PubSubServer)
04-04 16:46:55.639  3206  3206 D HyperspaceClient: onCallsInfoChanged: []
04-04 16:46:55.673  3206  3206 D [SUI] FunnelLogServerLogger: Impression Event: oculus_impressions_tile_impressioned LogInfo{duration=0, mLogId='com.oculus.explore', mContentType=APP, mPosX=0, mPosy=0, mGlobalPos=0, mSurface=AUI, mSubSurface=null, mSearchQuery='null', mFilter='null', mSort='null', mDeviceFilter='null', mIsShowingLaunchTogether=false', mClickEventType=null}
04-04 16:46:55.674  3206  3206 D [SUI] FunnelLogServerLogger: Impression Event: oculus_impressions_tile_impressioned LogInfo{duration=0, mLogId='com.oculus.store', mContentType=APP, mPosX=1, mPosy=0, mGlobalPos=1, mSurface=AUI, mSubSurface=null, mSearchQuery='null', mFilter='null', mSort='null', mDeviceFilter='null', mIsShowingLaunchTogether=false', mClickEventType=null}
04-04 16:46:55.674  3206  3206 D [SUI] FunnelLogServerLogger: Impression Event: oculus_impressions_tile_impressioned LogInfo{duration=0, mLogId='messenger_system_app', mContentType=APP, mPosX=2, mPosy=0, mGlobalPos=2, mSurface=AUI, mSubSurface=null, mSearchQuery='null', mFilter='null', mSort='null', mDeviceFilter='null', mIsShowingLaunchTogether=false', mClickEventType=null}
04-04 16:46:55.674  3206  3206 D [SUI] FunnelLogServerLogger: Impression Event: oculus_impressions_tile_impressioned LogInfo{duration=0, mLogId='share_system_app', mContentType=APP, mPosX=3, mPosy=0, mGlobalPos=3, mSurface=AUI, mSubSurface=null, mSearchQuery='null', mFilter='null', mSort='null', mDeviceFilter='null', mIsShowingLaunchTogether=false', mClickEventType=null}
04-04 16:46:55.739  1463  3192 W ContextImpl: Calling a method in the system process without a qualified user: android.app.ContextImpl.sendBroadcast:1057 android.content.ContextWrapper.sendBroadcast:448 X.o8.A00:143 X.oO.A00:17 X.oO.handleMessage:90 
04-04 16:46:55.741  3206  3206 D [SUI] SocialViewModel: loadProfilePhotoUrl() - Fetched social viewer info, latency: 221ms
04-04 16:46:55.741  3206  3206 D [SUI] SocialViewModel: updateSocialViewerForObservers(): -$$Lambda$SystemStatusView$hvdttGlyfUmlGZJVTLPJRt2c5Fk
04-04 16:46:55.874  3206  3206 D [SUI] FunnelLogServerLogger: VPV Event: oculus_impressions_tile_vpved LogInfo{duration=250, mLogId='com.oculus.explore', mContentType=APP, mPosX=0, mPosy=0, mGlobalPos=0, mSurface=AUI, mSubSurface=null, mSearchQuery='null', mFilter='null', mSort='null', mDeviceFilter='null', mIsShowingLaunchTogether=false', mClickEventType=null}
04-04 16:46:55.875  3206  3206 D [SUI] FunnelLogServerLogger: VPV Event: oculus_impressions_tile_vpved LogInfo{duration=250, mLogId='com.oculus.store', mContentType=APP, mPosX=1, mPosy=0, mGlobalPos=1, mSurface=AUI, mSubSurface=null, mSearchQuery='null', mFilter='null', mSort='null', mDeviceFilter='null', mIsShowingLaunchTogether=false', mClickEventType=null}
04-04 16:46:55.875  3206  3206 D [SUI] FunnelLogServerLogger: VPV Event: oculus_impressions_tile_vpved LogInfo{duration=250, mLogId='messenger_system_app', mContentType=APP, mPosX=2, mPosy=0, mGlobalPos=2, mSurface=AUI, mSubSurface=null, mSearchQuery='null', mFilter='null', mSort='null', mDeviceFilter='null', mIsShowingLaunchTogether=false', mClickEventType=null}
04-04 16:46:55.875  3206  3206 D [SUI] FunnelLogServerLogger: VPV Event: oculus_impressions_tile_vpved LogInfo{duration=250, mLogId='share_system_app', mContentType=APP, mPosX=3, mPosy=0, mGlobalPos=3, mSurface=AUI, mSubSurface=null, mSearchQuery='null', mFilter='null', mSort='null', mDeviceFilter='null', mIsShowingLaunchTogether=false', mClickEventType=null}
04-04 16:46:55.901  1800  1842 I Clay    : EnvironmentSystem::update: setting scene background audio for scene zip 'apk://com.oculus.environment.prod.adobe/assets/scene.zip'
04-04 16:46:55.901  1800  1842 I Clay    : EnvironmentAudioSystem::setSceneBackgroundLoop: set scene audio: apk://com.oculus.environment.prod.adobe/assets/scene.zip
04-04 16:46:55.902  1800  1842 I Clay    : EnvironmentSystem: Scene loaded
04-04 16:46:55.904  1800  1842 I Clay    : SharedHomeSystem::_onEnvironmentActivated
04-04 16:46:55.947  1800  3195 D CCodec  : allocate(c2.android.vorbis.decoder)
04-04 16:46:55.947   825  7102 V C2Store : in init
04-04 16:46:55.947   825  7102 V C2Store : loading dll
04-04 16:46:55.951  1800  3195 I CCodec  : Created component [c2.android.vorbis.decoder]
04-04 16:46:55.951  1800  3195 D CCodecConfig: read media type: audio/vorbis
04-04 16:46:55.954  1800  3195 D ReflectedParamUpdater: extent() != 1 for single value type: algo.buffers.max-count.values
04-04 16:46:55.955  1800  3195 D ReflectedParamUpdater: extent() != 1 for single value type: output.subscribed-indices.values
04-04 16:46:55.955  1800  3195 D ReflectedParamUpdater: extent() != 1 for single value type: input.buffers.allocator-ids.values
04-04 16:46:55.955  1800  3195 D ReflectedParamUpdater: extent() != 1 for single value type: output.buffers.allocator-ids.values
04-04 16:46:55.955  1800  3195 D ReflectedParamUpdater: extent() != 1 for single value type: algo.buffers.allocator-ids.values
04-04 16:46:55.955  1800  3195 D ReflectedParamUpdater: extent() != 1 for single value type: output.buffers.pool-ids.values
04-04 16:46:55.955  1800  3195 D ReflectedParamUpdater: extent() != 1 for single value type: algo.buffers.pool-ids.values
04-04 16:46:55.956  1800  3195 I CCodecConfig: query failed after returning 7 values (BAD_INDEX)
04-04 16:46:55.956  1800  3195 D CCodecConfig: c2 config diff is Dict {
04-04 16:46:55.956  1800  3195 D CCodecConfig:   c2::u32 coded.bitrate.value = 64000
04-04 16:46:55.956  1800  3195 D CCodecConfig:   c2::u32 input.buffers.max-size.value = 32768
04-04 16:46:55.956  1800  3195 D CCodecConfig:   c2::u32 input.delay.value = 0
04-04 16:46:55.956  1800  3195 D CCodecConfig:   string input.media-type.value = "audio/vorbis"
04-04 16:46:55.956  1800  3195 D CCodecConfig:   string output.media-type.value = "audio/raw"
04-04 16:46:55.956  1800  3195 D CCodecConfig:   c2::u32 raw.channel-count.value = 1
04-04 16:46:55.956  1800  3195 D CCodecConfig:   c2::u32 raw.sample-rate.value = 48000
04-04 16:46:55.956  1800  3195 D CCodecConfig: }
04-04 16:46:55.956  1800  3195 D CCodecConfig: no c2 equivalents for durationUs
04-04 16:46:55.956  1800  3195 D CCodecConfig: no c2 equivalents for csd-1
04-04 16:46:55.956  1800  3195 D CCodecConfig: no c2 equivalents for track-id
04-04 16:46:55.956  1800  3195 D CCodecConfig: no c2 equivalents for channel-mask
04-04 16:46:55.956  1800  3195 D CCodecConfig: c2 config diff is   c2::u32 raw.channel-count.value = 4
04-04 16:46:55.957  1800  3195 W Codec2Client: query -- param skipped: index = 1107298332.
04-04 16:46:55.957  1800  3195 D CCodec  : setup formats input: AMessage(what = 0x00000000) = {
04-04 16:46:55.957  1800  3195 D CCodec  :   int32_t channel-count = 4
04-04 16:46:55.957  1800  3195 D CCodec  :   int32_t max-input-size = 32768
04-04 16:46:55.957  1800  3195 D CCodec  :   string mime = "audio/vorbis"
04-04 16:46:55.957  1800  3195 D CCodec  :   int32_t sample-rate = 48000
04-04 16:46:55.957  1800  3195 D CCodec  : } and output: AMessage(what = 0x00000000) = {
04-04 16:46:55.957  1800  3195 D CCodec  :   int32_t channel-count = 4
04-04 16:46:55.957  1800  3195 D CCodec  :   string mime = "audio/raw"
04-04 16:46:55.957  1800  3195 D CCodec  :   int32_t sample-rate = 48000
04-04 16:46:55.957  1800  3195 D CCodec  :   int32_t channel-mask = 51
04-04 16:46:55.957  1800  3195 D CCodec  : }
04-04 16:46:55.961   825  1744 V C2Store : in ~ComponentModule
04-04 16:46:55.961   825  1744 V C2Store : unloading dll
04-04 16:46:55.963  2598  2865 I [SEO] ShellEnvHomeController: copresence: received setCollisionShapes
04-04 16:46:55.964  2598  2865 I [SEO] ShellEnvHomeController: copresence: processing currentCollisionShapes
04-04 16:46:55.994  1800  3198 D CCodec  : allocate(c2.android.vorbis.decoder)
04-04 16:46:55.994   825  1744 V C2Store : in init
04-04 16:46:55.994   825  1744 V C2Store : loading dll
04-04 16:46:55.996  1463  3194 W ContextImpl: Calling a method in the system process without a qualified user: android.app.ContextImpl.sendBroadcast:1057 android.content.ContextWrapper.sendBroadcast:448 X.o8.A00:143 X.oO.A00:17 X.oO.handleMessage:90 
04-04 16:46:55.998  1800  3198 I CCodec  : Created component [c2.android.vorbis.decoder]
04-04 16:46:55.998  1800  3198 D CCodecConfig: read media type: audio/vorbis
04-04 16:46:56.000  1800  3198 D ReflectedParamUpdater: extent() != 1 for single value type: algo.buffers.max-count.values
04-04 16:46:56.000  1800  3198 D ReflectedParamUpdater: extent() != 1 for single value type: output.subscribed-indices.values
04-04 16:46:56.000  1800  3198 D ReflectedParamUpdater: extent() != 1 for single value type: input.buffers.allocator-ids.values
04-04 16:46:56.000  1800  3198 D ReflectedParamUpdater: extent() != 1 for single value type: output.buffers.allocator-ids.values
04-04 16:46:56.001  1800  3198 D ReflectedParamUpdater: extent() != 1 for single value type: algo.buffers.allocator-ids.values
04-04 16:46:56.001  1800  3198 D ReflectedParamUpdater: extent() != 1 for single value type: output.buffers.pool-ids.values
04-04 16:46:56.001  1800  3198 D ReflectedParamUpdater: extent() != 1 for single value type: algo.buffers.pool-ids.values
04-04 16:46:56.001  1800  3198 I CCodecConfig: query failed after returning 7 values (BAD_INDEX)
04-04 16:46:56.001  1800  3198 D CCodecConfig: c2 config diff is Dict {
04-04 16:46:56.001  1800  3198 D CCodecConfig:   c2::u32 coded.bitrate.value = 64000
04-04 16:46:56.001  1800  3198 D CCodecConfig:   c2::u32 input.buffers.max-size.value = 32768
04-04 16:46:56.001  1800  3198 D CCodecConfig:   c2::u32 input.delay.value = 0
04-04 16:46:56.001  1800  3198 D CCodecConfig:   string input.media-type.value = "audio/vorbis"
04-04 16:46:56.001  1800  3198 D CCodecConfig:   string output.media-type.value = "audio/raw"
04-04 16:46:56.001  1800  3198 D CCodecConfig:   c2::u32 raw.channel-count.value = 1
04-04 16:46:56.001  1800  3198 D CCodecConfig:   c2::u32 raw.sample-rate.value = 48000
04-04 16:46:56.001  1800  3198 D CCodecConfig: }
04-04 16:46:56.002  1800  3198 D CCodecConfig: no c2 equivalents for durationUs
04-04 16:46:56.002  1800  3198 D CCodecConfig: no c2 equivalents for csd-1
04-04 16:46:56.002  1800  3198 D CCodecConfig: no c2 equivalents for track-id
04-04 16:46:56.002  1800  3198 D CCodecConfig: no c2 equivalents for channel-mask
04-04 16:46:56.002  1800  3198 D CCodecConfig: c2 config diff is   c2::u32 raw.channel-count.value = 4
04-04 16:46:56.002  1800  3198 W Codec2Client: query -- param skipped: index = 1107298332.
04-04 16:46:56.002  1800  3198 D CCodec  : setup formats input: AMessage(what = 0x00000000) = {
04-04 16:46:56.002  1800  3198 D CCodec  :   int32_t channel-count = 4
04-04 16:46:56.002  1800  3198 D CCodec  :   int32_t max-input-size = 32768
04-04 16:46:56.002  1800  3198 D CCodec  :   string mime = "audio/vorbis"
04-04 16:46:56.002  1800  3198 D CCodec  :   int32_t sample-rate = 48000
04-04 16:46:56.002  1800  3198 D CCodec  : } and output: AMessage(what = 0x00000000) = {
04-04 16:46:56.002  1800  3198 D CCodec  :   int32_t channel-count = 4
04-04 16:46:56.002  1800  3198 D CCodec  :   string mime = "audio/raw"
04-04 16:46:56.002  1800  3198 D CCodec  :   int32_t sample-rate = 48000
04-04 16:46:56.002  1800  3198 D CCodec  :   int32_t channel-mask = 51
04-04 16:46:56.002  1800  3198 D CCodec  : }
04-04 16:46:56.006  1800  3198 W Codec2Client: query -- param skipped: index = 1342179345.
04-04 16:46:56.006  1800  3198 W Codec2Client: query -- param skipped: index = 2415921170.
04-04 16:46:56.006  1800  3198 D CCodecBufferChannel: [c2.android.vorbis.decoder#239] Created input block pool with allocatorID 16 => poolID 157 - OK (0)
04-04 16:46:56.008  1800  3198 I CCodecBufferChannel: [c2.android.vorbis.decoder#239] Created output block pool with allocatorID 16 => poolID 246 - OK
