04-05 13:42:45.420  2846 24933 D CCodecConfig: c2 config diff is Dict {
04-05 13:42:45.420  2846 24933 D CCodecConfig:   c2::u32 coded.bitrate.value = 64000
04-05 13:42:45.420  2846 24933 D CCodecConfig:   c2::u32 input.buffers.max-size.value = 32768
04-05 13:42:45.420  2846 24933 D CCodecConfig:   c2::u32 input.delay.value = 0
04-05 13:42:45.420  2846 24933 D CCodecConfig:   string input.media-type.value = "audio/vorbis"
04-05 13:42:45.420  2846 24933 D CCodecConfig:   string output.media-type.value = "audio/raw"
04-05 13:42:45.420  2846 24933 D CCodecConfig:   c2::u32 raw.channel-count.value = 1
04-05 13:42:45.420  2846 24933 D CCodecConfig:   c2::u32 raw.sample-rate.value = 48000
04-05 13:42:45.420  2846 24933 D CCodecConfig: }
04-05 13:42:45.420  2846 24933 D CCodecConfig: no c2 equivalents for durationUs
04-05 13:42:45.420  2846 24933 D CCodecConfig: no c2 equivalents for csd-1
04-05 13:42:45.420  2846 24933 D CCodecConfig: no c2 equivalents for track-id
04-05 13:42:45.420  2846 24933 D CCodecConfig: no c2 equivalents for channel-mask
04-05 13:42:45.420  2846 24933 D CCodecConfig: c2 config diff is   c2::u32 raw.channel-count.value = 4
04-05 13:42:45.420  2846 24933 W Codec2Client: query -- param skipped: index = 1107298332.
04-05 13:42:45.420  2846 24933 D CCodec  : setup formats input: AMessage(what = 0x00000000) = {
04-05 13:42:45.420  2846 24933 D CCodec  :   int32_t channel-count = 4
04-05 13:42:45.420  2846 24933 D CCodec  :   int32_t max-input-size = 32768
04-05 13:42:45.420  2846 24933 D CCodec  :   string mime = "audio/vorbis"
04-05 13:42:45.420  2846 24933 D CCodec  :   int32_t sample-rate = 48000
04-05 13:42:45.420  2846 24933 D CCodec  : } and output: AMessage(what = 0x00000000) = {
04-05 13:42:45.420  2846 24933 D CCodec  :   int32_t channel-count = 4
04-05 13:42:45.420  2846 24933 D CCodec  :   string mime = "audio/raw"
04-05 13:42:45.420  2846 24933 D CCodec  :   int32_t sample-rate = 48000
04-05 13:42:45.420  2846 24933 D CCodec  :   int32_t channel-mask = 51
04-05 13:42:45.420  2846 24933 D CCodec  : }
04-05 13:42:45.422  1898 23578 I TimeWarp: WarpToScreen: Skipping frames for 25
04-05 13:42:45.424  2846 24933 W Codec2Client: query -- param skipped: index = 1342179345.
04-05 13:42:45.424  2846 24933 W Codec2Client: query -- param skipped: index = 2415921170.
04-05 13:42:45.425  2846 24933 D CCodecBufferChannel: [c2.android.vorbis.decoder#210] Created input block pool with allocatorID 16 => poolID 123 - OK (0)
04-05 13:42:45.425   817  1695 D BufferPoolAccessor: bufferpool2 0x2a63845c30 : 0(0 size) total buffers - 0(0 size) used buffers - 16/18 (recycle/alloc) - 2/17 (fetch/transfer)
04-05 13:42:45.425   817  1695 D BufferPoolAccessor: Destruction - bufferpool2 0x2a63845c30 cached: 0/0M, 0/0% in use; allocs: 18, 89% recycled; transfers: 17, 88% unfetced
04-05 13:42:45.428  2846 24933 I CCodecBufferChannel: [c2.android.vorbis.decoder#210] Created output block pool with allocatorID 16 => poolID 213 - OK
04-05 13:42:45.428  2846 24933 D CCodecBufferChannel: [c2.android.vorbis.decoder#210] Configured output block pool ids 213 => OK
04-05 13:42:45.429   817  1695 D BufferPoolAccessor: bufferpool2 0x2a63846630 : 0(0 size) total buffers - 0(0 size) used buffers - 12/13 (recycle/alloc) - 1/12 (fetch/transfer)
04-05 13:42:45.429   817  1695 D BufferPoolAccessor: Destruction - bufferpool2 0x2a63846630 cached: 0/0M, 0/0% in use; allocs: 13, 92% recycled; transfers: 12, 92% unfetced
04-05 13:42:45.434  1898 23578 I TimeWarp: WarpToScreen: Skipping frames for 25
04-05 13:42:45.434  1073  1127 W Searchables: No global search activity found
04-05 13:42:45.435  1325  1325 V AvrcpMediaPlayerList: mPackageChangedBroadcastReceiver: action: android.intent.action.PACKAGE_CHANGED
04-05 13:42:45.435  1325  1325 D AvrcpMediaPlayerList: Name of package changed: com.oculus.identitymanagement.service
04-05 13:42:45.437  1073  1127 W VoiceInteractionManagerService: no available voice interaction services found for user 0
04-05 13:42:45.437  1073  1188 I InputReader: Reconfiguring input devices.  changes=0x00000010
04-05 13:42:45.442   817 24934 D SimpleC2Component: Using output block pool with poolID 213 => got 213 - 0
04-05 13:42:45.443  2846 24933 D CCodecBufferChannel: [c2.android.vorbis.decoder#210] Discard frames from previous generation.
04-05 13:42:45.443  2846 24933 D CCodecBufferChannel: [c2.android.vorbis.decoder#210] Discard frames from previous generation.
04-05 13:42:45.445  1898 23578 I TimeWarp: WarpToScreen: Skipping frames for 25
04-05 13:42:45.449  2846 24933 D CCodecBufferChannel: [c2.android.vorbis.decoder#210] Discard frames from previous generation.
04-05 13:42:45.452   817  1695 D BufferPoolAccessor: Destruction - bufferpool2 0x2a6383aa30 cached: 0/0M, 0/0% in use; allocs: 0, 0% recycled; transfers: 0, 0% unfetced
04-05 13:42:45.453   817  1695 V C2Store : in ~ComponentModule
04-05 13:42:45.453   817  1695 V C2Store : unloading dll
04-05 13:42:45.456  1898 23578 I TimeWarp: WarpToScreen: Skipping frames for 25
04-05 13:42:45.480  1540 24928 W ContextImpl: Calling a method in the system process without a qualified user: android.app.ContextImpl.sendBroadcast:1057 android.content.ContextWrapper.sendBroadcast:448 X.o8.A00:143 X.oO.A00:17 X.oO.handleMessage:90 
04-05 13:42:45.501  1898 23578 I chatty  : uid=10030(com.oculus.systemdriver) OVR::TimeWarp identical 4 lines
04-05 13:42:45.512  1898 23578 I TimeWarp: WarpToScreen: Skipping frames for 25
04-05 13:42:45.519  2846 24936 D CCodec  : allocate(c2.android.vorbis.decoder)
04-05 13:42:45.520   817  1695 V C2Store : in init
04-05 13:42:45.520   817  1695 V C2Store : loading dll
04-05 13:42:45.523  1898 23578 I TimeWarp: WarpToScreen: Skipping frames for 25
04-05 13:42:45.523  2846 24936 I CCodec  : Created component [c2.android.vorbis.decoder]
04-05 13:42:45.523  2846 24936 D CCodecConfig: read media type: audio/vorbis
04-05 13:42:45.528  2846 24936 D ReflectedParamUpdater: extent() != 1 for single value type: algo.buffers.max-count.values
04-05 13:42:45.528  2846 24936 D ReflectedParamUpdater: extent() != 1 for single value type: output.subscribed-indices.values
04-05 13:42:45.528  2846 24936 D ReflectedParamUpdater: extent() != 1 for single value type: input.buffers.allocator-ids.values
04-05 13:42:45.528  2846 24936 D ReflectedParamUpdater: extent() != 1 for single value type: output.buffers.allocator-ids.values
04-05 13:42:45.529  3100  3100 D [SUI] SocialViewModel: Fetched party: null 
04-05 13:42:45.529  3100  3100 D [SUI] SocialViewModel: setParty() - no change
04-05 13:42:45.529  2846 24936 D ReflectedParamUpdater: extent() != 1 for single value type: algo.buffers.allocator-ids.values
04-05 13:42:45.529  2846 24936 D ReflectedParamUpdater: extent() != 1 for single value type: output.buffers.pool-ids.values
04-05 13:42:45.529  2846 24936 D ReflectedParamUpdater: extent() != 1 for single value type: algo.buffers.pool-ids.values
04-05 13:42:45.530  2846 24936 I CCodecConfig: query failed after returning 7 values (BAD_INDEX)
04-05 13:42:45.530  2846 24936 D CCodecConfig: c2 config diff is Dict {
04-05 13:42:45.530  2846 24936 D CCodecConfig:   c2::u32 coded.bitrate.value = 64000
04-05 13:42:45.530  2846 24936 D CCodecConfig:   c2::u32 input.buffers.max-size.value = 32768
04-05 13:42:45.530  2846 24936 D CCodecConfig:   c2::u32 input.delay.value = 0
04-05 13:42:45.530  2846 24936 D CCodecConfig:   string input.media-type.value = "audio/vorbis"
04-05 13:42:45.530  2846 24936 D CCodecConfig:   string output.media-type.value = "audio/raw"
04-05 13:42:45.530  2846 24936 D CCodecConfig:   c2::u32 raw.channel-count.value = 1
04-05 13:42:45.530  2846 24936 D CCodecConfig:   c2::u32 raw.sample-rate.value = 48000
04-05 13:42:45.530  2846 24936 D CCodecConfig: }
04-05 13:42:45.530  2846 24936 D CCodecConfig: no c2 equivalents for durationUs
04-05 13:42:45.530  2846 24936 D CCodecConfig: no c2 equivalents for csd-1
04-05 13:42:45.530  2846 24936 D CCodecConfig: no c2 equivalents for track-id
04-05 13:42:45.530  2846 24936 D CCodecConfig: no c2 equivalents for channel-mask
04-05 13:42:45.531  2846 24936 D CCodecConfig: c2 config diff is   c2::u32 raw.channel-count.value = 4
04-05 13:42:45.531  2846 24936 W Codec2Client: query -- param skipped: index = 1107298332.
04-05 13:42:45.531  2846 24936 D CCodec  : setup formats input: AMessage(what = 0x00000000) = {
04-05 13:42:45.531  2846 24936 D CCodec  :   int32_t channel-count = 4
04-05 13:42:45.531  2846 24936 D CCodec  :   int32_t max-input-size = 32768
04-05 13:42:45.531  2846 24936 D CCodec  :   string mime = "audio/vorbis"
04-05 13:42:45.531  2846 24936 D CCodec  :   int32_t sample-rate = 48000
04-05 13:42:45.531  2846 24936 D CCodec  : } and output: AMessage(what = 0x00000000) = {
04-05 13:42:45.531  2846 24936 D CCodec  :   int32_t channel-count = 4
04-05 13:42:45.531  2846 24936 D CCodec  :   string mime = "audio/raw"
04-05 13:42:45.531  2846 24936 D CCodec  :   int32_t sample-rate = 48000
04-05 13:42:45.531  2846 24936 D CCodec  :   int32_t channel-mask = 51
04-05 13:42:45.531  2846 24936 D CCodec  : }
04-05 13:42:45.534  1898 23578 I TimeWarp: WarpToScreen: Skipping frames for 25
04-05 13:42:45.538   817  1695 V C2Store : in ~ComponentModule
04-05 13:42:45.538   817  1695 V C2Store : unloading dll
04-05 13:42:45.540  2873 24890 I Telemetry: App memory usage: PSS=82MB DalvikPSS=1 MB
04-05 13:42:45.545  1898 23578 I TimeWarp: WarpToScreen: Skipping frames for 25
04-05 13:42:45.567  1898 23578 I chatty  : uid=10030(com.oculus.systemdriver) OVR::TimeWarp identical 2 lines
04-05 13:42:45.578  1898 23578 I TimeWarp: WarpToScreen: Skipping frames for 25
04-05 13:42:45.586  2846 24939 D CCodec  : allocate(c2.android.vorbis.decoder)
04-05 13:42:45.586   817  1695 V C2Store : in init
04-05 13:42:45.586   817  1695 V C2Store : loading dll
04-05 13:42:45.589  2846 24939 I CCodec  : Created component [c2.android.vorbis.decoder]
04-05 13:42:45.590  1898 23578 I TimeWarp: WarpToScreen: Skipping frames for 25
04-05 13:42:45.590  2846 24939 D CCodecConfig: read media type: audio/vorbis
04-05 13:42:45.594  2846 24939 D ReflectedParamUpdater: extent() != 1 for single value type: algo.buffers.max-count.values
04-05 13:42:45.594  2846 24939 D ReflectedParamUpdater: extent() != 1 for single value type: output.subscribed-indices.values
04-05 13:42:45.594  2846 24939 D ReflectedParamUpdater: extent() != 1 for single value type: input.buffers.allocator-ids.values
04-05 13:42:45.595  2846 24939 D ReflectedParamUpdater: extent() != 1 for single value type: output.buffers.allocator-ids.values
04-05 13:42:45.595  2846 24939 D ReflectedParamUpdater: extent() != 1 for single value type: algo.buffers.allocator-ids.values
04-05 13:42:45.595  2846 24939 D ReflectedParamUpdater: extent() != 1 for single value type: output.buffers.pool-ids.values
04-05 13:42:45.595  2846 24939 D ReflectedParamUpdater: extent() != 1 for single value type: algo.buffers.pool-ids.values
04-05 13:42:45.596  2846 24939 I CCodecConfig: query failed after returning 7 values (BAD_INDEX)
04-05 13:42:45.596  2846 24939 D CCodecConfig: c2 config diff is Dict {
04-05 13:42:45.596  2846 24939 D CCodecConfig:   c2::u32 coded.bitrate.value = 64000
04-05 13:42:45.596  2846 24939 D CCodecConfig:   c2::u32 input.buffers.max-size.value = 32768
04-05 13:42:45.596  2846 24939 D CCodecConfig:   c2::u32 input.delay.value = 0
04-05 13:42:45.596  2846 24939 D CCodecConfig:   string input.media-type.value = "audio/vorbis"
04-05 13:42:45.596  2846 24939 D CCodecConfig:   string output.media-type.value = "audio/raw"
04-05 13:42:45.596  2846 24939 D CCodecConfig:   c2::u32 raw.channel-count.value = 1
04-05 13:42:45.596  2846 24939 D CCodecConfig:   c2::u32 raw.sample-rate.value = 48000
04-05 13:42:45.596  2846 24939 D CCodecConfig: }
04-05 13:42:45.596  2846 24939 D CCodecConfig: no c2 equivalents for durationUs
04-05 13:42:45.596  2846 24939 D CCodecConfig: no c2 equivalents for csd-1
04-05 13:42:45.596  2846 24939 D CCodecConfig: no c2 equivalents for track-id
04-05 13:42:45.596  2846 24939 D CCodecConfig: no c2 equivalents for channel-mask
04-05 13:42:45.597  2846 24939 D CCodecConfig: c2 config diff is   c2::u32 raw.channel-count.value = 4
04-05 13:42:45.597  2846 24939 W Codec2Client: query -- param skipped: index = 1107298332.
04-05 13:42:45.597  2846 24939 D CCodec  : setup formats input: AMessage(what = 0x00000000) = {
04-05 13:42:45.597  2846 24939 D CCodec  :   int32_t channel-count = 4
04-05 13:42:45.597  2846 24939 D CCodec  :   int32_t max-input-size = 32768
04-05 13:42:45.597  2846 24939 D CCodec  :   string mime = "audio/vorbis"
04-05 13:42:45.597  2846 24939 D CCodec  :   int32_t sample-rate = 48000
04-05 13:42:45.597  2846 24939 D CCodec  : } and output: AMessage(what = 0x00000000) = {
04-05 13:42:45.597  2846 24939 D CCodec  :   int32_t channel-count = 4
04-05 13:42:45.597  2846 24939 D CCodec  :   string mime = "audio/raw"
04-05 13:42:45.597  2846 24939 D CCodec  :   int32_t sample-rate = 48000
04-05 13:42:45.597  2846 24939 D CCodec  :   int32_t channel-mask = 51
04-05 13:42:45.597  2846 24939 D CCodec  : }
04-05 13:42:45.601  1898 23578 I TimeWarp: WarpToScreen: Skipping frames for 25
04-05 13:42:45.601  2846 24939 W Codec2Client: query -- param skipped: index = 1342179345.
04-05 13:42:45.601  2846 24939 W Codec2Client: query -- param skipped: index = 2415921170.
04-05 13:42:45.602  2846 24939 D CCodecBufferChannel: [c2.android.vorbis.decoder#25] Created input block pool with allocatorID 16 => poolID 124 - OK (0)
04-05 13:42:45.603  2846 24939 I CCodecBufferChannel: [c2.android.vorbis.decoder#25] Created output block pool with allocatorID 16 => poolID 214 - OK
04-05 13:42:45.603  2846 24939 D CCodecBufferChannel: [c2.android.vorbis.decoder#25] Configured output block pool ids 214 => OK
04-05 13:42:45.606   817 24940 D SimpleC2Component: Using output block pool with poolID 214 => got 214 - 0
04-05 13:42:45.612  1898 23578 I TimeWarp: WarpToScreen: Skipping frames for 25
04-05 13:42:45.679  1898 23578 I chatty  : uid=10030(com.oculus.systemdriver) OVR::TimeWarp identical 6 lines
04-05 13:42:45.690  1898 23578 I TimeWarp: WarpToScreen: Skipping frames for 25
04-05 13:42:45.691 23683 23814 I VrApi   : FPS=69/72,Prd=61ms,Tear=0,Early=5,Stale=5,VSnc=0,Lat=-1,Fov=0,CPU4/GPU=2/4,2419/525MHz,OC=FF,TA=0/0/0,SP=N/N/N,Mem=2092MHz,Free=2889MB,PLS=0,Temp=34.7C/0.0C,TW=4.38ms,App=6.49ms,GD=0.55ms,CPU&GPU=29.21ms,LCnt=1,GPU%=0.98,CPU%=0.31(W0.38),DSF=1.00
04-05 13:42:45.701  1898 23578 I TimeWarp: WarpToScreen: Skipping frames for 25
04-05 13:42:45.709   817  1022 V C2Store : in ~ComponentModule
04-05 13:42:45.709   817  1022 V C2Store : unloading dll
04-05 13:42:45.712  1898 23578 I TimeWarp: WarpToScreen: Skipping frames for 25
04-05 13:42:45.823  1898 23578 I chatty  : uid=10030(com.oculus.systemdriver) OVR::TimeWarp identical 10 lines
04-05 13:42:45.835  1898 23578 I TimeWarp: WarpToScreen: Skipping frames for 25
04-05 13:42:45.837  2846 24942 D CCodec  : allocate(c2.android.vorbis.decoder)
04-05 13:42:45.843   817  1022 V C2Store : in init
04-05 13:42:45.844   817  1022 V C2Store : loading dll
04-05 13:42:45.846  1898 23578 I TimeWarp: WarpToScreen: Skipping frames for 25
04-05 13:42:45.847  2846 24942 I CCodec  : Created component [c2.android.vorbis.decoder]
04-05 13:42:45.848  2846 24942 D CCodecConfig: read media type: audio/vorbis
04-05 13:42:45.853  2846 24942 D ReflectedParamUpdater: extent() != 1 for single value type: algo.buffers.max-count.values
04-05 13:42:45.854  2846 24942 D ReflectedParamUpdater: extent() != 1 for single value type: output.subscribed-indices.values
04-05 13:42:45.854  2846 24942 D ReflectedParamUpdater: extent() != 1 for single value type: input.buffers.allocator-ids.values
04-05 13:42:45.854  2846 24942 D ReflectedParamUpdater: extent() != 1 for single value type: output.buffers.allocator-ids.values
04-05 13:42:45.854  2846 24942 D ReflectedParamUpdater: extent() != 1 for single value type: algo.buffers.allocator-ids.values
04-05 13:42:45.854  2846 24942 D ReflectedParamUpdater: extent() != 1 for single value type: output.buffers.pool-ids.values
04-05 13:42:45.854  2846 24942 D ReflectedParamUpdater: extent() != 1 for single value type: algo.buffers.pool-ids.values
04-05 13:42:45.855  2846 24942 I CCodecConfig: query failed after returning 7 values (BAD_INDEX)
04-05 13:42:45.855  2846 24942 D CCodecConfig: c2 config diff is Dict {
04-05 13:42:45.855  2846 24942 D CCodecConfig:   c2::u32 coded.bitrate.value = 64000
04-05 13:42:45.855  2846 24942 D CCodecConfig:   c2::u32 input.buffers.max-size.value = 32768
04-05 13:42:45.855  2846 24942 D CCodecConfig:   c2::u32 input.delay.value = 0
04-05 13:42:45.855  2846 24942 D CCodecConfig:   string input.media-type.value = "audio/vorbis"
04-05 13:42:45.855  2846 24942 D CCodecConfig:   string output.media-type.value = "audio/raw"
04-05 13:42:45.855  2846 24942 D CCodecConfig:   c2::u32 raw.channel-count.value = 1
04-05 13:42:45.855  2846 24942 D CCodecConfig:   c2::u32 raw.sample-rate.value = 48000
04-05 13:42:45.855  2846 24942 D CCodecConfig: }
04-05 13:42:45.855  2846 24942 D CCodecConfig: no c2 equivalents for durationUs
04-05 13:42:45.855  2846 24942 D CCodecConfig: no c2 equivalents for csd-1
04-05 13:42:45.855  2846 24942 D CCodecConfig: no c2 equivalents for track-id
04-05 13:42:45.855  2846 24942 D CCodecConfig: no c2 equivalents for channel-mask
04-05 13:42:45.855  2846 24942 D CCodecConfig: c2 config diff is   c2::u32 raw.channel-count.value = 4
04-05 13:42:45.856  2846 24942 W Codec2Client: query -- param skipped: index = 1107298332.
04-05 13:42:45.856  2846 24942 D CCodec  : setup formats input: AMessage(what = 0x00000000) = {
04-05 13:42:45.856  2846 24942 D CCodec  :   int32_t channel-count = 4
04-05 13:42:45.856  2846 24942 D CCodec  :   int32_t max-input-size = 32768
04-05 13:42:45.856  2846 24942 D CCodec  :   string mime = "audio/vorbis"
04-05 13:42:45.856  2846 24942 D CCodec  :   int32_t sample-rate = 48000
04-05 13:42:45.856  2846 24942 D CCodec  : } and output: AMessage(what = 0x00000000) = {
04-05 13:42:45.856  2846 24942 D CCodec  :   int32_t channel-count = 4
04-05 13:42:45.856  2846 24942 D CCodec  :   string mime = "audio/raw"
04-05 13:42:45.856  2846 24942 D CCodec  :   int32_t sample-rate = 48000
04-05 13:42:45.856  2846 24942 D CCodec  :   int32_t channel-mask = 51
04-05 13:42:45.856  2846 24942 D CCodec  : }
04-05 13:42:45.857  1898 23578 I TimeWarp: WarpToScreen: Skipping frames for 25
04-05 13:42:45.858   817  1022 V C2Store : in ~ComponentModule
04-05 13:42:45.858   817  1022 V C2Store : unloading dll
04-05 13:42:45.866   823  2667 W [CT]    : BOLTDEPTH: BoltDepthSystem: Invalid Bolt depth system state for core depth computation: PAUSED
04-05 13:42:45.868  1898 23578 I TimeWarp: WarpToScreen: Skipping frames for 25
04-05 13:42:45.879  1898 23578 I chatty  : uid=10030(com.oculus.systemdriver) OVR::TimeWarp identical 1 line
04-05 13:42:45.890  1898 23578 I TimeWarp: WarpToScreen: Skipping frames for 25
04-05 13:42:45.895  2846 24945 D CCodec  : allocate(c2.android.vorbis.decoder)
04-05 13:42:45.895   817  1022 V C2Store : in init
04-05 13:42:45.895   817  1022 V C2Store : loading dll
04-05 13:42:45.898  2846 24945 I CCodec  : Created component [c2.android.vorbis.decoder]
04-05 13:42:45.899  2846 24945 D CCodecConfig: read media type: audio/vorbis
04-05 13:42:45.900  2846 24945 D ReflectedParamUpdater: extent() != 1 for single value type: algo.buffers.max-count.values
04-05 13:42:45.900  2846 24945 D ReflectedParamUpdater: extent() != 1 for single value type: output.subscribed-indices.values
04-05 13:42:45.900  2846 24945 D ReflectedParamUpdater: extent() != 1 for single value type: input.buffers.allocator-ids.values
04-05 13:42:45.900  2846 24945 D ReflectedParamUpdater: extent() != 1 for single value type: output.buffers.allocator-ids.values
04-05 13:42:45.900  2846 24945 D ReflectedParamUpdater: extent() != 1 for single value type: algo.buffers.allocator-ids.values
04-05 13:42:45.900  2846 24945 D ReflectedParamUpdater: extent() != 1 for single value type: output.buffers.pool-ids.values
04-05 13:42:45.901  2846 24945 D ReflectedParamUpdater: extent() != 1 for single value type: algo.buffers.pool-ids.values
04-05 13:42:45.901  1898 23578 I TimeWarp: WarpToScreen: Skipping frames for 25
04-05 13:42:45.902  2846 24945 I CCodecConfig: query failed after returning 7 values (BAD_INDEX)
04-05 13:42:45.902  2846 24945 D CCodecConfig: c2 config diff is Dict {
04-05 13:42:45.902  2846 24945 D CCodecConfig:   c2::u32 coded.bitrate.value = 64000
04-05 13:42:45.902  2846 24945 D CCodecConfig:   c2::u32 input.buffers.max-size.value = 32768
04-05 13:42:45.902  2846 24945 D CCodecConfig:   c2::u32 input.delay.value = 0
04-05 13:42:45.902  2846 24945 D CCodecConfig:   string input.media-type.value = "audio/vorbis"
04-05 13:42:45.902  2846 24945 D CCodecConfig:   string output.media-type.value = "audio/raw"
04-05 13:42:45.902  2846 24945 D CCodecConfig:   c2::u32 raw.channel-count.value = 1
04-05 13:42:45.902  2846 24945 D CCodecConfig:   c2::u32 raw.sample-rate.value = 48000
04-05 13:42:45.902  2846 24945 D CCodecConfig: }
04-05 13:42:45.902  2846 24945 D CCodecConfig: no c2 equivalents for durationUs
04-05 13:42:45.902  2846 24945 D CCodecConfig: no c2 equivalents for csd-1
04-05 13:42:45.902  2846 24945 D CCodecConfig: no c2 equivalents for track-id
04-05 13:42:45.902  2846 24945 D CCodecConfig: no c2 equivalents for channel-mask
04-05 13:42:45.902  2846 24945 D CCodecConfig: c2 config diff is   c2::u32 raw.channel-count.value = 4
04-05 13:42:45.903  2846 24945 W Codec2Client: query -- param skipped: index = 1107298332.
04-05 13:42:45.903  2846 24945 D CCodec  : setup formats input: AMessage(what = 0x00000000) = {
04-05 13:42:45.903  2846 24945 D CCodec  :   int32_t channel-count = 4
04-05 13:42:45.903  2846 24945 D CCodec  :   int32_t max-input-size = 32768
04-05 13:42:45.903  2846 24945 D CCodec  :   string mime = "audio/vorbis"
04-05 13:42:45.903  2846 24945 D CCodec  :   int32_t sample-rate = 48000
04-05 13:42:45.903  2846 24945 D CCodec  : } and output: AMessage(what = 0x00000000) = {
04-05 13:42:45.903  2846 24945 D CCodec  :   int32_t channel-count = 4
04-05 13:42:45.903  2846 24945 D CCodec  :   string mime = "audio/raw"
04-05 13:42:45.903  2846 24945 D CCodec  :   int32_t sample-rate = 48000
04-05 13:42:45.903  2846 24945 D CCodec  :   int32_t channel-mask = 51
04-05 13:42:45.903  2846 24945 D CCodec  : }
04-05 13:42:45.909  2846 24945 W Codec2Client: query -- param skipped: index = 1342179345.
04-05 13:42:45.909  2846 24945 W Codec2Client: query -- param skipped: index = 2415921170.
04-05 13:42:45.909  2846 24945 D CCodecBufferChannel: [c2.android.vorbis.decoder#370] Created input block pool with allocatorID 16 => poolID 125 - OK (0)
04-05 13:42:45.910  2846 24945 I CCodecBufferChannel: [c2.android.vorbis.decoder#370] Created output block pool with allocatorID 16 => poolID 215 - OK
04-05 13:42:45.910  2846 24945 D CCodecBufferChannel: [c2.android.vorbis.decoder#370] Configured output block pool ids 215 => OK
04-05 13:42:45.912   817 24946 D SimpleC2Component: Using output block pool with poolID 215 => got 215 - 0
04-05 13:42:45.913  1898 23578 I TimeWarp: WarpToScreen: Skipping frames for 25
04-05 13:42:45.918   817  1688 D BufferPoolAccessor: Destruction - bufferpool2 0x2a63847630 cached: 0/0M, 0/0% in use; allocs: 0, 0% recycled; transfers: 0, 0% unfetced
04-05 13:42:45.919   817  1688 V C2Store : in ~ComponentModule
04-05 13:42:45.919   817  1688 V C2Store : unloading dll
04-05 13:42:45.924  1898 23578 I TimeWarp: WarpToScreen: Skipping frames for 25
04-05 13:42:45.946  1898 23578 I chatty  : uid=10030(com.oculus.systemdriver) OVR::TimeWarp identical 2 lines
04-05 13:42:45.957  1898 23578 I TimeWarp: WarpToScreen: Skipping frames for 25
04-05 13:42:45.967  2846 24948 D CCodec  : allocate(c2.android.vorbis.decoder)
04-05 13:42:45.967   817  1688 V C2Store : in init
04-05 13:42:45.967   817  1688 V C2Store : loading dll
04-05 13:42:45.968  1898 23578 I TimeWarp: WarpToScreen: Skipping frames for 25
04-05 13:42:45.970  2846 24948 I CCodec  : Created component [c2.android.vorbis.decoder]
04-05 13:42:45.970  2846 24948 D CCodecConfig: read media type: audio/vorbis
04-05 13:42:45.976  2846 24948 D ReflectedParamUpdater: extent() != 1 for single value type: algo.buffers.max-count.values
04-05 13:42:45.976  2846 24948 D ReflectedParamUpdater: extent() != 1 for single value type: output.subscribed-indices.values
04-05 13:42:45.976  2846 24948 D ReflectedParamUpdater: extent() != 1 for single value type: input.buffers.allocator-ids.values
04-05 13:42:45.976  2846 24948 D ReflectedParamUpdater: extent() != 1 for single value type: output.buffers.allocator-ids.values
04-05 13:42:45.976  2846 24948 D ReflectedParamUpdater: extent() != 1 for single value type: algo.buffers.allocator-ids.values
04-05 13:42:45.976  2846 24948 D ReflectedParamUpdater: extent() != 1 for single value type: output.buffers.pool-ids.values
04-05 13:42:45.976  2846 24948 D ReflectedParamUpdater: extent() != 1 for single value type: algo.buffers.pool-ids.values
04-05 13:42:45.977  2846 24948 I CCodecConfig: query failed after returning 7 values (BAD_INDEX)
04-05 13:42:45.977  2846 24948 D CCodecConfig: c2 config diff is Dict {
04-05 13:42:45.977  2846 24948 D CCodecConfig:   c2::u32 coded.bitrate.value = 64000
04-05 13:42:45.977  2846 24948 D CCodecConfig:   c2::u32 input.buffers.max-size.value = 32768
04-05 13:42:45.977  2846 24948 D CCodecConfig:   c2::u32 input.delay.value = 0
04-05 13:42:45.977  2846 24948 D CCodecConfig:   string input.media-type.value = "audio/vorbis"
04-05 13:42:45.977  2846 24948 D CCodecConfig:   string output.media-type.value = "audio/raw"
04-05 13:42:45.977  2846 24948 D CCodecConfig:   c2::u32 raw.channel-count.value = 1
04-05 13:42:45.977  2846 24948 D CCodecConfig:   c2::u32 raw.sample-rate.value = 48000
04-05 13:42:45.977  2846 24948 D CCodecConfig: }
04-05 13:42:45.978  2846 24948 D CCodecConfig: no c2 equivalents for durationUs
04-05 13:42:45.978  2846 24948 D CCodecConfig: no c2 equivalents for csd-1
04-05 13:42:45.978  2846 24948 D CCodecConfig: no c2 equivalents for track-id
04-05 13:42:45.978  2846 24948 D CCodecConfig: no c2 equivalents for channel-mask
04-05 13:42:45.978  2846 24948 D CCodecConfig: c2 config diff is   c2::u32 raw.channel-count.value = 4
04-05 13:42:45.978  2846 24948 W Codec2Client: query -- param skipped: index = 1107298332.
04-05 13:42:45.978  2846 24948 D CCodec  : setup formats input: AMessage(what = 0x00000000) = {
04-05 13:42:45.978  2846 24948 D CCodec  :   int32_t channel-count = 4
04-05 13:42:45.978  2846 24948 D CCodec  :   int32_t max-input-size = 32768
04-05 13:42:45.978  2846 24948 D CCodec  :   string mime = "audio/vorbis"
04-05 13:42:45.978  2846 24948 D CCodec  :   int32_t sample-rate = 48000
04-05 13:42:45.978  2846 24948 D CCodec  : } and output: AMessage(what = 0x00000000) = {
04-05 13:42:45.978  2846 24948 D CCodec  :   int32_t channel-count = 4
04-05 13:42:45.978  2846 24948 D CCodec  :   string mime = "audio/raw"
04-05 13:42:45.978  2846 24948 D CCodec  :   int32_t sample-rate = 48000
04-05 13:42:45.978  2846 24948 D CCodec  :   int32_t channel-mask = 51
04-05 13:42:45.978  2846 24948 D CCodec  : }
04-05 13:42:45.979  1898 23578 I TimeWarp: WarpToScreen: Skipping frames for 25
04-05 13:42:45.982   817  1695 V C2Store : in ~ComponentModule
04-05 13:42:45.982   817  1695 V C2Store : unloading dll
04-05 13:42:45.991  1898 23578 I TimeWarp: WarpToScreen: Skipping frames for 25
04-05 13:42:46.002  1898 23578 I chatty  : uid=10030(com.oculus.systemdriver) OVR::TimeWarp identical 1 line
04-05 13:42:46.013  1898 23578 I TimeWarp: WarpToScreen: Skipping frames for 25
04-05 13:42:46.017  2846 24951 D CCodec  : allocate(c2.android.vorbis.decoder)
04-05 13:42:46.017   817  1695 V C2Store : in init
04-05 13:42:46.017   817  1695 V C2Store : loading dll
04-05 13:42:46.020  2846 24951 I CCodec  : Created component [c2.android.vorbis.decoder]
04-05 13:42:46.020  2846 24951 D CCodecConfig: read media type: audio/vorbis
04-05 13:42:46.022  2846 24951 D ReflectedParamUpdater: extent() != 1 for single value type: algo.buffers.max-count.values
04-05 13:42:46.022  2846 24951 D ReflectedParamUpdater: extent() != 1 for single value type: output.subscribed-indices.values
04-05 13:42:46.022  2846 24951 D ReflectedParamUpdater: extent() != 1 for single value type: input.buffers.allocator-ids.values
04-05 13:42:46.022  2846 24951 D ReflectedParamUpdater: extent() != 1 for single value type: output.buffers.allocator-ids.values
04-05 13:42:46.022  2846 24951 D ReflectedParamUpdater: extent() != 1 for single value type: algo.buffers.allocator-ids.values
04-05 13:42:46.023  2846 24951 D ReflectedParamUpdater: extent() != 1 for single value type: output.buffers.pool-ids.values
04-05 13:42:46.023  2846 24951 D ReflectedParamUpdater: extent() != 1 for single value type: algo.buffers.pool-ids.values
04-05 13:42:46.023  2846 24951 I CCodecConfig: query failed after returning 7 values (BAD_INDEX)
04-05 13:42:46.023  2846 24951 D CCodecConfig: c2 config diff is Dict {
04-05 13:42:46.023  2846 24951 D CCodecConfig:   c2::u32 coded.bitrate.value = 64000
04-05 13:42:46.023  2846 24951 D CCodecConfig:   c2::u32 input.buffers.max-size.value = 32768
04-05 13:42:46.023  2846 24951 D CCodecConfig:   c2::u32 input.delay.value = 0
04-05 13:42:46.023  2846 24951 D CCodecConfig:   string input.media-type.value = "audio/vorbis"
04-05 13:42:46.023  2846 24951 D CCodecConfig:   string output.media-type.value = "audio/raw"
04-05 13:42:46.023  2846 24951 D CCodecConfig:   c2::u32 raw.channel-count.value = 1
04-05 13:42:46.023  2846 24951 D CCodecConfig:   c2::u32 raw.sample-rate.value = 48000
04-05 13:42:46.023  2846 24951 D CCodecConfig: }
04-05 13:42:46.023  2846 24951 D CCodecConfig: no c2 equivalents for durationUs
04-05 13:42:46.023  2846 24951 D CCodecConfig: no c2 equivalents for csd-1
04-05 13:42:46.023  2846 24951 D CCodecConfig: no c2 equivalents for track-id
04-05 13:42:46.023  2846 24951 D CCodecConfig: no c2 equivalents for channel-mask
04-05 13:42:46.024  1898 23578 I TimeWarp: WarpToScreen: Skipping frames for 25
04-05 13:42:46.024  2846 24951 D CCodecConfig: c2 config diff is   c2::u32 raw.channel-count.value = 4
04-05 13:42:46.024  2846 24951 W Codec2Client: query -- param skipped: index = 1107298332.
04-05 13:42:46.024  2846 24951 D CCodec  : setup formats input: AMessage(what = 0x00000000) = {
04-05 13:42:46.024  2846 24951 D CCodec  :   int32_t channel-count = 4
04-05 13:42:46.024  2846 24951 D CCodec  :   int32_t max-input-size = 32768
04-05 13:42:46.024  2846 24951 D CCodec  :   string mime = "audio/vorbis"
04-05 13:42:46.024  2846 24951 D CCodec  :   int32_t sample-rate = 48000
04-05 13:42:46.024  2846 24951 D CCodec  : } and output: AMessage(what = 0x00000000) = {
04-05 13:42:46.024  2846 24951 D CCodec  :   int32_t channel-count = 4
04-05 13:42:46.024  2846 24951 D CCodec  :   string mime = "audio/raw"
04-05 13:42:46.024  2846 24951 D CCodec  :   int32_t sample-rate = 48000
04-05 13:42:46.024  2846 24951 D CCodec  :   int32_t channel-mask = 51
04-05 13:42:46.024  2846 24951 D CCodec  : }
04-05 13:42:46.030  2846 24951 W Codec2Client: query -- param skipped: index = 1342179345.
04-05 13:42:46.030  2846 24951 W Codec2Client: query -- param skipped: index = 2415921170.
04-05 13:42:46.031  2846 24951 D CCodecBufferChannel: [c2.android.vorbis.decoder#639] Created input block pool with allocatorID 16 => poolID 126 - OK (0)
04-05 13:42:46.032  2846 24951 I CCodecBufferChannel: [c2.android.vorbis.decoder#639] Created output block pool with allocatorID 16 => poolID 216 - OK
04-05 13:42:46.032  2846 24951 D CCodecBufferChannel: [c2.android.vorbis.decoder#639] Configured output block pool ids 216 => OK
04-05 13:42:46.035   817 24952 D SimpleC2Component: Using output block pool with poolID 216 => got 216 - 0
04-05 13:42:46.035  1898 23578 I TimeWarp: WarpToScreen: Skipping frames for 25
04-05 13:42:46.046  1898 23578 I TimeWarp: WarpToScreen: Skipping frames for 25
04-05 13:42:46.054  2846 24886 I Telemetry: App memory usage: PSS=569MB DalvikPSS=0 MB
04-05 13:42:46.055  2846 24886 I VrApi   : FPS=61/90,Prd=21ms,Tear=0,Early=4,Stale=30,VSnc=0,Lat=-1,Fov=0,CPU4/GPU=2/4,2419/525MHz,OC=FF,TA=0/70/0,SP=N/F/N,Mem=2092MHz,Free=2791MB,PLS=0,Temp=34.7C/0.0C,TW=3.67ms,App=1.87ms,GD=0.59ms,CPU&GPU=0.00ms,LCnt=0,GPU%=0.57,CPU%=0.78(W0.82),DSF=1.00
04-05 13:42:46.057  1898 23578 I TimeWarp: WarpToScreen: Skipping frames for 25
04-05 13:42:46.092   735 23521 W SensorService: Unknown packet type (20) received
04-05 13:42:46.336  1898 23578 I chatty  : uid=10030(com.oculus.systemdriver) OVR::TimeWarp identical 25 lines
04-05 13:42:46.347  1898 23578 I TimeWarp: WarpToScreen: Skipping frames for 25
04-05 13:42:46.348  2846 24886 I VrApi   : FPS=80/90,Prd=14ms,Tear=0,Early=0,Stale=7,VSnc=0,Lat=-1,Fov=0,CPU4/GPU=3/4,2419/525MHz,OC=FF,TA=0/70/0,SP=N/F/N,Mem=2092MHz,Free=2966MB,PLS=0,Temp=34.7C/0.0C,TW=3.89ms,App=5.38ms,GD=0.57ms,CPU&GPU=6.12ms,LCnt=4,GPU%=0.91,CPU%=0.31(W0.48),DSF=1.00
04-05 13:42:46.358  1898 23578 I TimeWarp: WarpToScreen: Skipping frames for 25
04-05 13:42:46.692  1898 23578 I chatty  : uid=10030(com.oculus.systemdriver) OVR::TimeWarp identical 30 lines
04-05 13:42:46.703  1898 23578 I TimeWarp: WarpToScreen: Skipping frames for 25
04-05 13:42:46.712 23683 23814 I VrApi   : FPS=69/72,Prd=61ms,Tear=0,Early=5,Stale=5,VSnc=0,Lat=-1,Fov=0,CPU4/GPU=2/4,2419/525MHz,OC=FF,TA=0/0/0,SP=N/N/N,Mem=2092MHz,Free=2965MB,PLS=0,Temp=34.7C/0.0C,TW=4.38ms,App=6.49ms,GD=0.55ms,CPU&GPU=29.21ms,LCnt=1,GPU%=0.98,CPU%=0.31(W0.38),DSF=1.00
04-05 13:42:46.714  1898 23578 I TimeWarp: WarpToScreen: Skipping frames for 25
04-05 13:42:46.726  1898 23578 I chatty  : uid=10030(com.oculus.systemdriver) OVR::TimeWarp identical 1 line
04-05 13:42:46.737  1898 23578 I TimeWarp: WarpToScreen: Skipping frames for 25
04-05 13:42:46.741 23683 24273 D UE4     : [2022.04.05-11.42.46:741][822]LogTcpMessaging: Lost node 'ED14CE6E442194B3E13DF9A51E9B3300' on connection '127.0.0.1:55361'...
04-05 13:42:46.748  1898 23578 I TimeWarp: WarpToScreen: Skipping frames for 25
04-05 13:42:46.837  1898 23578 I chatty  : uid=10030(com.oculus.systemdriver) OVR::TimeWarp identical 8 lines
04-05 13:42:46.848  1898 23578 I TimeWarp: WarpToScreen: Skipping frames for 25
04-05 13:42:46.850 23683 23716 D UE4     : [2022.04.05-11.42.46:850][822]LogCore: Display: AppLifetime: Application will deactivate
04-05 13:42:46.850 23683 23716 D UE4     : [GameActivity] Unregistering volume receiver
04-05 13:42:46.853 23683 23716 D UE4     : [GameActivity] Unregistering battery receiver
04-05 13:42:46.853 23683 23716 D UE4     : [GameActivity] Unregistering headset receiver
04-05 13:42:46.854 23683 23716 D UE4     : [2022.04.05-11.42.46:854][822]LogCore: Display: AppLifetime: Application will enter background
04-05 13:42:46.854 23683 23716 D UE4     : [2022.04.05-11.42.46:854][822]LogTemp: Android pause audio
04-05 13:42:46.855 23683 23716 D UE4     : [2022.04.05-11.42.46:855][822]LogAudioMixerAndroid: Display: Suspending android audio renderer
04-05 13:42:46.855 23683 23716 D         : PlayerBase::pause() from IPlayer
04-05 13:42:46.856 23683 23716 D UE4     : [2022.04.05-11.42.46:855][822]LogTemp: Android release microphone
04-05 13:42:46.856 23683 23717 D UE4     : [2022.04.05-11.42.46:856][822]LogAndroid: Blocking renderer on invalid window.
04-05 13:42:46.856 23683 23717 D UE4     : [2022.04.05-11.42.46:856][822]LogAndroid: Waiting for renderer to encounter blocking command.
04-05 13:42:46.857 23683 23816 D UE4     : [2022.04.05-11.42.46:857][822]LogAndroid: Blocking renderer
04-05 13:42:46.857 23683 23816 D UE4     : [2022.04.05-11.42.46:857][822]LogAndroid: RendererBlock release window callback
04-05 13:42:46.858 23683 23816 D UE4     : [2022.04.05-11.42.46:857][822]LogVulkanRHI: Destroy swapchain ... 
04-05 13:42:46.859 23683 23716 I OpenXR  : PostSessionStateChange: XR_SESSION_STATE_VISIBLE -> XR_SESSION_STATE_SYNCHRONIZED
04-05 13:42:46.859 23683 23716 I OpenXR  : PostSessionStateChange: XR_SESSION_STATE_SYNCHRONIZED -> XR_SESSION_STATE_STOPPING
04-05 13:42:46.859 23683 23716 I OpenXR  : ------------ xrEndSession [start] -----------
04-05 13:42:46.859 23683 23716 I XrRuntimeUtils: XrRuntimeUtils::EndSession
04-05 13:42:46.859  1325  1325 V AvrcpMediaPlayerList: onPlaybackConfigChanged(): Configs list size=8
04-05 13:42:46.859  1898 23578 I TimeWarp: WarpToScreen: Skipping frames for 25
04-05 13:42:46.863 23683 23717 D UE4     : LogAndroidEvents::EnqueueAppEvent : 13, [width=-1, height=-1], tid = 23717, APP_EVENT_STATE_APP_SUSPENDED
04-05 13:42:46.863 23683 23716 D VrApi   : targetSDKVersion 25
04-05 13:42:46.863 23683 23717 D UE4     : Case APP_CMD_TERM_WINDOW, tid = 23717
04-05 13:42:46.864 23683 23717 D UE4     : [2022.04.05-11.42.46:864][822]LogAndroid: Case APP_CMD_TERM_WINDOW
04-05 13:42:46.864 23683 23717 D UE4     : LogAndroidEvents::EnqueueAppEvent : 3, [width=-1, height=-1], tid = 23717, APP_EVENT_STATE_WINDOW_DESTROYED
04-05 13:42:46.867 23683 23716 I VrRuntimeClient: DEVICE MODEL NUMBER = Quest
04-05 13:42:46.867 23683 23716 I VrRuntimeClient: DEVICE BUILD NAME = user-24721900527300000
04-05 13:42:46.867 23683 23716 I VrRuntimeClient: DEVICE BUILD TYPE = user
04-05 13:42:46.867 23683 23716 I VrRuntimeClient: DEVICE OS VERSION = 10
04-05 13:42:46.867 23683 23716 I VrRuntimeClient: API LOADER VERSION = 1.0.17
04-05 13:42:46.867 23683 23716 I VrRuntimeClient: RUNTIME API VERSION = 1.0.20
04-05 13:42:46.867 23683 23716 I VrRuntimeClient: RUNTIME VERSION = 38.0.0.82.727 Mar  8 2022 12:20:03 RELEASE
04-05 13:42:46.867 23683 23716 I VrRuntimeClient: APP NAME = PruebaVR
04-05 13:42:46.867 23683 23716 I VrRuntimeClient: APP VERSION = 1.0 versionCode 1 internalVersionName <none>
04-05 13:42:46.867 23683 23716 I VrRuntimeClient: APP VR TYPE = <none>
04-05 13:42:46.867 23683 23716 I VrRuntimeClient: APP MODE TYPE = VR
04-05 13:42:46.867 23683 23716 I VrRuntimeClient: APP PACKAGE NAME = com.epicgames.PruebaVR
04-05 13:42:46.867 23683 23716 I VrRuntimeClient: APP ACTIVITY CLASS = com.epicgames.ue4.GameActivity
04-05 13:42:46.868 23683 23716 D BatteryReceiver: Unregistering battery receiver
04-05 13:42:46.869 23683 23716 I Sensor  : OSSDKTRACKING Shutdown tracking
04-05 13:42:46.870 23683 23716 I LogTimer: CPUTIME: VrRuntimeClient_EndSession took 10.3883 ms
04-05 13:42:46.870  1898 23578 I TimeWarp: WarpToScreen: Skipping frames for 25
04-05 13:42:46.876 23683 23814 I VrRuntimeDeviceConfigClient: GetBoolean: oculus_mobile_disable_non_hands_app_hands_usage 0
04-05 13:42:46.876 23683 23814 I VrRuntimeDeviceConfigClient: GetBoolean: oculus_keyboard_telemetry 0
04-05 13:42:46.881 23683 23814 I VrApi   : FPS=69/72,Prd=61ms,Tear=0,Early=5,Stale=5,VSnc=0,Lat=-1,Fov=0,CPU4/GPU=2/4,2419/525MHz,OC=FF,TA=0/0/0,SP=N/N/N,Mem=2092MHz,Free=2966MB,PLS=0,Temp=34.7C/0.0C,TW=4.38ms,App=6.49ms,GD=0.55ms,CPU&GPU=29.21ms,LCnt=1,GPU%=0.98,CPU%=0.31(W0.38),DSF=1.00
04-05 13:42:46.881 23683 23716 I VrApi   : OVR::Stats thread stopped
04-05 13:42:46.881 23683 23716 I InputDeviceManager: ovrInputDeviceManager::~ovrInputDeviceManager
04-05 13:42:46.881 23683 23716 I InputDevice_TrackedRemote: OSSDKTRACKING shutting down Haptics
04-05 13:42:46.881 23683 23716 I chatty  : uid=10194(com.epicgames.PruebaVR) identical 2 lines
04-05 13:42:46.881 23683 23716 I InputDevice_TrackedRemote: OSSDKTRACKING shutting down Haptics
04-05 13:42:46.881 23683 23716 I OSHandDataQuerier: OSSDKTRACKING shutting down HandsTracker
04-05 13:42:46.881 23683 23716 I OSHandDataQuerier: OSSDKTRACKING shutting down HandsTracker
04-05 13:42:46.882  1898 23578 I TimeWarp: WarpToScreen: Skipping frames for 25
04-05 13:42:46.887 23683 23813 I ClientInputThread_Internal: InputThreadRun ShutdownRequest received
04-05 13:42:46.888 23683 23716 I InputHooks_Internal: Disabling Native Input Hooks
04-05 13:42:46.889 23683 23716 I ClientInputTrackedKeyboardManager: TRACKEDKEYBOARD ClearTrackedObjectManager called on client
04-05 13:42:46.889  1898 23787 I VrRuntimeService: RuntimeServiceSDKServer::EnableRendering: 0x0, 0, com.epicgames.PruebaVR
04-05 13:42:46.889  1898 23787 I ClientMgr: ClientMgr::EnableRendering 23683:com.epicgames.PruebaVR : type 0 comp-id 25: disable
04-05 13:42:46.889  1898 23787 I VrRuntimeServer: DisableCompositorClient: 25
04-05 13:42:46.889  1898 23787 I TimeWarpClientMgr: Disable client 25
04-05 13:42:46.889  1898 23787 I TimeWarpClientMgr: DisableClient: frame flush required: 1
04-05 13:42:46.891  1898  2099 I ClientMgr: Non-overlay clients rendering status has changed: prev=108, curr=109, enabled=1
04-05 13:42:46.893  1898 23578 I TimeWarp: WarpToScreen: Skipping frames for 25
04-05 13:42:46.893 23683 23683 V UE4     : [GameApp] App in background
04-05 13:42:46.893 23683 23683 D UE4     : [GameActivity] ==============> GameActive.onStop complete!
04-05 13:42:46.893 23683 23717 D UE4     : [2022.04.05-11.42.46:893][822]LogAndroid: Case APP_CMD_STOP
04-05 13:42:46.893 23683 23717 D UE4     : LogAndroidEvents::EnqueueAppEvent : 8, [width=-1, height=-1], tid = 23717, APP_EVENT_STATE_ON_STOP
04-05 13:42:46.902 23683 23683 D UE4     : [GameActivity] onDestroy: destroy memoryHandlerThread
04-05 13:42:46.902 23683 23717 D UE4     : [2022.04.05-11.42.46:902][822]LogAndroid: Case APP_CMD_INPUT_CHANGED
04-05 13:42:46.902 23683 23717 D UE4     : [2022.04.05-11.42.46:902][822]LogAndroid: Case APP_CMD_DESTROY
04-05 13:42:46.902 23683 23717 D UE4     : LogAndroidEvents::EnqueueAppEvent : 15, [width=-1, height=-1], tid = 23717, APP_EVENT_RUN_CALLBACK
04-05 13:42:46.902 23683 23717 D UE4     : LogAndroidEvents::EnqueueAppEvent : 5, [width=-1, height=-1], tid = 23717, APP_EVENT_STATE_ON_DESTROY
04-05 13:42:46.903  1898 23787 I UnifiedTelemetryWrapper: Stopped UT session render:com.epicgames.PruebaVR
04-05 13:42:46.903  1898  2099 I ClientMgr: Primary client determined to be the current enabled client 1877188603
04-05 13:42:46.903 23683 23818 I FenceChecker: FenceChecker::MainLoop - ended
04-05 13:42:46.903 23683 23716 I VrRuntimeClient: PhaseSync Instance deleted
04-05 13:42:46.903 23683 23716 I OpenXR  : PostSessionStateChange: XR_SESSION_STATE_STOPPING -> XR_SESSION_STATE_IDLE
04-05 13:42:46.904 23683 23716 I OpenXR  : ------------ xrEndSession [end] -----------
04-05 13:42:46.904 23683 23717 I cgames.PruebaV: System.exit called, status: 0
04-05 13:42:46.904 23683 23717 I AndroidRuntime: VM exiting with result code 0, cleanup skipped.
04-05 13:42:46.943   706  1011 D msm8974_platform: platform_split_snd_device: snd_device(2) num devices(1) new_snd_devices(0)
04-05 13:42:46.943   706  1011 D msm8974_platform: platform_split_snd_device: snd_device(2) num devices(1) new_snd_devices(0)
04-05 13:42:47.029  2188 23793 W RuntimeIPCServerMgr: RPCClientHandler::MainLoop: Error reading pipe: Client: com.epicgames.PruebaVR:com.epicgames.PruebaVR:23683, Server: com.oculus.guardian:com.oculus.vrguardianservice (guardianserver)
04-05 13:42:47.031  2188 23792 W RPCServerHandlerHelper: RPCServerHandlerHelper::MainLoop: Error reading pipe: ServerProcessConnection: com.epicgames.PruebaVR:com.epicgames.PruebaVR:23683
04-05 13:42:47.032  1898 23787 W RuntimeIPCServerMgr: RPCClientHandler::MainLoop: Error reading pipe: Client: com.epicgames.PruebaVR:com.epicgames.PruebaVR:23683, Server: com.oculus.systemdriver:com.oculus.vrruntimeservice (RuntimeServiceServer)
04-05 13:42:47.032  1898 23787 I VrRuntimeService: RuntimeIPC: IPC_SYSTEM_EVENT_CLIENT_DISCONNECTED_EXT: com.epicgames.PruebaVR
04-05 13:42:47.032  1898 23787 I ClientMgr: ClientMgr::DestroyClient: 23683:com.epicgames.PruebaVR
04-05 13:42:47.032  1898 23787 I ClientMgr: ClientMgr::DestroyClient Destroying 1 swapchain(s) for 23683:com.epicgames.PruebaVR.
04-05 13:42:47.032  1898 23787 I ClientMgr: ClientMgr::DestroyClient: non-deferred ShutdownResources: 17822 == 17822 
04-05 13:42:47.032  1898 23787 I VrRuntimeServer: UnRegisterCompositorClient client(25)
04-05 13:42:47.032  1898 23786 W RPCServerHandlerHelper: RPCServerHandlerHelper::MainLoop: Error reading pipe: ServerProcessConnection: com.epicgames.PruebaVR:com.epicgames.PruebaVR:23683
04-05 13:42:47.035  1898 23787 I UnifiedTelemetryWrapper: Stopped UT session lifetime:com.epicgames.PruebaVR
04-05 13:42:47.035  1898 23787 I ClientMgr: RemoveClient: com.epicgames.PruebaVR:com.epicgames.PruebaVR:23683
04-05 13:42:47.042  2188  2257 I GuardianSystem: runtimeServiceSDKClient_.ActiveClientDestroyedEventData: package=[com.epicgames.PruebaVR], process=[com.epicgames.PruebaVR]
04-05 13:42:47.042  2188  2257 I GuardianSystem: OnDestroyActiveClient: com.epicgames.PruebaVR
04-05 13:42:47.066   823  2667 W [CT]    : BOLTDEPTH: BoltDepthSystem: Invalid Bolt depth system state for core depth computation: PAUSED
04-05 13:42:47.067  1073  1187 W InputDispatcher: channel 'fa8eb4c com.epicgames.PruebaVR/com.epicgames.ue4.GameActivity (server)' ~ Consumer closed input channel or an error occurred.  events=0x9
04-05 13:42:47.067  1073  1187 E InputDispatcher: channel 'fa8eb4c com.epicgames.PruebaVR/com.epicgames.ue4.GameActivity (server)' ~ Channel is unrecoverably broken and will be disposed!
04-05 13:42:47.071   789 17420 I RuntimeIPCService: DestroyBrokerConnection: com.epicgames.PruebaVR:com.epicgames.PruebaVR:23683
04-05 13:42:47.071   789 17420 E IPCThreadState: attemptIncStrongHandle(2): Not supported
04-05 13:42:47.072  1073  3172 D ConnectivityService: ConnectivityService NetworkRequestInfo binderDied(NetworkRequest [ LISTEN id=39, [ Transports: CELLULAR|WIFI|BLUETOOTH|ETHERNET|VPN Capabilities: INTERNET&NOT_RESTRICTED&TRUSTED&NOT_VPN&VALIDATED&FOREGROUND Uid: 10194] ], android.os.BinderProxy@731e15)
04-05 13:42:47.072  1073 12146 I ActivityManager: Process com.epicgames.PruebaVR (pid 23683) has died: cch CRE 
04-05 13:42:47.072  1073  1818 I WindowManager: WIN DEATH: Window{fa8eb4c u0 com.epicgames.PruebaVR/com.epicgames.ue4.GameActivity}
04-05 13:42:47.072  1073  1818 W InputDispatcher: Attempted to unregister already unregistered input channel 'fa8eb4c com.epicgames.PruebaVR/com.epicgames.ue4.GameActivity (server)'
04-05 13:42:47.073   825  1691 I TrackingService: Unregistering client 'com.epicgames.PruebaVR#23683' by binder death
04-05 13:42:47.073   825  1691 I TrackingService: Unregistering client 'com.epicgames.PruebaVR' by binder death
04-05 13:42:47.073  1325  1325 V AvrcpMediaPlayerList: onPlaybackConfigChanged(): Configs list size=7
04-05 13:42:47.077  1325  1325 V AvrcpMediaPlayerList: onPlaybackConfigChanged(): Configs list size=6
04-05 13:42:47.083  1073  1122 W ActivityManager: setHasOverlayUi called on unknown pid: 23683
04-05 13:42:47.083   699   699 I Zygote  : Process 23683 exited cleanly (0)
04-05 13:42:47.102  1073  1134 I libprocessgroup: Successfully killed process cgroup uid 10194 pid 23683 in 29ms
04-05 13:42:47.126  3617  3686 I [OAO] ShellOverlayApp: Sleep timeout exceeded. Timeout:10597.076179, Now:10597.092520. Sleeping... 
04-05 13:42:47.127  3617  3686 I [OAO] ShellOverlayApp: WaitForWake: VrThread entering waiting state
04-05 13:42:47.132  1073  1122 I system_server: Explicit concurrent copying GC freed 59190(3323KB) AllocSpace objects, 23(1040KB) LOS objects, 42% free, 11MB/19MB, paused 33us total 39.061ms
04-05 13:42:47.148  2188  3073 I VrGuardianService: GuardianSDKServer::SendRenderModeConditions
04-05 13:42:47.163   825 23519 I [CT]    : VIPER: InternalAnchorHealthMonitor: Anchors: 1 | Persistent anchors: 1 | Anchors never observed: 0
04-05 13:42:47.163   825 23519 I [CT]    :   (min/avg/max) Anchor landmarks: (24|24.0|24) | Covisible keyframes: (22|22.0|22) | Times since observation: (1.92|1.0|1.92)
04-05 13:42:47.250  1898  1941 I ServerProcessConnector: Connection closed: com.epicgames.PruebaVR:com.epicgames.PruebaVR:23683
04-05 13:42:47.306   823 24798 I [CT]    : MIXEDREALITY: MrSystemService: FramesetHealth: valid: 450/450, stereo/depth/color: avail:  450/   0/   0, accepted %: 100.0/  0.0/  0.0, dropped %:   0.0/  0.0/  0.0, valid %: 100.0/  0.0/  0.0, textured %: 100.0/  0.0/  0.0.
04-05 13:42:47.306   823 24798 I [CT]    : MIXEDREALITY: MrSystemService: FramesetHealth: timeouts stereo/color: compute side: 0/0, render side: 0/0, egl: 0.
04-05 13:42:47.347  2846 24886 I VrApi   : FPS=85/90,Prd=37ms,Tear=0,Early=47,Stale=13,VSnc=0,Lat=-1,Fov=0,CPU4/GPU=3/4,2419/525MHz,OC=FF,TA=0/70/0,SP=N/F/N,Mem=2092MHz,Free=3105MB,PLS=0,Temp=34.7C/0.0C,TW=3.78ms,App=5.36ms,GD=0.50ms,CPU&GPU=12.06ms,LCnt=4,GPU%=0.92,CPU%=0.28(W0.42),DSF=1.00
04-05 13:42:47.380  2188  2251 I ServerProcessConnector: Connection closed: com.epicgames.PruebaVR:com.epicgames.PruebaVR:23683
04-05 13:42:47.392  1898  2099 I PerformanceManager_V0: SetClockLevels: Apply pending clock request change: 3,4 -> 2,4
04-05 13:42:47.392  1898 23602 I Clocks  : ReleaseClocks - start
04-05 13:42:47.393  1898 23602 I Clocks  : ReleaseClocks - end (0.5 ms)
04-05 13:42:47.393  1898 23602 I Clocks  : LockClocks( cpu=2, gpu=4 ) - start
04-05 13:42:47.393  1898 23602 I Clocks  : CPU levels [0, 4]
04-05 13:42:47.393  1898 23602 I Clocks  : GPU levels [0, 5]
04-05 13:42:47.393  1898 23602 I Clocks  : LockClocks( cpu=2, gpu=4 ) - end (0.4 ms)
04-05 13:42:47.798  3100 24926 E memtrack: Couldn't load memtrack module
04-05 13:42:47.798  3100 24926 W android.os.Debug: failed to get memory consumption info: -1
04-05 13:42:48.267   823  2667 W [CT]    : BOLTDEPTH: BoltDepthSystem: Invalid Bolt depth system state for core depth computation: PAUSED
04-05 13:42:48.267   823  2667 W [CT]    : MIXEDREALITY: StereoPipeline: computeCoreDepth: Core stereo computation failed.
04-05 13:42:48.348  2846 24886 I VrApi   : FPS=90/90,Prd=34ms,Tear=0,Early=14,Stale=0,VSnc=0,Lat=-1,Fov=0,CPU4/GPU=2/4,2419/525MHz,OC=FF,TA=0/70/0,SP=N/F/N,Mem=2092MHz,Free=3107MB,PLS=0,Temp=34.7C/0.0C,TW=3.71ms,App=4.15ms,GD=0.71ms,CPU&GPU=10.01ms,LCnt=4,GPU%=0.79,CPU%=0.24(W0.29),DSF=1.00
