04-04 16:46:54.916   789 10297 E IPCThreadState: attemptIncStrongHandle(17): Not supported
04-04 16:46:54.917  1051  5207 D ConnectivityService: ConnectivityService NetworkRequestInfo binderDied(NetworkRequest [ LISTEN id=43, [ Transports: CELLULAR|WIFI|BLUETOOTH|ETHERNET|VPN Capabilities: INTERNET&NOT_RESTRICTED&TRUSTED&NOT_VPN&VALIDATED&FOREGROUND Uid: 10184] ], android.os.BinderProxy@8cc17f5)
04-04 16:46:54.918   696   696 I Zygote  : Process 31429 exited cleanly (0)
04-04 16:46:54.918  1051  1175 I ActivityManager: Process com.epicgames.PruebaVR (pid 31429) has died: fore TOP 
04-04 16:46:54.918  1051  3913 I WindowManager: WIN DEATH: Window{4759d35 u0 com.epicgames.PruebaVR/com.epicgames.ue4.GameActivity}
04-04 16:46:54.918  1051  3913 W InputDispatcher: Attempted to unregister already unregistered input channel '4759d35 com.epicgames.PruebaVR/com.epicgames.ue4.GameActivity (server)'
04-04 16:46:54.918  1051  1080 I libprocessgroup: Successfully killed process cgroup uid 10184 pid 31429 in 0ms
04-04 16:46:54.920  1254  1254 V AvrcpMediaPlayerList: onPlaybackConfigChanged(): Configs list size=6
04-04 16:46:54.921  1051  1175 W ActivityTaskManager: Force removing ActivityRecord{f8bf5ae u0 com.epicgames.PruebaVR/com.epicgames.ue4.GameActivity t192}: app died, no saved state
04-04 16:46:54.929  1051  1175 W InputReader: Device has associated, but no associated display id.
04-04 16:46:54.936   746  3949 D AF::TrackHandle: OpPlayAudio: track:77 uid:1000 pkg:com.android.networkstack.inprocess usage:13 not muted
04-04 16:46:54.937  1051  1072 W ActivityManager: setHasOverlayUi called on unknown pid: 31429
04-04 16:46:54.939   746  1275 D AF::TrackHandle: OpPlayAudio: track:56 uid:10013 pkg:com.oculus.shellenv usage:1 not muted
04-04 16:46:54.940  1964  1964 D VrRuntimeService: onForegroundActivitiesChanged: pid=1800, uid=10013, hasForegroundActivities=true
04-04 16:46:54.941  1051  1175 W ActivityManager: Package for pid 830: no process record found
04-04 16:46:54.943   746  4235 D AF::RecordHandle: OpRecordAudio: track:161 uid:10048 pkg:com.oculus.horizon usage:0 not muted
04-04 16:46:54.945   746  3949 D AF::TrackHandle: OpPlayAudio: track:169 uid:10032 pkg:com.oculus.systemux usage:10 not muted
04-04 16:46:54.947   746  4235 D AF::RecordHandle: OpRecordAudio: track:57 uid:10013 pkg:com.oculus.shellenv usage:0 not muted
04-04 16:46:54.997  2598  2598 D [SEO] ShellEnvOverlayService: onStartCommand() with action com.oculus.vrshell.SHELL_ENV_START_SERVICE
04-04 16:46:54.998  1800  1800 D ActivityLifecycleListener: onActivityResumed
04-04 16:46:54.998  1800  3628 D ActivityLifecycleListener: activity=com.oculus.shellenv.ShellEnvActivity@e339ce5, resumed=true
04-04 16:46:54.999  1800  3628 D ActivityLifecycleListener: Activity ready after 1ms
04-04 16:46:54.999  1800  3628 I OpenXR  : nativeOnActivityReady
04-04 16:46:55.001   694   694 I netd    : firewallSetUidRule(2, 10042, 1) <0.03ms>
04-04 16:46:55.003  2598  2598 D [SEO] ShellEnvOverlayService: onRebind
04-04 16:46:55.004  2598  2865 I [SEO] ShellFrameAnalytics: ShellFrame frameFunction: 87588855us/837281317us, trace: 0us/32us, process commands: 0us/873us, system update: 0us/6405us, render 0us/978us, post render 0us/0us
04-04 16:46:55.005  2598  2865 I [SEO] ShellFrameAnalytics: Shell Heartbeat focusedPanelTimeSpent: {"0":27008} visibleTimeSpent: {"55":22,"57":26597} inputTimeSpent: {"controller":27008} inputClickCount: {"controller":1} mouseMoveTimeSpent: 0 mouseScrollTimeSpent: 0 physicalKeyboardConnectedTimeSpent: 0 physicalKeyboardTrackedTimeSpent: 0 quickActionsMenuActivations: 0 quickActionsMenuTimeSpent: 0 quickActionsMenuSessionLengths: [] quickActionsMenuSelections: {} handTrackingOptIn: 0 handTrackingAutoTransition: 1
04-04 16:46:55.005  2598  2865 I [SEO] ShellApp: 0xc478fbb8 msg: intent
04-04 16:46:55.005  2598  2865 W [SEO] SystemUXController: Unsupported action: 'com.oculus.vrshell.SHELL_ENV_START_SERVICE'
04-04 16:46:55.006   746  3754 D AF::RecordHandle: OpRecordAudio: track:161 uid:10048 pkg:com.oculus.horizon usage:0 not muted
04-04 16:46:55.009  2598  2865 I [SEO] PanelAppLaunchInfo: PanelAppLaunchInfo componentString: packageName: serviceName: componentName:/
04-04 16:46:55.009  2598  2865 I [SEO] HostPlatform: Retrieving component launch information for package () and service ()
04-04 16:46:55.010   746  4235 D AF::RecordHandle: OpRecordAudio: track:57 uid:10013 pkg:com.oculus.shellenv usage:0 not muted
04-04 16:46:55.014  2598  2865 I [SEO] HostPlatform: Is valid panel service component for package () and service () - false
04-04 16:46:55.014  2598  2865 W [SEO] SystemUXController: Intent launching an invalid panel app package ''
04-04 16:46:55.014  2598  2865 I [SEO] VrPlatformOpenXr: xrPollEvent: received XR_TYPE_EVENT_DATA_DISPLAY_REFRESH_RATE_CHANGED_FB event: fromRate 90.000000 -> toRate 72.000000
04-04 16:46:55.027  1800  1842 I Clay    : BaseApp: Hibernate transition Unhibernate
04-04 16:46:55.027  1800  1842 I Clay    : SoundSystem: setPaused(false), m_paused=true
04-04 16:46:55.034   746  4235 W AudioFlinger: moveEffectChain_l() effect chain for session 0 not on source thread 0x7cb60ba840
04-04 16:46:55.035  1254  1254 V AvrcpMediaPlayerList: onPlaybackConfigChanged(): Configs list size=6
04-04 16:46:55.038   711 31209 D msm8974_platform: platform_split_snd_device: snd_device(2) num devices(1) new_snd_devices(0)
04-04 16:46:55.038   711 31209 D ACDB-LOADER: ACDB -> send_audvoltable
04-04 16:46:55.038   711 31209 D ACDB-LOADER: ACDB -> ACDB_CMD_GET_AUDPROC_INSTANCE_GAIN_DEP_STEP_TABLE_SIZE
04-04 16:46:55.038  1800  1842 I Clay    : EnvironmentSystem: computed visibility changed from Unload to Visible (reason: <none>)
04-04 16:46:55.038   711 31209 D         : Failed to fetch the lookup information of the device 0000000F 
04-04 16:46:55.038   711 31209 D ACDB-LOADER: Error: ACDB_CMD_GET_AUDPROC_INSTANCE_GAIN_DEP_STEP_TABLE_SIZE Returned = -19
04-04 16:46:55.038   711 31209 D ACDB-LOADER: ACDB -> ACDB_CMD_GET_AUDPROC_INSTANCE_GAIN_DEP_STEP_TABLE, vol index 1
04-04 16:46:55.038   711 31209 D         : Failed to fetch the lookup information of the device 0000000F 
04-04 16:46:55.038   711 31209 D ACDB-LOADER: Error: ACDB AudProc vol returned = -19
04-04 16:46:55.038   711 31209 D ACDB-LOADER: ACDB -> AUDIO_SET_VOL_CAL cal type = 40
04-04 16:46:55.038   711  2401 D audio_hw_primary: start_output_stream: enter: stream(0xf22c6800)usecase(0: deep-buffer-playback) devices(0x2) is_haptic_usecase(0)
04-04 16:46:55.038   711  2401 I audio_hw_primary: select_devices for use case (deep-buffer-playback)
04-04 16:46:55.038   711  2401 I msm8974_platform: platform_check_and_set_codec_backend_cfg:becf: afe: bitwidth 16, samplerate 48000 channels 2, backend_idx 0 usecase = 0 device (speaker)
04-04 16:46:55.038   711  2401 D msm8974_platform: platform_split_snd_device: snd_device(2) num devices(1) new_snd_devices(0)
04-04 16:46:55.038   711  2401 I msm8974_platform: platform_check_and_set_codec_backend_cfg: new_snd_devices[0] is 2
04-04 16:46:55.038   711  2401 I msm8974_platform: platform_check_codec_backend_cfg:becf: afe: bitwidth 16, samplerate 48000 channels 2, backend_idx 0 usecase = 0 device (speaker)
04-04 16:46:55.038   711  2401 D msm8974_platform: platform_check_codec_backend_cfg:napb: (0) - (low-latency-playback)id (1) sr 48000 bw (16) ch (2) device speaker
04-04 16:46:55.039  1800  1842 I OpenXR  : PostSessionStateChange: XR_SESSION_STATE_IDLE -> XR_SESSION_STATE_READY
04-04 16:46:55.039  1800  1842 I Clay    : xrPollEvent: DISPLAY_REFRESH_RATE_CHANGED_FB: 90.000000 -> 72.000000
04-04 16:46:55.039  1800  1842 I Clay    : xrPollEvent: SESSION_STATE_CHANGED: READY
04-04 16:46:55.039  1800  1842 I Clay    : Entering VR mode: cpu=-1, gpu=-1, perf threads: main=1842, gpu=unset
04-04 16:46:55.039  1800  1842 I OpenXR  : ------------ xrBeginSession [start] -----------
04-04 16:46:55.039  1800  1842 I VrRuntimeClient: Tracing is disabled
04-04 16:46:55.039  1800  1842 I VrRuntimeClient: SysProp debug mode is disabled on Client side
04-04 16:46:55.040   711  2401 D audio_hw_extn: audio_extn_enable_hifi_filter: mixer_value set 0
04-04 16:46:55.040   711  2401 D msm8974_platform: platform_check_codec_backend_cfg:becf: updated afe: bitwidth 16, samplerate 48000 channels 2,backend_idx 0 usecase = 0 device (speaker)
04-04 16:46:55.040   711  2401 D msm8974_platform: platform_check_codec_backend_cfg:becf: afe: playback on codec device not supporting native playback set default Sample Rate(48k)
04-04 16:46:55.040   711  2401 I msm8974_platform: platform_check_codec_backend_cfg:becf: afe: Codec selected backend: 0 updated bit width: 16 and sample rate: 48000
04-04 16:46:55.040   711  2401 D audio_hw_primary: check_usecases_codec_backend:becf: force routing 0
04-04 16:46:55.040   711  2401 D audio_hw_primary: check_usecases_codec_backend:becf: (75) check_usecases curr device: speaker, usecase device:speaker backends match 1
04-04 16:46:55.040   711  2401 E msm8974_platform: platform_check_backends_match: Invalid snd_device = 
04-04 16:46:55.040   711  2401 D audio_hw_primary: check_usecases_codec_backend:becf: (75) check_usecases curr device: speaker, usecase device: backends match 0
04-04 16:46:55.040   711  2401 D audio_hw_primary: check_usecases_codec_backend:becf: check_usecases num.of Usecases to switch 0
04-04 16:46:55.040   711  2401 D hardware_info: hw_info_append_hw_type : device_name = speaker
04-04 16:46:55.040   711  2401 D msm8974_platform: platform_split_snd_device: snd_device(2) num devices(0) new_snd_devices(0)
04-04 16:46:55.040   711  2401 I audio_hw_utils: audio_extn_utils_update_stream_output_app_type_cfg Allowing 24 and above bits playback on speaker ONLY at default sampling rate
04-04 16:46:55.040   711  2401 D audio_hw_utils: audio_extn_utils_send_app_type_cfg: usecase->out_snd_device speaker
04-04 16:46:55.040   711  2401 D msm8974_platform: platform_split_snd_device: snd_device(2) num devices(0) new_snd_devices(0)
04-04 16:46:55.040   711  2401 D audio_hw_utils: audio_extn_btsco_get_sample_rate:Not a BT SCO device, need not update sampling rate
04-04 16:46:55.040   711  2401 I audio_hw_utils: send_app_type_cfg_for_device PLAYBACK app_type 69936, acdb_dev_id 15, sample_rate 48000, snd_device_be_idx 43
04-04 16:46:55.041   711  2401 D msm8974_platform: platform_split_snd_device: snd_device(2) num devices(1) new_snd_devices(0)
04-04 16:46:55.041   711  2401 D audio_hw_utils: audio_extn_btsco_get_sample_rate:Not a BT SCO device, need not update sampling rate
04-04 16:46:55.041   711  2401 D ACDB-LOADER: ACDB -> send_audio_cal, acdb_id = 15, path = 0, app id = 0x11130, sample rate = 48000, afe_sample_rate = 48000
04-04 16:46:55.041   711  2401 D ACDB-LOADER: ACDB -> send_asm_topology
04-04 16:46:55.041   711  2401 D ACDB-LOADER: ACDB -> ACDB_CMD_GET_AUDPROC_STREAM_TOPOLOGY_ID
04-04 16:46:55.041   711  2401 D ACDB-LOADER: ACDB -> send_adm_topology
04-04 16:46:55.041   711  2401 D ACDB-LOADER: ACDB -> ACDB_CMD_GET_AUDPROC_COMMON_TOPOLOGY_ID
04-04 16:46:55.041   711  2401 D ACDB-LOADER: ACDB -> send_audtable
04-04 16:46:55.041   711  2401 D ACDB-LOADER: ACDB -> ACDB_CMD_GET_AUDPROC_INSTANCE_COMMON_TABLE_SIZE
04-04 16:46:55.041   711  2401 D ACDB-LOADER: ACDB -> ACDB_CMD_GET_AUDPROC_INSTANCE_COMMON_TABLE
04-04 16:46:55.041   711  2401 D ACDB-LOADER: ACDB -> AUDIO_SET_AUDPROC_CAL cal_type[11] acdb_id[15] app_type[69936]
04-04 16:46:55.041   711  2401 D ACDB-LOADER: ACDB -> ACDB_CMD_GET_PERSISTENT_AUDPROC_INSTANCE_COMMON_TABLE_SIZE
04-04 16:46:55.041   711  2401 D         : [Data Manager]-> No data found
04-04 16:46:55.041   711  2401 D ACDB-LOADER: Error: ACDB_CMD_GET_PERSISTENT_AUDPROC_INSTANCE_COMMON_TABLE_SIZE returned -18
04-04 16:46:55.041   711  2401 D ACDB-LOADER: ACDB -> send_audproc_persist_table -18 
04-04 16:46:55.041   711  2401 D ACDB-LOADER: Error: Invalid Audproc persist size = -18
04-04 16:46:55.041   711  2401 D ACDB-LOADER: ACDB -> send_audvoltable
04-04 16:46:55.041   711  2401 D ACDB-LOADER: ACDB -> ACDB_CMD_GET_AUDPROC_INSTANCE_GAIN_DEP_STEP_TABLE_SIZE
04-04 16:46:55.041   711  2401 D         : Failed to fetch the lookup information of the device 0000000F 
04-04 16:46:55.041   711  2401 D ACDB-LOADER: Error: ACDB_CMD_GET_AUDPROC_INSTANCE_GAIN_DEP_STEP_TABLE_SIZE Returned = -19
04-04 16:46:55.041   711  2401 D ACDB-LOADER: ACDB -> ACDB_CMD_GET_AUDPROC_INSTANCE_GAIN_DEP_STEP_TABLE, vol index 8
04-04 16:46:55.041   711  2401 D         : Failed to fetch the lookup information of the device 0000000F 
04-04 16:46:55.041   711  2401 D ACDB-LOADER: Error: ACDB AudProc vol returned = -19
04-04 16:46:55.041   711  2401 D ACDB-LOADER: ACDB -> AUDIO_SET_VOL_CAL cal type = 12
04-04 16:46:55.041   711  2401 D ACDB-LOADER: ACDB -> ACDB_CMD_GET_AUDPROC_INSTANCE_STREAM_TABLE_SIZE
04-04 16:46:55.041   711  2401 D ACDB-LOADER: ACDB -> send_audstrmtable
04-04 16:46:55.041   711  2401 D ACDB-LOADER: ACDB -> ACDB_CMD_GET_AUDPROC_INSTANCE_STREAM_TABLE
04-04 16:46:55.041   711  2401 D ACDB-LOADER: ACDB -> audstrm_cal->cal_type.cal_data.cal_size = 20
04-04 16:46:55.041   711  2401 D ACDB-LOADER: ACDB -> send_afe_topology
04-04 16:46:55.041   711  2401 D ACDB-LOADER: ACDB -> ACDB_CMD_GET_AFE_TOPOLOGY_ID
04-04 16:46:55.041   711  2401 D ACDB-LOADER: ACDB -> GET_AFE_TOPOLOGY_ID for adcd_id 15, Topology Id 112fc
04-04 16:46:55.041   711  2401 D ACDB-LOADER: ACDB -> send_afe_cal
04-04 16:46:55.041   711  2401 D ACDB-LOADER: ACDB -> ACDB_CMD_GET_AFE_INSTANCE_COMMON_TABLE_SIZE
04-04 16:46:55.041   711  2401 D         : Failed to fetch the lookup information of the device 0000000F 
04-04 16:46:55.041   711  2401 D ACDB-LOADER: Error: ACDB_CMD_GET_AFE_INSTANCE_COMMON_TABLE_SIZE Returned = -19
04-04 16:46:55.041   711  2401 D ACDB-LOADER: ACDB -> ACDB_CMD_GET_AFE_INSTANCE_COMMON_TABLE
04-04 16:46:55.041   711  2401 D         : Failed to fetch the lookup information of the device 0000000F 
04-04 16:46:55.041   711  2401 D ACDB-LOADER: Error: ACDB AFE returned = -19
04-04 16:46:55.041   711  2401 D ACDB-LOADER: ACDB -> AUDIO_SET_AFE_CAL cal_type[16] acdb_id[15]
04-04 16:46:55.041   711  2401 D ACDB-LOADER: ACDB -> send_hw_delay : acdb_id = 15 path = 0
04-04 16:46:55.041   711  2401 D ACDB-LOADER: ACDB -> ACDB_AVSYNC_INFO: ACDB_CMD_GET_DEVICE_PROPERTY
04-04 16:46:55.041   711  2401 D msm8974_platform: platform_split_snd_device: snd_device(2) num devices(0) new_snd_devices(0)
04-04 16:46:55.041   711  2401 I msm8974_platform: platform_get_custom_mtmx_params: no matching param with id 0 ip_ch 2 op_ch 2 uc_id 0 snd_dev 2
04-04 16:46:55.041   711  2401 I audio_hw_primary: enable_audio_route: apply mixer and update path: deep-buffer-playback
04-04 16:46:55.041   711  2401 D audio_route: Apply path: deep-buffer-playback
04-04 16:46:55.042  1800  1842 D VrApi   : targetSDKVersion 29
04-04 16:46:55.042   711  2401 D audio_hw_primary: select_devices: done
04-04 16:46:55.044  1964  1964 W ClientMgr: ClientMgr::SetFocusedClient: No focused client
04-04 16:46:55.044  1964  1964 I ClientMgr: Releasing clocks.
04-04 16:46:55.044  1964  1964 I ClientMgr: SetFocusedPackageName - packageName  processName  clientId 0 clientPid 0
04-04 16:46:55.044  1800  1842 I VrRuntimeClient: DEVICE MODEL NUMBER = Quest 2
04-04 16:46:55.044  1800  1842 I VrRuntimeClient: DEVICE BUILD NAME = user-24721900527300000
04-04 16:46:55.044  1800  1842 I VrRuntimeClient: DEVICE BUILD TYPE = user
04-04 16:46:55.044  1800  1842 I VrRuntimeClient: DEVICE OS VERSION = 10
04-04 16:46:55.044  1800  1842 I VrRuntimeClient: API LOADER VERSION = 1.0.20
04-04 16:46:55.044  1800  1842 I VrRuntimeClient: RUNTIME API VERSION = 1.0.20
04-04 16:46:55.044  1800  1842 I VrRuntimeClient: RUNTIME VERSION = 38.0.0.82.727 Mar  8 2022 12:20:07 RELEASE
04-04 16:46:55.044  1800  1842 I VrRuntimeClient: APP NAME = ShellEnv
04-04 16:46:55.044  1800  1842 I VrRuntimeClient: APP VERSION = 38.0.0.69.715 versionCode 356657912 internalVersionName 38.0.0.69.715.62a2ad76ece3 2022_03_13_20_36
04-04 16:46:55.044  1800  1842 I VrRuntimeClient: APP VR TYPE = vr_only
04-04 16:46:55.044  1800  1842 I VrRuntimeClient: APP MODE TYPE = VR
04-04 16:46:55.044  1800  1842 I VrRuntimeClient: APP PACKAGE NAME = com.oculus.shellenv
04-04 16:46:55.044  1800  1842 I VrRuntimeClient: APP ACTIVITY CLASS = com.oculus.shellenv.ShellEnvActivity
04-04 16:46:55.044  1800  1842 I Sensor  : OSSDKTRACKING Initializing head tracking
04-04 16:46:55.044  1800  1842 I Sensor  : OSSDKTRACKING Head tracker != nullpointer 0x74fbed1cd8, 1
04-04 16:46:55.044  1800  1842 I Sensor  : OSSDKTRACKING Initializing controller tracking
04-04 16:46:55.044  1800  1842 I Sensor  : OSSDKTRACKING Controller tracker != nullpointer 0x74fbeda620, 1
04-04 16:46:55.044  1800  1842 D BatteryReceiver: Registering battery receiver
04-04 16:46:55.046  1800  1842 D HeadsetReceiver: getCurrentHeadsetState: false
04-04 16:46:55.046  1800  1842 I DeviceStatus: nativeHeadsetEvent(0)
04-04 16:46:55.046  1800  1842 I VrRuntimeClient: SetCompositorClientFeatureFlag ClientFeatureFlag 0 
04-04 16:46:55.047  1800  1842 I LogTimer: CPUTIME: VrRuntimeClient_BeginSession took 7.8032 ms
04-04 16:46:55.047  1800  1842 D InputHooksJava: SetInputRoutingTypeForOverlay: 0
04-04 16:46:55.047  1800  1842 I ClientInputInterface: DEADRECKONING SetControllerTrackingExtendedDeadreckoning 0
04-04 16:46:55.047  1800  1842 I ClientInputSettings: HANDTRACKING package name is com.oculus.shellenv
04-04 16:46:55.048  1800  1842 I ClientInputSettings: HANDTRACKING: Manifest Permission request for com.oculus.shellenv
04-04 16:46:55.049  1800  1842 I ClientInputSettings: HANDTRACKING:  'com.oculus.shellenv' Is hands or controller.
04-04 16:46:55.049  1800  1842 I ClientInputSettings: HANDTRACKING: feature flag set to 2
04-04 16:46:55.049  1800  1842 I ClientInputInterface: HANDTRACKING sethandmanifest 2
04-04 16:46:55.049  1800  1842 I InputHooks_Internal: Enabling Native Input Hooks
04-04 16:46:55.049  1800  1842 I InputDeviceManager: ovrInputDeviceManager::Initialize
04-04 16:46:55.049  1800  1842 I InputDevice_TrackedRemote: OSSDKTRACKING Initializing Haptics
04-04 16:46:55.049  1800  1842 I InputDevice_TrackedRemote: OSSDKTRACKING Haptics != nullpointer 0x74d959d0f0, 1
04-04 16:46:55.049  1800  1842 I InputDevice_TrackedRemote: OSSDKTRACKING Initializing Haptics
04-04 16:46:55.049  1800  1842 I InputDevice_TrackedRemote: OSSDKTRACKING Haptics != nullpointer 0x74d959d180, 1
04-04 16:46:55.049  1800  1842 I InputDevice_TrackedRemote: OSSDKTRACKING Initializing Haptics
04-04 16:46:55.049  1800  1842 I InputDevice_TrackedRemote: OSSDKTRACKING Haptics != nullpointer 0x74d959d210, 1
04-04 16:46:55.049  1800  1842 I InputDevice_TrackedRemote: OSSDKTRACKING Initializing Haptics
04-04 16:46:55.049  1800  1842 I InputDevice_TrackedRemote: OSSDKTRACKING Haptics != nullpointer 0x74d959d270, 1
04-04 16:46:55.049  1800  1842 I Distortion: Initializing Mesh Decenter Correction
04-04 16:46:55.049  1800  3118 I InputDevice_TrackedRemote: REMOTE: Hand=1 IndexAnalog=0.00 GripAnalog=0.00 Buttons=0x00000000
04-04 16:46:55.049  1800  3118 I InputDevice_TrackedRemote: REMOTE: Hand=2 IndexAnalog=0.00 GripAnalog=1.00 Buttons=0x04000000
04-04 16:46:55.049  1800  3118 I InputDeviceManager: HANDTRACKING Pointer filter profile changed to: 0
04-04 16:46:55.049  1800  3118 I InputDeviceManager: HANDTRACKING Pointer filter profile changed to: 0
04-04 16:46:55.049  1800  3118 I InputDeviceManager: HANDTRACKING Root pose filter profile changed for (version, freq) to (1, 1) from (1,2)
04-04 16:46:55.051  1800  1842 I Distortion: SetLensPositions - iad=0.0631723, left offset=-0.000112981,-0.00127472, right offset=0.000115573,-0.00145086
04-04 16:46:55.051  1800  1842 I Distortion: Initializing Mesh Decenter Correction
04-04 16:46:55.052  1800  1842 I Distortion: SetLensPositions - iad=0.0631723, left offset=-0.000112981,-0.00127472, right offset=0.000115573,-0.00145086
04-04 16:46:55.053  1800  1842 I Distortion: Created custom distortion mesh.
04-04 16:46:55.053  1800  1842 I PhaseSync: PhaseSync::PhaseSync PaddingLowerLimit 0.350000 StandardDeviations 2.000000 PaddingUpperLimit 0.750000 on instance 29
04-04 16:46:55.053  1800  1842 I VrRuntimeClient: PhaseSync Instance created
04-04 16:46:55.053  1800  1842 D VrRuntimeClient: pokeGuardianUserServiceForThisClient: com.oculus.shellenv:10013
04-04 16:46:55.053   711  2401 D msm8974_platform: platform_set_channel_map mixer_ctl_name:Playback Channel Map0
04-04 16:46:55.053   711  2401 D msm8974_platform: platform_set_channel_map: set mapping(1 2 0 0 0 0 0 0) for channel:2
04-04 16:46:55.054   711  2401 D audio_hw_primary: start_output_stream: exit
04-04 16:46:55.054   711  2401 D audio_hw_primary: out_write: retry previous failed cal level set
04-04 16:46:55.054   711  2401 D msm8974_platform: platform_split_snd_device: snd_device(2) num devices(1) new_snd_devices(0)
04-04 16:46:55.054   711  2401 D msm8974_platform: platform_split_snd_device: snd_device(2) num devices(1) new_snd_devices(0)
04-04 16:46:55.054   711  2401 D ACDB-LOADER: ACDB -> send_audvoltable
04-04 16:46:55.054   711  2401 D ACDB-LOADER: ACDB -> ACDB_CMD_GET_AUDPROC_INSTANCE_GAIN_DEP_STEP_TABLE_SIZE
04-04 16:46:55.054   711  2401 D         : Failed to fetch the lookup information of the device 0000000F 
04-04 16:46:55.054   711  2401 D ACDB-LOADER: Error: ACDB_CMD_GET_AUDPROC_INSTANCE_GAIN_DEP_STEP_TABLE_SIZE Returned = -19
04-04 16:46:55.054   711  2401 D ACDB-LOADER: ACDB -> ACDB_CMD_GET_AUDPROC_INSTANCE_GAIN_DEP_STEP_TABLE, vol index 1
04-04 16:46:55.054   711  2401 D         : Failed to fetch the lookup information of the device 0000000F 
04-04 16:46:55.054   711  2401 D ACDB-LOADER: Error: ACDB AudProc vol returned = -19
04-04 16:46:55.054   711  2401 D ACDB-LOADER: ACDB -> AUDIO_SET_VOL_CAL cal type = 40
04-04 16:46:55.055   711 31209 D msm8974_platform: platform_split_snd_device: snd_device(2) num devices(1) new_snd_devices(0)
04-04 16:46:55.055   711 31209 D ACDB-LOADER: ACDB -> send_audvoltable
04-04 16:46:55.055   711 31209 D ACDB-LOADER: ACDB -> ACDB_CMD_GET_AUDPROC_INSTANCE_GAIN_DEP_STEP_TABLE_SIZE
04-04 16:46:55.055   711 31209 D         : Failed to fetch the lookup information of the device 0000000F 
04-04 16:46:55.055   711 31209 D ACDB-LOADER: Error: ACDB_CMD_GET_AUDPROC_INSTANCE_GAIN_DEP_STEP_TABLE_SIZE Returned = -19
04-04 16:46:55.055   711 31209 D ACDB-LOADER: ACDB -> ACDB_CMD_GET_AUDPROC_INSTANCE_GAIN_DEP_STEP_TABLE, vol index 8
04-04 16:46:55.055   711 31209 D         : Failed to fetch the lookup information of the device 0000000F 
04-04 16:46:55.055   711 31209 D ACDB-LOADER: Error: ACDB AudProc vol returned = -19
04-04 16:46:55.055   711 31209 D ACDB-LOADER: ACDB -> AUDIO_SET_VOL_CAL cal type = 40
04-04 16:46:55.055   711 31209 D msm8974_platform: platform_split_snd_device: snd_device(2) num devices(1) new_snd_devices(0)
04-04 16:46:55.055   711 31209 D ACDB-LOADER: ACDB -> send_audvoltable
04-04 16:46:55.055   711 31209 D ACDB-LOADER: ACDB -> ACDB_CMD_GET_AUDPROC_INSTANCE_GAIN_DEP_STEP_TABLE_SIZE
04-04 16:46:55.055   711 31209 D         : Failed to fetch the lookup information of the device 0000000F 
04-04 16:46:55.055   711 31209 D ACDB-LOADER: Error: ACDB_CMD_GET_AUDPROC_INSTANCE_GAIN_DEP_STEP_TABLE_SIZE Returned = -19
04-04 16:46:55.055   711 31209 D ACDB-LOADER: ACDB -> ACDB_CMD_GET_AUDPROC_INSTANCE_GAIN_DEP_STEP_TABLE, vol index 8
04-04 16:46:55.055   711 31209 D         : Failed to fetch the lookup information of the device 0000000F 
04-04 16:46:55.055   711 31209 D ACDB-LOADER: Error: ACDB AudProc vol returned = -19
04-04 16:46:55.055   711 31209 D ACDB-LOADER: ACDB -> AUDIO_SET_VOL_CAL cal type = 40
04-04 16:46:55.056  1800  1842 D VrRuntimeClient: VrRuntimeClient: getClientWindow: activity client
04-04 16:46:55.056  2270  2270 D VrGuardianUserService: onStartCommandIntent { act=FOREGROUND_CLIENT cmp=com.oculus.guardian/com.oculus.vrguardianservice.VrGuardianUserService (has extras) }
04-04 16:46:55.057  1964  2257 I VrRuntimeService: RuntimeServiceSDKServer::EnableRendering: 0x74f995f8c0, 2, com.oculus.shellenv
04-04 16:46:55.057  1964  2257 I ClientMgr: EnableRendering2: Calling SetFocusedClient: 240020496
04-04 16:46:55.057  1964  2257 I ClientMgr: FocusedClient changed.
04-04 16:46:55.057  1964  2257 I ClientMgr: ClientMgr::SetFocusedClient: 1800:com.oculus.shellenv type 0
04-04 16:46:55.057  1964  2257 I ClientMgr: SetFocusedPackageName - packageName com.oculus.shellenv processName com.oculus.shellenv clientId 240020496 clientPid 1800
04-04 16:46:55.057  1964  2257 I VrRuntimeService: RuntimeIPC: SendFocusChangeEventToAllClients: PostClientEvent SUCCESS: com.oculus.guardian:com.oculus.vrguardianservice:2270, com.oculus.shellenv, com.oculus.shellenv
04-04 16:46:55.057  1964  2257 I VrRuntimeService: RuntimeIPC: SendFocusChangeEventToAllClients: PostClientEvent SUCCESS: com.oculus.vrshell:com.oculus.vrshell:2598, com.oculus.shellenv, com.oculus.shellenv
04-04 16:46:55.057  1964  2257 I VrRuntimeService: RuntimeIPC: SendFocusChangeEventToAllClients: PostClientEvent SUCCESS: com.oculus.mrservice:com.oculus.mrservice:1563, com.oculus.shellenv, com.oculus.shellenv
04-04 16:46:55.057  1964  2257 I VrRuntimeService: RuntimeIPC: SendFocusChangeEventToAllClients: PostClientEvent SUCCESS: com.oculus.shellenv:com.oculus.shellenv:1800, com.oculus.shellenv, com.oculus.shellenv
04-04 16:46:55.057  1964  2257 I VrRuntimeService: RuntimeIPC: SendFocusChangeEventToAllClients: PostClientEvent SUCCESS: com.oculus.vrshell:com.oculus.vrshell:Overlay:1894, com.oculus.shellenv, com.oculus.shellenv
04-04 16:46:55.057  1964  2257 I ClientMgr: ClientMgr::EnableRendering 1800:com.oculus.shellenv : type 0 comp-id 1: enable
04-04 16:46:55.057  1964  2257 I TimeWarp: CheckDebuggerConnected: debugger 0
04-04 16:46:55.057  1964  2257 I VrRuntimeServer: SysProp debug mode is disabled on Server side
04-04 16:46:55.057   694   694 I netd    : firewallSetUidRule(2, 10009, 1) <0.03ms>
04-04 16:46:55.058  2270  2270 D VrGuardianUserService: onStartCommand FOREGROUND_CLIENT user = 0
04-04 16:46:55.059  2270  2270 D VrGuardianService: setCurrentUser() called with: userId = [0]
04-04 16:46:55.059  2270  2270 I VrGuardianService: nativeSetCurrentUser userid = 0
04-04 16:46:55.059  2270  2270 I GuardianSystem: GuardianSystem::SetCurrentUser: 0 
04-04 16:46:55.060  1964  2179 I ClientMgr: Non-overlay clients rendering status has changed: prev=88, curr=89, enabled=1
04-04 16:46:55.061  2110  4196 W LibraryProvider: Cannot find entitlement for com.epicgames.PruebaVR
04-04 16:46:55.061  1762  1762 W OVRLibrary: null cursor received for query content://com.oculus.ocms.library/apps/com.epicgames.PruebaVR
04-04 16:46:55.062  1964  2257 I UnifiedTelemetryWrapper: Started UT session render:com.oculus.shellenv
04-04 16:46:55.062  1964  2179 I ClientMgr: Primary Client is not valid.
04-04 16:46:55.062  1964  2179 I ClientMgr: Primary client determined to be the current enabled client 240020496
04-04 16:46:55.062  1964  2179 I ClientMgr: ClientMgr::SetPrimaryCompositorClient: 1800:com.oculus.shellenv
04-04 16:46:55.063  1964  2179 W ClientMgr: ClientMgr::GetClientPermissionFlagsById: Client missing proper permissions: com.oculus.shellenv, 2
04-04 16:46:55.063  1964  2179 I TimeWarpClientMgr: Enable client 1
04-04 16:46:55.063  1964  2179 I VrRuntimeServer: EnableCompositorClient client(1): layer placement(0) flags(1) sm(0x7555385010)
04-04 16:46:55.063  1964  2179 I ClientMgr: SetPrimaryPackageName - packageName com.oculus.shellenv processName com.oculus.shellenv clientId 240020496 clientPid 1800
04-04 16:46:55.063  1964  2179 I ServiceInputManager: ServiceInputManager::SetPrimaryPackageName 'com.oculus.shellenv' 'com.oculus.shellenv'  updated AnytimeUI processname 0
04-04 16:46:55.063  1964  2179 I VrRuntimeService: RuntimeIPC: SendPrimaryPackageChangeEvent: PostClientEvent SUCCESS: com.oculus.guardian:com.oculus.vrguardianservice:2270, com.oculus.shellenv, com.oculus.shellenv
04-04 16:46:55.063  1964  2179 I VrRuntimeService: RuntimeIPC: SendPrimaryPackageChangeEvent: PostClientEvent SUCCESS: com.oculus.vrshell:com.oculus.vrshell:2598, com.oculus.shellenv, com.oculus.shellenv
04-04 16:46:55.063  1964  2179 I VrRuntimeService: RuntimeIPC: SendPrimaryPackageChangeEvent: PostClientEvent SUCCESS: com.oculus.mrservice:com.oculus.mrservice:1563, com.oculus.shellenv, com.oculus.shellenv
04-04 16:46:55.063  1964  2179 I VrRuntimeService: RuntimeIPC: SendPrimaryPackageChangeEvent: PostClientEvent SUCCESS: com.oculus.shellenv:com.oculus.shellenv:1800, com.oculus.shellenv, com.oculus.shellenv
04-04 16:46:55.063  1964  2179 I VrRuntimeService: RuntimeIPC: SendPrimaryPackageChangeEvent: PostClientEvent SUCCESS: com.oculus.vrshell:com.oculus.vrshell:Overlay:1894, com.oculus.shellenv, com.oculus.shellenv
04-04 16:46:55.063  1964  2179 D VrRuntimeService: sendPrimaryPackageChangeBroadcast
04-04 16:46:55.063  1800  1842 I ScreenCaptureHelper: Advertising com.oculus.shellenv as streamable
04-04 16:46:55.063  1800  1842 I VrApi   : OVR::Stats thread started
04-04 16:46:55.063  1800  1842 I XrRuntimeUtils: XrRuntimeUtils::BeginSession
04-04 16:46:55.063  1800  1842 I XrRuntimeSystem_Client: BeginSession
04-04 16:46:55.064  1800  1842 I OpenXR  : ------------ xrBeginSession [end] -----------
04-04 16:46:55.064  1964  2179 I AADT    : SetAADTLutDataX: 0
04-04 16:46:55.064  1964  2179 I AADT    : SetAADTLutDataY: 0
04-04 16:46:55.064  1964  2179 I ServiceInputManager: InhibitHandleHomeKey has changed on the service. New value: 1
04-04 16:46:55.064  1964  2179 I ServiceInputManager: DEADRECKONING deadReckoning mode on ClientMgr from server is 0
04-04 16:46:55.064  1964  2179 I PerformanceManager_V0: SetClockLevels: Force releasing clocks
04-04 16:46:55.064  1964  2179 I PerformanceManager_V0: SetClockLevels: Apply pending clock request change: 2,4 -> -1,-1
04-04 16:46:55.064  1964 28700 I Clocks  : ReleaseClocks - start
04-04 16:46:55.065  1964 28700 I Clocks  : ReleaseClocks - end (0.7 ms)
04-04 16:46:55.066  2270  2355 I GuardianSystem: runtimeServiceSDKClient_.ForceShowGuardianEvent
04-04 16:46:55.066  2270  2355 I GuardianSystem: ForceShowGuardian: false, 0.00
04-04 16:46:55.066  2270  2355 I GuardianSystem: runtimeServiceSDKClient_.PackageChangeEvent: package=[com.oculus.shellenv], process=[com.oculus.shellenv]
04-04 16:46:55.066  2270  2355 I GuardianSystem: SetCurrentProcessName: com.oculus.shellenv, previous ProcessName: com.epicgames.PruebaVR
04-04 16:46:55.066  2598  2598 D [SEO] BaseOverlayService: screenStateReceiver Received broadcast: com.oculus.vrshell.intent.action.PRIMARY_PACKAGE_CHANGED
04-04 16:46:55.066  1894  1894 D [OAO] BaseOverlayService: screenStateReceiver Received broadcast: com.oculus.vrshell.intent.action.PRIMARY_PACKAGE_CHANGED
04-04 16:46:55.066  1894  1894 I [OAO] ShellOverlayServiceJNI: NativeSendOverlayCommand
04-04 16:46:55.066  1894  1894 I [OAO] ShellOverlayServiceJNI: NativeWake
04-04 16:46:55.066  1894  1894 I [OAO] ShellOverlayMain: WakeVrThread
04-04 16:46:55.066  1894  1894 I [OAO] ShellOverlayMain: WakeVrThread - notifying vr thread
04-04 16:46:55.066  1894  2245 I [OAO] ShellOverlayApp: VrThread woke up
04-04 16:46:55.066  1894  2245 I [OAO] ShellOverlayApp: 0xc488dc08 msg: overlayCommand:
04-04 16:46:55.066  1894  2245 I [OAO] ShellOverlayApp: command = primaryPackageChanged
04-04 16:46:55.066  1894  2245 I [OAO] ShellOverlayApp: Process_OverlayCommand command : primaryPackageChanged
04-04 16:46:55.066  1894  2245 I [OAO] ShellOverlayApp: UpdatePrimaryPackage forceSilentUpdate:0
04-04 16:46:55.066  1894  2245 I [OAO] ShellOverlayApp: UpdatePrimaryPackage Requested for PackageName:com.oculus.shellenv
04-04 16:46:55.066  1894  2245 I [OAO] ShellOverlayApp: UpdatePrimaryPackage - Package change:1 Previous package:[com.oculus.shellenv] immersive app changed:1
04-04 16:46:55.066  1894  2245 I [OAO] OverlayFlowController: OnPrimaryPackageChange primaryPackage:com.oculus.shellenv immersiveAppChanged:1 forceSilentUpdate:0
04-04 16:46:55.066  1894  2245 I [OAO] OverlayFlowController: Non system primary client change: ready to sleep
04-04 16:46:55.066  1894  2245 I [OAO] OverlayFlowController: Reset resetReason : ReturnToShellHome
04-04 16:46:55.066  1894  2245 I [OAO] SystemAssistant: OnModeChanged requested with no change FullShell
04-04 16:46:55.066  1894  2245 I [OAO] SystemAssistant: Assistant panel is not active. Command [hide-attention-instant] could not be sent
04-04 16:46:55.066  1894  2245 I [OAO] PanelAppHost: PanelAppHost destructor: id 8 com.oculus.systemux/com.oculus.panelapp.anytimeui.AnytimeUIAndroidPanelService
04-04 16:46:55.066  1894  2245 I [OAO] PanelAppHost: Panel app 8 (com.oculus.systemux/com.oculus.panelapp.anytimeui.AnytimeUIAndroidPanelService) changing state from foreground to shutdown
04-04 16:46:55.067  1964 28686 I AADT    : SetAADTLutDataX. Thread. SizeX: 0
04-04 16:46:55.067  1964 28686 I AADT    : SetAADTLutDataY. Thread. SizeY: 0
04-04 16:46:55.067  1964 28686 I TimeWarp: Global CAC is enabled (0x5)
04-04 16:46:55.068   749   749 D SurfaceFlinger: CAC state changed to 5
04-04 16:46:55.069  1800  3119 D VrApi   : targetSDKVersion 29
04-04 16:46:55.069  2110  4196 W LibraryProvider: Cannot find entitlement for com.epicgames.PruebaVR
04-04 16:46:55.070  1800  3119 I JniUtils: ovr_GetCurrentPackageSignature 
04-04 16:46:55.070  1762  1762 W OVRLibrary: null cursor received for query content://com.oculus.ocms.library/apps/com.epicgames.PruebaVR
04-04 16:46:55.070   740   740 I SDM     : HWDeviceDRM::UpdateMixerAttributes: Mixer WxH 1920x1832-1 for Virtual
04-04 16:46:55.070   740   740 I SDM     : HWVirtualDRM::SetDisplayAttributes: New WB Resolution: 1920x1832 cur_mode_index 5
04-04 16:46:55.070   740   740 I SDM     : DisplayVirtual::SetActiveConfig: Virtual display resolution changed to[1920x1832]
04-04 16:46:55.070   740   740 I SDM     : DisplayBase::SetFrameBufferConfig: New framebuffer resolution (1920x1832)
04-04 16:46:55.070   740   740 I SDM     : HWCDisplay::SetFrameBufferConfig: New framebuffer resolution (1920x1832)
04-04 16:46:55.071  1800  3119 I Metrics : device name = Oculus Quest 2
04-04 16:46:55.074  1964  2179 I Vsync   : Adjusting vsync display refresh rate 72.000000 -> 90.000000
04-04 16:46:55.077  1800  3121 I FenceChecker: FenceChecker::MainLoop - started
04-04 16:46:55.078   694   694 I netd    : firewallSetUidRule(2, 10059, 1) <0.02ms>
04-04 16:46:55.079  1800  1842 I OpenXR  : PostSessionStateChange: XR_SESSION_STATE_READY -> XR_SESSION_STATE_SYNCHRONIZED
04-04 16:46:55.080  1800  1842 I Clay    : xrPollEvent: SESSION_STATE_CHANGED: SYNCHRONIZED
04-04 16:46:55.080  1800  1842 I OpenXR  : PostSessionStateChange: XR_SESSION_STATE_SYNCHRONIZED -> XR_SESSION_STATE_VISIBLE
04-04 16:46:55.080  1800  1842 I OpenXR  : PostSessionStateChange: XR_SESSION_STATE_VISIBLE -> XR_SESSION_STATE_FOCUSED
04-04 16:46:55.080  1800  1842 I Clay    : xrPollEvent: SESSION_STATE_CHANGED: VISIBLE
04-04 16:46:55.080  1800  1842 I Clay    : xrPollEvent: SESSION_STATE_CHANGED: FOCUSED
04-04 16:46:55.080  1964 28686 I TimeWarp: SetSchedFifo( tid=1842, pol=3, pri=0 ) succeeded
04-04 16:46:55.081  1964 28686 I TimeWarp: SetSchedFifo( tid=3121, pol=3, pri=0 ) succeeded
04-04 16:46:55.082  1894  2245 D [OAO] ShellApplication: Unbinding service for panel app id 8
04-04 16:46:55.085  2598  2598 D [SEO] ShellEnvOverlayService: Message Handler: onResume
04-04 16:46:55.085  2598  2865 I [SEO] ShellApp: 0xc478fbb8 msg: resume
04-04 16:46:55.085  2598  2865 I [SEO] ShellApp: ---------- ShellApp::EnterVrMode() ----------
04-04 16:46:55.085  2598  2865 D [SEO] ShellApplication: setOverlayInputFocus: inputFocus=true shouldSupportIME=true
04-04 16:46:55.085  2598  2865 D [SEO] BaseOverlayService: setOverlayInputFocus : entrypoint - inputFocus=true shouldSupportIME=true
04-04 16:46:55.085  2598  2865 I [SEO] VrPlatformOpenXr: Setting clock levels to cpu=2, gpu=4
04-04 16:46:55.085  2598  2865 I [SEO] VrPlatformOpenXr: Setting perf thread tids to main=2865, render=unset
04-04 16:46:55.085  2598  2865 I OpenXR  : ------------ xrBeginSession [start] -----------
04-04 16:46:55.085  2598  2865 I VrRuntimeClient: Tracing is disabled
04-04 16:46:55.085  2598  2865 I VrRuntimeClient: SysProp debug mode is disabled on Client side
04-04 16:46:55.085  2598  2598 D [SEO] BaseOverlayService: attachServiceWindowView shouldSupportIME:true
04-04 16:46:55.087  2598  2865 D VrApi   : targetSDKVersion 29
04-04 16:46:55.088  2598  2865 I VrRuntimeClient: DEVICE MODEL NUMBER = Quest 2
04-04 16:46:55.088  2598  2865 I VrRuntimeClient: DEVICE BUILD NAME = user-24721900527300000
04-04 16:46:55.088  2598  2865 I VrRuntimeClient: DEVICE BUILD TYPE = user
04-04 16:46:55.088  2598  2865 I VrRuntimeClient: DEVICE OS VERSION = 10
04-04 16:46:55.088  2598  2865 I VrRuntimeClient: API LOADER VERSION = 1.0.20
04-04 16:46:55.088  2598  2865 I VrRuntimeClient: RUNTIME API VERSION = 1.0.20
04-04 16:46:55.088  2598  2865 I VrRuntimeClient: RUNTIME VERSION = 38.0.0.82.727 Mar  8 2022 12:20:03 RELEASE
04-04 16:46:55.088  2598  2865 I VrRuntimeClient: APP NAME = Oculus App Runtime
04-04 16:46:55.088  2598  2865 I VrRuntimeClient: APP VERSION = 38.0.0.82.728 versionCode 356477935 internalVersionName 38.0.0.82.728.bbd87a737fcb 2022_03_12_20_18
04-04 16:46:55.088  2598  2865 I VrRuntimeClient: APP VR TYPE = vr_only
04-04 16:46:55.088  2598  2865 I VrRuntimeClient: APP MODE TYPE = VR
04-04 16:46:55.088  2598  2865 I VrRuntimeClient: APP PACKAGE NAME = com.oculus.vrshell
04-04 16:46:55.088  2598  2865 I VrRuntimeClient: APP ACTIVITY CLASS = com.oculus.vrshell.ShellApplication
04-04 16:46:55.088  2598  2865 I Sensor  : OSSDKTRACKING Initializing head tracking
04-04 16:46:55.088  2598  2865 I Sensor  : OSSDKTRACKING Head tracker != nullpointer 0xe383d1f8, 1
04-04 16:46:55.088  2598  2865 I Sensor  : OSSDKTRACKING Initializing controller tracking
04-04 16:46:55.088  2598  2865 I Sensor  : OSSDKTRACKING Controller tracker != nullpointer 0xe383d340, 1
04-04 16:46:55.088  2598  2865 D BatteryReceiver: Registering battery receiver
04-04 16:46:55.089   837   837 D VrApiService: refresh-rate changed to 90Hz
04-04 16:46:55.090  1964  2179 I PerformanceManager_V0: SetClockLevels: Apply pending clock request change: -1,-1 -> 2,2
04-04 16:46:55.090  1964  2179 I VrRuntimeServer: DisableCompositorClient: 0
04-04 16:46:55.090  1964  2179 I TimeWarpClientMgr: Disable client 0
04-04 16:46:55.090  1964  2179 I TimeWarpClientMgr: DisableClient: frame flush required: 1
04-04 16:46:55.090  1894  1894 D KeyboardInputMethodService: onFinishInput
04-04 16:46:55.090  1964 28700 I Clocks  : LockClocks( cpu=2, gpu=2 ) - start
04-04 16:46:55.091  1051  5207 E WindowManager: App trying to use insecure INPUT_FEATURE_NO_INPUT_CHANNEL flag. Ignoring
04-04 16:46:55.093  2270  2355 I GuardianSystem: runtimeServiceSDKClient_.ForceShowGuardianEvent
04-04 16:46:55.093  2270  2355 I GuardianSystem: ForceShowGuardian: false, 0.00
04-04 16:46:55.095  1964 28700 I Clocks  : CPU levels [0, 4]
04-04 16:46:55.095  1964 28700 I Clocks  : GPU levels [0, 5]
04-04 16:46:55.096  1964  1964 I ClientMgr: FocusedWindowChanged: found matching overlay client: 1709212381
04-04 16:46:55.096  1964  1964 I ClientMgr: FocusedClient changed.
04-04 16:46:55.096  1964  1964 I ClientMgr: ClientMgr::SetFocusedClient: 2598:com.oculus.vrshell type 1
04-04 16:46:55.096  1964  1964 I ClientMgr: SetFocusedPackageName - packageName com.oculus.vrshell processName com.oculus.vrshell clientId 1709212381 clientPid 2598
04-04 16:46:55.096  1964  1964 I VrRuntimeService: RuntimeIPC: SendFocusChangeEventToAllClients: PostClientEvent SUCCESS: com.oculus.guardian:com.oculus.vrguardianservice:2270, com.oculus.vrshell, com.oculus.vrshell
04-04 16:46:55.096  1964  1964 I VrRuntimeService: RuntimeIPC: SendFocusChangeEventToAllClients: PostClientEvent SUCCESS: com.oculus.vrshell:com.oculus.vrshell:2598, com.oculus.vrshell, com.oculus.vrshell
04-04 16:46:55.096  1964  1964 I VrRuntimeService: RuntimeIPC: SendFocusChangeEventToAllClients: PostClientEvent SUCCESS: com.oculus.mrservice:com.oculus.mrservice:1563, com.oculus.vrshell, com.oculus.vrshell
04-04 16:46:55.096  1964  1964 I VrRuntimeService: RuntimeIPC: SendFocusChangeEventToAllClients: PostClientEvent SUCCESS: com.oculus.shellenv:com.oculus.shellenv:1800, com.oculus.vrshell, com.oculus.vrshell
04-04 16:46:55.096  1964  1964 I VrRuntimeService: RuntimeIPC: SendFocusChangeEventToAllClients: PostClientEvent SUCCESS: com.oculus.vrshell:com.oculus.vrshell:Overlay:1894, com.oculus.vrshell, com.oculus.vrshell
04-04 16:46:55.096  1964 28700 I Clocks  : LockClocks( cpu=2, gpu=2 ) - end (6.2 ms)
04-04 16:46:55.099  1800  1842 I VrRuntimeClient: Client has lost focus.
04-04 16:46:55.099  1800  1842 I OpenXR  : PostSessionStateChange: XR_SESSION_STATE_FOCUSED -> XR_SESSION_STATE_VISIBLE
04-04 16:46:55.099  1800  1842 I Clay    : xrPollEvent: SESSION_STATE_CHANGED: VISIBLE
04-04 16:46:55.099  3206  3206 D CppPanelService: onDestroy()
04-04 16:46:55.099  3206  3206 I PanelService: VR Shell socket closed(ECONNRESET); shutting down fd: 33
04-04 16:46:55.100  3206  3206 I PanelService: Quitting application via hardExit flag. Shutting down fd 33.
04-04 16:46:55.100  3206  3206 I AndroidPanelApp: Destroyed
04-04 16:46:55.100  3206  3206 D [SUI] AnytimeUIPanelAppBase: Releasing viewModel DynamicAppsViewModel refCount: 1
04-04 16:46:55.100  3206  3206 D [SUI] AnytimeUIPanelAppBase: Releasing viewModel DestinationUIV2ViewModel refCount: 2
04-04 16:46:55.100  3206  3206 D [SUI] AnytimeUIPanelAppBase: Releasing viewModel SharingViewModel refCount: 0
04-04 16:46:55.100  3206  3206 D [SUI] SharingViewModel: Destroying ViewModel
04-04 16:46:55.101  1894  2245 I [OAO] SwapChainApiOpenXr: Destroying SwapChain:0xe383a830
04-04 16:46:55.101  1964  2210 I VrRuntimeService: DestroySwapChain: swapchain=536
04-04 16:46:55.108  1964 28686 I SwapChain: DestroyAndroidSurfaceSwapChain: 0x74d75db000: Destroying SurfaceTexture 0x3066 Surface 0x3076
04-04 16:46:55.115  2598  2598 D [SEO] BaseOverlayService: setOverlayInputFocus : completed - inputFocus=true shouldSupportIME=true actionTaken:true
04-04 16:46:55.116  2598  2865 D HeadsetReceiver: getCurrentHeadsetState: false
04-04 16:46:55.116  2598  2865 I DeviceStatus: nativeHeadsetEvent(0)
04-04 16:46:55.116  1894  2245 I [OAO] SwapChainApiOpenXr: Destroying SwapChain:0xeea65b80
04-04 16:46:55.117  1964  2210 I VrRuntimeService: DestroySwapChain: swapchain=535
04-04 16:46:55.117  2598  2865 I VrRuntimeClient: SetCompositorClientFeatureFlag ClientFeatureFlag 0 
04-04 16:46:55.117  2598  2865 I LogTimer: CPUTIME: VrRuntimeClient_BeginSession took 31.9813 ms
04-04 16:46:55.119  2598  2865 D InputHooksJava: SetInputRoutingTypeForOverlay: 0
04-04 16:46:55.119  2598  2865 I ClientInputInterface: DEADRECKONING SetControllerTrackingExtendedDeadreckoning 0
04-04 16:46:55.119  2598  2865 I ClientInputSettings: HANDTRACKING package name is com.oculus.vrshell
04-04 16:46:55.121  1894  2245 I [OAO] SwapChainApiOpenXr: Destroying SwapChain:0xe383b8d0
04-04 16:46:55.121  1964  2210 I VrRuntimeService: DestroySwapChain: swapchain=537
04-04 16:46:55.121  3206  3206 D [SUI] SharingViewModel: clearAbuseReportRecordingTimer
04-04 16:46:55.122  1964  2210 I VrRuntimeServer: DestroyTextureSwapChain: result destroyswapchain 1
04-04 16:46:55.122  3206  3206 D [SUI] BarView: Destroying BarView
04-04 16:46:55.122  3206  3206 D [SUI] SocialViewModel: removeObserver(): -$$Lambda$SystemStatusView$hvdttGlyfUmlGZJVTLPJRt2c5Fk
04-04 16:46:55.122  3206  3206 D [SUI] AnytimeUIPanelAppBase: Releasing viewModel SocialViewModel refCount: 3
04-04 16:46:55.122  3206  3206 D [SUI] AnytimeUIPanelAppBase: Releasing viewModel SystemStatusViewModel refCount: 0
04-04 16:46:55.122  3206  3206 D [SUI] AnytimeUIPanelAppBase: Releasing viewModel BarViewModel refCount: 1
04-04 16:46:55.122  3206  3206 D [SUI] StatusViewModel: Destroying ViewModel
04-04 16:46:55.123  1964 28686 I SwapChain: DestroyAndroidSurfaceSwapChain: 0x74d751e000: Destroying SurfaceTexture 0x302a Surface 0x303a
04-04 16:46:55.123  2598  2865 I ClientInputSettings: HANDTRACKING: Manifest Permission request for com.oculus.vrshell
04-04 16:46:55.123  1964 28686 I Vsync   : Vsync 156571:  1 x 11.14 ms (71.82 Hz, at 17086.593)
04-04 16:46:55.123  2598  2865 I ClientInputSettings: HANDTRACKING:  'com.oculus.vrshell' Is hands or controller.
04-04 16:46:55.123  2598  2865 I ClientInputSettings: HANDTRACKING: feature flag set to 2
04-04 16:46:55.123  2598  2865 I ClientInputInterface: HANDTRACKING sethandmanifest 2
04-04 16:46:55.123  2598  2865 D InputHooksJava: Enabling Java Input Hooks
04-04 16:46:55.123  2598  2865 W InputHooksJava: Unable to enable input hooks on a non-Activity Context
04-04 16:46:55.124  2598  2865 I InputDeviceManager: ovrInputDeviceManager::Initialize
04-04 16:46:55.124  2598  2865 I InputDevice_TrackedRemote: OSSDKTRACKING Initializing Haptics
04-04 16:46:55.124  2598  2865 I InputDevice_TrackedRemote: OSSDKTRACKING Haptics != nullpointer 0xbf20f1f8, 1
04-04 16:46:55.124  2598  2865 I InputDevice_TrackedRemote: OSSDKTRACKING Initializing Haptics
04-04 16:46:55.124  2598  2865 I InputDevice_TrackedRemote: OSSDKTRACKING Haptics != nullpointer 0xbf2102a8, 1
04-04 16:46:55.124  2598  2865 I InputDevice_TrackedRemote: OSSDKTRACKING Initializing Haptics
04-04 16:46:55.124  2598  2865 I InputDevice_TrackedRemote: OSSDKTRACKING Haptics != nullpointer 0xbf3e8808, 1
04-04 16:46:55.124  2598  2865 I InputDevice_TrackedRemote: OSSDKTRACKING Initializing Haptics
04-04 16:46:55.124  2598  2865 I InputDevice_TrackedRemote: OSSDKTRACKING Haptics != nullpointer 0xbeea1000, 1
04-04 16:46:55.124  2598  2865 I Distortion: Initializing Mesh Decenter Correction
04-04 16:46:55.124  2598  3122 I InputDevice_TrackedRemote: REMOTE: Hand=1 IndexAnalog=0.00 GripAnalog=0.00 Buttons=0x00000000
04-04 16:46:55.124  2598  3122 I InputDevice_TrackedRemote: REMOTE: Hand=2 IndexAnalog=0.00 GripAnalog=1.00 Buttons=0x04000000
04-04 16:46:55.124  2598  3122 I InputDeviceManager: HANDTRACKING Pointer filter profile changed to: 0
04-04 16:46:55.124  2598  3122 I InputDeviceManager: HANDTRACKING Pointer filter profile changed to: 0
04-04 16:46:55.124  2598  3122 I InputDeviceManager: HANDTRACKING Root pose filter profile changed for (version, freq) to (1, 1) from (1,2)
04-04 16:46:55.125  3206  3206 D [SUI] AnytimeUIPanelAppBase: Releasing viewModel ActiveCallBarViewModel refCount: 0
04-04 16:46:55.125  3206  3206 D [SUI] AnytimeUIPanelAppBase: Releasing viewModel SocialViewModel refCount: 2
04-04 16:46:55.125  3206  3206 D [SUI] MessengerCallViewModel: removeObserver
04-04 16:46:55.125  3206  3206 D [SUI] AnytimeUIPanelAppBase: Releasing viewModel MessengerCallViewModel refCount: 0
04-04 16:46:55.125  3206  3206 D HyperspaceClient: destroy - start
04-04 16:46:55.125  2598  2865 I Distortion: SetLensPositions - iad=0.0631723, left offset=-0.000112981,-0.00127472, right offset=0.000115573,-0.00145086
04-04 16:46:55.125  2598  2865 I Distortion: Initializing Mesh Decenter Correction
04-04 16:46:55.126  2598  2865 I Distortion: SetLensPositions - iad=0.0631723, left offset=-0.000112981,-0.00127472, right offset=0.000115573,-0.00145086
04-04 16:46:55.127  2598  2865 I Distortion: Created custom distortion mesh.
04-04 16:46:55.127  2598  2865 I PhaseSync: PhaseSync::PhaseSync PaddingLowerLimit 0.350000 StandardDeviations 2.000000 PaddingUpperLimit 0.750000 on instance 29
04-04 16:46:55.127  2598  2865 I VrRuntimeClient: PhaseSync Instance created
04-04 16:46:55.127  1964  2863 I VrRuntimeService: RuntimeServiceSDKServer::EnableRendering: 0x0, 0, com.oculus.vrshell
04-04 16:46:55.127  1964  2863 I ClientMgr: EnableRendering2: invalid clientWindow, testing uid/pid
04-04 16:46:55.127  1964  2863 I ClientMgr: EnableRendering2: matched uid: 10021 and pid: 2598 
04-04 16:46:55.127  1964  2863 I ClientMgr: EnableRendering2: Calling SetFocusedClient: 1709212381
04-04 16:46:55.127  1964  2863 I ClientMgr: ClientMgr::SetFocusedClient: 2598:com.oculus.vrshell type 1
04-04 16:46:55.127  1964  2863 I ClientMgr: SetFocusedPackageName - packageName com.oculus.vrshell processName com.oculus.vrshell clientId 1709212381 clientPid 2598
04-04 16:46:55.127  1964  2863 I ClientMgr: ClientMgr::EnableRendering 2598:com.oculus.vrshell : type 1 comp-id 3: enable
04-04 16:46:55.127  1964  2863 I TimeWarpClientMgr: Enable client 3
04-04 16:46:55.127  1964  2863 I VrRuntimeServer: EnableCompositorClient client(3): layer placement(2147483647) flags(0) sm(0x75550f1010)
04-04 16:46:55.127  1964  2863 I TimeWarp: CheckDebuggerConnected: debugger 0
04-04 16:46:55.127  1964  2863 I VrRuntimeServer: SysProp debug mode is disabled on Server side
04-04 16:46:55.130  1762  1762 E OVRMediaServiceManager: LivestreamingManager Not initialized
04-04 16:46:55.135  1964  2863 I UnifiedTelemetryWrapper: Started UT session render:com.oculus.vrshell
04-04 16:46:55.135  2598  2865 I VrApi   : OVR::Stats thread started
04-04 16:46:55.135  2598  2865 I XrRuntimeUtils: XrRuntimeUtils::BeginSession
04-04 16:46:55.135  2598  2865 I XrRuntimeSystem_Client: BeginSession
04-04 16:46:55.135 21889 21889 W com.oculus.processhelper.ProcessHelper: Current process name is: com.oculus.socialplatform
04-04 16:46:55.135  2598  2865 I OpenXR  : ------------ xrBeginSession [end] -----------
04-04 16:46:55.135  1563  3034 I [CT]    : MIXEDREALITY: MrFeatureStatus: Client status changed from Paused to Started.
04-04 16:46:55.135  1563  3034 I [CT]    : MIXEDREALITY: MrFeatureStatus: Target status Started, CurrentStatus: Paused
04-04 16:46:55.136  1563  3034 I [CT]    : MIXEDREALITY: MrFeatureStatus: Operation chain: Start
04-04 16:46:55.136  1563  3034 I [CT]    : MIXEDREALITY: MrFeatureStatus: Global status changed from Paused to Started.
04-04 16:46:55.136  1563  3034 I [CT]    : MIXEDREALITY: MrServiceController: Queuing command linked to operation Start for feature 0
