05-03 10:53:31.521   743   743 W HwBinder:743_3: type=1400 audit(0.0:4511): avc: denied { getattr } for path="/proc/844" dev="proc" ino=64255 scontext=u:r:hal_oculus_sensors:s0 tcontext=u:r:trackingserver:s0 tclass=dir permissive=0
05-03 10:53:31.521  3500  3500 D [SUI] EmptyView: Hiding EmptyView
05-03 10:53:31.521  3500  3500 D [SUI] EmptyView: Destroying EmptyView
05-03 10:53:31.523  2114  2574 I [OAO] VrPlatformOpenXr: xrPollEvent: received XR_TYPE_EVENT_DATA_DISPLAY_REFRESH_RATE_CHANGED_FB event: fromRate 90.000000 -> toRate 72.000000
05-03 10:53:31.524  3500  3500 D [SUI] AnytimeUIPanelAppBase: Releasing viewModel DynamicAppsViewModel refCount: 1
05-03 10:53:31.524  3500  3500 D [SUI] AnytimeUIPanelAppBase: Releasing viewModel DestinationUIV2ViewModel refCount: 3
05-03 10:53:31.524  3500  3500 D [SUI] AnytimeUIPanelAppBase: Releasing viewModel SharingViewModel refCount: 0
05-03 10:53:31.524  3500  3500 D [SUI] SharingViewModel: Destroying ViewModel
05-03 10:53:31.525   743  1436 E libosutils: failed to get real path of file /proc/844/cmdline, err: Permission denied
05-03 10:53:31.528  3975  6756 D VrApi   : VrApi::isWifiConnected exception: Make sure android.permission.ACCESS_NETWORK_STATE is set in the manifest.
05-03 10:53:31.530  2114  2574 I [OAO] PanelAppAnalytics: First frame latency: 4.330 for id 2 com.oculus.systemux/com.oculus.panelapp.anytimeui.AnytimeUIAndroidPanelService
05-03 10:53:31.530   743  1436 I FrameSetDispatcher: [CONTROLLER] Client thread started
05-03 10:53:31.531   743  1436 I CameraClientManager: [CONTROLLER] Added client - started clients: 1
05-03 10:53:31.531   844  1028 I [CT]    : ConstellationTrackingCapabilityTranslation: onResume
05-03 10:53:31.532  1830  2035 I chatty  : uid=10030(com.oculus.systemdriver) ClientRequest expire 7 lines
05-03 10:53:31.534   844  1028 I TrackingService: ConstellationTrackingGlue: setEnableExtendedDeadreckoning to false
05-03 10:53:31.535  3975  3999 I xrstreamingclient: AudioRecorder: start()
05-03 10:53:31.538   716  1003 D msm8974_platform: platform_split_snd_device: snd_device(22) num devices(1) new_snd_devices(0)
05-03 10:53:31.538   716  1003 D ACDB-LOADER: ACDB -> send_audvoltable
05-03 10:53:31.538   716  1003 D ACDB-LOADER: ACDB -> ACDB_CMD_GET_AUDPROC_INSTANCE_GAIN_DEP_STEP_TABLE_SIZE
05-03 10:53:31.538   716  1003 D         : Failed to fetch the lookup information of the device 0000000F 
05-03 10:53:31.538   716  1003 D ACDB-LOADER: Error: ACDB_CMD_GET_AUDPROC_INSTANCE_GAIN_DEP_STEP_TABLE_SIZE Returned = -19
05-03 10:53:31.538   716  1003 D ACDB-LOADER: ACDB -> ACDB_CMD_GET_AUDPROC_INSTANCE_GAIN_DEP_STEP_TABLE, vol index 4
05-03 10:53:31.538   716  1003 D         : Failed to fetch the lookup information of the device 0000000F 
05-03 10:53:31.539   716  1003 D ACDB-LOADER: Error: ACDB AudProc vol returned = -19
05-03 10:53:31.539   716  1003 D ACDB-LOADER: ACDB -> AUDIO_SET_VOL_CAL cal type = 40
05-03 10:53:31.539   716  1003 D msm8974_platform: platform_split_snd_device: snd_device(22) num devices(1) new_snd_devices(0)
05-03 10:53:31.539   716  1003 D ACDB-LOADER: ACDB -> send_audvoltable
05-03 10:53:31.539   716  1003 D ACDB-LOADER: ACDB -> ACDB_CMD_GET_AUDPROC_INSTANCE_GAIN_DEP_STEP_TABLE_SIZE
05-03 10:53:31.539   716  1003 D         : Failed to fetch the lookup information of the device 0000000F 
05-03 10:53:31.539   716  1003 D ACDB-LOADER: Error: ACDB_CMD_GET_AUDPROC_INSTANCE_GAIN_DEP_STEP_TABLE_SIZE Returned = -19
05-03 10:53:31.539   716  1003 D ACDB-LOADER: ACDB -> ACDB_CMD_GET_AUDPROC_INSTANCE_GAIN_DEP_STEP_TABLE, vol index 4
05-03 10:53:31.539   716  1003 D         : Failed to fetch the lookup information of the device 0000000F 
05-03 10:53:31.539   716  1003 D ACDB-LOADER: Error: ACDB AudProc vol returned = -19
05-03 10:53:31.539   716  1003 D ACDB-LOADER: ACDB -> AUDIO_SET_VOL_CAL cal type = 40
05-03 10:53:31.539   743  5771 W SensorService: frameset capture timestamp out of spec by -2831440.00 ms. FrameType=CONTROLLER, observed=2831480000000 expected=a40000000. FrameSyncPeriod is: 40.00 ms
05-03 10:53:31.542   844  6759 W [CT]    : CONSTELLATION: No tracked objects initialized!!
05-03 10:53:31.543  1830  2339 I chatty  : uid=10030(com.oculus.systemdriver) Thread-8 expire 1 line
05-03 10:53:31.543  2185  2345 I GuardianSystem: UpdateGuardianSystemState: Flags changed: 1646600, 1572872, SYSTEM_ROOM_SCALE_ACTIVE,SYSTEM_GUARDIAN_VISIBLE,SYSTEM_HANDTRACKING_MODE,SYSTEM_GUARDIAN_VALID,SYSTEM_PLAYSPACE_SCAN_WARNING to SYSTEM_ROOM_SCALE_ACTIVE,SYSTEM_GUARDIAN_VALID,SYSTEM_PLAYSPACE_SCAN_WARNING
05-03 10:53:31.544  3500  3500 D [SUI] SharingViewModel: clearAbuseReportRecordingTimer
05-03 10:53:31.544  3500  3500 D [SUI] BarView: Destroying BarView
05-03 10:53:31.544  3500  3500 D [SUI] SocialViewModel: removeObserver(): -$$Lambda$SystemStatusView$hvdttGlyfUmlGZJVTLPJRt2c5Fk2
05-03 10:53:31.544  3500  3500 D [SUI] AnytimeUIPanelAppBase: Releasing viewModel SocialViewModel refCount: 4
05-03 10:53:31.544  3500  3500 D [SUI] AnytimeUIPanelAppBase: Releasing viewModel SystemStatusViewModel refCount: 0
05-03 10:53:31.544  3500  3500 D [SUI] AnytimeUIPanelAppBase: Releasing viewModel BarViewModel refCount: 1
05-03 10:53:31.544  3500  3500 D [SUI] StatusViewModel: Destroying ViewModel
05-03 10:53:31.545  2114  2574 I [OAO] LayerSwapChainResource: LayerSwapChainResource 800,110 : 2
05-03 10:53:31.545  2114  2574 I [OAO] SwapChainApiOpenXr: CreateTextureSwapChain 800,110 - 2
05-03 10:53:31.546  1830  2526 I chatty  : uid=10030(com.oculus.systemdriver) Thread-10 expire 3 lines
05-03 10:53:31.547   716   716 D audio_hw_primary: in_set_parameters: enter: kvpairs=bottom=;input_source=7;routing=-2147483644
05-03 10:53:31.548  3500  3500 D [SUI] AnytimeUIPanelAppBase: Releasing viewModel ActiveCallBarViewModel refCount: 0
05-03 10:53:31.548  3500  3500 D [SUI] AnytimeUIPanelAppBase: Releasing viewModel SocialViewModel refCount: 3
05-03 10:53:31.548  3500  3500 D [SUI] MessengerCallViewModel: removeObserver
05-03 10:53:31.548  3500  3500 D [SUI] AnytimeUIPanelAppBase: Releasing viewModel MessengerCallViewModel refCount: 0
05-03 10:53:31.548  3500  3500 D HyperspaceClient: release instance, refcount: 1
05-03 10:53:31.548  3500  3500 D [SUI] MessengerCallViewModel: released hyperspace client
05-03 10:53:31.548  3500  3500 D [SUI] MessengerCallViewModel: destroyed MessengerCallViewModel
05-03 10:53:31.548  3500  3500 D [SUI] MessengerCallBarViewModel: destroyed MessengerCallBarViewModel
05-03 10:53:31.548  3500  3500 D [SUI] DynamicAppsView: Destroying dynamic apps view on bar
05-03 10:53:31.548  3500  3500 D [SUI] DestinationUIButtonView: Destroying RunningAppSection
05-03 10:53:31.548  3500  3500 D [SUI] AnytimeUIPanelAppBase: Releasing viewModel DestinationUIV2ViewModel refCount: 2
05-03 10:53:31.548  3500  3500 D [SUI] SocialViewModel: removePartyObserver(): -$$Lambda$BarView$VX8dagKJRulRvemrJDR-7k-GvmQ2
05-03 10:53:31.548  3500  3500 D [SUI] MessengerCallViewModel: removeObserver
05-03 10:53:31.548  3500  3500 D [SUI] AnytimeUIPanelAppBase: Releasing viewModel DynamicAppsViewModel refCount: 0
05-03 10:53:31.548  3500  3500 D [SUI] AnytimeUIPanelAppBase: Releasing viewModel DestinationUIV2ViewModel refCount: 1
05-03 10:53:31.548  3975  6756 D VrApi   : targetSDKVersion 29
05-03 10:53:31.549   716  4108 I audio_hw_primary: start_input_stream: enter: stream(0xebb1b000)usecase(22: audio-record)
05-03 10:53:31.549   716  4108 I audio_hw_primary: select_devices for use case (audio-record)
05-03 10:53:31.549   716  4108 I msm8974_platform: platform_check_and_set_capture_codec_backend_cfg:txbecf: afe: bitwidth 16, samplerate 24000, channel 1 format 1, backend_idx 8 usecase = 22 device (handset-mic-aec-ns)
05-03 10:53:31.549   716  4108 I msm8974_platform: platform_check_capture_codec_backend_cfg:txbecf: afe: Codec selected backend: 8 current bit width: 16 and sample rate: 24000, channels 1 format 1
05-03 10:53:31.549   716  4108 W msm8974_platform: platform_get_backend_index:napb: Invalid device - 0 
05-03 10:53:31.549   716  4108 I msm8974_platform: platform_check_capture_codec_backend_cfg:txbecf: afe: current backend bit_width 16 sample_rate 48000 channels 1, format 0
05-03 10:53:31.549   716  4108 I msm8974_platform: platform_check_capture_codec_backend_cfg:txbecf: afe: Codec backend needs to be updated. new bit width: 16 new sample rate: 24000 new channel: 1 new format: 1
05-03 10:53:31.549   716  4108 I msm8974_platform: platform_set_codec_backend_cfg:becf: afe: bitwidth 16, samplerate 24000 channels 1 format 1, backend_idx 8 device (handset-mic-aec-ns)
05-03 10:53:31.549   716  4108 E msm8974_platform: platform_set_codec_backend_cfg:becf: afe: Could not get ctl for mixer command - SLIM_0_TX SampleRate
05-03 10:53:31.549   716  4108 D audio_hw_primary: check_usecases_capture_codec_backend:becf: force routing 0
05-03 10:53:31.549  3975  6756 I JniUtils: ovr_GetCurrentPackageSignature 
05-03 10:53:31.550   716  4108 D hardware_info: hw_info_append_hw_type : device_name = handset-mic-aec-ns
05-03 10:53:31.550   716  4108 D msm8974_platform: platform_split_snd_device: snd_device(134) num devices(0) new_snd_devices(0)
05-03 10:53:31.550   716  4108 D audio_hw_primary: enable_snd_device: snd_device(134: handset-mic-aec-ns)
05-03 10:53:31.550   716  4108 D audio_route: Apply path: handset-mic-aec-ns
05-03 10:53:31.551  1919  1919 E OVRMediaServiceManager: LivestreamingManager Not initialized
05-03 10:53:31.551  3975  6756 I Metrics : device name = Oculus Quest 2
05-03 10:53:31.554  2555  2555 W VRLifecycleManager: onHeadsetMounted
05-03 10:53:31.555  3975  4036 D xrstreamingclient: Quest 2 device - opening vsync_event
05-03 10:53:31.555  3975  3999 I ClientInputSettings: InhibitHandleHomeKeyFull = true
05-03 10:53:31.555  3975  3999 I ClientInputInterface: SetInhibitHandleHomeKeyFull 1 for process com.oculus.xrstreamingclient 3975
05-03 10:53:31.555  3975  3999 D xrstreamingclient:     vrapi_SetPropertyInt(VRAPI_INHIBIT_HANDLE_HOMEKEY_FULL, 1)
05-03 10:53:31.555  3975  4036 D xrstreamingclient: Starting with vsync 2836291048395
05-03 10:53:31.555  3975  3999 I [CT]    : MIXEDREALITY: MrSystemServiceClientBase: bindMrSystemService: Binding.
05-03 10:53:31.556   842  4465 I [CT]    : MIXEDREALITY: MrEngine: bind
05-03 10:53:31.556   842  4465 I [CT]    : MIXEDREALITY: ServiceLogic: bind: 61865654
05-03 10:53:31.556  3975  3999 I [CT]    : MIXEDREALITY: MrSystemServiceClientBase: bindMrSystemService: bind ID 61865654
05-03 10:53:31.556  3975  3999 I [CT]    : MIXEDREALITY: MrSystemServiceClientBase: SyncPrimitives: 0x754cdaf000 400
05-03 10:53:31.556  3975  3999 I [CT]    : MIXEDREALITY: MrSystemServiceClientBase: SharedData: 0x74f10a5000 232536
05-03 10:53:31.556  3975  3999 I ipcLoader_static: RuntimeIPC: Loader: IPC Service API Loader Version: 26 Mar  6 2022 18:00:07
05-03 10:53:31.556  3975  3999 I RuntimeIPCApi: ipc_Initialize
05-03 10:53:31.556  3975  3999 I RuntimeIPCServiceClient: Init: Already initialized: com.oculus.xrstreamingclient, 5
05-03 10:53:31.556   842  4104 D RuntimeIPCServerMgr: RegisterClient: Client: com.oculus.xrstreamingclient:com.oculus.xrstreamingclient:3975, Server: native_process.system:/system/bin/mrsystemservice (MrSystemServiceIPCServer)
05-03 10:53:31.557   842  4104 I IPCSharedMemory: CreateSharedMemory: Allocated shared memory fd 44 (ipcStateReadWrite)
05-03 10:53:31.557   842  4104 I IPCSharedMemory: CreateSharedMemory: Allocated shared memory fd 45 (ipcReadOnlyState)
05-03 10:53:31.557   842  4104 I RuntimeIPCServerMgr: HandleClientConnect SUCCESS: Client: com.oculus.xrstreamingclient:com.oculus.xrstreamingclient:3975, Server: native_process.system:/system/bin/mrsystemservice (MrSystemServiceIPCServer)
05-03 10:53:31.557   842  6761 I [CT]    : MIXEDREALITY: MrSystemServiceIPCServer: Client Connected: 439432131/com.oculus.xrstreamingclient/com.oculus.xrstreamingclient:3975
05-03 10:53:31.557   842  6761 I [CT]    : MIXEDREALITY: MrClientsStatusSupport: MRSS onClientConnected: 439432131/com.oculus.xrstreamingclient/com.oculus.xrstreamingclient
05-03 10:53:31.557   842  6761 I [CT]    : MIXEDREALITY: ClientsStatus: ====== Connected clients ======
05-03 10:53:31.557   842  6761 I [CT]    : MIXEDREALITY: ClientsStatus: Client: 2061703988/com.oculus.mrservice/com.oculus.mrservice
05-03 10:53:31.557   842  6761 I [CT]    : MIXEDREALITY: ClientsStatus:    [Passthrough] -> Destroyed
05-03 10:53:31.557   842  6761 I [CT]    : MIXEDREALITY: ClientsStatus:    [Freespace] -> Destroyed
05-03 10:53:31.557   842  6761 I [CT]    : MIXEDREALITY: ClientsStatus: ===============================
05-03 10:53:31.558   842  6761 I [CT]    : MIXEDREALITY: ClientsStatus: Registration from 439432131/com.oculus.xrstreamingclient/com.oculus.xrstreamingclient accepted.
05-03 10:53:31.559   842  4104 I RuntimeIPCServerMgr: GetServerStatesConfig -> {MaxBufferSize=32768, MaxEntries=64}
05-03 10:53:31.559  3975  3999 I RuntimeIPCClientMgr: GetServerStatesConfig returned maxEntries=64, maxBuffSize=32768
05-03 10:53:31.559  3975  3999 I RuntimeIPCClientMgr: TryToGetIPCResourcesFromServer: RPC_CONNECTOR_CONNECT_TO_SERVER SUCCESS: Client: com.oculus.xrstreamingclient:com.oculus.xrstreamingclient:3975, Server: native_process.system:/system/bin/mrsystemservice (MrSystemServiceIPCServer)
05-03 10:53:31.559  3975  3999 I RuntimeIPCClientMgr: EnsureServerConnection: SUCCESS. Client: com.oculus.xrstreamingclient:com.oculus.xrstreamingclient:3975, Server: native_process.system:/system/bin/mrsystemservice (MrSystemServiceIPCServer)
05-03 10:53:31.559  3975  3999 I RuntimeIPCClientMgr: ConnectToServer: SUCCESS: Client: com.oculus.xrstreamingclient:com.oculus.xrstreamingclient:3975, Server: native_process.system:/system/bin/mrsystemservice (MrSystemServiceIPCServer)
05-03 10:53:31.559  3975  3999 I [CT]    : MIXEDREALITY: MrSystemServiceClientBase: MrSystemServiceIPCClient initialized successfully.
05-03 10:53:31.559   842  6761 I [CT]    : MIXEDREALITY: MrSystemServiceIPCServer: MrSystemServiceIPCServer::MrComputeCommand from 439432131, request was 61865654/5
05-03 10:53:31.559   842  6761 I [CT]    : MIXEDREALITY: ServiceLogic: onIpcCommand: client 439432131, request 5
05-03 10:53:31.559  3975  3999 I [CT]    : MIXEDREALITY: MrSystemServiceClientBase: sendIpcEventAndWait: IPCCall result: 0 in 6.1979e-05 seconds.
05-03 10:53:31.562  3500  3500 D [SUI] SocialViewModel: removePartyObserver(): -$$Lambda$DynamicAppsViewModel$m2nYXreaQNig4LggtEcAa-Qnyr02
05-03 10:53:31.562  3500  3500 D [SUI] AnytimeUIPanelAppBase: Releasing viewModel SocialViewModel refCount: 2
05-03 10:53:31.562  3500  3500 D [SUI] DynamicAppsViewModel: Destroying BarPinnedAppsViewModel
05-03 10:53:31.562  3500  3500 E [SUI] AnytimeUIPanelAppBase: Release ViewModel called on already destroyed ViewModelnull
05-03 10:53:31.562  3500  3500 D [SUI] AnytimeUIPanelAppBase: Releasing viewModel BarViewModel refCount: 0
05-03 10:53:31.562  3500  3500 D [SUI] BarViewModel: Destroying BarViewModel
05-03 10:53:31.562  3500  3500 D [SUI] AnytimeUIPanelAppBase: Releasing viewModel SettingsViewModel refCount: 0
05-03 10:53:31.562  3500  3500 D [SUI] SettingsViewModel: Destroying ViewModel
05-03 10:53:31.564  3975  4027 D xrstreaming: receive pong: org 2836292544854 recv 4002717768400 xmt 4002726523300 (received at 2836301507093), offset divergence -117512
05-03 10:53:31.564  3975  4027 D xrstreaming: new clock offset=1166425119876 (rtt: 207339, dispersion: 771741, jitter: 6565170)
05-03 10:53:31.572  3500  3500 D [SUI] AnytimeUIPanelAppBase: Releasing viewModel StatusViewModel refCount: 2
05-03 10:53:31.572  2150  2182 W LibraryProvider: Cannot find entitlement for com.oculus.xrstreamingclient
05-03 10:53:31.572  1919  1919 W OVRLibrary: null cursor received for query content://com.oculus.ocms.library/apps/com.oculus.xrstreamingclient
05-03 10:53:31.583  1830  3243 I chatty  : uid=10030(com.oculus.systemdriver) Thread-12 expire 5 lines
05-03 10:53:31.587  1830  1939 I chatty  : uid=10030(com.oculus.systemdriver) RscCreation expire 1 line
05-03 10:53:31.595  2150  2182 W LibraryProvider: Cannot find entitlement for com.oculus.xrstreamingclient
05-03 10:53:31.595  1830  5769 I SwapChain: DestroyAndroidSurfaceSwapChain: 0x74d94ea000: Destroying SurfaceTexture 0x2786 Surface 0x2796
05-03 10:53:31.596  1919  1919 W OVRLibrary: null cursor received for query content://com.oculus.ocms.library/apps/com.oculus.xrstreamingclient
05-03 10:53:31.597  2114  2574 I [OAO] SwapChainApiOpenXr: Swapchain created: 800,110 - 2
05-03 10:53:31.597  1830  2526 I VrRuntimeService: UpdateSwapChainSamplerState: 185
05-03 10:53:31.597  1830  2526 I VrRuntimeService: UpdateSwapChainSamplerState: minFilter=1 magFilter=1 wrapModeS=3 warpModeT=3 maxAniso=1.000000 border={0.000000,0.000000,0.000000,0.000000} swizzle={0,1,2,3}
05-03 10:53:31.598  3975  4040 W xrstreamingclient: ThreadFunc(): gamepad haptics are not supported
05-03 10:53:31.599  3500  3500 D [SUI] AnytimeUIPanelAppBase: Releasing viewModel DestinationUIV2ViewModel refCount: 0
05-03 10:53:31.599  3500  3500 D [SUI] DestinationUIV2ViewModel: Destroying DestinationUIV2ViewModel
05-03 10:53:31.599  3500  3500 D [SUI] SocialViewModel: removePartyObserver(): 
05-03 10:53:31.599  3500  3500 D [SUI] AnytimeUIPanelAppBase: Releasing viewModel SocialViewModel refCount: 1
05-03 10:53:31.609  3500  3500 D [SUI] AnytimeUIPanelAppBase: Releasing viewModel SocialViewModel refCount: 0
05-03 10:53:31.609  3500  3500 D [SUI] SocialViewModel: Destroying ViewModel
05-03 10:53:31.613  3500  3500 D [SUI] AnytimeUIPanelAppBase: Releasing viewModel StatusViewModel refCount: 1
05-03 10:53:31.613  3500  3500 I [SUI] AnytimeUIAndroidPanelApp: Destroyed AUI PanelApp, isInOverlay: false, instanceCount: 1
05-03 10:53:31.615  2150  2182 W LibraryProvider: Cannot find entitlement for com.oculus.xrstreamingclient
05-03 10:53:31.615  1919  1919 W OVRLibrary: null cursor received for query content://com.oculus.ocms.library/apps/com.oculus.xrstreamingclient
05-03 10:53:31.615  3500  3500 D [SUI] AnytimeUIPanelAppBase: Releasing viewModel StatusViewModel refCount: 0
05-03 10:53:31.615  3500  3500 D [SUI] StatusViewModel: Destroying ViewModel
05-03 10:53:31.627  3500  3500 D [SUI] FollowTabletPanelController: Destroying FollowTabletPanelController
05-03 10:53:31.627  3500  3500 D [SUI] GraphQLExecutor: Destroying
05-03 10:53:31.627  3500  3500 V LifecycleAwareViewModelStore: LifecycleAwareViewModelStore destroyed
05-03 10:53:31.628  3500  3500 V LifecycleAwarePanelApp: PanelApp lifecycle moved to final state: DESTROYED
05-03 10:53:31.630  3975  3999 I [CT]    : CALIBRATION: HorizontalFlip not found. Using the default: 'false'
05-03 10:53:31.630  3975  3999 I [CT]    : CALIBRATION: VerticalFlip not found. Using the default: 'false'
05-03 10:53:31.630  3975  3999 I [CT]    : CALIBRATION: HorizontalFlip not found. Using the default: 'false'
05-03 10:53:31.630  3975  3999 I [CT]    : CALIBRATION: VerticalFlip not found. Using the default: 'false'
05-03 10:53:31.630  3975  3999 I [CT]    : CALIBRATION: HorizontalFlip not found. Using the default: 'false'
05-03 10:53:31.630  3975  3999 I [CT]    : CALIBRATION: VerticalFlip not found. Using the default: 'false'
05-03 10:53:31.630  3975  3999 I [CT]    : CALIBRATION: HorizontalFlip not found. Using the default: 'false'
05-03 10:53:31.630  3975  3999 I [CT]    : CALIBRATION: VerticalFlip not found. Using the default: 'false'
05-03 10:53:31.630  3975  3999 I [CT]    : MIXEDREALITY: CalibrationParserHelpers: deviceNameFromCalibrationJson: Hollywood
05-03 10:53:31.630  3975  3999 I [CT]    : CALIBRATION: HorizontalFlip not found. Using the default: 'false'
05-03 10:53:31.630  3975  3999 I [CT]    : CALIBRATION: VerticalFlip not found. Using the default: 'false'
05-03 10:53:31.630  3975  3999 I [CT]    : CALIBRATION: HorizontalFlip not found. Using the default: 'false'
05-03 10:53:31.630  3975  3999 I [CT]    : CALIBRATION: VerticalFlip not found. Using the default: 'false'
05-03 10:53:31.630  3975  3999 I [CT]    : CALIBRATION: HorizontalFlip not found. Using the default: 'false'
05-03 10:53:31.630  3975  3999 I [CT]    : CALIBRATION: VerticalFlip not found. Using the default: 'false'
05-03 10:53:31.630  3975  3999 I [CT]    : CALIBRATION: HorizontalFlip not found. Using the default: 'false'
05-03 10:53:31.630  3975  3999 I [CT]    : CALIBRATION: VerticalFlip not found. Using the default: 'false'
05-03 10:53:31.630  3975  3999 I [CT]    : CALIBRATION: HorizontalFlip not found. Using the default: 'false'
05-03 10:53:31.630  3975  3999 I [CT]    : CALIBRATION: VerticalFlip not found. Using the default: 'false'
05-03 10:53:31.630  3975  3999 I [CT]    : CALIBRATION: HorizontalFlip not found. Using the default: 'false'
05-03 10:53:31.630  3975  3999 I [CT]    : CALIBRATION: VerticalFlip not found. Using the default: 'false'
05-03 10:53:31.630  3975  3999 I [CT]    : CALIBRATION: HorizontalFlip not found. Using the default: 'false'
05-03 10:53:31.630  3975  3999 I [CT]    : CALIBRATION: VerticalFlip not found. Using the default: 'false'
05-03 10:53:31.630  3975  3999 I [CT]    : CALIBRATION: HorizontalFlip not found. Using the default: 'false'
05-03 10:53:31.630  3975  3999 I [CT]    : CALIBRATION: VerticalFlip not found. Using the default: 'false'
05-03 10:53:31.632  3975  3999 I [CT]    : MIXEDREALITY: MrStreamingClientImpl: Loading calibration: loaded true, factory true
05-03 10:53:31.632  3975  3999 I [CT]    : MIXEDREALITY: MrStreamingClientImpl: bindMrSystemService (streaming client): successful.
05-03 10:53:31.632  3975  3999 I [CT]    : MIXEDREALITY: MrStreamingClientImpl: MrStreamingClientImpl successfully connected to MrSystemService.
05-03 10:53:31.632  3975  3999 I [CT]    : MIXEDREALITY: MrStreamingClientImpl: createMrStreamingClientExt: created object 0x74e0cc3530; requested version 1, actual created version 1.
05-03 10:53:31.632  1039  6739 I DisplayManagerService: Display device removed: DisplayDeviceInfo{"com.oculus.android_panel_app.AndroidPanelLayer-tablet": uniqueId="virtual:com.oculus.systemux,10032,com.oculus.android_panel_app.AndroidPanelLayer-tablet,0", 1000 x 625, modeId 34, defaultModeId 34, supportedModes [{id=34, width=1000, height=625, fps=60.0}], colorMode 0, supportedColorModes [0], HdrCapabilities null, density 200, 200.0 x 200.0 dpi, appVsyncOff 0, presDeadline 16666666, touch NONE, rotation 0, type VIRTUAL, state ON, owner com.oculus.systemux (uid 10032), FLAG_PRIVATE, FLAG_NEVER_BLANK, FLAG_OWN_CONTENT_ONLY}
05-03 10:53:31.634  1571  6743 W ContextImpl: Calling a method in the system process without a qualified user: android.app.ContextImpl.sendBroadcast:1057 android.content.ContextWrapper.sendBroadcast:448 X.o4.A00:143 X.nw.A00:17 X.nw.handleMessage:90 
05-03 10:53:31.635   842  6761 I [CT]    : MIXEDREALITY: MrSystemServiceIPCServer: MrSystemServiceIPCServer::MrComputeCommand from 439432131, request was 61865654/7
05-03 10:53:31.635   842  6761 I [CT]    : MIXEDREALITY: ServiceLogic: onIpcCommand: client 439432131, request 7
05-03 10:53:31.651  1039  3212 I DisplayManagerService: Display device removed: DisplayDeviceInfo{"com.oculus.android_panel_app.AndroidPanelLayer-#main": uniqueId="virtual:com.oculus.systemux,10032,com.oculus.android_panel_app.AndroidPanelLayer-#main,2", 800 x 110, modeId 33, defaultModeId 33, supportedModes [{id=33, width=800, height=110, fps=60.0}], colorMode 0, supportedColorModes [0], HdrCapabilities null, density 200, 200.0 x 200.0 dpi, appVsyncOff 0, presDeadline 16666666, touch NONE, rotation 0, type VIRTUAL, state ON, owner com.oculus.systemux (uid 10032), FLAG_PRIVATE, FLAG_NEVER_BLANK, FLAG_OWN_CONTENT_ONLY}
05-03 10:53:31.652  3500  3500 D [SUI] AdapterUpdatesCoalescer: startDiffingInBackground
05-03 10:53:31.652  3500  3500 E [SUI] FakeAppUtils: error no systemUX route for com.oculus.explore
05-03 10:53:31.652  3500  3500 E [SUI] FakeAppUtils: error no systemUX route for com.oculus.store
05-03 10:53:31.657  3975  4047 I xrstreamingclient: RuntimeIPCLinkThread: ipc_CallServerRPC2: 4038123366, 10
05-03 10:53:31.657  3975  4047 I xrstreamingclient: RuntimeIPCLinkThread: ipc_CallServerRPC2 SUCCESS: 4038123366, 58
05-03 10:53:31.658  3975  4047 I xrstreamingclient: RuntimeIPCLinkThread: ipc_CallServerRPC2: 4038123366, 10
05-03 10:53:31.658  3975  4047 I xrstreamingclient: RuntimeIPCLinkThread: ipc_CallServerRPC2 SUCCESS: 4038123366, 2170
05-03 10:53:31.661   743   743 W HwBinder:743_2: type=1400 audit(0.0:4512): avc: denied { getattr } for path="/proc/842" dev="proc" ino=79580 scontext=u:r:hal_oculus_sensors:s0 tcontext=u:r:mrsystemservice:s0 tclass=dir permissive=0
05-03 10:53:31.669   743   984 E libosutils: failed to get real path of file /proc/842/cmdline, err: Permission denied
05-03 10:53:31.671  3975  4045 I xrstreamingclient: Toggling hands. enabled = 0
05-03 10:53:31.671  3975  4045 I ClientInputInterface: HANDTRACKING SetForceDisableHandsFromApp 1
05-03 10:53:31.674  1919  1919 E OVRMediaServiceManager: LivestreamingManager Not initialized
05-03 10:53:31.678   743   984 I FrameSetDispatcher: [HEADSET] Client thread started
05-03 10:53:31.678   743   984 I CameraClientManager: [HEADSET] Added client - started clients: 3
05-03 10:53:31.678  3975  3999 I [CT]    : MIXEDREALITY: MrSystemServiceClientBase: sendIpcEventAndWait: IPCCall result: 0 in 0.043401145 seconds.
05-03 10:53:31.678  3975  3999 D xrstreamingclient:   AADT Mode: ATW
05-03 10:53:31.679  3975  6770 I FenceChecker: FenceChecker::MainLoop - started
05-03 10:53:31.681   842  6768 I [CT]    : MIXEDREALITY: ServiceLogic: Successfully set cpu affinity for thread 6768 to prime gold (7)
05-03 10:53:31.681   842  6768 I [CT]    : MIXEDREALITY: ServiceLogic: Successfully set cpu affinity for thread 3103 to prime gold (7)
05-03 10:53:31.681   842  6768 I [CT]    : MIXEDREALITY: ServiceLogic: Successfully set cpu affinity for thread 915 to prime gold (7)
05-03 10:53:31.683  3975  3999 D xrstreamingclient: Frame 30460 decoded, delta in prediction time: -96597.222222ms
05-03 10:53:31.683  3975  3999 D xrstreamingclient: Glitches: 0, Mispredicts: 0, Deadline: -96588.65ms, Transmission: 12.71ms, Pipeline Prediction Delta MA:  3.61ms
05-03 10:53:31.683  3975  3999 D xrstreamingclient: Rectify: Frame using rectify meshId = 1000
05-03 10:53:31.683  3975  3999 I xrstreamingclient: ASW set to auto - GK=0, prop=0
05-03 10:53:31.688  1830  5769 W TimeWarpClient: firstDisplayVsync for client 7 (isPrimary=1) FrameIndex = 34712 is outrageously early 17986, base 8811, flushing
05-03 10:53:31.688  3975  3999 E xrstreamingclient: no data for PI:30446, FI:34711
05-03 10:53:31.689  3500  3500 D [SUI] AdapterUpdatesCoalescer: There is no pending update
05-03 10:53:31.693   716  4108 E soundtrigger: audio_extn_sound_trigger_update_ec_ref_status: st_dev NULL
05-03 10:53:31.693  1830  5769 I TimeWarp: SetSchedFifo( tid=3999, pol=3, pri=0 ) succeeded
05-03 10:53:31.694  1830  5769 I TimeWarp: SetSchedFifo( tid=6770, pol=3, pri=0 ) succeeded
05-03 10:53:31.694   716  4108 D audio_route: Apply path: echo-reference
05-03 10:53:31.695   716  4108 D msm8974_platform: platform_set_echo_reference: enabling echo-reference
05-03 10:53:31.695   716  4108 D audio_hw_utils: audio_extn_utils_send_app_type_cfg: usecase->in_snd_device handset-mic-aec-ns
05-03 10:53:31.695   716  4108 D msm8974_platform: platform_split_snd_device: snd_device(134) num devices(0) new_snd_devices(0)
05-03 10:53:31.697   716  4108 D audio_hw_utils: audio_extn_btsco_get_sample_rate:Not a BT SCO device, need not update sampling rate
05-03 10:53:31.697   716  4108 I audio_hw_utils: send_app_type_cfg_for_device CAPTURE app_type 69938, acdb_dev_id 4, sample_rate 32000, snd_device_be_idx 44
05-03 10:53:31.700  1830  2035 I VrRuntimeServer: DisableCompositorClient: 0
05-03 10:53:31.700  1830  2035 I TimeWarpClientMgr: Disable client 0
05-03 10:53:31.700  1830  2035 I TimeWarpClientMgr: DisableClient: frame flush required: 1
05-03 10:53:31.702  1830  5769 W TimeWarpClient: firstDisplayVsync for client 7 (isPrimary=1) FrameIndex = 34714 is outrageously early 17986, base 8812, flushing
05-03 10:53:31.702   716  4108 D msm8974_platform: platform_split_snd_device: snd_device(134) num devices(1) new_snd_devices(0)
05-03 10:53:31.702   716  4108 D audio_hw_utils: audio_extn_btsco_get_sample_rate:Not a BT SCO device, need not update sampling rate
05-03 10:53:31.702   716  4108 D ACDB-LOADER: ACDB -> send_audio_cal, acdb_id = 4, path = 1, app id = 0x11132, sample rate = 32000, afe_sample_rate = 48000
05-03 10:53:31.703   716  4108 D ACDB-LOADER: ACDB -> send_asm_topology
05-03 10:53:31.703   716  4108 D ACDB-LOADER: ACDB -> ACDB_CMD_GET_AUDPROC_STREAM_TOPOLOGY_ID
05-03 10:53:31.703   716  4108 D ACDB-LOADER: ACDB -> send_adm_topology
05-03 10:53:31.703   716  4108 D ACDB-LOADER: ACDB -> ACDB_CMD_GET_AUDPROC_COMMON_TOPOLOGY_ID
05-03 10:53:31.703   716  4108 D ACDB-LOADER: ACDB -> send_audtable
05-03 10:53:31.703   716  4108 D ACDB-LOADER: ACDB -> ACDB_CMD_GET_AUDPROC_INSTANCE_COMMON_TABLE_SIZE
05-03 10:53:31.703   716  4108 D ACDB-LOADER: ACDB -> ACDB_CMD_GET_AUDPROC_INSTANCE_COMMON_TABLE
05-03 10:53:31.703   716  4108 D ACDB-LOADER: ACDB -> AUDIO_SET_AUDPROC_CAL cal_type[11] acdb_id[4] app_type[69938]
05-03 10:53:31.703   716  4108 D ACDB-LOADER: ACDB -> ACDB_CMD_GET_PERSISTENT_AUDPROC_INSTANCE_COMMON_TABLE_SIZE
05-03 10:53:31.704   716  4108 D         : [Data Manager]-> No data found
05-03 10:53:31.704   716  4108 D ACDB-LOADER: Error: ACDB_CMD_GET_PERSISTENT_AUDPROC_INSTANCE_COMMON_TABLE_SIZE returned -18
05-03 10:53:31.704   716  4108 D ACDB-LOADER: ACDB -> send_audproc_persist_table -18 
05-03 10:53:31.704   716  4108 D ACDB-LOADER: Error: Invalid Audproc persist size = -18
05-03 10:53:31.704   716  4108 D ACDB-LOADER: ACDB -> ACDB_CMD_GET_AUDPROC_INSTANCE_STREAM_TABLE_SIZE
05-03 10:53:31.704   716  4108 D ACDB-LOADER: ACDB -> send_audstrmtable
05-03 10:53:31.704   716  4108 D ACDB-LOADER: ACDB -> ACDB_CMD_GET_AUDPROC_INSTANCE_STREAM_TABLE
05-03 10:53:31.704   716  4108 D ACDB-LOADER: ACDB -> audstrm_cal->cal_type.cal_data.cal_size = 20
05-03 10:53:31.704   716  4108 D ACDB-LOADER: ACDB -> send_afe_topology
05-03 10:53:31.704   716  4108 D ACDB-LOADER: ACDB -> ACDB_CMD_GET_AFE_TOPOLOGY_ID
05-03 10:53:31.704   716  4108 D ACDB-LOADER: ACDB -> GET_AFE_TOPOLOGY_ID for adcd_id 4, Topology Id 112fb
05-03 10:53:31.704   716  4108 D ACDB-LOADER: ACDB -> send_afe_cal
05-03 10:53:31.704   716  4108 D ACDB-LOADER: ACDB -> ACDB_CMD_GET_AFE_INSTANCE_COMMON_TABLE_SIZE
05-03 10:53:31.704   716  4108 D         : Failed to fetch the lookup information of the device 00000004 
05-03 10:53:31.704   716  4108 D ACDB-LOADER: Error: ACDB_CMD_GET_AFE_INSTANCE_COMMON_TABLE_SIZE Returned = -19
05-03 10:53:31.704   716  4108 D ACDB-LOADER: ACDB -> ACDB_CMD_GET_AFE_INSTANCE_COMMON_TABLE
05-03 10:53:31.704   716  4108 D         : Failed to fetch the lookup information of the device 00000004 
05-03 10:53:31.704   716  4108 D ACDB-LOADER: Error: ACDB AFE returned = -19
05-03 10:53:31.704   716  4108 D ACDB-LOADER: ACDB -> AUDIO_SET_AFE_CAL cal_type[17] acdb_id[4]
05-03 10:53:31.704   716  4108 D ACDB-LOADER: ACDB -> send_hw_delay : acdb_id = 4 path = 1
05-03 10:53:31.704   716  4108 D ACDB-LOADER: ACDB -> ACDB_AVSYNC_INFO: ACDB_CMD_GET_DEVICE_PROPERTY
05-03 10:53:31.704   716  4108 I audio_hw_primary: enable_audio_route: apply mixer and update path: audio-record
05-03 10:53:31.704   716  4108 D audio_route: Apply path: audio-record
05-03 10:53:31.706   716  4108 D audio_hw_primary: select_devices: done
05-03 10:53:31.707  1830  5769 I TimeWarp: SetSchedFifo( tid=2345, pol=2, pri=0 ) succeeded
05-03 10:53:31.707  1830  5769 I TimeWarp: SetSchedFifo( tid=2999, pol=2, pri=0 ) succeeded
05-03 10:53:31.708  1830  5769 I TimeWarp: SetSchedFifo( tid=3058, pol=2, pri=0 ) succeeded
05-03 10:53:31.714  2185  2345 I GuardianSystem: runtimeServiceSDKClient_.ForceShowGuardianEvent
05-03 10:53:31.714  2185  2345 I GuardianSystem: ForceShowGuardian: false, 0.00
05-03 10:53:31.716  2555  2575 I .socialplatfor: Background concurrent copying GC freed 17283(1907KB) AllocSpace objects, 14(280KB) LOS objects, 49% free, 2470KB/4941KB, paused 116us total 155.196ms
05-03 10:53:31.716  1830  5769 W TimeWarpClient: firstDisplayVsync for client 7 (isPrimary=1) FrameIndex = 34714 is outrageously early 17986, base 8813, flushing
05-03 10:53:31.719   716  4108 D audio_hw_primary: start_input_stream: exit
05-03 10:53:31.720  3975  4047 I xrstreamingclient: RuntimeIPCLinkThread: ipc_CallServerRPC2: 4038123366, 10
05-03 10:53:31.720  3975  4047 I xrstreamingclient: RuntimeIPCLinkThread: ipc_CallServerRPC2 SUCCESS: 4038123366, 58
05-03 10:53:31.725  3975  4047 I xrstreamingclient: RuntimeIPCLinkThread: ipc_CallServerRPC2: 4038123366, 10
05-03 10:53:31.725  3975  4047 I xrstreamingclient: RuntimeIPCLinkThread: ipc_CallServerRPC2 SUCCESS: 4038123366, 2170
05-03 10:53:31.728  3975  3999 W VrApi   : ovr_SubmitFrameInternal: FrameIndex discontinuity: Expected 34719, Received 34720
05-03 10:53:31.730  1830  5769 W TimeWarpClient: firstDisplayVsync for client 7 (isPrimary=1) FrameIndex = 34715 is outrageously early 17986, base 8814, flushing
05-03 10:53:31.733  3147  3187 I Clay    : EnvironmentSystem: Visibility is Unload, discarding cached scene: 'apk://com.oculus.environment.prod.adobe/assets/scene.zip'
05-03 10:53:31.733  3147  3187 I Clay    : EnvironmentSystem: Scene loaded
05-03 10:53:31.744  1830  5769 W TimeWarpClient: firstDisplayVsync for client 7 (isPrimary=1) FrameIndex = 34715 is outrageously early 17986, base 8815, flushing
05-03 10:53:31.756  1571  6763 W ContextImpl: Calling a method in the system process without a qualified user: android.app.ContextImpl.sendBroadcast:1057 android.content.ContextWrapper.sendBroadcast:448 X.o4.A00:143 X.nw.A00:17 X.nw.handleMessage:90 
05-03 10:53:31.757  3147  3187 I Clay    : SharedHomeSystem::_onEnvironmentActivated
05-03 10:53:31.758  1830  5769 W TimeWarpClient: firstDisplayVsync for client 7 (isPrimary=1) FrameIndex = 34715 is outrageously early 17986, base 8816, flushing
05-03 10:53:31.764  3500  3500 D [SUI] SystemUXFunnelLogServerLogger: Impression Event: oculus_impressions_tile_impressioned LogInfo{duration=0, mLogId='com.oculus.explore', mContentType=APP, mPosX=0, mPosy=0, mGlobalPos=0, mSurface=AUI, mSubSurface=null, mClickEventType=null}
05-03 10:53:31.765  3500  3500 D [SUI] SystemUXFunnelLogServerLogger: Impression Event: oculus_impressions_tile_impressioned LogInfo{duration=0, mLogId='com.oculus.store', mContentType=APP, mPosX=1, mPosy=0, mGlobalPos=1, mSurface=AUI, mSubSurface=null, mClickEventType=null}
05-03 10:53:31.765  3500  3500 D [SUI] SystemUXFunnelLogServerLogger: Impression Event: oculus_impressions_tile_impressioned LogInfo{duration=0, mLogId='messenger_system_app', mContentType=APP, mPosX=2, mPosy=0, mGlobalPos=2, mSurface=AUI, mSubSurface=null, mClickEventType=null}
05-03 10:53:31.765  3500  3500 D [SUI] SystemUXFunnelLogServerLogger: Impression Event: oculus_impressions_tile_impressioned LogInfo{duration=0, mLogId='share_system_app', mContentType=APP, mPosX=3, mPosy=0, mGlobalPos=3, mSurface=AUI, mSubSurface=null, mClickEventType=null}
05-03 10:53:31.765  3975  4034 I xrstreamingclient: AudioPlayer: NetworkMetrics: [0.029,43.366]9.875
05-03 10:53:31.772  1830  5769 W TimeWarpClient: firstDisplayVsync for client 7 (isPrimary=1) FrameIndex = 34716 is outrageously early 17986, base 8817, flushing
05-03 10:53:31.784  2114  2574 I [OAO] PanelAppHost: Setting panel layer visibility of layer "#main" to visible
05-03 10:53:31.786  1830  5769 W TimeWarpClient: firstDisplayVsync for client 7 (isPrimary=1) FrameIndex = 34718 is outrageously early 17986, base 8818, flushing
05-03 10:53:31.800  1830  5769 W TimeWarpClient: firstDisplayVsync for client 7 (isPrimary=1) FrameIndex = 34719 is outrageously early 17986, base 8819, flushing
05-03 10:53:31.813  1830  5769 W TimeWarpClient: firstDisplayVsync for client 7 (isPrimary=1) FrameIndex = 34720 is outrageously early 17986, base 8820, flushing
05-03 10:53:31.817  3975  4033 I xrstreamingclient: AudioPlayer: RenderMetrics: [2.851,96497.297]81.051
05-03 10:53:31.827  1830  5769 W TimeWarpClient: firstDisplayVsync for client 7 (isPrimary=1) FrameIndex = 34721 is outrageously early 17986, base 8821, flushing
05-03 10:53:31.838  1919  1932 W .oculus.horizo: Reducing the number of considered missed Gc histogram windows from 190 to 100
05-03 10:53:31.841  1830  5769 W TimeWarpClient: firstDisplayVsync for client 7 (isPrimary=1) FrameIndex = 34722 is outrageously early 17986, base 8822, flushing
05-03 10:53:31.854  2555  2555 W PartyNativeModuleManager: Calling nativeTearDown but native code wasn't initialized. Noop.
05-03 10:53:31.855  1830  5769 W TimeWarpClient: firstDisplayVsync for client 7 (isPrimary=1) FrameIndex = 34723 is outrageously early 17986, base 8823, flushing
05-03 10:53:31.868  2555  2555 W PartyNativeModuleManager: Calling nativeTearDown but native code wasn't initialized. Noop.
05-03 10:53:31.869  1830  5769 W TimeWarpClient: firstDisplayVsync for client 7 (isPrimary=1) FrameIndex = 34724 is outrageously early 17986, base 8824, flushing
05-03 10:53:31.872  2555  2555 W PartyNativeModuleManager: Calling nativeTearDown but native code wasn't initialized. Noop.
05-03 10:53:31.882   842  3103 I [CT]    : MIXEDREALITY: MrRuntimeCompute: computeIteration: (every 10 seconds), Passthrough: OFF, SpaceSense: OFF, PlayspaceScan: OFF.
05-03 10:53:31.883  1830  5769 W TimeWarpClient: firstDisplayVsync for client 7 (isPrimary=1) FrameIndex = 34725 is outrageously early 17986, base 8825, flushing
05-03 10:53:31.897  1830  5769 W TimeWarpClient: firstDisplayVsync for client 7 (isPrimary=1) FrameIndex = 34726 is outrageously early 17986, base 8826, flushing
05-03 10:53:31.898  3147  6778 D CCodec  : allocate(c2.android.vorbis.decoder)
05-03 10:53:31.899   837  1537 V C2Store : in init
05-03 10:53:31.899   837  1537 V C2Store : loading dll
05-03 10:53:31.907  3147  3187 I Clay    : Local user with id 101042312219970 does NOT have a custom avatar
05-03 10:53:31.909  3147  6778 I CCodec  : Created component [c2.android.vorbis.decoder]
05-03 10:53:31.909  3147  6778 D CCodecConfig: read media type: audio/vorbis
05-03 10:53:31.911  1830  5769 W TimeWarpClient: firstDisplayVsync for client 7 (isPrimary=1) FrameIndex = 34727 is outrageously early 17986, base 8827, flushing
05-03 10:53:31.914  3147  6778 D ReflectedParamUpdater: extent() != 1 for single value type: algo.buffers.max-count.values
05-03 10:53:31.916  3147  6778 D ReflectedParamUpdater: extent() != 1 for single value type: output.subscribed-indices.values
05-03 10:53:31.916  3147  6778 D ReflectedParamUpdater: extent() != 1 for single value type: input.buffers.allocator-ids.values
05-03 10:53:31.917  3147  6778 D ReflectedParamUpdater: extent() != 1 for single value type: output.buffers.allocator-ids.values
05-03 10:53:31.918  3147  6778 D ReflectedParamUpdater: extent() != 1 for single value type: algo.buffers.allocator-ids.values
05-03 10:53:31.918  3147  6778 D ReflectedParamUpdater: extent() != 1 for single value type: output.buffers.pool-ids.values
05-03 10:53:31.918  3147  6778 D ReflectedParamUpdater: extent() != 1 for single value type: algo.buffers.pool-ids.values
05-03 10:53:31.923  2185  2345 W OsSdk   : Requested historical tracking state too far in the past; oldest: 2836.374231s, requested: 2836.372112s
05-03 10:53:31.924  3147  6778 I CCodecConfig: query failed after returning 7 values (BAD_INDEX)
05-03 10:53:31.925  3147  6778 D CCodecConfig: c2 config diff is Dict {
05-03 10:53:31.925  3147  6778 D CCodecConfig:   c2::u32 coded.bitrate.value = 64000
05-03 10:53:31.925  3147  6778 D CCodecConfig:   c2::u32 input.buffers.max-size.value = 32768
05-03 10:53:31.925  3147  6778 D CCodecConfig:   c2::u32 input.delay.value = 0
05-03 10:53:31.925  3147  6778 D CCodecConfig:   string input.media-type.value = "audio/vorbis"
05-03 10:53:31.925  3147  6778 D CCodecConfig:   string output.media-type.value = "audio/raw"
05-03 10:53:31.925  3147  6778 D CCodecConfig:   c2::u32 raw.channel-count.value = 1
05-03 10:53:31.925  3147  6778 D CCodecConfig:   c2::u32 raw.sample-rate.value = 48000
05-03 10:53:31.925  3147  6778 D CCodecConfig: }
05-03 10:53:31.925  1830  5769 W TimeWarpClient: firstDisplayVsync for client 7 (isPrimary=1) FrameIndex = 34728 is outrageously early 17986, base 8828, flushing
05-03 10:53:31.927  3147  6778 D CCodecConfig: no c2 equivalents for durationUs
05-03 10:53:31.927  3147  6778 D CCodecConfig: no c2 equivalents for csd-1
05-03 10:53:31.928  3147  6778 D CCodecConfig: no c2 equivalents for track-id
05-03 10:53:31.928  3147  6778 D CCodecConfig: no c2 equivalents for channel-mask
05-03 10:53:31.929  3147  6778 D CCodecConfig: c2 config diff is   c2::u32 raw.channel-count.value = 4
05-03 10:53:31.933  3147  6778 W Codec2Client: query -- param skipped: index = 1107298332.
05-03 10:53:31.934  3147  6778 D CCodec  : setup formats input: AMessage(what = 0x00000000) = {
05-03 10:53:31.934  3147  6778 D CCodec  :   int32_t channel-count = 4
05-03 10:53:31.934  3147  6778 D CCodec  :   int32_t max-input-size = 32768
05-03 10:53:31.934  3147  6778 D CCodec  :   string mime = "audio/vorbis"
05-03 10:53:31.934  3147  6778 D CCodec  :   int32_t sample-rate = 48000
05-03 10:53:31.934  3147  6778 D CCodec  : } and output: AMessage(what = 0x00000000) = {
05-03 10:53:31.934  3147  6778 D CCodec  :   int32_t channel-count = 4
05-03 10:53:31.934  3147  6778 D CCodec  :   string mime = "audio/raw"
05-03 10:53:31.934  3147  6778 D CCodec  :   int32_t sample-rate = 48000
05-03 10:53:31.934  3147  6778 D CCodec  :   int32_t channel-mask = 51
05-03 10:53:31.934  3147  6778 D CCodec  : }
05-03 10:53:31.939  1830  5769 W TimeWarpClient: firstDisplayVsync for client 7 (isPrimary=1) FrameIndex = 34729 is outrageously early 17986, base 8829, flushing
05-03 10:53:31.952   837  1537 V C2Store : in ~ComponentModule
05-03 10:53:31.952   837  1537 V C2Store : unloading dll
05-03 10:53:31.953  1830  5769 W TimeWarpClient: firstDisplayVsync for client 7 (isPrimary=1) FrameIndex = 34730 is outrageously early 17986, base 8830, flushing
05-03 10:53:31.967  1830  5769 W TimeWarpClient: firstDisplayVsync for client 7 (isPrimary=1) FrameIndex = 34731 is outrageously early 17986, base 8831, flushing
05-03 10:53:31.973  3500  3500 D [SUI] SystemUXFunnelLogServerLogger: VPV Event: oculus_impressions_tile_vpved LogInfo{duration=250, mLogId='com.oculus.explore', mContentType=APP, mPosX=0, mPosy=0, mGlobalPos=0, mSurface=AUI, mSubSurface=null, mClickEventType=null}
05-03 10:53:31.974  3500  3500 D [SUI] SystemUXFunnelLogServerLogger: VPV Event: oculus_impressions_tile_vpved LogInfo{duration=250, mLogId='com.oculus.store', mContentType=APP, mPosX=1, mPosy=0, mGlobalPos=1, mSurface=AUI, mSubSurface=null, mClickEventType=null}
05-03 10:53:31.974  3500  3500 D [SUI] SystemUXFunnelLogServerLogger: VPV Event: oculus_impressions_tile_vpved LogInfo{duration=250, mLogId='messenger_system_app', mContentType=APP, mPosX=2, mPosy=0, mGlobalPos=2, mSurface=AUI, mSubSurface=null, mClickEventType=null}
05-03 10:53:31.974  3500  3500 D [SUI] SystemUXFunnelLogServerLogger: VPV Event: oculus_impressions_tile_vpved LogInfo{duration=250, mLogId='share_system_app', mContentType=APP, mPosX=3, mPosy=0, mGlobalPos=3, mSurface=AUI, mSubSurface=null, mClickEventType=null}
05-03 10:53:31.981  1830  5769 W TimeWarpClient: firstDisplayVsync for client 7 (isPrimary=1) FrameIndex = 34732 is outrageously early 17986, base 8832, flushing
05-03 10:53:31.993  1571  6776 W ContextImpl: Calling a method in the system process without a qualified user: android.app.ContextImpl.sendBroadcast:1057 android.content.ContextWrapper.sendBroadcast:448 X.o4.A00:143 X.nw.A00:17 X.nw.handleMessage:90 
05-03 10:53:31.994  1830  5769 W TimeWarpClient: firstDisplayVsync for client 7 (isPrimary=1) FrameIndex = 34733 is outrageously early 17986, base 8833, flushing
05-03 10:53:32.008  1830  5769 W TimeWarpClient: firstDisplayVsync for client 7 (isPrimary=1) FrameIndex = 34734 is outrageously early 17986, base 8834, flushing
05-03 10:53:32.022  1830  5769 W TimeWarpClient: firstDisplayVsync for client 7 (isPrimary=1) FrameIndex = 34735 is outrageously early 17986, base 8835, flushing
05-03 10:53:32.036  1830  5769 W TimeWarpClient: firstDisplayVsync for client 7 (isPrimary=1) FrameIndex = 34736 is outrageously early 17986, base 8836, flushing
05-03 10:53:32.050  1830  5769 W TimeWarpClient: firstDisplayVsync for client 7 (isPrimary=1) FrameIndex = 34737 is outrageously early 17986, base 8837, flushing
05-03 10:53:32.060   844  5739 I [CT]    : VIPER: InternalAnchorHealthMonitor: Anchors: 1 | Persistent anchors: 1 | Anchors never observed: 0
05-03 10:53:32.060   844  5739 I [CT]    :   (min/avg/max) Anchor landmarks: (24|24|24) | Covisible keyframes: (23|23|23) | Times since observation: (0|0|0)
05-03 10:53:32.064  1830  5769 W TimeWarpClient: firstDisplayVsync for client 7 (isPrimary=1) FrameIndex = 34738 is outrageously early 17986, base 8838, flushing
05-03 10:53:32.078  1830  5769 W TimeWarpClient: firstDisplayVsync for client 7 (isPrimary=1) FrameIndex = 34739 is outrageously early 17986, base 8839, flushing
05-03 10:53:32.092  1830  5769 W TimeWarpClient: firstDisplayVsync for client 7 (isPrimary=1) FrameIndex = 34740 is outrageously early 17986, base 8840, flushing
05-03 10:53:32.095  3147  6785 D CCodec  : allocate(c2.android.vorbis.decoder)
05-03 10:53:32.096   837  1537 V C2Store : in init
05-03 10:53:32.096   837  1537 V C2Store : loading dll
05-03 10:53:32.103  3147  6785 I CCodec  : Created component [c2.android.vorbis.decoder]
05-03 10:53:32.103  3147  6785 D CCodecConfig: read media type: audio/vorbis
05-03 10:53:32.106  1830  5769 W TimeWarpClient: firstDisplayVsync for client 7 (isPrimary=1) FrameIndex = 34741 is outrageously early 17986, base 8841, flushing
05-03 10:53:32.106  3147  6785 D ReflectedParamUpdater: extent() != 1 for single value type: algo.buffers.max-count.values
05-03 10:53:32.107  3147  6785 D ReflectedParamUpdater: extent() != 1 for single value type: output.subscribed-indices.values
05-03 10:53:32.107  3147  6785 D ReflectedParamUpdater: extent() != 1 for single value type: input.buffers.allocator-ids.values
05-03 10:53:32.107  3147  6785 D ReflectedParamUpdater: extent() != 1 for single value type: output.buffers.allocator-ids.values
05-03 10:53:32.107  3147  6785 D ReflectedParamUpdater: extent() != 1 for single value type: algo.buffers.allocator-ids.values
05-03 10:53:32.108  3147  6785 D ReflectedParamUpdater: extent() != 1 for single value type: output.buffers.pool-ids.values
05-03 10:53:32.108  3147  6785 D ReflectedParamUpdater: extent() != 1 for single value type: algo.buffers.pool-ids.values
05-03 10:53:32.109  3147  6785 I CCodecConfig: query failed after returning 7 values (BAD_INDEX)
05-03 10:53:32.110  3147  6785 D CCodecConfig: c2 config diff is Dict {
05-03 10:53:32.110  3147  6785 D CCodecConfig:   c2::u32 coded.bitrate.value = 64000
05-03 10:53:32.110  3147  6785 D CCodecConfig:   c2::u32 input.buffers.max-size.value = 32768
05-03 10:53:32.110  3147  6785 D CCodecConfig:   c2::u32 input.delay.value = 0
05-03 10:53:32.110  3147  6785 D CCodecConfig:   string input.media-type.value = "audio/vorbis"
05-03 10:53:32.110  3147  6785 D CCodecConfig:   string output.media-type.value = "audio/raw"
05-03 10:53:32.110  3147  6785 D CCodecConfig:   c2::u32 raw.channel-count.value = 1
05-03 10:53:32.110  3147  6785 D CCodecConfig:   c2::u32 raw.sample-rate.value = 48000
05-03 10:53:32.110  3147  6785 D CCodecConfig: }
05-03 10:53:32.111  3147  6785 D CCodecConfig: no c2 equivalents for durationUs
05-03 10:53:32.111  3147  6785 D CCodecConfig: no c2 equivalents for csd-1
05-03 10:53:32.111  3147  6785 D CCodecConfig: no c2 equivalents for track-id
05-03 10:53:32.111  3147  6785 D CCodecConfig: no c2 equivalents for channel-mask
05-03 10:53:32.112  3147  6785 D CCodecConfig: c2 config diff is   c2::u32 raw.channel-count.value = 4
05-03 10:53:32.113  3147  6785 W Codec2Client: query -- param skipped: index = 1107298332.
05-03 10:53:32.113  3147  6785 D CCodec  : setup formats input: AMessage(what = 0x00000000) = {
05-03 10:53:32.113  3147  6785 D CCodec  :   int32_t channel-count = 4
05-03 10:53:32.113  3147  6785 D CCodec  :   int32_t max-input-size = 32768
05-03 10:53:32.113  3147  6785 D CCodec  :   string mime = "audio/vorbis"
05-03 10:53:32.113  3147  6785 D CCodec  :   int32_t sample-rate = 48000
05-03 10:53:32.113  3147  6785 D CCodec  : } and output: AMessage(what = 0x00000000) = {
05-03 10:53:32.113  3147  6785 D CCodec  :   int32_t channel-count = 4
05-03 10:53:32.113  3147  6785 D CCodec  :   string mime = "audio/raw"
05-03 10:53:32.113  3147  6785 D CCodec  :   int32_t sample-rate = 48000
05-03 10:53:32.113  3147  6785 D CCodec  :   int32_t channel-mask = 51
05-03 10:53:32.113  3147  6785 D CCodec  : }
05-03 10:53:32.118  3147  6785 W Codec2Client: query -- param skipped: index = 1342179345.
05-03 10:53:32.118  3147  6785 W Codec2Client: query -- param skipped: index = 2415921170.
05-03 10:53:32.119  3147  6785 D CCodecBufferChannel: [c2.android.vorbis.decoder#702] Created input block pool with allocatorID 16 => poolID 22 - OK (0)
05-03 10:53:32.120  1830  5769 W TimeWarpClient: firstDisplayVsync for client 7 (isPrimary=1) FrameIndex = 34742 is outrageously early 17986, base 8842, flushing
05-03 10:53:32.122  3147  6785 I CCodecBufferChannel: [c2.android.vorbis.decoder#702] Created output block pool with allocatorID 16 => poolID 40 - OK
05-03 10:53:32.122  3147  6785 D CCodecBufferChannel: [c2.android.vorbis.decoder#702] Configured output block pool ids 40 => OK
05-03 10:53:32.134  1830  5769 W TimeWarpClient: firstDisplayVsync for client 7 (isPrimary=1) FrameIndex = 34743 is outrageously early 17986, base 8843, flushing
