05-03 10:52:06.539   842  3096 I [CT]    : MIXEDREALITY: MrSystemService: FramesetTelemetry: valid: 450/450, stereo/depth/color: avail:  450/   0/   0, accepted %: 100.0/  0.0/  0.0, dropped %:   0.0/  0.0/  0.0, valid %: 100.0/  0.0/  0.0, textured %: 100.0/  0.0/  0.0.
05-03 10:52:06.539   842  3096 I [CT]    : MIXEDREALITY: MrSystemService: FramesetTelemetry: timeouts stereo/color: compute side: 0/0, render side: 0/0, egl: 0.
05-03 10:52:06.539  1662  2949 I [CT]    : MIXEDREALITY: MrSystemServiceClientBase: sendIpcEventAndWait: IPCCall result: 0 in 0.001898386 seconds.
05-03 10:52:06.540   842  3096 I [CT]    : MIXEDREALITY: MrSystemServiceIPCServer: MrSystemServiceIPCServer::MrComputeCommand from 2061703988, request was 61865647/3
05-03 10:52:06.540   842  3096 I [CT]    : MIXEDREALITY: ServiceLogic: onIpcCommand: client 2061703988, request 3
05-03 10:52:06.542  1662  2949 I [CT]    : MIXEDREALITY: MrSystemServiceClientBase: sendIpcEventAndWait: IPCCall result: 0 in 0.000530573 seconds.
05-03 10:52:06.545  1830  5769 I TimeWarp: SetSchedFifo( tid=2949, pol=5, pri=1 ) succeeded
05-03 10:52:06.565  2114  6387 I chatty  : uid=10021(com.oculus.vrshell) ShellOverlayMai expire 6 lines
05-03 10:52:06.576  2114  2574 I chatty  : uid=10021(com.oculus.vrshell) ShellOverlayVR expire 30 lines
05-03 10:52:06.587  2114  6386 I chatty  : uid=10021(com.oculus.vrshell) ShellOverlayMai expire 1 line
05-03 10:52:06.590  1830  2526 I VrRuntimeService: RuntimeServiceSDKServer::EnableRendering: 0x0, 0, com.oculus.vrshell:Overlay
05-03 10:52:06.590  1830  2526 I ClientMgr: ClientMgr::EnableRendering 2114:com.oculus.vrshell : type 1 comp-id 2: disable
05-03 10:52:06.590  1830  2526 I VrRuntimeServer: DisableCompositorClient: 2
05-03 10:52:06.590  1830  2526 I TimeWarpClientMgr: Disable client 2
05-03 10:52:06.590  1830  2526 I TimeWarpClientMgr: DisableClient: frame flush required: 1
05-03 10:52:06.604  1830  2526 I UnifiedTelemetryWrapper: Stopped UT session render:com.oculus.vrshell:Overlay
05-03 10:52:06.605  2114  6395 I chatty  : uid=10021(com.oculus.vrshell) ShellOverlayMai expire 1 line
05-03 10:52:06.642  1830  5769 I TimeWarp: SetSchedFifo( tid=2949, pol=2, pri=0 ) succeeded
05-03 10:52:06.646  2114  6389 I chatty  : uid=10021(com.oculus.vrshell) ShellOverlayMai expire 6 lines
05-03 10:52:06.688  1293  1293 V AvrcpMediaPlayerList: onPlaybackConfigChanged(): Configs list size=8
05-03 10:52:06.691  1293  1293 V AvrcpMediaPlayerList: onPlaybackConfigChanged(): Configs list size=7
05-03 10:52:06.765  3975  4034 I xrstreamingclient: AudioPlayer: NetworkMetrics: [0.900,17.917]9.882
05-03 10:52:06.847  1830  6266 I VrRuntimeService: CreateSwapChain: 313668172
05-03 10:52:06.847  1830  6266 I VrRuntimeService: CreateSwapChain: api:vk 0 0x2b 1024 1024 1 3 1 0 15
05-03 10:52:06.850  1830  6266 I VrRuntimeServer: CreateTextureSwapChain: result importswapchaingles 1
05-03 10:52:06.975  3975  4027 D xrstreaming: receive ping: org 0 recv 0 xmt 3918136844000 (received at 2751712714469), offset divergence 14683
05-03 10:52:07.975  3975  4027 D xrstreaming: receive ping: org 0 recv 0 xmt 3919138109900 (received at 2752712336500), offset divergence 14683
05-03 10:52:08.852  1830  6266 I VrRuntimeService: DestroySwapChain: swapchain=172
05-03 10:52:08.984  3975  4027 D xrstreaming: receive ping: org 0 recv 0 xmt 3920146953500 (received at 2753721101187), offset divergence 14683
05-03 10:52:09.913  1662  2949 I [CT]    : MIXEDREALITY: MrServiceView: renderIteration: (every 10 seconds), screen is: ON, PT is: OFF, ID is: OFF
05-03 10:52:09.984  3975  4027 D xrstreaming: receive ping: org 0 recv 0 xmt 3921147455600 (received at 2754721624520), offset divergence 14683
05-03 10:52:10.315   844  6364 I chatty  : uid=1000(system) /system/bin/trackingservice expire 15 lines
05-03 10:52:10.325  1662  2949 I [CT]    : MIXEDREALITY: MrServiceModel: commitLayerState: (every 10 seconds), ImagesAndCompute: false, ImagesOnly: false, NoRequirement: true.
05-03 10:52:10.984   844  1239 I chatty  : uid=1000(system) Localizer expire 3 lines
05-03 10:52:10.994  3975  4027 D xrstreaming: receive ping: org 0 recv 0 xmt 3922157681100 (received at 2755731889780), offset divergence 14683
05-03 10:52:11.764  3975  4034 I xrstreamingclient: AudioPlayer: NetworkMetrics: [0.558,20.015]9.869
05-03 10:52:11.912  6193  6296 I chatty  : uid=10198(com.epicgames.PruebaVR) expire 11 lines
05-03 10:52:12.003  3975  4027 D xrstreaming: receive ping: org 0 recv 0 xmt 3923165917600 (received at 2756740216082), offset divergence 14683
05-03 10:52:12.292  1571  6417 W ContextImpl: Calling a method in the system process without a qualified user: android.app.ContextImpl.sendBroadcast:1057 android.content.ContextWrapper.sendBroadcast:448 X.o4.A00:143 X.nw.A00:17 X.nw.handleMessage:90 
05-03 10:52:13.006  3975  4027 D xrstreaming: receive ping: org 0 recv 0 xmt 3924167754800 (received at 2757743009415), offset divergence 14683
05-03 10:52:14.014  3975  4027 D xrstreaming: receive ping: org 0 recv 0 xmt 3925177023600 (received at 2758751271081), offset divergence 14683
05-03 10:52:15.014  3975  4027 D xrstreaming: receive ping: org 0 recv 0 xmt 3926177139900 (received at 2759751454831), offset divergence 14683
05-03 10:52:16.015  3975  4027 D xrstreaming: receive ping: org 0 recv 0 xmt 3927177171800 (received at 2760752054310), offset divergence 14683
05-03 10:52:16.767  3975  4034 I xrstreamingclient: AudioPlayer: NetworkMetrics: [0.499,20.355]9.879
05-03 10:52:17.024  3975  4027 D xrstreaming: receive ping: org 0 recv 0 xmt 3928186888600 (received at 2761761446966), offset divergence 14683
05-03 10:52:18.024  3975  4027 D xrstreaming: receive ping: org 0 recv 0 xmt 3929187448900 (received at 2762761679048), offset divergence 14683
05-03 10:52:19.036  3975  4027 D xrstreaming: receive ping: org 0 recv 0 xmt 3930196932100 (received at 2763773036340), offset divergence 14683
05-03 10:52:19.927  1662  2949 I [CT]    : MIXEDREALITY: MrServiceView: renderIteration: (every 10 seconds), screen is: ON, PT is: OFF, ID is: OFF
05-03 10:52:20.045  3975  4027 D xrstreaming: receive ping: org 0 recv 0 xmt 3931206724600 (received at 2764782629360), offset divergence 14683
05-03 10:52:20.333  1662  2949 I [CT]    : MIXEDREALITY: MrServiceModel: commitLayerState: (every 10 seconds), ImagesAndCompute: false, ImagesOnly: false, NoRequirement: true.
05-03 10:52:20.500   844  6364 I chatty  : uid=1000(system) /system/bin/trackingservice expire 16 lines
05-03 10:52:21.044  3975  4027 D xrstreaming: receive ping: org 0 recv 0 xmt 3932207545100 (received at 2765781854829), offset divergence 14683
05-03 10:52:21.109   743  5714 I SyncBossFW: 2761059 [info   ] {PERF}: cpu load cur=0.2692 min=0.0512 max=0.3642 avg=0.1263
05-03 10:52:21.766  3975  4034 I xrstreamingclient: AudioPlayer: NetworkMetrics: [0.533,19.875]9.876
05-03 10:52:22.055  3975  4027 D xrstreaming: receive ping: org 0 recv 0 xmt 3933217707400 (received at 2766792055818), offset divergence 14683
05-03 10:52:22.913  6193  6296 I chatty  : uid=10198(com.epicgames.PruebaVR) expire 11 lines
05-03 10:52:23.063  3975  4027 D xrstreaming: receive ping: org 0 recv 0 xmt 3934226307500 (received at 2767800693369), offset divergence 14683
05-03 10:52:24.064  3975  4027 D xrstreaming: receive ping: org 0 recv 0 xmt 3935227529100 (received at 2768801884359), offset divergence 14683
05-03 10:52:24.545  3975  4037 V xrstreamingclient: batteryPercent = 61
05-03 10:52:24.586   844  5772 I chatty  : uid=1000(system) IOTcam expire 6 lines
05-03 10:52:25.075  3975  4027 D xrstreaming: receive ping: org 0 recv 0 xmt 3936238019500 (received at 2769812505765), offset divergence 14683
05-03 10:52:25.645  6193  6230 I chatty  : uid=10198(com.epicgames.PruebaVR) expire 67 lines
05-03 10:52:25.670  1830  6266 I VrRuntimeService: CreateSwapChain: 313668172
05-03 10:52:25.670  1830  6266 I VrRuntimeService: CreateSwapChain: api:vk 0 0x2b 1024 1024 1 3 1 0 15
05-03 10:52:25.673  1830  6266 I VrRuntimeServer: CreateTextureSwapChain: result importswapchaingles 1
05-03 10:52:25.676  6193  6377 I chatty  : uid=10198(com.epicgames.PruebaVR) expire 10 lines
05-03 10:52:26.085  3975  4027 D xrstreaming: receive ping: org 0 recv 0 xmt 3937246056900 (received at 2770822387795), offset divergence 14683
05-03 10:52:26.766  3975  4034 I xrstreamingclient: AudioPlayer: NetworkMetrics: [0.740,19.308]9.877
05-03 10:52:27.083  3975  4027 D xrstreaming: receive ping: org 0 recv 0 xmt 3938246181200 (received at 2771820583368), offset divergence 14683
05-03 10:52:28.087  3975  4027 D xrstreaming: receive ping: org 0 recv 0 xmt 3939248045500 (received at 2772824731857), offset divergence 14683
05-03 10:52:29.093  3975  4027 D xrstreaming: receive ping: org 0 recv 0 xmt 3940256179300 (received at 2773830766440), offset divergence 14683
05-03 10:52:29.931  1662  2949 I [CT]    : MIXEDREALITY: MrServiceView: renderIteration: (every 10 seconds), screen is: ON, PT is: OFF, ID is: OFF
05-03 10:52:30.039  1830  2035 I ServiceInputManager: HANDTRACKING hand 1 status set to OutOfView
05-03 10:52:30.094  3975  4027 D xrstreaming: receive ping: org 0 recv 0 xmt 3941256179700 (received at 2774831152221), offset divergence 14683
05-03 10:52:30.206  1830  2035 I ServiceInputManager: HANDTRACKING hand 1 status set to Tracked
05-03 10:52:30.342  1662  2949 I [CT]    : MIXEDREALITY: MrServiceModel: commitLayerState: (every 10 seconds), ImagesAndCompute: false, ImagesOnly: false, NoRequirement: true.
05-03 10:52:30.583   844  5773 I chatty  : uid=1000(system) StateHandler expire 1 line
05-03 10:52:30.651   743  6363 E FrameSetDispatcher: [HAND] Client pid=844 (844): Failed to read from receive FMQ for 2 packets in 5000ms.
05-03 10:52:30.651   743  6363 E FrameSetDispatcher: This probably means this client is taking more than 33 ms to process the frame.
05-03 10:52:30.651   743  6363 E FrameSetDispatcher: Retrying.
05-03 10:52:31.095  3975  4027 D xrstreaming: receive ping: org 0 recv 0 xmt 3942258070500 (received at 2775832543575), offset divergence 14683
05-03 10:52:31.105  1571  6458 W ContextImpl: Calling a method in the system process without a qualified user: android.app.ContextImpl.sendBroadcast:1057 android.content.ContextWrapper.sendBroadcast:448 X.o4.A00:143 X.nw.A00:17 X.nw.handleMessage:90 
05-03 10:52:31.194  1830  2035 I ServiceInputManager: HANDTRACKING hand 1 status set to OutOfView
05-03 10:52:31.363   844  5772 I chatty  : uid=1000(system) IOTcam expire 15 lines
05-03 10:52:31.662   844  5739 I chatty  : uid=1000(system) Mapper0 expire 3 lines
05-03 10:52:31.723  1830  2035 I ServiceInputManager: HANDTRACKING hand 1 status set to Tracked
05-03 10:52:31.765  3975  4034 I xrstreamingclient: AudioPlayer: NetworkMetrics: [0.551,20.845]9.873
05-03 10:52:32.002  1830  2035 I ServiceInputManager: HANDTRACKING hand 1 status set to OutOfView
05-03 10:52:32.106  3975  4027 D xrstreaming: receive ping: org 0 recv 0 xmt 3943267630500 (received at 2776843167376), offset divergence 14683
05-03 10:52:32.238  1830  2035 I ServiceInputManager: HANDTRACKING hand 1 status set to Tracked
05-03 10:52:32.540   844  6364 I chatty  : uid=1000(system) /system/bin/trackingservice expire 16 lines
05-03 10:52:32.663  1039  1166 D WificondControl: Scan result ready event
05-03 10:52:33.115  3975  4027 D xrstreaming: receive ping: org 0 recv 0 xmt 3944277426600 (received at 2777851961647), offset divergence 14683
05-03 10:52:33.244  1830  6266 I VrRuntimeService: DestroySwapChain: swapchain=173
05-03 10:52:33.299  1830  6266 I VrRuntimeService: CreateSwapChain: 313668172
05-03 10:52:33.299  1830  6266 I VrRuntimeService: CreateSwapChain: api:vk 0 0x2b 1024 1024 1 3 1 0 15
05-03 10:52:33.302  1830  6266 I VrRuntimeServer: CreateTextureSwapChain: result importswapchaingles 1
05-03 10:52:33.916  6193  6296 I chatty  : uid=10198(com.epicgames.PruebaVR) expire 13 lines
05-03 10:52:34.126  3975  4027 D xrstreaming: receive ping: org 0 recv 0 xmt 3945285867600 (received at 2778863741074), offset divergence 14683
05-03 10:52:34.751   754  1062 D AF::Track: interceptBuffer: took 1022us to intercept 0 tracks
05-03 10:52:35.125  3975  4027 D xrstreaming: receive ping: org 0 recv 0 xmt 3946287959500 (received at 2779862592323), offset divergence 14683
05-03 10:52:35.305  1830  6266 I VrRuntimeService: DestroySwapChain: swapchain=174
05-03 10:52:35.626   844  5715 I chatty  : uid=1000(system) BoltWorkerThrea expire 8 lines
05-03 10:52:36.134  3975  4027 D xrstreaming: receive ping: org 0 recv 0 xmt 3947297179000 (received at 2780871624354), offset divergence 14683
05-03 10:52:36.767  3975  4034 I xrstreamingclient: AudioPlayer: NetworkMetrics: [0.475,19.666]9.870
05-03 10:52:37.134  3975  4027 D xrstreaming: receive ping: org 0 recv 0 xmt 3948297292200 (received at 2781871837218), offset divergence 14683
05-03 10:52:38.135  3975  4027 D xrstreaming: receive ping: org 0 recv 0 xmt 3949297684400 (received at 2782872291749), offset divergence 14683
05-03 10:52:39.144  3975  4027 D xrstreaming: receive ping: org 0 recv 0 xmt 3950306952800 (received at 2783881488155), offset divergence 14683
05-03 10:52:39.689  1039  1052 I system_server: Background young concurrent copying GC freed 94476(4468KB) AllocSpace objects, 80(2112KB) LOS objects, 35% free, 12MB/19MB, paused 152us total 172.893ms
05-03 10:52:39.948  1662  2949 I [CT]    : MIXEDREALITY: MrServiceView: renderIteration: (every 10 seconds), screen is: ON, PT is: OFF, ID is: OFF
05-03 10:52:40.145  3975  4027 D xrstreaming: receive ping: org 0 recv 0 xmt 3951307228100 (received at 2784882391332), offset divergence 14683
05-03 10:52:40.357  1662  2949 I [CT]    : MIXEDREALITY: MrServiceModel: commitLayerState: (every 10 seconds), ImagesAndCompute: false, ImagesOnly: false, NoRequirement: true.
05-03 10:52:41.154  3975  4027 D xrstreaming: receive ping: org 0 recv 0 xmt 3952316048300 (received at 2785891251696), offset divergence 14683
05-03 10:52:41.237  6193  6230 I chatty  : uid=10198(com.epicgames.PruebaVR) expire 23 lines
05-03 10:52:41.263  1830  6266 I VrRuntimeService: CreateSwapChain: 313668172
05-03 10:52:41.263  1830  6266 I VrRuntimeService: CreateSwapChain: api:vk 0 0x2b 1024 1024 1 3 1 0 15
05-03 10:52:41.267  1830  6266 I VrRuntimeServer: CreateTextureSwapChain: result importswapchaingles 1
05-03 10:52:41.377  6193  6230 D UE4     : [2022.05.03-08.52.41:377][ 14]LogBlueprintUserMessages: [BP_Hand_C_2147482529] Hello
05-03 10:52:41.378  6193  6230 D UE4     : [2022.05.03-08.52.41:377][ 14]LogBlueprintUserMessages: [BP_Hand_C_2147482529] Hello
05-03 10:52:41.378  6193  6230 D UE4     : [2022.05.03-08.52.41:378][ 14]LogBlueprintUserMessages: [BP_Hand_C_2147482529] Hello
05-03 10:52:41.378  6193  6230 D UE4     : [2022.05.03-08.52.41:378][ 14]LogBlueprintUserMessages: [BP_Hand_C_2147482529] Hello
05-03 10:52:41.765  3975  4034 I xrstreamingclient: AudioPlayer: NetworkMetrics: [0.498,18.489]9.875
05-03 10:52:41.809  2185  3038 I VrRuntimeDeviceConfigClient: GetBoolean: oculus_mobile_disable_non_hands_app_hands_usage 0
05-03 10:52:41.809  2185  3038 I VrRuntimeDeviceConfigClient: GetBoolean: oculus_keyboard_telemetry 0
05-03 10:52:41.810  2185  3038 W VrRuntimeDeviceConfigClient: ConfigParam result cannot be retrieved because it is not cached: oculus_mobile_upload_latency_data_with_percentiles 
05-03 10:52:41.810  2185  3038 I VrRuntimeDeviceConfigClient: GetBoolean: oculus_mobile_upload_latency_data_with_percentiles  0
05-03 10:52:41.810  2185  3038 W VrRuntimeDeviceConfigClient: ConfigParam result cannot be retrieved because it is not cached: oculus_mobile_upload_latency_data_with_percentiles 
05-03 10:52:41.810  2185  3038 I VrRuntimeDeviceConfigClient: GetBoolean: oculus_mobile_upload_latency_data_with_percentiles  0
05-03 10:52:41.915  6193  6296 I VrApi   : FPS=72/72,Prd=47ms,Tear=0,Early=72,Stale=0,VSnc=1,Lat=1,Fov=1,CPU4/GPU=2/3,1171/490MHz,OC=FF,TA=0/70/70,SP=N/F/F,Mem=2092MHz,Free=0MB,PLS=0,Temp=28.7C/0.0C,TW=2.99ms,App=4.30ms,GD=0.35ms,CPU&GPU=8.13ms,LCnt=1,GPU%=0.57,CPU%=0.32(W0.40),DSF=1.00
05-03 10:52:42.142  1662  3064 I VrRuntimeDeviceConfigClient: GetBoolean: oculus_mobile_disable_non_hands_app_hands_usage 0
05-03 10:52:42.142  1662  3064 I VrRuntimeDeviceConfigClient: GetBoolean: oculus_keyboard_telemetry 0
05-03 10:52:42.142  1662  3064 W VrRuntimeDeviceConfigClient: ConfigParam result cannot be retrieved because it is not cached: oculus_mobile_upload_latency_data_with_percentiles 
05-03 10:52:42.142  1662  3064 I VrRuntimeDeviceConfigClient: GetBoolean: oculus_mobile_upload_latency_data_with_percentiles  0
05-03 10:52:42.142  1662  3064 W VrRuntimeDeviceConfigClient: ConfigParam result cannot be retrieved because it is not cached: oculus_mobile_upload_latency_data_with_percentiles 
05-03 10:52:42.142  1662  3064 I VrRuntimeDeviceConfigClient: GetBoolean: oculus_mobile_upload_latency_data_with_percentiles  0
05-03 10:52:42.153  3975  4027 D xrstreaming: receive ping: org 0 recv 0 xmt 3953316070500 (received at 2786890589352), offset divergence 14683
05-03 10:52:42.915  6193  6296 I VrApi   : FPS=72/72,Prd=47ms,Tear=0,Early=71,Stale=0,VSnc=1,Lat=1,Fov=1,CPU4/GPU=2/3,1171/490MHz,OC=FF,TA=0/70/70,SP=N/F/F,Mem=2092MHz,Free=0MB,PLS=0,Temp=28.7C/0.0C,TW=3.86ms,App=4.87ms,GD=0.22ms,CPU&GPU=8.58ms,LCnt=2,GPU%=0.67,CPU%=0.30(W0.38),DSF=1.00
05-03 10:52:43.103  6193  6230 D UE4     : [2022.05.03-08.52.43:103][138]LogBlueprintUserMessages: [BP_RightHand_C_2147482524] Hello
05-03 10:52:43.104  6193  6230 D UE4     : [2022.05.03-08.52.43:103][138]LogBlueprintUserMessages: [BP_RightHand_C_2147482524] Hello
05-03 10:52:43.104  6193  6230 D UE4     : [2022.05.03-08.52.43:104][138]LogBlueprintUserMessages: [BP_RightHand_C_2147482524] Hello
05-03 10:52:43.104  6193  6230 D UE4     : [2022.05.03-08.52.43:104][138]LogBlueprintUserMessages: [BP_RightHand_C_2147482524] Hello
05-03 10:52:43.105  6193  6230 D UE4     : [2022.05.03-08.52.43:105][138]LogBlueprintUserMessages: [BP_RightHand_C_2147482524] Hello
05-03 10:52:43.105  6193  6230 D UE4     : [2022.05.03-08.52.43:105][138]LogBlueprintUserMessages: [BP_RightHand_C_2147482524] Hello
05-03 10:52:43.154  3975  4027 D xrstreaming: receive ping: org 0 recv 0 xmt 3954317031900 (received at 2787891572372), offset divergence 14683
05-03 10:52:43.919  6193  6296 I VrApi   : FPS=72/72,Prd=47ms,Tear=0,Early=72,Stale=0,VSnc=1,Lat=1,Fov=1,CPU4/GPU=2/3,1171/490MHz,OC=FF,TA=0/70/70,SP=N/F/F,Mem=2092MHz,Free=0MB,PLS=0,Temp=28.7C/0.0C,TW=3.86ms,App=4.82ms,GD=0.29ms,CPU&GPU=9.22ms,LCnt=2,GPU%=0.68,CPU%=0.33(W0.38),DSF=1.00
05-03 10:52:44.165  3975  4027 D xrstreaming: receive ping: org 0 recv 0 xmt 3955326899500 (received at 2788902288570), offset divergence 14683
05-03 10:52:44.570  3975  4037 V xrstreamingclient: batteryPercent = 61
05-03 10:52:44.740   844  6364 I chatty  : uid=1000(system) /system/bin/trackingservice expire 16 lines
05-03 10:52:44.917  6193  6296 I VrApi   : FPS=72/72,Prd=47ms,Tear=0,Early=72,Stale=0,VSnc=1,Lat=1,Fov=1,CPU4/GPU=2/3,1171/490MHz,OC=FF,TA=0/70/70,SP=N/F/F,Mem=2092MHz,Free=0MB,PLS=0,Temp=28.7C/0.0C,TW=3.85ms,App=5.10ms,GD=0.31ms,CPU&GPU=9.60ms,LCnt=2,GPU%=0.69,CPU%=0.35(W0.44),DSF=1.00
05-03 10:52:45.134  1830  6266 I VrRuntimeService: DestroySwapChain: swapchain=175
05-03 10:52:45.165  3975  4027 D xrstreaming: receive ping: org 0 recv 0 xmt 3956327386100 (received at 2789902858049), offset divergence 14683
05-03 10:52:45.641  1830  2339 I VrRuntimeService: RuntimeServiceSDKServer::SetGuardianSystemState: 444408900
05-03 10:52:45.641  2185  2345 I GuardianSystem: UpdateGuardianSystemState: Flags changed: 1646600, 1638408, SYSTEM_ROOM_SCALE_ACTIVE,SYSTEM_GUARDIAN_VISIBLE,SYSTEM_HANDTRACKING_MODE,SYSTEM_GUARDIAN_VALID,SYSTEM_PLAYSPACE_SCAN_WARNING to SYSTEM_ROOM_SCALE_ACTIVE,SYSTEM_HANDTRACKING_MODE,SYSTEM_GUARDIAN_VALID,SYSTEM_PLAYSPACE_SCAN_WARNING
05-03 10:52:45.643   844  5772 I chatty  : uid=1000(system) IOTcam expire 18 lines
05-03 10:52:45.774  1830  2339 I VrRuntimeService: RuntimeServiceSDKServer::SetGuardianSystemState: 444408900
05-03 10:52:45.774  2185  2345 I GuardianSystem: UpdateGuardianSystemState: Flags changed: 1638408, 1646600, SYSTEM_ROOM_SCALE_ACTIVE,SYSTEM_HANDTRACKING_MODE,SYSTEM_GUARDIAN_VALID,SYSTEM_PLAYSPACE_SCAN_WARNING to SYSTEM_ROOM_SCALE_ACTIVE,SYSTEM_GUARDIAN_VISIBLE,SYSTEM_HANDTRACKING_MODE,SYSTEM_GUARDIAN_VALID,SYSTEM_PLAYSPACE_SCAN_WARNING
05-03 10:52:45.782  2185  2345 W GuardianOpenXrMgr: @@@ wait frame retry=10 dtWait=0.000001 dtFrame=0.099004 submittedFrameIndex=22220
05-03 10:52:45.917  6193  6296 I VrApi   : FPS=72/72,Prd=47ms,Tear=0,Early=72,Stale=0,VSnc=1,Lat=1,Fov=1,CPU4/GPU=2/3,1171/490MHz,OC=FF,TA=0/70/70,SP=N/F/F,Mem=2092MHz,Free=0MB,PLS=0,Temp=28.7C/0.0C,TW=3.86ms,App=5.03ms,GD=0.26ms,CPU&GPU=9.72ms,LCnt=2,GPU%=0.68,CPU%=0.32(W0.46),DSF=1.00
05-03 10:52:46.178  3975  4027 D xrstreaming: receive ping: org 0 recv 0 xmt 3957336853700 (received at 2790915918256), offset divergence 14683
05-03 10:52:46.765  3975  4034 I xrstreamingclient: AudioPlayer: NetworkMetrics: [0.523,20.990]9.867
05-03 10:52:46.915  6193  6296 I VrApi   : FPS=72/72,Prd=47ms,Tear=0,Early=72,Stale=0,VSnc=1,Lat=1,Fov=1,CPU4/GPU=2/3,1171/490MHz,OC=FF,TA=0/70/70,SP=N/F/F,Mem=2092MHz,Free=0MB,PLS=0,Temp=28.7C/0.0C,TW=2.98ms,App=5.11ms,GD=0.21ms,CPU&GPU=9.56ms,LCnt=1,GPU%=0.62,CPU%=0.28(W0.33),DSF=1.00
05-03 10:52:47.175  3975  4027 D xrstreaming: receive ping: org 0 recv 0 xmt 3958338151100 (received at 2791912738621), offset divergence 14683
05-03 10:52:47.176  6193  6232 D UE4     : [GameActivity] Used memory: 506088 (VmRSS:	  402812 kB)
05-03 10:52:47.916  6193  6296 I VrApi   : FPS=73/72,Prd=47ms,Tear=0,Early=72,Stale=0,VSnc=1,Lat=1,Fov=1,CPU4/GPU=2/3,1171/490MHz,OC=FF,TA=0/70/70,SP=N/F/F,Mem=2092MHz,Free=0MB,PLS=0,Temp=28.7C/0.0C,TW=2.97ms,App=5.01ms,GD=0.21ms,CPU&GPU=9.01ms,LCnt=1,GPU%=0.60,CPU%=0.29(W0.39),DSF=1.00
05-03 10:52:48.185  3975  4027 D xrstreaming: receive ping: org 0 recv 0 xmt 3959348079300 (received at 2792922906797), offset divergence 14683
05-03 10:52:48.506  1039  1080 W ActivityManager: Stopping service due to app idle: u0a15 -1m9s964ms com.oculus.appsafety/.AppSafetyService
05-03 10:52:48.508  5991  5991 D AppSafetyService: Service stopping
05-03 10:52:48.916  6193  6296 I VrApi   : FPS=72/72,Prd=47ms,Tear=0,Early=72,Stale=0,VSnc=1,Lat=1,Fov=1,CPU4/GPU=2/3,1171/490MHz,OC=FF,TA=0/70/70,SP=N/F/F,Mem=2092MHz,Free=0MB,PLS=0,Temp=28.7C/0.0C,TW=2.98ms,App=5.02ms,GD=0.22ms,CPU&GPU=9.15ms,LCnt=1,GPU%=0.61,CPU%=0.30(W0.33),DSF=1.00
05-03 10:52:49.196  3975  4027 D xrstreaming: receive ping: org 0 recv 0 xmt 3960357321400 (received at 2793932954349), offset divergence 14683
05-03 10:52:49.651   754  1062 D AF::Track: interceptBuffer: took 980us to intercept 0 tracks
05-03 10:52:49.916  6193  6296 I VrApi   : FPS=72/72,Prd=47ms,Tear=0,Early=72,Stale=0,VSnc=1,Lat=1,Fov=1,CPU4/GPU=2/3,1171/490MHz,OC=FF,TA=0/70/70,SP=N/F/F,Mem=2092MHz,Free=0MB,PLS=0,Temp=28.7C/0.0C,TW=2.97ms,App=5.03ms,GD=0.21ms,CPU&GPU=9.13ms,LCnt=1,GPU%=0.61,CPU%=0.36(W0.52),DSF=1.00
05-03 10:52:49.952  1662  2949 I [CT]    : MIXEDREALITY: MrServiceView: renderIteration: (every 10 seconds), screen is: ON, PT is: OFF, ID is: OFF
05-03 10:52:50.205  3975  4027 D xrstreaming: receive ping: org 0 recv 0 xmt 3961367534400 (received at 2794942170911), offset divergence 14683
05-03 10:52:50.359  1662  2949 I [CT]    : MIXEDREALITY: MrServiceModel: commitLayerState: (every 10 seconds), ImagesAndCompute: false, ImagesOnly: false, NoRequirement: true.
05-03 10:52:50.916  6193  6296 I VrApi   : FPS=72/72,Prd=47ms,Tear=0,Early=72,Stale=0,VSnc=1,Lat=1,Fov=1,CPU4/GPU=2/3,1171/490MHz,OC=FF,TA=0/70/70,SP=N/F/F,Mem=2092MHz,Free=0MB,PLS=0,Temp=28.7C/0.0C,TW=2.97ms,App=5.15ms,GD=0.21ms,CPU&GPU=9.19ms,LCnt=1,GPU%=0.63,CPU%=0.39(W0.52),DSF=1.00
05-03 10:52:51.205  3975  4027 D xrstreaming: receive ping: org 0 recv 0 xmt 3962367608100 (received at 2795942352369), offset divergence 14683
05-03 10:52:51.764  3975  4034 I xrstreamingclient: AudioPlayer: NetworkMetrics: [0.751,19.961]9.873
05-03 10:52:51.916  6193  6296 I VrApi   : FPS=72/72,Prd=47ms,Tear=0,Early=72,Stale=0,VSnc=1,Lat=1,Fov=1,CPU4/GPU=2/3,1171/490MHz,OC=FF,TA=0/70/70,SP=N/F/F,Mem=2092MHz,Free=0MB,PLS=0,Temp=28.7C/0.0C,TW=2.98ms,App=5.04ms,GD=0.21ms,CPU&GPU=9.23ms,LCnt=1,GPU%=0.61,CPU%=0.30(W0.36),DSF=1.00
05-03 10:52:52.206  3975  4027 D xrstreaming: receive ping: org 0 recv 0 xmt 3963368511000 (received at 2796943249035), offset divergence 14683
05-03 10:52:52.915  6193  6296 I VrApi   : FPS=72/72,Prd=47ms,Tear=0,Early=72,Stale=0,VSnc=1,Lat=1,Fov=1,CPU4/GPU=2/3,1171/490MHz,OC=FF,TA=0/70/70,SP=N/F/F,Mem=2092MHz,Free=0MB,PLS=0,Temp=28.7C/0.0C,TW=2.98ms,App=5.00ms,GD=0.21ms,CPU&GPU=9.13ms,LCnt=1,GPU%=0.62,CPU%=0.30(W0.36),DSF=1.00
05-03 10:52:53.216  3975  4027 D xrstreaming: receive ping: org 0 recv 0 xmt 3964377705700 (received at 2797953512160), offset divergence 14683
05-03 10:52:53.915  6193  6296 I VrApi   : FPS=72/72,Prd=47ms,Tear=0,Early=72,Stale=0,VSnc=1,Lat=1,Fov=1,CPU4/GPU=2/3,1171/490MHz,OC=FF,TA=0/70/70,SP=N/F/F,Mem=2092MHz,Free=0MB,PLS=0,Temp=28.7C/0.0C,TW=2.98ms,App=5.05ms,GD=0.21ms,CPU&GPU=9.09ms,LCnt=1,GPU%=0.61,CPU%=0.30(W0.39),DSF=1.00
05-03 10:52:54.225  3975  4027 D xrstreaming: receive ping: org 0 recv 0 xmt 3965387722600 (received at 2798962417837), offset divergence 14683
05-03 10:52:54.916  6193  6296 I VrApi   : FPS=72/72,Prd=47ms,Tear=0,Early=72,Stale=0,VSnc=1,Lat=1,Fov=1,CPU4/GPU=2/3,1171/490MHz,OC=FF,TA=0/70/70,SP=N/F/F,Mem=2092MHz,Free=0MB,PLS=0,Temp=28.7C/0.0C,TW=2.98ms,App=5.10ms,GD=0.21ms,CPU&GPU=9.14ms,LCnt=1,GPU%=0.61,CPU%=0.31(W0.41),DSF=1.00
05-03 10:52:55.235  3975  4027 D xrstreaming: receive ping: org 0 recv 0 xmt 3966397576100 (received at 2799972327524), offset divergence 14683
05-03 10:52:55.917  6193  6296 I VrApi   : FPS=72/72,Prd=47ms,Tear=0,Early=72,Stale=0,VSnc=1,Lat=1,Fov=1,CPU4/GPU=2/3,1171/490MHz,OC=FF,TA=0/70/70,SP=N/F/F,Mem=2092MHz,Free=0MB,PLS=0,Temp=28.7C/0.0C,TW=2.97ms,App=5.02ms,GD=0.22ms,CPU&GPU=9.16ms,LCnt=1,GPU%=0.62,CPU%=0.28(W0.33),DSF=1.00
05-03 10:52:56.235  3975  4027 D xrstreaming: receive ping: org 0 recv 0 xmt 3967397625800 (received at 2800972316013), offset divergence 14683
05-03 10:52:56.767  3975  4034 I xrstreamingclient: AudioPlayer: NetworkMetrics: [0.503,20.733]9.876
05-03 10:52:56.902   844  6364 I chatty  : uid=1000(system) /system/bin/trackingservice expire 15 lines
05-03 10:52:56.916  6193  6296 I VrApi   : FPS=72/72,Prd=47ms,Tear=0,Early=72,Stale=0,VSnc=1,Lat=1,Fov=1,CPU4/GPU=2/3,1171/490MHz,OC=FF,TA=0/70/70,SP=N/F/F,Mem=2092MHz,Free=0MB,PLS=0,Temp=28.7C/0.0C,TW=2.98ms,App=5.02ms,GD=0.21ms,CPU&GPU=9.11ms,LCnt=1,GPU%=0.61,CPU%=0.28(W0.36),DSF=1.00
05-03 10:52:56.928  1613  1786 D DeviceCertLibrary: verifyKeyForCurrentSecureState returned status: 0
05-03 10:52:56.928  1613  1786 D DeviceCertLibrary: containsAlias received status: 0
05-03 10:52:57.235  3975  4027 D xrstreaming: receive ping: org 0 recv 0 xmt 3968397750600 (received at 2801972871690), offset divergence 14683
05-03 10:52:57.516  6193  6232 D UE4     : [GameActivity] Used memory: 507600 (VmRSS:	  403256 kB)
05-03 10:52:57.916  6193  6296 I VrApi   : FPS=72/72,Prd=47ms,Tear=0,Early=72,Stale=0,VSnc=1,Lat=1,Fov=1,CPU4/GPU=2/3,1171/490MHz,OC=FF,TA=0/70/70,SP=N/F/F,Mem=2092MHz,Free=0MB,PLS=0,Temp=28.7C/0.0C,TW=2.98ms,App=5.06ms,GD=0.21ms,CPU&GPU=9.10ms,LCnt=1,GPU%=0.61,CPU%=0.38(W0.50),DSF=1.00
05-03 10:52:58.245  3975  4027 D xrstreaming: receive ping: org 0 recv 0 xmt 3969407307700 (received at 2802982005908), offset divergence 14683
05-03 10:52:58.916  6193  6296 I VrApi   : FPS=72/72,Prd=47ms,Tear=0,Early=72,Stale=0,VSnc=1,Lat=1,Fov=1,CPU4/GPU=2/3,1171/490MHz,OC=FF,TA=0/70/70,SP=N/F/F,Mem=2092MHz,Free=0MB,PLS=0,Temp=28.7C/0.0C,TW=2.99ms,App=5.08ms,GD=0.21ms,CPU&GPU=9.15ms,LCnt=1,GPU%=0.62,CPU%=0.29(W0.39),DSF=1.00
05-03 10:52:59.260  3975  4027 D xrstreaming: receive ping: org 0 recv 0 xmt 3970417746200 (received at 2803996966272), offset divergence 14683
05-03 10:52:59.871  1830  2339 I VrRuntimeService: RuntimeServiceSDKServer::SetGuardianSystemState: 444408900
05-03 10:52:59.871  2185  2345 I GuardianSystem: UpdateGuardianSystemState: Flags changed: 1646600, 1638408, SYSTEM_ROOM_SCALE_ACTIVE,SYSTEM_GUARDIAN_VISIBLE,SYSTEM_HANDTRACKING_MODE,SYSTEM_GUARDIAN_VALID,SYSTEM_PLAYSPACE_SCAN_WARNING to SYSTEM_ROOM_SCALE_ACTIVE,SYSTEM_HANDTRACKING_MODE,SYSTEM_GUARDIAN_VALID,SYSTEM_PLAYSPACE_SCAN_WARNING
05-03 10:52:59.916  6193  6296 I VrApi   : FPS=72/72,Prd=47ms,Tear=0,Early=72,Stale=0,VSnc=1,Lat=1,Fov=1,CPU4/GPU=2/3,1171/490MHz,OC=FF,TA=0/70/70,SP=N/F/F,Mem=2092MHz,Free=0MB,PLS=0,Temp=28.7C/0.0C,TW=2.98ms,App=5.00ms,GD=0.21ms,CPU&GPU=9.12ms,LCnt=1,GPU%=0.61,CPU%=0.29(W0.36),DSF=1.00
05-03 10:52:59.967  1662  2949 I [CT]    : MIXEDREALITY: MrServiceView: renderIteration: (every 10 seconds), screen is: ON, PT is: OFF, ID is: OFF
05-03 10:53:00.034  1830  5769 I TimeWarp: SetSchedFifo( tid=2345, pol=2, pri=0 ) succeeded
05-03 10:53:00.035  1830  5769 I TimeWarp: SetSchedFifo( tid=2999, pol=2, pri=0 ) succeeded
05-03 10:53:00.035  1830  5769 I TimeWarp: SetSchedFifo( tid=3058, pol=2, pri=0 ) succeeded
05-03 10:53:00.044  6193  6377 D UE4     : [2022.05.03-08.53.00:044][355]LogRHI: TextureReferenceRevertsLastRenderContainer, no config rule set: 1
05-03 10:53:00.240  2185  2345 W OsSdk   : Requested historical tracking state too far in the past; oldest: 2804.690491s, requested: 2804.685371s
05-03 10:53:00.262  3975  4027 D xrstreaming: receive ping: org 0 recv 0 xmt 3971425132900 (received at 2804999870439), offset divergence 14683
05-03 10:53:00.375  1662  2949 I [CT]    : MIXEDREALITY: MrServiceModel: commitLayerState: (every 10 seconds), ImagesAndCompute: false, ImagesOnly: false, NoRequirement: true.
05-03 10:53:00.916  6193  6296 I VrRuntimeDeviceConfigClient: GetBoolean: oculus_mobile_disable_non_hands_app_hands_usage 0
05-03 10:53:00.916  6193  6296 I VrRuntimeDeviceConfigClient: GetBoolean: oculus_tracking_service_telemetry 0
05-03 10:53:00.916  6193  6296 W VrRuntimeDeviceConfigClient: ConfigParam result cannot be retrieved because it is not cached: oculus_mobile_upload_latency_data_with_percentiles 
05-03 10:53:00.916  6193  6296 I VrRuntimeDeviceConfigClient: GetBoolean: oculus_mobile_upload_latency_data_with_percentiles  0
05-03 10:53:00.931  6193  6296 I VrRuntimeDeviceConfigClient: GetBoolean: oculus_keyboard_telemetry 0
05-03 10:53:00.931  6193  6296 W VrRuntimeDeviceConfigClient: ConfigParam result cannot be retrieved because it is not cached: oculus_mobile_upload_latency_data_with_percentiles 
05-03 10:53:00.931  6193  6296 I VrRuntimeDeviceConfigClient: GetBoolean: oculus_mobile_upload_latency_data_with_percentiles  0
05-03 10:53:00.931  6193  6296 W VrRuntimeDeviceConfigClient: ConfigParam result cannot be retrieved because it is not cached: oculus_mobile_upload_latency_data_with_percentiles 
05-03 10:53:00.931  6193  6296 I VrRuntimeDeviceConfigClient: GetBoolean: oculus_mobile_upload_latency_data_with_percentiles  0
05-03 10:53:00.932  6193  6296 I VrApi   : FPS=72/72,Prd=47ms,Tear=0,Early=72,Stale=0,VSnc=1,Lat=1,Fov=1,CPU4/GPU=2/3,1171/490MHz,OC=FF,TA=0/70/70,SP=N/F/F,Mem=2092MHz,Free=0MB,PLS=0,Temp=28.7C/0.0C,TW=1.70ms,App=4.90ms,GD=0.00ms,CPU&GPU=9.07ms,LCnt=1,GPU%=0.50,CPU%=0.36(W0.52),DSF=1.00
05-03 10:53:01.264  3975  4027 D xrstreaming: receive ping: org 0 recv 0 xmt 3972426345500 (received at 2806001154240), offset divergence 14683
05-03 10:53:01.678  1830  2339 I VrRuntimeService: RuntimeServiceSDKServer::SetGuardianSystemState: 444408900
05-03 10:53:01.678  2185  2345 I GuardianSystem: UpdateGuardianSystemState: Flags changed: 1638408, 1646600, SYSTEM_ROOM_SCALE_ACTIVE,SYSTEM_HANDTRACKING_MODE,SYSTEM_GUARDIAN_VALID,SYSTEM_PLAYSPACE_SCAN_WARNING to SYSTEM_ROOM_SCALE_ACTIVE,SYSTEM_GUARDIAN_VISIBLE,SYSTEM_HANDTRACKING_MODE,SYSTEM_GUARDIAN_VALID,SYSTEM_PLAYSPACE_SCAN_WARNING
05-03 10:53:01.687  2185  2345 W GuardianOpenXrMgr: @@@ wait frame retry=10 dtWait=0.000001 dtFrame=1.774121 submittedFrameIndex=23236
05-03 10:53:01.705  1830  5769 I TimeWarp: SetSchedFifo( tid=2345, pol=5, pri=1 ) succeeded
05-03 10:53:01.705  1830  5769 I TimeWarp: SetSchedFifo( tid=2999, pol=5, pri=1 ) succeeded
05-03 10:53:01.705  1830  5769 I TimeWarp: SetSchedFifo( tid=3058, pol=5, pri=1 ) succeeded
05-03 10:53:01.765  3975  4034 I xrstreamingclient: AudioPlayer: NetworkMetrics: [0.462,20.956]9.873
05-03 10:53:01.806  1830  2339 I VrRuntimeService: RuntimeServiceSDKServer::SetGuardianSystemState: 444408900
05-03 10:53:01.806  2185  2345 I GuardianSystem: UpdateGuardianSystemState: Flags changed: 1646600, 1638408, SYSTEM_ROOM_SCALE_ACTIVE,SYSTEM_GUARDIAN_VISIBLE,SYSTEM_HANDTRACKING_MODE,SYSTEM_GUARDIAN_VALID,SYSTEM_PLAYSPACE_SCAN_WARNING to SYSTEM_ROOM_SCALE_ACTIVE,SYSTEM_HANDTRACKING_MODE,SYSTEM_GUARDIAN_VALID,SYSTEM_PLAYSPACE_SCAN_WARNING
05-03 10:53:01.918  6193  6296 I VrApi   : FPS=72/72,Prd=47ms,Tear=0,Early=72,Stale=0,VSnc=1,Lat=1,Fov=1,CPU4/GPU=2/3,1171/490MHz,OC=FF,TA=0/70/70,SP=N/F/F,Mem=2092MHz,Free=0MB,PLS=0,Temp=28.7C/0.0C,TW=1.71ms,App=4.56ms,GD=0.00ms,CPU&GPU=8.42ms,LCnt=1,GPU%=0.50,CPU%=0.30(W0.38),DSF=1.00
05-03 10:53:01.969  1830  5769 I TimeWarp: SetSchedFifo( tid=2345, pol=2, pri=0 ) succeeded
05-03 10:53:01.970  1830  5769 I TimeWarp: SetSchedFifo( tid=2999, pol=2, pri=0 ) succeeded
05-03 10:53:01.970  1830  5769 I TimeWarp: SetSchedFifo( tid=3058, pol=2, pri=0 ) succeeded
05-03 10:53:02.264  3975  4027 D xrstreaming: receive ping: org 0 recv 0 xmt 3973426593100 (received at 2807001342990), offset divergence 14683
05-03 10:53:02.917  6193  6296 I VrApi   : FPS=72/72,Prd=47ms,Tear=0,Early=72,Stale=0,VSnc=1,Lat=1,Fov=1,CPU4/GPU=2/3,1171/490MHz,OC=FF,TA=0/70/70,SP=N/F/F,Mem=2092MHz,Free=0MB,PLS=0,Temp=28.7C/0.0C,TW=1.70ms,App=4.93ms,GD=0.00ms,CPU&GPU=8.02ms,LCnt=1,GPU%=0.50,CPU%=0.31(W0.36),DSF=1.00
05-03 10:53:03.265  3975  4027 D xrstreaming: receive ping: org 0 recv 0 xmt 3974427506200 (received at 2808002293719), offset divergence 14683
05-03 10:53:03.917  6193  6296 I VrApi   : FPS=72/72,Prd=47ms,Tear=0,Early=72,Stale=0,VSnc=1,Lat=1,Fov=1,CPU4/GPU=2/3,1171/490MHz,OC=FF,TA=0/70/70,SP=N/F/F,Mem=2092MHz,Free=0MB,PLS=0,Temp=28.7C/0.0C,TW=1.70ms,App=5.00ms,GD=0.00ms,CPU&GPU=8.18ms,LCnt=1,GPU%=0.51,CPU%=0.25(W0.25),DSF=1.00
05-03 10:53:04.181   844  5772 I chatty  : uid=1000(system) IOTcam expire 12 lines
05-03 10:53:04.275  3975  4027 D xrstreaming: receive ping: org 0 recv 0 xmt 3975437305200 (received at 2809012059291), offset divergence 14683
05-03 10:53:04.379  1830  2339 I VrRuntimeService: RuntimeServiceSDKServer::SetGuardianSystemState: 444408900
05-03 10:53:04.385  2185  2345 I GuardianSystem: UpdateGuardianSystemState: Flags changed: 1638408, 1646600, SYSTEM_ROOM_SCALE_ACTIVE,SYSTEM_HANDTRACKING_MODE,SYSTEM_GUARDIAN_VALID,SYSTEM_PLAYSPACE_SCAN_WARNING to SYSTEM_ROOM_SCALE_ACTIVE,SYSTEM_GUARDIAN_VISIBLE,SYSTEM_HANDTRACKING_MODE,SYSTEM_GUARDIAN_VALID,SYSTEM_PLAYSPACE_SCAN_WARNING
05-03 10:53:04.394  2185  2345 W GuardianOpenXrMgr: @@@ wait frame retry=10 dtWait=0.000002 dtFrame=2.546005 submittedFrameIndex=23249
05-03 10:53:04.406  1830  5769 I TimeWarp: SetSchedFifo( tid=2345, pol=5, pri=1 ) succeeded
05-03 10:53:04.406  1830  5769 I TimeWarp: SetSchedFifo( tid=2999, pol=5, pri=1 ) succeeded
05-03 10:53:04.406  1830  5769 I TimeWarp: SetSchedFifo( tid=3058, pol=5, pri=1 ) succeeded
05-03 10:53:04.501  6193  6230 D UE4     : [2022.05.03-08.53.04:501][675]LogBlueprintUserMessages: [BP_RightHand_C_2147482524] peta
05-03 10:53:04.527  1830  6266 I VrRuntimeService: CreateSwapChain: 313668172
05-03 10:53:04.527  1830  6266 I VrRuntimeService: CreateSwapChain: api:vk 0 0x2b 1024 1024 1 3 1 0 15
05-03 10:53:04.530  1830  6266 I VrRuntimeServer: CreateTextureSwapChain: result importswapchaingles 1
05-03 10:53:04.533  6193  6377 I SwapChain_Vulkan: Imported texture has requirements 3, ends up index 0
05-03 10:53:04.533  6193  6377 I SwapChain_Vulkan: Imported texture has requirements 3, ends up index 0
05-03 10:53:04.606  3975  4037 V xrstreamingclient: batteryPercent = 61
05-03 10:53:04.916  6193  6296 I VrApi   : FPS=72/72,Prd=47ms,Tear=0,Early=72,Stale=0,VSnc=1,Lat=1,Fov=1,CPU4/GPU=2/3,1171/490MHz,OC=FF,TA=0/70/70,SP=N/F/F,Mem=2092MHz,Free=0MB,PLS=0,Temp=28.7C/0.0C,TW=1.71ms,App=4.90ms,GD=0.00ms,CPU&GPU=8.10ms,LCnt=1,GPU%=0.49,CPU%=0.25(W0.32),DSF=1.00
05-03 10:53:05.120  1830  2339 I VrRuntimeService: RuntimeServiceSDKServer::SetGuardianSystemState: 444408900
05-03 10:53:05.120  2185  2345 I GuardianSystem: UpdateGuardianSystemState: Flags changed: 1646600, 1638408, SYSTEM_ROOM_SCALE_ACTIVE,SYSTEM_GUARDIAN_VISIBLE,SYSTEM_HANDTRACKING_MODE,SYSTEM_GUARDIAN_VALID,SYSTEM_PLAYSPACE_SCAN_WARNING to SYSTEM_ROOM_SCALE_ACTIVE,SYSTEM_HANDTRACKING_MODE,SYSTEM_GUARDIAN_VALID,SYSTEM_PLAYSPACE_SCAN_WARNING
05-03 10:53:05.275  3975  4027 D xrstreaming: receive ping: org 0 recv 0 xmt 3976437584200 (received at 2810012509030), offset divergence 14683
05-03 10:53:05.283  1830  5769 I TimeWarp: SetSchedFifo( tid=2345, pol=2, pri=0 ) succeeded
05-03 10:53:05.283  1830  5769 I TimeWarp: SetSchedFifo( tid=2999, pol=2, pri=0 ) succeeded
05-03 10:53:05.283  1830  5769 I TimeWarp: SetSchedFifo( tid=3058, pol=2, pri=0 ) succeeded
05-03 10:53:05.493  2185  2345 W OsSdk   : Requested historical tracking state too far in the past; oldest: 2809.944374s, requested: 2809.934084s
05-03 10:53:05.661  1830  2339 I VrRuntimeService: RuntimeServiceSDKServer::SetGuardianSystemState: 444408900
05-03 10:53:05.661  2185  2345 I GuardianSystem: UpdateGuardianSystemState: Flags changed: 1638408, 1646600, SYSTEM_ROOM_SCALE_ACTIVE,SYSTEM_HANDTRACKING_MODE,SYSTEM_GUARDIAN_VALID,SYSTEM_PLAYSPACE_SCAN_WARNING to SYSTEM_ROOM_SCALE_ACTIVE,SYSTEM_GUARDIAN_VISIBLE,SYSTEM_HANDTRACKING_MODE,SYSTEM_GUARDIAN_VALID,SYSTEM_PLAYSPACE_SCAN_WARNING
05-03 10:53:05.670  2185  2345 W GuardianOpenXrMgr: @@@ wait frame retry=10 dtWait=0.000001 dtFrame=0.508471 submittedFrameIndex=23306
05-03 10:53:05.687  1830  5769 I TimeWarp: SetSchedFifo( tid=2345, pol=5, pri=1 ) succeeded
05-03 10:53:05.687  1830  5769 I TimeWarp: SetSchedFifo( tid=2999, pol=5, pri=1 ) succeeded
05-03 10:53:05.687  1830  5769 I TimeWarp: SetSchedFifo( tid=3058, pol=5, pri=1 ) succeeded
05-03 10:53:05.916  6193  6296 I VrApi   : FPS=72/72,Prd=47ms,Tear=0,Early=71,Stale=0,VSnc=1,Lat=1,Fov=1,CPU4/GPU=2/3,1171/490MHz,OC=FF,TA=0/70/70,SP=N/F/F,Mem=2092MHz,Free=0MB,PLS=0,Temp=28.7C/0.0C,TW=3.47ms,App=4.94ms,GD=0.16ms,CPU&GPU=8.08ms,LCnt=1,GPU%=0.64,CPU%=0.31(W0.41),DSF=1.00
05-03 10:53:06.186  6193  6230 D UE4     : [2022.05.03-08.53.06:186][796]LogBlueprintUserMessages: [BP_Hand_C_2147482529] peta
05-03 10:53:06.285  3975  4027 D xrstreaming: receive ping: org 0 recv 0 xmt 3977447320100 (received at 2811022288040), offset divergence 14683
05-03 10:53:06.765  3975  4034 I xrstreamingclient: AudioPlayer: NetworkMetrics: [0.510,21.082]9.867
05-03 10:53:06.916  6193  6296 I VrApi   : FPS=72/72,Prd=47ms,Tear=0,Early=72,Stale=0,VSnc=1,Lat=1,Fov=1,CPU4/GPU=2/3,1171/490MHz,OC=FF,TA=0/70/70,SP=N/F/F,Mem=2092MHz,Free=0MB,PLS=0,Temp=28.7C/0.0C,TW=3.86ms,App=4.97ms,GD=0.21ms,CPU&GPU=9.09ms,LCnt=2,GPU%=0.67,CPU%=0.32(W0.46),DSF=1.00
05-03 10:53:07.022   844  6364 I chatty  : uid=1000(system) /system/bin/trackingservice expire 10 lines
05-03 10:53:07.296  3975  4027 D xrstreaming: receive ping: org 0 recv 0 xmt 3978458124300 (received at 2812033128665), offset divergence 14683
05-03 10:53:07.845  6193  6232 D UE4     : [GameActivity] Used memory: 489332 (VmRSS:	  396704 kB)
05-03 10:53:07.917  6193  6296 I VrApi   : FPS=72/72,Prd=47ms,Tear=0,Early=72,Stale=0,VSnc=1,Lat=1,Fov=1,CPU4/GPU=2/3,1171/490MHz,OC=FF,TA=0/70/70,SP=N/F/F,Mem=2092MHz,Free=0MB,PLS=0,Temp=28.7C/0.0C,TW=3.86ms,App=4.90ms,GD=0.28ms,CPU&GPU=9.41ms,LCnt=2,GPU%=0.66,CPU%=0.30(W0.36),DSF=1.00
05-03 10:53:08.217  1830  6266 I VrRuntimeService: DestroySwapChain: swapchain=176
05-03 10:53:08.306  3975  4027 D xrstreaming: receive ping: org 0 recv 0 xmt 3979466890300 (received at 2813042946686), offset divergence 14683
05-03 10:53:08.920  6193  6296 I VrApi   : FPS=72/72,Prd=47ms,Tear=0,Early=72,Stale=0,VSnc=1,Lat=1,Fov=1,CPU4/GPU=2/3,1171/490MHz,OC=FF,TA=0/70/70,SP=N/F/F,Mem=2092MHz,Free=0MB,PLS=0,Temp=28.7C/0.0C,TW=3.86ms,App=4.85ms,GD=0.24ms,CPU&GPU=9.47ms,LCnt=2,GPU%=0.66,CPU%=0.29(W0.33),DSF=1.00
05-03 10:53:09.306  3975  4027 D xrstreaming: receive ping: org 0 recv 0 xmt 3980467051200 (received at 2814042941998), offset divergence 14683
05-03 10:53:09.917  6193  6296 I VrApi   : FPS=72/72,Prd=47ms,Tear=0,Early=72,Stale=0,VSnc=1,Lat=1,Fov=1,CPU4/GPU=2/3,1171/490MHz,OC=FF,TA=0/70/70,SP=N/F/F,Mem=2092MHz,Free=0MB,PLS=0,Temp=28.7C/0.0C,TW=2.98ms,App=4.87ms,GD=0.35ms,CPU&GPU=9.19ms,LCnt=1,GPU%=0.61,CPU%=0.26(W0.33),DSF=1.00
05-03 10:53:09.973  1662  2949 I [CT]    : MIXEDREALITY: MrServiceView: renderIteration: (every 10 seconds), screen is: ON, PT is: OFF, ID is: OFF
05-03 10:53:10.314  3975  4027 D xrstreaming: receive ping: org 0 recv 0 xmt 3981476821600 (received at 2815051661216), offset divergence 14683
05-03 10:53:10.389  1662  2949 I [CT]    : MIXEDREALITY: MrServiceModel: commitLayerState: (every 10 seconds), ImagesAndCompute: false, ImagesOnly: false, NoRequirement: true.
05-03 10:53:10.917  6193  6296 I VrApi   : FPS=72/72,Prd=47ms,Tear=0,Early=72,Stale=0,VSnc=1,Lat=1,Fov=1,CPU4/GPU=2/3,1171/490MHz,OC=FF,TA=0/70/70,SP=N/F/F,Mem=2092MHz,Free=0MB,PLS=0,Temp=28.7C/0.0C,TW=2.98ms,App=4.89ms,GD=0.23ms,CPU&GPU=9.09ms,LCnt=1,GPU%=0.61,CPU%=0.30(W0.35),DSF=1.00
05-03 10:53:11.315  3975  4027 D xrstreaming: receive ping: org 0 recv 0 xmt 3982477361300 (received at 2816052504914), offset divergence 14683
05-03 10:53:11.765  3975  4034 I xrstreamingclient: AudioPlayer: NetworkMetrics: [0.562,20.500]9.874
05-03 10:53:11.917  6193  6296 I VrApi   : FPS=72/72,Prd=47ms,Tear=0,Early=72,Stale=0,VSnc=1,Lat=1,Fov=1,CPU4/GPU=2/3,1171/490MHz,OC=FF,TA=0/70/70,SP=N/F/F,Mem=2092MHz,Free=0MB,PLS=0,Temp=28.7C/0.0C,TW=2.98ms,App=4.80ms,GD=0.23ms,CPU&GPU=8.92ms,LCnt=1,GPU%=0.60,CPU%=0.29(W0.33),DSF=1.00
05-03 10:53:12.317  3975  4027 D xrstreaming: receive ping: org 0 recv 0 xmt 3983477436900 (received at 2817054117986), offset divergence 14683
05-03 10:53:12.917  6193  6296 I VrApi   : FPS=72/72,Prd=47ms,Tear=0,Early=72,Stale=0,VSnc=1,Lat=1,Fov=1,CPU4/GPU=2/3,1171/490MHz,OC=FF,TA=0/70/70,SP=N/F/F,Mem=2092MHz,Free=0MB,PLS=0,Temp=28.7C/0.0C,TW=2.97ms,App=4.83ms,GD=0.23ms,CPU&GPU=8.83ms,LCnt=1,GPU%=0.60,CPU%=0.26(W0.33),DSF=1.00
05-03 10:53:13.324  3975  4027 D xrstreaming: receive ping: org 0 recv 0 xmt 3984485931800 (received at 2818061399861), offset divergence 14683
05-03 10:53:13.553  6193  6193 D UE4     : [GameActivity] Battery: status = 2, rawlevel = 61, scale = 100
05-03 10:53:13.553  6193  6193 D UE4     : nativeBatteryEvent(stat = 2, lvl = 61  temp = 29.00 C)
05-03 10:53:13.919  6193  6296 I VrApi   : FPS=72/72,Prd=47ms,Tear=0,Early=72,Stale=0,VSnc=1,Lat=1,Fov=1,CPU4/GPU=2/3,1171/490MHz,OC=FF,TA=0/70/70,SP=N/F/F,Mem=2092MHz,Free=0MB,PLS=0,Temp=28.7C/0.0C,TW=2.98ms,App=4.97ms,GD=0.29ms,CPU&GPU=8.85ms,LCnt=1,GPU%=0.62,CPU%=0.33(W0.41),DSF=1.00
05-03 10:53:14.324  3975  4027 D xrstreaming: receive ping: org 0 recv 0 xmt 3985486871800 (received at 2819061773610), offset divergence 14683
05-03 10:53:14.918  6193  6296 I VrApi   : FPS=72/72,Prd=47ms,Tear=0,Early=72,Stale=0,VSnc=1,Lat=1,Fov=1,CPU4/GPU=2/3,1171/490MHz,OC=FF,TA=0/70/70,SP=N/F/F,Mem=2092MHz,Free=0MB,PLS=0,Temp=29.0C/0.0C,TW=2.98ms,App=4.99ms,GD=0.41ms,CPU&GPU=9.15ms,LCnt=1,GPU%=0.63,CPU%=0.32(W0.44),DSF=1.00
05-03 10:53:14.981   844  5772 I chatty  : uid=1000(system) IOTcam expire 2 lines
05-03 10:53:15.326  3975  4027 D xrstreaming: receive ping: org 0 recv 0 xmt 3986487909500 (received at 2820062971995), offset divergence 14683
05-03 10:53:15.644   844  5772 I [CT]    : BrightnessPredictor: [Throttled count=374] Current irradiance: 11623.152 (samples: 1).
05-03 10:53:15.649   844  5715 I [CT]    : boltlib: DSP utilization: 14.66 % (733 / 5000 ms)
05-03 10:53:15.917  6193  6296 I VrApi   : FPS=72/72,Prd=47ms,Tear=0,Early=72,Stale=0,VSnc=1,Lat=1,Fov=1,CPU4/GPU=2/3,1171/490MHz,OC=FF,TA=0/70/70,SP=N/F/F,Mem=2092MHz,Free=0MB,PLS=0,Temp=29.0C/0.0C,TW=2.98ms,App=4.94ms,GD=0.38ms,CPU&GPU=9.30ms,LCnt=1,GPU%=0.62,CPU%=0.28(W0.32),DSF=1.00
05-03 10:53:16.316   844  6364 I [CT]    : IrradianceInfo: [Frame  1950 camera 0] [HT] has_hand = YES, irradiance_proxy =  11584.4, intensity =   85.4, exposure =  3.686ms, gain =    2
05-03 10:53:16.316   844  6364 I [CT]    : IrradianceInfo: [Frame  1950 camera 1] [HT] has_hand = YES, irradiance_proxy =  11296.4, intensity =   73.8, exposure =  3.268ms, gain =    2
05-03 10:53:16.316   844  6364 I [CT]    : IrradianceInfo: [Frame  1950 camera 2] [HT] has_hand = YES, irradiance_proxy =   8612.5, intensity =   87.1, exposure =  5.054ms, gain =    2
05-03 10:53:16.316   844  6364 I [CT]    : IrradianceInfo: [Frame  1950 camera 3] [HT] has_hand =  NO, irradiance_proxy =  29056.8, intensity =  101.0, exposure =  3.477ms, gain =    1
05-03 10:53:16.317   844  6364 I [CT]    : NIMBLE:HTEngine: Hand Tracking Processed FPS = 24.995767220945805 Hz / Camera FPS = 24.995767220945805
05-03 10:53:16.327  3975  4027 D xrstreaming: receive ping: org 0 recv 0 xmt 3987488593600 (received at 2821064366526), offset divergence 14683
05-03 10:53:16.769  3975  4034 I xrstreamingclient: AudioPlayer: NetworkMetrics: [0.877,20.339]9.877
05-03 10:53:16.917  6193  6296 I VrApi   : FPS=72/72,Prd=47ms,Tear=0,Early=72,Stale=0,VSnc=1,Lat=1,Fov=1,CPU4/GPU=2/3,1171/490MHz,OC=FF,TA=0/70/70,SP=N/F/F,Mem=2092MHz,Free=0MB,PLS=0,Temp=29.0C/0.0C,TW=3.00ms,App=4.82ms,GD=0.38ms,CPU&GPU=9.26ms,LCnt=1,GPU%=0.62,CPU%=0.24(W0.27),DSF=1.00
05-03 10:53:16.944   844  5739 I [CT]    : VIPER: InternalAnchorHealthMonitor: Anchors: 1 | Persistent anchors: 1 | Anchors never observed: 0
05-03 10:53:16.944   844  5739 I [CT]    :   (min/avg/max) Anchor landmarks: (24|24|24) | Covisible keyframes: (23|23|23) | Times since observation: (0|0|0)
05-03 10:53:17.142   844  6364 I [CT]    : NIMBLE:HTEngine: active tracking pipeline: 2
05-03 10:53:17.335  3975  4027 D xrstreaming: receive ping: org 0 recv 0 xmt 3988497778600 (received at 2822072772203), offset divergence 14683
05-03 10:53:17.917  6193  6296 I VrApi   : FPS=72/72,Prd=47ms,Tear=0,Early=72,Stale=0,VSnc=1,Lat=1,Fov=1,CPU4/GPU=2/3,1171/490MHz,OC=FF,TA=0/70/70,SP=N/F/F,Mem=2092MHz,Free=0MB,PLS=0,Temp=29.0C/0.0C,TW=2.99ms,App=4.91ms,GD=0.38ms,CPU&GPU=9.20ms,LCnt=1,GPU%=0.62,CPU%=0.27(W0.33),DSF=1.00
05-03 10:53:18.189  6193  6232 D UE4     : [GameActivity] Used memory: 482448 (VmRSS:	  395972 kB)
05-03 10:53:18.346  3975  4027 D xrstreaming: receive ping: org 0 recv 0 xmt 3989506828600 (received at 2823083438765), offset divergence 14683
05-03 10:53:18.588   844  5772 I [CT]    : VIPER:MAP_MANAGER: State: TrackingPersistent, UUID=0236f00a-b7d0-2762-ceac-8516caac74a0, Num. Persistent maps = 3,  Persistent maps:bc705666-18f7-3b7b-46c2-e61fa37bbbc9,0236f00a-b7d0-2762-ceac-8516caac74a0,9dafb6d2-7cce-fc48-79a1-27a9abfd876d,
05-03 10:53:18.625   844  5772 I [CT]    : VIPER: Mode=Vega,Status=6DoF,TRACKING,KF=-1,Inl=309,Pts=0,Mem=93.7,Jit=0.2mm,Issues(Cam/min=0.0,IMU/min=0.0),Exp=(3.7ms,g=2.0,I=74,Ir=10213.4)(4.6ms,g=4.0,I=77,Ir=4196.7)(4.6ms,g=4.0,I=71,Ir=3850.1)(4.1ms,g=1.0,I=71,Ir=17448.5)
05-03 10:53:18.918  6193  6296 I VrApi   : FPS=72/72,Prd=47ms,Tear=0,Early=72,Stale=0,VSnc=1,Lat=1,Fov=1,CPU4/GPU=2/3,1171/490MHz,OC=FF,TA=0/70/70,SP=N/F/F,Mem=2092MHz,Free=0MB,PLS=0,Temp=29.0C/0.0C,TW=2.99ms,App=4.85ms,GD=0.43ms,CPU&GPU=9.17ms,LCnt=1,GPU%=0.61,CPU%=0.28(W0.29),DSF=1.00
05-03 10:53:19.182   844  6364 I [CT]    : NIMBLE:HTEngine: active tracking pipeline: 2
05-03 10:53:19.354  3975  4027 D xrstreaming: receive ping: org 0 recv 0 xmt 3990516795800 (received at 2824091810535), offset divergence 14683
05-03 10:53:19.918  6193  6296 I VrApi   : FPS=72/72,Prd=47ms,Tear=0,Early=72,Stale=0,VSnc=1,Lat=1,Fov=1,CPU4/GPU=2/3,1171/490MHz,OC=FF,TA=0/70/70,SP=N/F/F,Mem=2092MHz,Free=0MB,PLS=0,Temp=29.0C/0.0C,TW=2.99ms,App=4.79ms,GD=0.47ms,CPU&GPU=9.19ms,LCnt=1,GPU%=0.62,CPU%=0.25(W0.26),DSF=1.00
05-03 10:53:19.992  1662  2949 I [CT]    : MIXEDREALITY: MrServiceView: renderIteration: (every 10 seconds), screen is: ON, PT is: OFF, ID is: OFF
05-03 10:53:20.355  3975  4027 D xrstreaming: receive ping: org 0 recv 0 xmt 3991516882400 (received at 2825092040535), offset divergence 14683
05-03 10:53:20.398  1662  2949 I [CT]    : MIXEDREALITY: MrServiceModel: commitLayerState: (every 10 seconds), ImagesAndCompute: false, ImagesOnly: false, NoRequirement: true.
05-03 10:53:20.668   844  5715 I [CT]    : boltlib: DSP utilization: 14.32 % (718 / 5018 ms)
05-03 10:53:20.920  6193  6296 I VrApi   : FPS=72/72,Prd=47ms,Tear=0,Early=72,Stale=0,VSnc=1,Lat=1,Fov=1,CPU4/GPU=2/3,1171/490MHz,OC=FF,TA=0/70/70,SP=N/F/F,Mem=2092MHz,Free=0MB,PLS=0,Temp=29.0C/0.0C,TW=2.99ms,App=5.02ms,GD=0.40ms,CPU&GPU=9.18ms,LCnt=1,GPU%=0.64,CPU%=0.29(W0.32),DSF=1.00
05-03 10:53:21.114   743  5714 I SyncBossFW: 2821062 [info   ] {PERF}: cpu load cur=0.2690 min=0.0512 max=0.3642 avg=0.1293
05-03 10:53:21.182   844  6364 I [CT]    : NIMBLE:HTEngine: active tracking pipeline: 2
05-03 10:53:21.356  3975  4027 D xrstreaming: receive ping: org 0 recv 0 xmt 3992517892000 (received at 2826093437931), offset divergence 14683
05-03 10:53:21.760  1830  2035 D VrRuntimeInputManager: HANDTRACKING wakeupHandsAffordance
05-03 10:53:21.767  3975  4034 I xrstreamingclient: AudioPlayer: NetworkMetrics: [0.756,17.169]9.880
05-03 10:53:21.768  2114  2114 I chatty  : uid=10021(com.oculus.vrshell) ShellOverlayMai expire 47 lines
05-03 10:53:21.774  2114  2574 I chatty  : uid=10021(com.oculus.vrshell) ShellOverlayVR expire 263 lines
05-03 10:53:21.812  2114  6565 I chatty  : uid=10021(com.oculus.vrshell) ShellOverlayMai expire 4 lines
05-03 10:53:21.816  1830  2526 I VrRuntimeService: RuntimeServiceSDKServer::EnableRendering: 0x0, 0, com.oculus.vrshell:Overlay
