05-03 10:53:28.111   813  1326 D BufferPoolAccessor: bufferpool2 0xea0f6a10 : 0(0 size) total buffers - 0(0 size) used buffers - 7/18 (recycle/alloc) - 11/30 (fetch/transfer)
05-03 10:53:28.111   813  1326 D BufferPoolAccessor: Destruction - bufferpool2 0xea0f6a10 cached: 0/0M, 0/0% in use; allocs: 18, 39% recycled; transfers: 30, 63% unfetced
05-03 10:53:28.113   837  6660 D SimpleC2Component: Using output block pool with poolID 37 => got 37 - 0
05-03 10:53:28.114  1830  5769 I TimeWarp: WarpToScreen: Skipping frames for 9
05-03 10:53:28.117   812  1542 D MediaBufferGroup: creating MemoryDealer
05-03 10:53:28.125  1830  5769 I TimeWarp: WarpToScreen: Skipping frames for 9
05-03 10:53:28.136  1830  5769 I TimeWarp: WarpToScreen: Skipping frames for 9
05-03 10:53:28.143  1039  1072 W InputReader: Device has associated, but no associated display id.
05-03 10:53:28.147   837  1537 D BufferPoolAccessor: Destruction - bufferpool2 0x34f8eb1230 cached: 0/0M, 0/0% in use; allocs: 0, 0% recycled; transfers: 0, 0% unfetced
05-03 10:53:28.147   837  1537 V C2Store : in ~ComponentModule
05-03 10:53:28.147   837  1537 V C2Store : unloading dll
05-03 10:53:28.147  1830  5769 I TimeWarp: WarpToScreen: Skipping frames for 9
05-03 10:53:28.150  1039  1072 W Looper  : Slow dispatch took 277ms android.ui h=android.hardware.display.DisplayManagerGlobal$DisplayListenerDelegate c=null m=1
05-03 10:53:28.150  1039  1072 W Looper  : Slow delivery took 234ms android.ui h=com.android.server.wm.DisplayPolicy$PolicyHandler c=com.android.server.wm.-$$Lambda$SystemGesturesPointerEventListener$9Iw39fjTtjXO5kacgrpdxfxjuSY@8354205 m=0
05-03 10:53:28.151  3188  3409 I [SEO] PanelRenderLayer: ResetSurface 0 x 0 - shape:0 stereo:0
05-03 10:53:28.151  3188  3409 I [SEO] PanelAppHost: Setting panel layer visibility of layer "#main" to invisible
05-03 10:53:28.151  3188  3409 I [SEO] PanelAppHost: Setting panel layer visibility of layer "tablet" to invisible
05-03 10:53:28.151  3188  3409 I [SEO] PanelAppHost: Resize layer #main to size 800 x 110 shape:1 stereo:0
05-03 10:53:28.151  3188  3409 I [SEO] PanelRenderLayer: ResetSurface 800 x 110 - shape:1 stereo:0
05-03 10:53:28.151  3188  3409 I [SEO] PanelAppHost: Resize layer tablet to size 1000 x 625 shape:1 stereo:0
05-03 10:53:28.151  3188  3409 I [SEO] PanelRenderLayer: ResetSurface 1000 x 625 - shape:1 stereo:0
05-03 10:53:28.151  1830  3243 I VrRuntimeService: UpdateAndroidSurfaceSwapChainDimensions: 181: 1000x625
05-03 10:53:28.151  1830  3243 I VrRuntimeService: UpdateSwapChainSamplerState: 181
05-03 10:53:28.151  1830  3243 I VrRuntimeService: UpdateSwapChainSamplerState: minFilter=1 magFilter=1 wrapModeS=3 warpModeT=3 maxAniso=1.000000 border={0.000000,0.000000,0.000000,0.000000} swizzle={0,1,2,3}
05-03 10:53:28.151  3188  3409 I OpenXR_DeviceSettings: ------------ xrSetDeviceSettingBooleanFB -----------
05-03 10:53:28.152  3147  3187 I Clay    : EnvironmentSystem::update: setting scene background audio for scene zip 'apk://com.oculus.environment.prod.adobe/assets/scene.zip'
05-03 10:53:28.152  3147  3187 I Clay    : EnvironmentAudioSystem::setSceneBackgroundLoop: set scene audio: apk://com.oculus.environment.prod.adobe/assets/scene.zip
05-03 10:53:28.153  3147  3187 I Clay    : EnvironmentSystem: Scene loaded
05-03 10:53:28.156  3147  3187 I Clay    : SharedHomeSystem::_onEnvironmentActivated
05-03 10:53:28.159  1830  5769 I TimeWarp: WarpToScreen: Skipping frames for 9
05-03 10:53:28.162  1039  1074 W InputReader: Device has associated, but no associated display id.
05-03 10:53:28.163  1039  1074 I ActivityTaskManager: Override config changes=20005df8 {0.0 ?mcc?mnc ?localeList ?layoutDir sw88dp w640dp h88dp 200dpi nrml long land ?uimode ?night -touch qwerty/v/v -nav/h winConfig={ mBounds=Rect(0, 0 - 800, 110) mAppBounds=Rect(0, 0 - 800, 110) mWindowingMode=fullscreen mDisplayWindowingMode=fullscreen mActivityType=undefined mAlwaysOnTop=undefined mRotation=ROTATION_0}} for displayId=28
05-03 10:53:28.166  3188  3409 I [SEO] ShellEnvHomeController: copresence: received setCollisionShapes
05-03 10:53:28.167  3188  3409 I [SEO] ShellEnvHomeController: copresence: processing currentCollisionShapes
05-03 10:53:28.167  3188  3409 I [SEO] ShellEnvHomeController: Theaterscreen transform node set for the env
05-03 10:53:28.170  1830  5769 I TimeWarp: WarpToScreen: Skipping frames for 9
05-03 10:53:28.174  1830  5769 I TimeWarp: SetSchedFifo( tid=3187, pol=3, pri=0 ) succeeded
05-03 10:53:28.175  1830  5769 I TimeWarp: SetSchedFifo( tid=6626, pol=3, pri=0 ) succeeded
05-03 10:53:28.176  6193  6385 I chatty  : uid=10198(com.epicgames.PruebaVR) expire 1 line
05-03 10:53:28.181  1830  5769 I TimeWarp: WarpToScreen: Skipping frames for 9
05-03 10:53:28.182  1895  1908 W .oculus.update: Suspending all threads took: 6.755ms
05-03 10:53:28.192  1830  5769 I TimeWarp: WarpToScreen: Skipping frames for 9
05-03 10:53:28.195  3188  3188 D [SEO] PanelServiceConnection: onSeviceConnected - component name (ComponentInfo{com.oculus.systemux/com.oculus.panelapp.controlbar.ControlBarPanelService}), panel app id (7)
05-03 10:53:28.195  3188  3188 D [SEO] ShellApplication: notify OS to set com.oculus.systemux/com.oculus.panelapp.controlbar.ControlBarPanelService to FOREGROUND
05-03 10:53:28.195  3500  3500 I chatty  : uid=10032 com.oculus.systemux:SystemUX expire 2 lines
05-03 10:53:28.198  3188  3188 I [SEO] PanelServiceConnection: verifyFirstPartyUID(Debug Signatures=false, uid=10032) => apkSignatureResult=SigCertInfo(isTrusted=true, packageNames=[com.oculus.systemux], fingerprint sha1=98a1809f3c3e79170e5df8135b500ecfa39df1be, fingerprint sha256=012f8165c191efe8fb0d6d4606aa4abac14d77d1d97d5340860c9f81045aa157, signature=308205cf308203b7a0030201020204097e91c1300d06092a864886f70d01010b0500308197310b3009060355040613025553311330110603550408130a43616c69666f726e6961311330110603550407130a4d656e6c6f205061726b31233021060355040a131a46616365626f6f6b20546563686e6f6c6f676965732c204c4c4331233021060355040b131a46616365626f6f6b20546563686e6f6c6f676965732c204c4c43311430120603550403130b4f63756c75732041707073301e170d3139303730343131333935315a170d3436313131393131333935315a308197310b3009060355040613025553311330110603550408130a43616c69666f726e6961311330110603550407130a4d656e6c6f205061726b31233021060355040a131a46616365626f6f6b20546563686e6f6c6f676965732c204c4c4331233021060355040b131a46616365626f6f6b20546563686e6f6c6f676965732c204c4c43311430120603550403130b4f63756c7573204170707330820222300d06092a864886f70d01010105000382020f003082020a0282020100b815642a5c201c8da044905dafbb06c05fddb75449cc75a716a0434da0493a52a4d60643532c237e76cb41d2c32a5e4474f12b37f632a809b5a5ceb8c6289ecf828e736b4ec452b1c2757bd0b5ed13eff5a7a47ab2ef6cdf60a8d749e9e8603f30d12b5db8f734c57578a2a4ce5ff5737c1f02c629d2dcb4f82726674663a699de94463ff370fa9eb48158831bf0b68bd6ec84293182d52e860bdd81bb9ce9cdd6a77fea0df25004da34d3cce7a31069646aa4628fba9ccb0952163793be9a4edf49a53f83179c2f44d8c87d6c129e8d590af0f3fced26201ee43b31fccd93b497cd198c5cd1f98d64c4f7ad79ca47278c02652d5dc072a99807e22f473f7bae4da2bafcae48cd49ad55a764b8d39f329f6175eac9074307deff48b1c4a6e19b748766617768c31a17feae8478eb7f9ebfb61af2b9f5a692b636342d7ebc53d7146626b51801b5a0a102e281475decdefb8683d0ca2843dc7aaeb6759bcab0dcba38db44f5d7f797a1c9c02dd159c0e3c72b14dc882d31c24ad8abee4ce0f7f0205e05efef551e2551a61e96636ed5dfd7435d3d24f5a130a12f10452cc954aa770d5d95e3e0cb9d7b05c5506a7947f8ff3437b3d82274fdaa156d85bfb7fbcb4fa5557080fedab86520b71d3d533e7bb3e7e3ebe9712b68e755d700b0afbf7595ffa80a6b3d90bfe599769138ee6515df415e32c0abed2b8e4aea1f47351f490203010001a321301f301d0603551d0e04160414a3c939e6b71c43bc9193f773c0351be1aff311f9300d06092a864886f70d01010b050003820201004e4c865231f2a3583c6af9488ecf9aa96b1ee84e2d7bfad00581537dc70c54ecfcf360e563d018efa4cdd77bf6fc4c9f1a20ebd4215cf1538686d4089bdcc8adb6ae4497ead14b0c18efd52ce93357019973e94e16b3326c60885b1bdc5f9cad1098f16732935876d8d19bda3ceeaaa69a83c4e2231710c6735f88abdfffe3dfa2be3f18f894923441b4e4a9c9664ed6294c16d7c073547063bfdbbefad184a001f1dce2feffdc96d10eb16a3bfbcd382cd297ca3b4edb7ebacd1a9931a1368a5157ceaebbca5b39bd5db5461a340db8ec076d38a94bcdd042bfb51388158ba97a49b631c1762fa746c7bb36eaf15cae23fa993cfb052e824f2ae173ea27b50a6cca91eb955f4faf131514757e5a3ecae9df6d23771279b7742f28fb9ce394eb9e03926f550716f1312355a5efdc479d8347b516cff55cb14307c81280142cacf2fd6562a2baacbfc97869272b1c51abf79121de8bab227e001313d4115eb9b33a332ebb34e290f14b5352ef1038f7a5f3740c9d1136b3526de4331deb4fa529c36a17c04c3e64d4f6ebda73d6e6e18281e3948fd11e685eab6611be1bc62839bce5962715e7f6537e6c083bcd3538d17407b26c850cd6b3f5e2149fdef027a6cfb7ed0f93c928aca14927b10c6a3f104ba1b10413af8b1868b84a004e5ddd065fff26a7bb3c818bb5a2d69aedf9441ef9033efae3ef52282a96f66d4b4ff3f2), time=1 ms
05-03 10:53:28.200  3500  4126 I chatty  : uid=10032(com.oculus.systemux) Binder:3500_5 expire 1 line
05-03 10:53:28.203  1830  5769 I TimeWarp: WarpToScreen: Skipping frames for 9
05-03 10:53:28.259  1830  5769 I chatty  : uid=10030(com.oculus.systemdriver) OVR::TimeWarp identical 6 lines
05-03 10:53:28.270  1830  5769 I TimeWarp: WarpToScreen: Skipping frames for 9
05-03 10:53:28.272  1039  1072 W InputReader: Device has associated, but no associated display id.
05-03 10:53:28.276  1039  1072 W Looper  : Slow dispatch took 126ms android.ui h=android.hardware.display.DisplayManagerGlobal$DisplayListenerDelegate c=null m=1
05-03 10:53:28.276  1039  1074 I DisplayManagerService: Display device changed state: "com.oculus.android_panel_app.AndroidPanelLayer-#main", ON
05-03 10:53:28.277  1039  1072 W Looper  : Drained
05-03 10:53:28.279  1039  1074 W InputReader: Device has associated, but no associated display id.
05-03 10:53:28.279  1039  1074 I ActivityTaskManager: Override config changes=20005df8 {0.0 ?mcc?mnc ?localeList ?layoutDir sw500dp w800dp h500dp 200dpi lrg land ?uimode ?night -touch qwerty/v/v -nav/h winConfig={ mBounds=Rect(0, 0 - 1000, 625) mAppBounds=Rect(0, 0 - 1000, 625) mWindowingMode=fullscreen mDisplayWindowingMode=fullscreen mActivityType=undefined mAlwaysOnTop=undefined mRotation=ROTATION_0}} for displayId=29
05-03 10:53:28.281  1830  5769 I TimeWarp: WarpToScreen: Skipping frames for 9
05-03 10:53:28.292  1039  1057 E WindowManager: App trying to use insecure INPUT_FEATURE_NO_INPUT_CHANNEL flag. Ignoring
05-03 10:53:28.303  1830  5769 I TimeWarp: WarpToScreen: Skipping frames for 9
05-03 10:53:28.306   844  6364 I [CT]    : IrradianceInfo: [Frame  2250 camera 0] [HT] has_hand =  NO, irradiance_proxy =  15498.8, intensity =  101.3, exposure =  3.268ms, gain =    2
05-03 10:53:28.307   844  6364 I [CT]    : IrradianceInfo: [Frame  2250 camera 1] [HT] has_hand =  NO, irradiance_proxy =   6700.5, intensity =   95.9, exposure =  4.769ms, gain =    3
05-03 10:53:28.307   844  6364 I [CT]    : IrradianceInfo: [Frame  2250 camera 2] [HT] has_hand =  NO, irradiance_proxy =   6662.7, intensity =   94.9, exposure =  4.750ms, gain =    3
05-03 10:53:28.307   844  6364 I [CT]    : IrradianceInfo: [Frame  2250 camera 3] [HT] has_hand =  NO, irradiance_proxy =  29714.1, intensity =  103.3, exposure =  3.477ms, gain =    1
05-03 10:53:28.307   844  6364 I [CT]    : NIMBLE:HTEngine: Hand Tracking Processed FPS = 24.885848317309463 Hz / Camera FPS = 25.05286743353302
05-03 10:53:28.312  3188  3409 I [SEO] PanelAppAnalytics: First frame latency: 0.954 for id 6 com.oculus.systemux/com.oculus.panelapp.anytimeui.AnytimeUIAndroidPanelService
05-03 10:53:28.312  3188  3409 I [SEO] LayerSwapChainResource: LayerSwapChainResource 800,110 : 3
05-03 10:53:28.312  1830  3243 I VrRuntimeService: CreateSwapChain: 967976342
05-03 10:53:28.312  1830  3243 I VrRuntimeService: CreateSwapChain: api:vk 0 0x2b 800 110 10 3 1 4 3
05-03 10:53:28.313  1830  3243 W SwapChain: CreateTextureSwapChainFoveation: export failed
05-03 10:53:28.313  1830  3243 I VrRuntimeServer: CreateTextureSwapChain: result importswapchaingles 1
05-03 10:53:28.314  3147  3451 I SwapChain_Vulkan: Imported texture has requirements 3, ends up index 0
05-03 10:53:28.314  3147  3451 I chatty  : uid=10013(com.oculus.shellenv) Thread-30 identical 1 line
05-03 10:53:28.314  3147  3451 I SwapChain_Vulkan: Imported texture has requirements 3, ends up index 0
05-03 10:53:28.314  3147  3451 W VrRuntimeClient: CreateTextureSwapChain: Failed to import foveation swapchain
05-03 10:53:28.315  1830  5769 I TimeWarp: WarpToScreen: Skipping frames for 9
05-03 10:53:28.315  3188  3188 D [SEO] ShellControlBroadcastReceiver: onReceive with MainActivity native pointer 4130421272, action com.oculus.systemactivities.CAPTURE_STATE_UPDATE
05-03 10:53:28.315  3188  3188 D [SEO] ShellApplication: isTrustedAppLaunch early exit. Not a trusted action.com.oculus.systemactivities.CAPTURE_STATE_UPDATE
05-03 10:53:28.315  3188  3188 D [SEO] ShellControlBroadcastReceiver: isLaunchAction = false, isTrustedAppLaunch = false
05-03 10:53:28.315  3188  3188 D [SEO] ShellControlBroadcastReceiver: IsCaptureStateUpdateAction
05-03 10:53:28.317  1830  3243 I VrRuntimeService: UpdateSwapChainSamplerState: 183
05-03 10:53:28.317  1830  3243 I VrRuntimeService: UpdateSwapChainSamplerState: minFilter=1 magFilter=1 wrapModeS=3 warpModeT=3 maxAniso=1.000000 border={0.000000,0.000000,0.000000,0.000000} swizzle={0,1,2,3}
05-03 10:53:28.325  6193  6230 I chatty  : uid=10198(com.epicgames.PruebaVR) expire 1 line
05-03 10:53:28.325  6193  6377 I chatty  : uid=10198(com.epicgames.PruebaVR) expire 20 lines
05-03 10:53:28.326  1830  5769 I TimeWarp: WarpToScreen: Skipping frames for 9
05-03 10:53:28.328  1039  2082 E WindowManager: App trying to use insecure INPUT_FEATURE_NO_INPUT_CHANNEL flag. Ignoring
05-03 10:53:28.330  3500  3500 I [SUI] AnytimeUIAndroidPanelApp: handleGenericMessage appStatus {"appState":[{"name":"com.oculus.explore/com.oculus.explore.PanelService","panels":[{"panelId":3,"state":"Background"}]},{"name":"com.oculus.systemux/com.oculus.panelapp.quicksettings.QuickSettingsPanelService","panels":[{"panelId":5,"state":"Focused"}]}],"mostRecent":["com.oculus.systemux/com.oculus.panelapp.quicksettings.QuickSettingsPanelService","com.oculus.explore/com.oculus.explore.PanelService"]}
05-03 10:53:28.337  1830  5769 I TimeWarp: WarpToScreen: Skipping frames for 9
05-03 10:53:28.341  1039  1074 I DisplayManagerService: Display device changed state: "com.oculus.android_panel_app.AndroidPanelLayer-tablet", ON
05-03 10:53:28.348  1830  5769 I TimeWarp: WarpToScreen: Skipping frames for 9
05-03 10:53:28.353  2555  2555 W PartyNativeModuleManager: Calling nativeTearDown but native code wasn't initialized. Noop.
05-03 10:53:28.359  1830  5769 I TimeWarp: WarpToScreen: Skipping frames for 9
05-03 10:53:28.370  1830  5769 I chatty  : uid=10030(com.oculus.systemdriver) OVR::TimeWarp identical 22 lines
05-03 10:53:28.386  3975  4027 D xrstreaming: receive ping: org 0 recv 0 xmt 3999547466600 (received at 2833123648605), offset divergence -136710
05-03 10:53:28.415  2114  2114 D DeviceHelper: isScreenOn = true
05-03 10:53:28.415  2114  2114 D [OAO] ShellOverlayBroadcastReceiver: onReceive with ShellOverlayService native pointer 4130449240, action com.oculus.systemactivities.CAPTURE_STATE_UPDATE
05-03 10:53:28.452  2150  2182 W LibraryProvider: Cannot find entitlement for quick_settings_app
05-03 10:53:28.452  3500  3500 W OVRLibrary: null cursor received for query content://com.oculus.ocms.library/apps/quick_settings_app
05-03 10:53:28.452  3500  3500 I [SUI] AnytimeUIAndroidPanelApp: handleGenericMessage dismissNotificationToast 0|android|0|com.android.server.wm.AlertWindowNotification - com.oculus.vrshell|1000
05-03 10:53:28.452  3500  3500 V [SUI] AnytimeUIAndroidPanelApp: Scheduling a toast layer close
05-03 10:53:28.467  3147  3168 I Clay    : Connected to IHomeProvider
05-03 10:53:28.469  3500  3500 D [SUI] AnytimeUIBroadcastReceiver: action: com.oculus.systemactivities.CAPTURE_STATE_UPDATE
05-03 10:53:28.469  3500  3500 I [SUI] AnytimeUIBroadcastReceiver: handleCaptureStateUpdate: captureToDisk false, captureEnabled false, isCapturingAbuseReport false, abuseRecordingUUID null
05-03 10:53:28.469  3500  3500 I Choreographer: Skipped 102 frames!  The application may be doing too much work on its main thread.
05-03 10:53:28.473  3147  3168 I Clay    : setHomeProviderShell succeeded
05-03 10:53:28.474  3500  3500 D [SUI] AdapterUpdatesCoalescer: startDiffingInBackground
05-03 10:53:28.474  3147  3168 I Clay    : Connected to IHomeProvider
05-03 10:53:28.474  3500  3500 E [SUI] FakeAppUtils: error no systemUX route for com.oculus.explore
05-03 10:53:28.474  3500  3500 E [SUI] FakeAppUtils: error no systemUX route for com.oculus.store
05-03 10:53:28.475  3500  3587 I OpenGLRenderer: Davey! duration=857ms; Flags=0, IntendedVsync=2832354855230, Vsync=2833204855196, OldestInputEvent=9223372036854775807, NewestInputEvent=0, HandleInputStart=2833206566470, AnimationStart=2833206584438, PerformTraversalsStart=2833210138970, DrawStart=2833210160688, SyncQueued=2833210232095, SyncStart=2833210474230, IssueDrawCommandsStart=2833210536470, SwapBuffers=2833212303605, FrameCompleted=2833212736157, DequeueBufferDuration=76000, QueueBufferDuration=266000, 
05-03 10:53:28.488  6193  6296 I chatty  : uid=10198(com.epicgames.PruebaVR) expire 7 lines
05-03 10:53:28.509  6193  6377 I chatty  : uid=10198(com.epicgames.PruebaVR) expire 12 lines
05-03 10:53:28.510   844  6590 I TrackingService: Unregistering client by ITrackingService.unregisterClient
05-03 10:53:28.510   844  6590 I TrackingService: Failed to unregister client because client not found in registered list
05-03 10:53:28.510   844  6590 I chatty  : uid=1000(system) Binder:844_6 identical 2 lines
05-03 10:53:28.510   844  6590 I TrackingService: Failed to unregister client because client not found in registered list
05-03 10:53:28.511   844  6590 D TrackingService: unregister: com.epicgames.PruebaVR
05-03 10:53:28.522  3500  3587 I OpenGLRenderer: Davey! duration=904ms; Flags=1, IntendedVsync=2832354855230, Vsync=2833204855196, OldestInputEvent=9223372036854775807, NewestInputEvent=0, HandleInputStart=2833206566470, AnimationStart=2833206584438, PerformTraversalsStart=2833210138970, DrawStart=2833255883032, SyncQueued=2833256634959, SyncStart=2833256788240, IssueDrawCommandsStart=2833256862667, SwapBuffers=2833259139438, FrameCompleted=2833259466574, DequeueBufferDuration=406000, QueueBufferDuration=159000, 
05-03 10:53:28.557  3147  3168 I Clay    : setHomeProviderShell succeeded
05-03 10:53:28.558  3500  3500 D [SUI] MessengerCallViewModel: hyperspace client created
05-03 10:53:28.558  3500  3500 D HyperspaceClient: acquire instance, refcount: 1
05-03 10:53:28.558  3500  3500 D [SUI] MessengerCallViewModel: OCULUS_VR_MESSENGER_CALLING_CLIENT_SIDE_GATE GK value: true
05-03 10:53:28.558  3500  6675 D HyperspaceClientJni: initInternal - start
05-03 10:53:28.559  3500  6675 D HyperspaceClientJni: startHyperspacePresenceServiceClient
05-03 10:53:28.559  3500  6675 D HyperspaceClientJni: initHyperspacePresenceServiceClient begin
05-03 10:53:28.559  3500  6675 I ipcLoader_static: RuntimeIPC: Loader: IPC Service API Loader Version: 26 Apr  2 2022 18:18:47
05-03 10:53:28.559  3500  6675 I RuntimeIPCApi: ipc_Initialize
05-03 10:53:28.559  3500  6675 I RuntimeIPCServiceClient: Init: Already initialized: com.oculus.systemux:SystemUX, 2
05-03 10:53:28.594   743  5753 E FrameSetDispatcher: [HEADSET] Client pid=844 (844): Failed to read from receive FMQ for 1 packets in 5000ms.
05-03 10:53:28.594   743  5753 E FrameSetDispatcher: This probably means this client is taking more than 33 ms to process the frame.
05-03 10:53:28.594   743  5753 E FrameSetDispatcher: Retrying.
05-03 10:53:28.596  3500  3500 D [SUI] AnytimeUIBroadcastReceiver: action: com.oculus.systemactivities.LOCAL_STREAM_STATE_UPDATE
05-03 10:53:28.596  3500  3500 D CppPanelService: BEGIN: Initializing panel application via MSG_CREATE_PANEL_APP.
05-03 10:53:28.598  3500  3500 I AndroidPanelApp: Created
05-03 10:53:28.598  3500  3500 V LifecycleAwareViewModelStore: LifecycleAwareViewModelStore created
05-03 10:53:28.598  3500  3500 V LifecycleAwarePanelApp: PanelApp initial lifecycle started and moved from state INITIALIZED to state RESUMED
05-03 10:53:28.600  2294  2294 D PresenceAPK(PresenceService): onStartCommand: Intent action = null
05-03 10:53:28.602  3500  3500 I [SUI] ConsumerConfiguration: Setting SystemUX Configuration and Policy Settings.
05-03 10:53:28.603  3500  3500 D [SUI] AnytimeUIBroadcastReceiver: requestCaptureState being sent
05-03 10:53:28.603  3500  6574 D QuickPromotionController: Initialized and enabled.
05-03 10:53:28.603  3500  6574 D QuickPromotionController: Fetching Quick Promotions for all surfaces.
05-03 10:53:28.603  3500  6574 D QuickPromotionController: Initialized and enabled.
05-03 10:53:28.603  3500  6574 D QuickPromotionController: Set access token.
05-03 10:53:28.604  3500  3500 D [SUI] StatusViewModel: Constructing ViewModel
05-03 10:53:28.604  3500  6574 D QuickPromotionController: Fetched Quick Promotions for all surfaces.
05-03 10:53:28.606  6193  6295 I chatty  : uid=10198(com.epicgames.PruebaVR) expire 1 line
05-03 10:53:28.608  1830  6266 I chatty  : uid=10030(com.oculus.systemdriver) com.oculus.vrruntimeservice expire 5 lines
05-03 10:53:28.612  3500  3500 I android_os_HwBinder: HwBinder: Starting thread pool for getting: vendor.oculus.hardware.battery@1.0::IBattery/default
05-03 10:53:28.613  1830  2035 I chatty  : uid=10030(com.oculus.systemdriver) ClientRequest expire 1 line
05-03 10:53:28.615  1830  5769 I chatty  : uid=10030(com.oculus.systemdriver) OVR::TimeWarp expire 2 lines
05-03 10:53:28.629  2294  3645 D RuntimeIPCServerMgr: RegisterClient: Client: com.oculus.systemux:com.oculus.systemux:SystemUX:3500, Server: com.oculus.presence:com.oculus.presence (PresenceServer)
05-03 10:53:28.630  2294  3645 I IPCSharedMemory: CreateSharedMemory: Allocated shared memory fd 81 (ipcStateReadWrite)
05-03 10:53:28.630  2294  3645 I IPCSharedMemory: CreateSharedMemory: Allocated shared memory fd 82 (ipcReadOnlyState)
05-03 10:53:28.633  1830  6266 I chatty  : uid=10030(com.oculus.systemdriver) com.oculus.vrruntimeservice expire 1 line
05-03 10:53:28.633  1830  2035 I chatty  : uid=10030(com.oculus.systemdriver) ClientRequest expire 1 line
05-03 10:53:28.633  6193  6307 I chatty  : uid=10198(com.epicgames.PruebaVR) expire 1 line
05-03 10:53:28.634  6193  6377 I chatty  : uid=10198(com.epicgames.PruebaVR) expire 6 lines
05-03 10:53:28.635  6193  6230 I chatty  : uid=10198(com.epicgames.PruebaVR) expire 9 lines
05-03 10:53:28.638  2294  3645 I RuntimeIPCServerMgr: HandleClientConnect SUCCESS: Client: com.oculus.systemux:com.oculus.systemux:SystemUX:3500, Server: com.oculus.presence:com.oculus.presence (PresenceServer)
05-03 10:53:28.638  2294  3645 I RuntimeIPCServerMgr: GetServerStatesConfig -> {MaxBufferSize=32768, MaxEntries=64}
05-03 10:53:28.638  3500  6675 I RuntimeIPCClientMgr: GetServerStatesConfig returned maxEntries=64, maxBuffSize=32768
05-03 10:53:28.638  3500  6675 I RuntimeIPCClientMgr: TryToGetIPCResourcesFromServer: RPC_CONNECTOR_CONNECT_TO_SERVER SUCCESS: Client: com.oculus.systemux:com.oculus.systemux:SystemUX:3500, Server: com.oculus.presence:com.oculus.presence (PresenceServer)
05-03 10:53:28.638  3500  6675 I RuntimeIPCClientMgr: EnsureServerConnection: SUCCESS. Client: com.oculus.systemux:com.oculus.systemux:SystemUX:3500, Server: com.oculus.presence:com.oculus.presence (PresenceServer)
05-03 10:53:28.638  3500  6675 I RuntimeIPCClientMgr: ConnectToServer: SUCCESS: Client: com.oculus.systemux:com.oculus.systemux:SystemUX:3500, Server: com.oculus.presence:com.oculus.presence (PresenceServer)
05-03 10:53:28.638  3500  6675 W REFLECT : RuntimeIPC: DeferredConnectEvent not valid: 0, 8
05-03 10:53:28.639  3500  6675 I ipcLoader_static: RuntimeIPC: Loader: IPC Service API Loader Version: 26 Apr  2 2022 18:18:47
05-03 10:53:28.639  3500  6675 I RuntimeIPCApi: ipc_Initialize
05-03 10:53:28.639  3500  6675 I RuntimeIPCServiceClient: Init: Already initialized: com.oculus.systemux:SystemUX, 3
05-03 10:53:28.646  2294  3645 D RuntimeIPCServerMgr: RegisterClient: Client: com.oculus.systemux:com.oculus.systemux:SystemUX:3500, Server: com.oculus.presence:com.oculus.presence (PubSubServer)
05-03 10:53:28.647  2294  2294 D PresenceAPK(PresenceService): onStartCommand: Intent action = null
05-03 10:53:28.648  3500  3500 D [SUI] StatusViewModel: Initializing wifi status BroadcastReceiver
05-03 10:53:28.650  2294  3645 I IPCSharedMemory: CreateSharedMemory: Allocated shared memory fd 84 (ipcStateReadWrite)
05-03 10:53:28.651  3500  3500 D [SUI] StatusViewModel: Initialized wifi status BroadcastReceiver
05-03 10:53:28.653  2294  3645 I IPCSharedMemory: CreateSharedMemory: Allocated shared memory fd 85 (ipcReadOnlyState)
05-03 10:53:28.656  3500  3500 D [SUI] AnytimeUIPanelAppBase: Acquiring viewModel StatusViewModel refCount: 1
05-03 10:53:28.658  3188  3188 D [SEO] ShellControlBroadcastReceiver: onReceive with MainActivity native pointer 4130421272, action com.oculus.systemactivities.CAPTURE_STATE_UPDATE
05-03 10:53:28.658  3188  3188 D [SEO] ShellApplication: isTrustedAppLaunch early exit. Not a trusted action.com.oculus.systemactivities.CAPTURE_STATE_UPDATE
05-03 10:53:28.658  3188  3188 D [SEO] ShellControlBroadcastReceiver: isLaunchAction = false, isTrustedAppLaunch = false
05-03 10:53:28.658  3188  3188 D [SEO] ShellControlBroadcastReceiver: IsCaptureStateUpdateAction
05-03 10:53:28.667  3500  3500 D [SUI] FollowTabletPanelController: Constructing FollowTabletPanelController
05-03 10:53:28.667  3500  3500 D [SUI] FollowProfileDataLoader: Constructing FollowProfileDataLoader
05-03 10:53:28.668  3500  3500 D [SUI] FollowProfileDataLoader: fetching follow counts
05-03 10:53:28.668  3500  3500 I [SUI] AnytimeUIAndroidPanelApp: Creating AUI PanelApp, isInOverlay: true, instanceCount: 2
05-03 10:53:28.671  2114  2114 D DeviceHelper: isScreenOn = true
05-03 10:53:28.671  2114  2114 D [OAO] ShellOverlayBroadcastReceiver: onReceive with ShellOverlayService native pointer 4130449240, action com.oculus.systemactivities.CAPTURE_STATE_UPDATE
05-03 10:53:28.672  3500  3500 D [SUI] AnytimeUIBroadcastReceiver: requestCaptureState being sent
05-03 10:53:28.676  3500  3500 I ServicePresenceClient: Trying to bind to presence service API.
05-03 10:53:28.679  6193  6231 I chatty  : uid=10198(com.epicgames.PruebaVR) expire 3 lines
05-03 10:53:28.685  1293  1293 V AvrcpMediaPlayerList: onPlaybackConfigChanged(): Configs list size=11
05-03 10:53:28.687  6193  6231 D UE4     : Case APP_CMD_TERM_WINDOW, tid = 6231
05-03 10:53:28.687  6193  6231 D UE4     : [2022.05.03-08.53.28:687][240]LogAndroid: Case APP_CMD_TERM_WINDOW
05-03 10:53:28.687  6193  6231 D UE4     : LogAndroidEvents::EnqueueAppEvent : 3, [width=-1, height=-1], tid = 6231, APP_EVENT_STATE_WINDOW_DESTROYED
05-03 10:53:28.690  3500  3500 I ServicePresenceClient: Presence service API bind result: true
05-03 10:53:28.691  3500  3500 D [SUI] SocialViewModel: Constructing ViewModel
05-03 10:53:28.691  3500  3500 D [SUI] AnytimeUIPanelAppBase: Acquiring viewModel SocialViewModel refCount: 1
05-03 10:53:28.691  3500  3500 D [SUI] DestinationUIV2ViewModel: Constructing DestinationUIV2ViewModel
05-03 10:53:28.691  3500  3500 D [SUI] SocialViewModel: registerPartyObserver(): 
05-03 10:53:28.691  3500  3500 D [SUI] AnytimeUIPanelAppBase: Acquiring viewModel DestinationUIV2ViewModel refCount: 1
05-03 10:53:28.691  3500  3500 D [SUI] AnytimeUIPanelAppBase: Acquiring viewModel SocialViewModel refCount: 2
05-03 10:53:28.691  3500  3500 D [SUI] SocialViewModel: registerPartyObserver(): -$$Lambda$DynamicAppsViewModel$m2nYXreaQNig4LggtEcAa-Qnyr02
05-03 10:53:28.691  3500  3500 I ServicePresenceClient: Trying to bind to presence service API.
05-03 10:53:28.696  2294  3645 I RuntimeIPCServerMgr: HandleClientConnect SUCCESS: Client: com.oculus.systemux:com.oculus.systemux:SystemUX:3500, Server: com.oculus.presence:com.oculus.presence (PubSubServer)
05-03 10:53:28.696  2294  3645 I RuntimeIPCServerMgr: GetServerStatesConfig -> {MaxBufferSize=32768, MaxEntries=64}
05-03 10:53:28.696  3500  6675 I RuntimeIPCClientMgr: GetServerStatesConfig returned maxEntries=64, maxBuffSize=32768
05-03 10:53:28.696  3500  6675 I RuntimeIPCClientMgr: TryToGetIPCResourcesFromServer: RPC_CONNECTOR_CONNECT_TO_SERVER SUCCESS: Client: com.oculus.systemux:com.oculus.systemux:SystemUX:3500, Server: com.oculus.presence:com.oculus.presence (PubSubServer)
05-03 10:53:28.696  3500  6675 I RuntimeIPCClientMgr: EnsureServerConnection: SUCCESS. Client: com.oculus.systemux:com.oculus.systemux:SystemUX:3500, Server: com.oculus.presence:com.oculus.presence (PubSubServer)
05-03 10:53:28.696  3500  6675 I RuntimeIPCClientMgr: ConnectToServer: SUCCESS: Client: com.oculus.systemux:com.oculus.systemux:SystemUX:3500, Server: com.oculus.presence:com.oculus.presence (PubSubServer)
05-03 10:53:28.696  3500  6675 W REFLECT : RuntimeIPC: DeferredConnectEvent not valid: 0, 9
05-03 10:53:28.703  3500  3500 I ServicePresenceClient: Presence service API bind result: true
05-03 10:53:28.703  3500  3500 D [SUI] DynamicAppsViewModel: Initializing pinned apps
05-03 10:53:28.703  3500  3500 E [SUI] FakeAppUtils: error no systemUX route for com.oculus.explore
05-03 10:53:28.703  3500  3500 E [SUI] FakeAppUtils: error no systemUX route for com.oculus.store
05-03 10:53:28.703  3500  3500 D [SUI] AnytimeUIPanelAppBase: Acquiring viewModel DynamicAppsViewModel refCount: 1
05-03 10:53:28.703  3500  3500 D [SUI] AnytimeUIPanelAppBase: Acquiring viewModel DestinationUIV2ViewModel refCount: 2
05-03 10:53:28.703  3500  3500 D [SUI] SharingViewModel: Constructing ViewModel
05-03 10:53:28.709  3500  3500 D [SUI] SharingViewModel: clearAbuseReportRecordingTimer
05-03 10:53:28.709  3500  3500 D [SUI] AnytimeUIPanelAppBase: Acquiring viewModel SharingViewModel refCount: 1
05-03 10:53:28.709  3500  3500 I AndroidPanelApp: HideLayer(#main, shape: 1, shouldMinimizeLayer: false)
05-03 10:53:28.711  1039  1057 I DisplayManagerService: Display device added: DisplayDeviceInfo{"com.oculus.android_panel_app.AndroidPanelLayer-#main": uniqueId="virtual:com.oculus.systemux,10032,com.oculus.android_panel_app.AndroidPanelLayer-#main,3", 800 x 1250, modeId 35, defaultModeId 35, supportedModes [{id=35, width=800, height=1250, fps=60.0}], colorMode 0, supportedColorModes [0], HdrCapabilities null, density 200, 200.0 x 200.0 dpi, appVsyncOff 0, presDeadline 16666666, touch NONE, rotation 0, type VIRTUAL, state OFF, owner com.oculus.systemux (uid 10032), FLAG_PRIVATE, FLAG_NEVER_BLANK, FLAG_OWN_CONTENT_ONLY}
05-03 10:53:28.778  3500  3500 D [SUI] BarViewModel: Constructing BarViewModel
05-03 10:53:28.778  3500  3500 D [SUI] AnytimeUIPanelAppBase: Acquiring viewModel BarViewModel refCount: 1
05-03 10:53:28.778  3500  3500 D [SUI] SettingsViewModel: Constructing ViewModel
05-03 10:53:28.782  3500  3500 D [SUI] AnytimeUIPanelAppBase: Acquiring viewModel StatusViewModel refCount: 2
05-03 10:53:28.786   716  1003 D msm8974_platform: platform_split_snd_device: snd_device(22) num devices(1) new_snd_devices(0)
05-03 10:53:28.786   716  1003 D msm8974_platform: platform_split_snd_device: snd_device(22) num devices(1) new_snd_devices(0)
05-03 10:53:28.801  3500  6682 D [SUI] FollowProfileDataLoader: success
05-03 10:53:28.823  1830  5769 I chatty  : uid=10030(com.oculus.systemdriver) OVR::TimeWarp expire 3 lines
05-03 10:53:28.839  2114  2574 I [OAO] FlowController: UpdateActiveFlow from OverlayNonModalFlow to (none)
05-03 10:53:28.839  2114  2574 I [OAO] OverlayNonModalFlow: Deactivated
05-03 10:53:28.839  2114  2574 I [OAO] ShellOverlayApp: ResolveInteractionState: change from Rendering to None
05-03 10:53:28.840  2114  2574 I [OAO] ShellOverlayApp: LeaveVrMode: Interaction state from Rendering to None
05-03 10:53:28.840  2114  2574 I [OAO] ShellOverlayApp: EmptyFrame: Pushing an empty frame
05-03 10:53:28.843  2114  2574 I [OAO] VrPlatformOpenXr: VrPlatformOpenXr::SetPropInhibitHandleHomeKey inhibit:0
05-03 10:53:28.843  2114  2574 I OpenXR_DeviceSettings: ------------ xrSetDeviceSettingBooleanFB -----------
05-03 10:53:28.843  2114  2574 I ClientInputSettings: SetInhibitHandleHomeKey = false for com.oculus.vrshell
05-03 10:53:28.843  2114  2574 I ClientInputInterface: SetInhibitHandleHomeKey 0 for process com.oculus.vrshell 2114
05-03 10:53:28.843  2114  2574 I [OAO] VrPlatformOpenXr: VrPlatformOpenXr::SetPropInhibitHandleHomeKey result = 0
05-03 10:53:28.843  1039  1072 W InputReader: Device has associated, but no associated display id.
05-03 10:53:28.843  2114  2574 I [OAO] ModelDef: Destroying ModelFileModel guardianLaserBeam.gltf.ovrscene
05-03 10:53:28.844  2114  2574 I [OAO] ModelDef: Destroying ModelFileModel pinchArrowBlend.gltf.ovrscene
05-03 10:53:28.844  2114  2574 I [OAO] ModelDef: Destroying ModelFileModel guardianLaserBeam.gltf.ovrscene
05-03 10:53:28.844  2114  2574 I [OAO] ModelDef: Destroying ModelFileModel pinchArrowBlend.gltf.ovrscene
05-03 10:53:28.844  2114  2574 I [OAO] DragDropController: OnBackground
05-03 10:53:28.845  2114  2574 I [OAO] DesktopPanelControllerAnalytics: DesktopPanelControllerAnalytics flushing telemetry
05-03 10:53:28.845  2114  2574 I [OAO] DesktopPanelControllerAnalytics: FlushPendingDesktopMetrics Multi-app
05-03 10:53:28.845  2114  2574 I [OAO] VrPlatformOpenXr: SessionEnd state XR_SESSION_STATE_VISIBLE    focused:0
05-03 10:53:28.845  2114  2574 D [OAO] ShellApplication: setOverlayInputFocus: inputFocus=false shouldSupportIME=false
05-03 10:53:28.845  2114  2574 D [OAO] BaseOverlayService: setOverlayInputFocus : entrypoint - inputFocus=false shouldSupportIME=false
05-03 10:53:28.845  2114  2574 I OpenXR  : ------------ RequestExitSession [start] -----------
05-03 10:53:28.845  2114  2114 D [OAO] BaseOverlayService: detachServiceWindowView
05-03 10:53:28.846  2114  2574 I OpenXR  : ------------ RequestExitSession [end] -----------
05-03 10:53:28.846  2114  2574 I OpenXR  : PostSessionStateChange: XR_SESSION_STATE_VISIBLE -> XR_SESSION_STATE_SYNCHRONIZED
05-03 10:53:28.846  2114  2114 D [OAO] BaseOverlayService: setOverlayInputFocus : completed - inputFocus=false shouldSupportIME=false actionTaken:false
05-03 10:53:28.846  2114  2574 I [OAO] VrPlatformOpenXr: xrPollEvent: received XR_TYPE_EVENT_DATA_SESSION_STATE_CHANGED: 3 for session 0x2 at time 2833.583194
05-03 10:53:28.846  2114  2574 I [OAO] VrPlatformOpenXr: Session state changed XR_SESSION_STATE_SYNCHRONIZED
05-03 10:53:28.846  2114  2574 I OpenXR  : PostSessionStateChange: XR_SESSION_STATE_SYNCHRONIZED -> XR_SESSION_STATE_STOPPING
05-03 10:53:28.846  2114  2574 I [OAO] VrPlatformOpenXr: xrPollEvent: received XR_TYPE_EVENT_DATA_SESSION_STATE_CHANGED: 6 for session 0x2 at time 2833.583310
05-03 10:53:28.846  2114  2574 I [OAO] VrPlatformOpenXr: Session state changed XR_SESSION_STATE_STOPPING
05-03 10:53:28.846  2114  2574 I [OAO] VrPlatformOpenXr: SessionEnd2 state XR_SESSION_STATE_STOPPING    focused:0
05-03 10:53:28.846  1662  2970 I [CT]    : MIXEDREALITY: MrFeatureStatus: Client status changed from Started to Paused.
05-03 10:53:28.846  1662  2970 I [CT]    : MIXEDREALITY: MrFeatureStatus: Target status Started, CurrentStatus: Started
05-03 10:53:28.846  2114  2574 I OpenXR  : ------------ xrEndSession [start] -----------
05-03 10:53:28.846  2114  2574 I XrRuntimeUtils: XrRuntimeUtils::EndSession
05-03 10:53:28.852  2114  2574 D VrApi   : targetSDKVersion 29
05-03 10:53:28.855  2114  2574 I VrRuntimeClient: DEVICE MODEL NUMBER = Quest 2
05-03 10:53:28.855  2114  2574 I VrRuntimeClient: DEVICE BUILD NAME = user-26242800497100000
05-03 10:53:28.855  2114  2574 I VrRuntimeClient: DEVICE BUILD TYPE = user
05-03 10:53:28.855  2114  2574 I VrRuntimeClient: DEVICE OS VERSION = 10
05-03 10:53:28.855  2114  2574 I VrRuntimeClient: API LOADER VERSION = 1.0.22
05-03 10:53:28.855  2114  2574 I VrRuntimeClient: RUNTIME API VERSION = 1.0.22
05-03 10:53:28.855  2114  2574 I VrRuntimeClient: RUNTIME VERSION = 39.0.0.97.369 Mar 26 2022 12:14:01 RELEASE
05-03 10:53:28.855  2114  2574 I VrRuntimeClient: APP NAME = Oculus App Runtime
05-03 10:53:28.855  2114  2574 I VrRuntimeClient: APP VERSION = 39.0.0.100.369 versionCode 363650567 internalVersionName 39.0.0.100.369.0ecb1cd2a7ab 2022_04_12_20_41
05-03 10:53:28.855  2114  2574 I VrRuntimeClient: APP VR TYPE = vr_only
05-03 10:53:28.855  2114  2574 I VrRuntimeClient: APP MODE TYPE = VR
05-03 10:53:28.855  2114  2574 I VrRuntimeClient: APP PACKAGE NAME = com.oculus.vrshell
05-03 10:53:28.855  2114  2574 I VrRuntimeClient: APP ACTIVITY CLASS = com.oculus.vrshell.ShellOverlayService
05-03 10:53:28.915  1039  1074 W InputReader: Device has associated, but no associated display id.
05-03 10:53:28.915  1039  1074 I ActivityTaskManager: Override config changes=20005df8 {0.0 ?mcc?mnc ?localeList ?layoutDir sw640dp w640dp h1000dp 200dpi lrg port ?uimode ?night -touch qwerty/v/v -nav/h winConfig={ mBounds=Rect(0, 0 - 800, 1250) mAppBounds=Rect(0, 0 - 800, 1250) mWindowingMode=fullscreen mDisplayWindowingMode=fullscreen mActivityType=undefined mAlwaysOnTop=undefined mRotation=ROTATION_0}} for displayId=30
05-03 10:53:28.922  3188  3188 D [SEO] ShellControlBroadcastReceiver: onReceive with MainActivity native pointer 4130421272, action com.oculus.systemactivities.CAPTURE_STATE_UPDATE
05-03 10:53:28.922  3188  3188 D [SEO] ShellApplication: isTrustedAppLaunch early exit. Not a trusted action.com.oculus.systemactivities.CAPTURE_STATE_UPDATE
05-03 10:53:28.922  3188  3188 D [SEO] ShellControlBroadcastReceiver: isLaunchAction = false, isTrustedAppLaunch = false
05-03 10:53:28.922  3188  3188 D [SEO] ShellControlBroadcastReceiver: IsCaptureStateUpdateAction
05-03 10:53:28.923  1039  1072 W Looper  : Slow dispatch took 168ms android.ui h=android.hardware.display.DisplayManagerGlobal$DisplayListenerDelegate c=null m=1
05-03 10:53:28.945  3147  6624 I VrApi   : FPS=75/90,Prd=3ms,Tear=0,Early=0,Stale=22,VSnc=0,Lat=-1,Fov=0,CPU4/GPU=2/3,2419/490MHz,OC=FF,TA=0/70/0,SP=N/F/N,Mem=2092MHz,Free=0MB,PLS=0,Temp=29.0C/0.0C,TW=3.75ms,App=1.69ms,GD=0.22ms,CPU&GPU=2.98ms,LCnt=2,GPU%=0.41,CPU%=0.33(W0.95),DSF=1.00
05-03 10:53:28.947  2114  2574 D BatteryReceiver: Unregistering battery receiver
05-03 10:53:28.953  2114  2114 D DeviceHelper: isScreenOn = true
05-03 10:53:28.954  2114  2114 D [OAO] ShellOverlayBroadcastReceiver: onReceive with ShellOverlayService native pointer 4130449240, action com.oculus.systemactivities.CAPTURE_STATE_UPDATE
05-03 10:53:28.955  2114  2574 I Sensor  : OSSDKTRACKING Shutdown tracking
05-03 10:53:28.955  2114  2574 I LogTimer: CPUTIME: VrRuntimeClient_EndSession took 108.1158 ms
05-03 10:53:28.957  3500  6675 D HyperspaceClientJni: initHyperspacePresenceServiceClient finished
05-03 10:53:28.957  3500  6675 D HyperspaceClientJni: initInternal - finish
05-03 10:53:28.957  3500  6675 I HyperspaceClient: Service connection changed: true
05-03 10:53:28.957  3500  6675 D HyperspaceClientJni: initHyperspacePresenceServiceClientCallsInfoChangedCallback
05-03 10:53:28.959  2294  3645 I RuntimeIPCServerMgr: GetServerStatesConfig -> {MaxBufferSize=32768, MaxEntries=64}
05-03 10:53:28.959  3500  6675 I RuntimeIPCClientMgr: GetServerStatesConfig returned maxEntries=64, maxBuffSize=32768
05-03 10:53:28.959  3500  6675 I RuntimeIPCClientMgr: InitServerStateForGroup: SUCCESS. 2, Client: com.oculus.systemux:com.oculus.systemux:SystemUX:3500, Server: com.oculus.presence:com.oculus.presence (PubSubServer)
05-03 10:53:28.965  2114  6566 I VrRuntimeDeviceConfigClient: GetBoolean: oculus_mobile_disable_non_hands_app_hands_usage 0
05-03 10:53:28.965  2114  6566 I VrRuntimeDeviceConfigClient: GetBoolean: oculus_keyboard_telemetry 0
05-03 10:53:28.967  2114  6566 W VrRuntimeDeviceConfigClient: ConfigParam result cannot be retrieved because it is not cached: oculus_mobile_upload_latency_data_with_percentiles 
05-03 10:53:28.967  2114  6566 I VrRuntimeDeviceConfigClient: GetBoolean: oculus_mobile_upload_latency_data_with_percentiles  0
05-03 10:53:28.967  2114  6566 W VrRuntimeDeviceConfigClient: ConfigParam result cannot be retrieved because it is not cached: oculus_mobile_upload_latency_data_with_percentiles 
05-03 10:53:28.968  2114  6566 I VrRuntimeDeviceConfigClient: GetBoolean: oculus_mobile_upload_latency_data_with_percentiles  0
05-03 10:53:28.977  3500  3500 D [SUI] AnytimeUIPanelAppBase: Acquiring viewModel SettingsViewModel refCount: 1
05-03 10:53:28.977  3500  3500 D [SUI] AnytimeUIPanelAppBase: Acquiring viewModel SocialViewModel refCount: 3
05-03 10:53:28.977  3500  3500 D [SUI] AnytimeUIPanelAppBase: Acquiring viewModel StatusViewModel refCount: 3
05-03 10:53:28.977  3500  3500 D [SUI] ActiveCallBarViewModel: Constructing ActiveCallBarViewModel
05-03 10:53:28.977  3500  3500 D [SUI] AnytimeUIPanelAppBase: Acquiring viewModel SocialViewModel refCount: 4
05-03 10:53:28.977  3500  3500 D [SUI] MessengerCallBarViewModel: constructing MessengerCallBarViewModel
05-03 10:53:28.977  3500  3500 D [SUI] MessengerCallViewModel: constructing MessengerCallViewModel, instance count:4
05-03 10:53:28.983  3500  3500 D [SUI] AnytimeUIPanelAppBase: Acquiring viewModel MessengerCallViewModel refCount: 1
05-03 10:53:28.983  3500  3500 D [SUI] MessengerCallViewModel: registerObserver
05-03 10:53:28.983  3500  3500 D [SUI] AnytimeUIPanelAppBase: Acquiring viewModel ActiveCallBarViewModel refCount: 1
05-03 10:53:28.983  3500  3500 D [SUI] AnytimeUIPanelAppBase: Acquiring viewModel DestinationUIV2ViewModel refCount: 3
05-03 10:53:28.986  3500  3500 D [SUI] OnboardingTutorial: Initialize Onboarding Tutorial
05-03 10:53:28.990  3500  3500 D [SUI] OnboardingTutorial: Step is: SKIPPED
05-03 10:53:28.990  3500  3500 D [SUI] OnboardingTutorial: Not a first time user; skipping the tutorial
05-03 10:53:28.990  3500  3500 D [SUI] SystemStatusView: Initializing System Status
05-03 10:53:28.990  3500  3500 D [SUI] AnytimeUIPanelAppBase: Acquiring viewModel SocialViewModel refCount: 5
05-03 10:53:28.990  3500  3500 D [SUI] StatusViewModel: Constructing ViewModel
05-03 10:53:28.998  3500  3500 I android_os_HwBinder: HwBinder: Starting thread pool for getting: vendor.oculus.hardware.battery@1.0::IBattery/default
05-03 10:53:29.001  3500  3500 D [SUI] StatusViewModel: Initializing wifi status BroadcastReceiver
05-03 10:53:29.002  3500  3500 D [SUI] StatusViewModel: Initialized wifi status BroadcastReceiver
05-03 10:53:29.003  1830  2035 I chatty  : uid=10030(com.oculus.systemdriver) ClientRequest expire 1 line
05-03 10:53:29.009  3500  3500 D [SUI] AnytimeUIPanelAppBase: Acquiring viewModel BarViewModel refCount: 2
05-03 10:53:29.009  3500  3500 D [SUI] AnytimeUIPanelAppBase: Acquiring viewModel SystemStatusViewModel refCount: 1
05-03 10:53:29.009  3500  3500 D [SUI] SocialViewModel: registerObserver(): -$$Lambda$SystemStatusView$hvdttGlyfUmlGZJVTLPJRt2c5Fk2
05-03 10:53:29.010  3500  3500 D [SUI] SocialViewModel: refreshLowPriData()
05-03 10:53:29.010  3500  3500 D [SUI] SocialViewModel: loadProfilePhotoUrl()
05-03 10:53:29.010  3500  3500 D [SUI] SystemStatusView: Initialized System Status
05-03 10:53:29.010  3500  3500 D [SUI] AnytimeUIPanelAppBase: Acquiring viewModel DynamicAppsViewModel refCount: 2
05-03 10:53:29.010  3500  3500 D [SUI] DynamicAppsView: Initializing dynamic apps view on bar
05-03 10:53:29.011  3500  3500 D [SUI] DestinationUIButtonView: Initializing running app navigation button
05-03 10:53:29.013  3500  3500 D [SUI] AnytimeUIPanelAppBase: Acquiring viewModel DestinationUIV2ViewModel refCount: 4
05-03 10:53:29.013  3500  3500 D [SUI] DestinationUIButtonView: Initialized running app navigation button
05-03 10:53:29.013  3500  3500 D [SUI] SocialViewModel: registerPartyObserver(): -$$Lambda$BarView$VX8dagKJRulRvemrJDR-7k-GvmQ2
05-03 10:53:29.013  3500  3500 D [SUI] BarView: Initialized parties call bar
05-03 10:53:29.013  3500  3500 D [SUI] MessengerCallViewModel: registerObserver
05-03 10:53:29.013  3500  3500 D [SUI] BarView: Initialized messenger call bar
05-03 10:53:29.013  3500  3500 V [SUI] BarView: Subscribing to notifications badge live data
05-03 10:53:29.013  3500  3500 V [SUI] BarView: Notifs badge count: 0, Messenger badge count 0
05-03 10:53:29.036  1039  3584 I DisplayManagerService: Display device removed: DisplayDeviceInfo{"com.oculus.android_panel_app.AndroidPanelLayer-#main": uniqueId="virtual:com.oculus.systemux,10032,com.oculus.android_panel_app.AndroidPanelLayer-#main,3", 800 x 1250, modeId 35, defaultModeId 35, supportedModes [{id=35, width=800, height=1250, fps=60.0}], colorMode 0, supportedColorModes [0], HdrCapabilities null, density 200, 200.0 x 200.0 dpi, appVsyncOff 0, presDeadline 16666666, touch NONE, rotation 0, type VIRTUAL, state OFF, owner com.oculus.systemux (uid 10032), FLAG_PRIVATE, FLAG_NEVER_BLANK, FLAG_OWN_CONTENT_ONLY}
05-03 10:53:29.040  3500  3517 W System  : A resource failed to call release. 
05-03 10:53:29.040  3500  3517 I chatty  : uid=10032(com.oculus.systemux) FinalizerDaemon identical 5 lines
05-03 10:53:29.040  3500  3517 W System  : A resource failed to call release. 
05-03 10:53:29.040  3500  3517 I [SUI] AnytimeUIAndroidPanelApp: GCing AnytimeUIAndroidPanelApp
05-03 10:53:29.053  2114  2574 I VrApi   : OVR::Stats thread stopped
05-03 10:53:29.053  2114  2574 I InputDeviceManager: ovrInputDeviceManager::~ovrInputDeviceManager
05-03 10:53:29.053  2114  2574 I InputDevice_TrackedRemote: OSSDKTRACKING shutting down Haptics
05-03 10:53:29.053  2114  2574 I chatty  : uid=10021(com.oculus.vrshell) ShellOverlayVR identical 2 lines
05-03 10:53:29.053  2114  2574 I InputDevice_TrackedRemote: OSSDKTRACKING shutting down Haptics
05-03 10:53:29.054  2114  2574 I OSHandDataQuerier: OSSDKTRACKING shutting down HandsTracker
05-03 10:53:29.054  2114  2574 I OSHandDataQuerier: OSSDKTRACKING shutting down HandsTracker
05-03 10:53:29.054  1039  2082 I DisplayManagerService: Display device added: DisplayDeviceInfo{"com.oculus.android_panel_app.AndroidPanelLayer-#main": uniqueId="virtual:com.oculus.systemux,10032,com.oculus.android_panel_app.AndroidPanelLayer-#main,3", 800 x 110, modeId 36, defaultModeId 36, supportedModes [{id=36, width=800, height=110, fps=60.0}], colorMode 0, supportedColorModes [0], HdrCapabilities null, density 200, 200.0 x 200.0 dpi, appVsyncOff 0, presDeadline 16666666, touch NONE, rotation 0, type VIRTUAL, state OFF, owner com.oculus.systemux (uid 10032), FLAG_PRIVATE, FLAG_NEVER_BLANK, FLAG_OWN_CONTENT_ONLY}
05-03 10:53:29.060  2114  6565 I ClientInputThread_Internal: InputThreadRun ShutdownRequest received
05-03 10:53:29.065  2114  2574 D InputHooksJava: Disabling Java Input Hooks
05-03 10:53:29.066  2114  2574 I ClientInputTrackedKeyboardManager: TRACKEDKEYBOARD ClearTrackedObjectManager called on client
05-03 10:53:29.066  2114  2574 I RuntimeIPCClientMgr: RuntimeIPCClientMgr::DisconnectFromServer: Remaining refs: 2, Client: com.oculus.vrshell:com.oculus.vrshell:Overlay:2114, Server: com.oculus.vrshell:com.oculus.vrshell:Overlay (ptkserviceserver)
05-03 10:53:29.066  2114  2574 I RuntimeIPCApi: ipc_Shutdown
05-03 10:53:29.067  2114  2574 I RuntimeIPCServiceClient: Shutdown: Refs still outstanding: 14, com.oculus.vrshell:Overlay
05-03 10:53:29.067  1830  2526 I chatty  : uid=10030(com.oculus.systemdriver) Thread-10 expire 6 lines
05-03 10:53:29.081  1293  1293 V AvrcpMediaPlayerList: onPlaybackConfigChanged(): Configs list size=10
05-03 10:53:29.083  2114  6575 I FenceChecker: FenceChecker::MainLoop - ended
05-03 10:53:29.083  2114  2574 I VrRuntimeClient: PhaseSync Instance deleted
05-03 10:53:29.084  2114  2574 I OpenXR  : PostSessionStateChange: XR_SESSION_STATE_STOPPING -> XR_SESSION_STATE_IDLE
05-03 10:53:29.086  2114  2574 I OpenXR  : ------------ xrEndSession [end] -----------
05-03 10:53:29.086  2114  2574 I [OAO] VrPlatformOpenXr: xrPollEvent: received XR_TYPE_EVENT_DATA_SESSION_STATE_CHANGED: 1 for session 0x2 at time 2833.821678
05-03 10:53:29.086  2114  2574 I [OAO] VrPlatformOpenXr: Session state changed XR_SESSION_STATE_IDLE
05-03 10:53:29.086  2114  2574 I OpenXR  : PostSessionStateChange: XR_SESSION_STATE_IDLE -> XR_SESSION_STATE_READY
05-03 10:53:29.087  2114  2574 I [OAO] VrPlatformOpenXr: xrPollEvent: received XR_TYPE_EVENT_DATA_SESSION_STATE_CHANGED: 2 for session 0x2 at time 2833.823948
05-03 10:53:29.087  2114  2574 I [OAO] VrPlatformOpenXr: Session state changed XR_SESSION_STATE_READY
05-03 10:53:29.097  3500  3500 D [SUI] SettingsAssistantJsonBuilder: Registering legacy settings
05-03 10:53:29.098  3500  3500 D [SUI] SettingsAssistantJsonBuilder: Not registering settings service settings. Blocked by GK
