04-05 13:42:33.610  3617  3686 I chatty  : uid=10021(com.oculus.vrshell) ShellOverlayVR expire 2 lines
04-05 13:42:33.613  2873  2873 I chatty  : uid=10021(com.oculus.vrshell) ShellMain expire 2 lines
04-05 13:42:33.615 23683 23716 I chatty  : uid=10194(com.epicgames.PruebaVR) expire 80 lines
04-05 13:42:33.616  2225  2312 W LibraryProvider: Cannot find entitlement for com.epicgames.PruebaVR
04-05 13:42:33.616  3100  3100 W OVRLibrary: null cursor received for query content://com.oculus.ocms.library/apps/com.epicgames.PruebaVR
04-05 13:42:33.618  3100  3100 D [SUI] SharingViewModel: clearAbuseReportRecordingTimer
04-05 13:42:33.618  3100  3100 D [SUI] SharingViewModel: clearAbuseReportRecordingTimer
04-05 13:42:33.619  3100  3100 D [SUI] SocialViewModel: refreshLowPriData()
04-05 13:42:33.619  3100  3100 D [SUI] SocialViewModel: loadProfilePhotoUrl()
04-05 13:42:33.619  3100  3100 D [SUI] SocialViewModel: refresPartyData()
04-05 13:42:33.619  3100  3100 I AndroidPanelApp: Processing pending hide layer for layer tablet.
04-05 13:42:33.619  3100  3100 I AndroidPanelApp: Processing pending show layer info for layer tablet with width 1000 and height 625.
04-05 13:42:33.619  3100  3100 I AndroidPanelApp: layerSupersample no changes
04-05 13:42:33.623  3617  3686 I chatty  : uid=10021(com.oculus.vrshell) ShellOverlayVR expire 3 lines
04-05 13:42:33.623  1898  3683 I VrRuntimeService: UpdateAndroidSurfaceSwapChainDimensions: 451: 1000x625
04-05 13:42:33.624  3100  3100 V [SUI] BarView: Notifs badge count: 2, Messenger badge count 0
04-05 13:42:33.624   697   964 I netd    : firewallSetUidRule(2, 10052, 2) <0.04ms>
04-05 13:42:33.624  1898  3683 I VrRuntimeService: UpdateSwapChainSamplerState: 451
04-05 13:42:33.624  1898  3683 I VrRuntimeService: UpdateSwapChainSamplerState: minFilter=1 magFilter=1 wrapModeS=3 warpModeT=3 maxAniso=1.000000 border={0.000000,0.000000,0.000000,0.000000} swizzle={0,1,2,3}
04-05 13:42:33.625  3100  3100 D [SUI] NotificationBroadcastReceiver: action: com.oculus.intent.action.NOTIF_CHANGE
04-05 13:42:33.627   825  1691 I chatty  : uid=1000(system) Binder:825_4 identical 7 lines
04-05 13:42:33.629   825  1691 E TrackingService: attachClient: found client in attached list
04-05 13:42:33.630   825   825 E TrackingService: attachClient: found client in attached list
04-05 13:42:33.631   825   825 I chatty  : uid=1000(system) /system/bin/trackingservice identical 1 line
04-05 13:42:33.633   825   825 E TrackingService: attachClient: found client in attached list
04-05 13:42:33.636   825  1691 E TrackingService: attachClient: found client in attached list
04-05 13:42:33.639   825  1691 I chatty  : uid=1000(system) Binder:825_4 identical 1 line
04-05 13:42:33.639   825  1691 E TrackingService: attachClient: found client in attached list
04-05 13:42:33.643  1073  1221 D ConnectivityService: Blocked status changed to true for 10052(40) on netId 100
04-05 13:42:33.650  1849  1849 E OVRMediaServiceManager: LivestreamingManager Not initialized
04-05 13:42:33.651   825  3000 E TrackingService: attachClient: found client in attached list
04-05 13:42:33.655   825  3000 I chatty  : uid=1000(system) Binder:825_5 identical 1 line
04-05 13:42:33.659   825  3000 E TrackingService: attachClient: found client in attached list
04-05 13:42:33.660   825  1691 E TrackingService: attachClient: found client in attached list
04-05 13:42:33.662  3100 24807 E memtrack: Couldn't load memtrack module
04-05 13:42:33.662  3100 24807 W android.os.Debug: failed to get memory consumption info: -1
04-05 13:42:33.664  1560  1560 D OculusNotificationListenerService: Notification posted: 0|android|0|com.android.server.wm.AlertWindowNotification - com.oculus.vrshell|1000
04-05 13:42:33.665 23683 23814 I chatty  : uid=10194(com.epicgames.PruebaVR) expire 2 lines
04-05 13:42:33.667  3100  3100 D [SUI] NotificationBroadcastReceiver: action: com.oculus.intent.action.NOTIF_CHANGE
04-05 13:42:33.668   825  1691 E TrackingService: attachClient: found client in attached list
04-05 13:42:33.670   825  3000 E TrackingService: attachClient: found client in attached list
04-05 13:42:33.671   825  1691 E TrackingService: attachClient: found client in attached list
04-05 13:42:33.677  1540  1572 I nifiedtelemetr: Background young concurrent copying GC freed 32711(1975KB) AllocSpace objects, 6(248KB) LOS objects, 34% free, 3511KB/5375KB, paused 2.395ms total 105.161ms
04-05 13:42:33.678  3617  3617 I chatty  : uid=10021(com.oculus.vrshell) ShellOverlayMai expire 4 lines
04-05 13:42:33.701  3100  3100 I AndroidPanelApp: Processing next frame action "layerShow" for layer "tablet"
04-05 13:42:33.704  1073  1122 I DisplayManagerService: Display device changed state: "com.oculus.android_panel_app.AndroidPanelLayer-tablet", ON
04-05 13:42:33.704  3617  3629 I chatty  : uid=10021(com.oculus.vrshell) HeapTaskDaemon expire 1 line
04-05 13:42:33.710   697   964 I netd    : firewallSetUidRule(2, 10052, 1) <0.02ms>
04-05 13:42:33.711  1073  1221 D ConnectivityService: Blocked status changed to false for 10052(40) on netId 100
04-05 13:42:33.713   825  1691 I chatty  : uid=1000(system) Binder:825_4 identical 12 lines
04-05 13:42:33.721   825  1691 E TrackingService: attachClient: found client in attached list
04-05 13:42:33.722  1073  3460 E WindowManager: App trying to use insecure INPUT_FEATURE_NO_INPUT_CHANNEL flag. Ignoring
04-05 13:42:33.724  3100  3100 I [SUI] AnytimeUIAndroidPanelApp: handleGenericMessage dismissNotificationToast 0|android|0|com.android.server.wm.AlertWindowNotification - com.oculus.vrshell|1000
04-05 13:42:33.725  3100  3100 V [SUI] AnytimeUIAndroidPanelApp: Scheduling a toast layer close
04-05 13:42:33.728   825  3000 E TrackingService: attachClient: found client in attached list
04-05 13:42:33.728  3100  3100 V [SUI] BarView: Notifs badge count: 2, Messenger badge count 0
04-05 13:42:33.729   825  3000 E TrackingService: attachClient: found client in attached list
04-05 13:42:33.731  3100  3100 W ConstraintHelper: Could not find id of "screenshot_button_icon"
04-05 13:42:33.731  3100  3100 W ConstraintHelper: Could not find id of "screen_recording_button_icon"
04-05 13:42:33.732  3100  3100 W ConstraintHelper: Could not find id of "casting_button_icon"
04-05 13:42:33.732  3100  3100 W ConstraintHelper: Could not find id of "report_button_icon"
04-05 13:42:33.732   825  1691 E TrackingService: attachClient: found client in attached list
04-05 13:42:33.748   825  1691 I chatty  : uid=1000(system) Binder:825_4 identical 5 lines
04-05 13:42:33.749  2166  2360 D AccessTokenWorker: doWork fetch accesstoken
04-05 13:42:33.756   825  1691 E TrackingService: attachClient: found client in attached list
04-05 13:42:33.759   825  3000 E TrackingService: attachClient: found client in attached list
04-05 13:42:33.759  2166  2209 E WM-WorkerWrapper: Didn't find WorkSpec for id 4b7cb297-3a77-4b6e-8fd4-4c17419f1f05
04-05 13:42:33.762   825  3000 I chatty  : uid=1000(system) Binder:825_5 identical 2 lines
04-05 13:42:33.763  1898  2099 I PerformanceManager_V0: SetClockLevels: Apply pending clock request change: 2,4 -> 3,4
04-05 13:42:33.763  1898 23602 I Clocks  : ReleaseClocks - start
04-05 13:42:33.764  1898 23602 I Clocks  : ReleaseClocks - end (0.6 ms)
04-05 13:42:33.764  1898 23602 I Clocks  : LockClocks( cpu=3, gpu=4 ) - start
04-05 13:42:33.764  1898 23602 I Clocks  : CPU levels [0, 4]
04-05 13:42:33.764  1898 23602 I Clocks  : GPU levels [0, 5]
04-05 13:42:33.765  1898 23602 I Clocks  : LockClocks( cpu=3, gpu=4 ) - end (0.6 ms)
04-05 13:42:33.771   825  3000 E TrackingService: attachClient: found client in attached list
04-05 13:42:33.775   825  1691 E TrackingService: attachClient: found client in attached list
04-05 13:42:33.776   825  1691 I chatty  : uid=1000(system) Binder:825_4 identical 1 line
04-05 13:42:33.777   825  1691 E TrackingService: attachClient: found client in attached list
04-05 13:42:33.784   825  3000 E TrackingService: attachClient: found client in attached list
04-05 13:42:33.785   825  1691 E TrackingService: attachClient: found client in attached list
04-05 13:42:33.786   825  3000 E TrackingService: attachClient: found client in attached list
04-05 13:42:33.787  1849  3226 W FirstPartyPackageRegistry: Error looking up app ID
04-05 13:42:33.787  1849  3226 W FirstPartyPackageRegistry: java.lang.SecurityException: Package is listed in registry but is not trusted first party: com.oculus.identitymanagement.service
04-05 13:42:33.787  1849  3226 W FirstPartyPackageRegistry: 	at X.0p3.A0a(:6)
04-05 13:42:33.787  1849  3226 W FirstPartyPackageRegistry: 	at com.oculus.auth.firstparty.FirstPartyPackageRegistry.lookupAppId(:39)
04-05 13:42:33.787  1849  3226 W FirstPartyPackageRegistry: 	at com.oculus.auth.firstparty.FirstPartyPackageRegistry.lookupOculusAppId(:2)
04-05 13:42:33.787  1849  3226 W FirstPartyPackageRegistry: 	at com.oculus.auth.authenticator.oculus.OculusAuthenticator.doGetAuthToken(:27)
04-05 13:42:33.787  1849  3226 W FirstPartyPackageRegistry: 	at com.oculus.auth.authenticator.common.BaseAuthenticator.getAuthToken(:97)
04-05 13:42:33.787  1849  3226 W FirstPartyPackageRegistry: 	at android.accounts.AbstractAccountAuthenticator$Transport.getAuthToken(AbstractAccountAuthenticator.java:246)
04-05 13:42:33.787  1849  3226 W FirstPartyPackageRegistry: 	at android.accounts.IAccountAuthenticator$Stub.onTransact(IAccountAuthenticator.java:282)
04-05 13:42:33.787  1849  3226 W FirstPartyPackageRegistry: 	at android.os.Binder.execTransactInternal(Binder.java:1021)
04-05 13:42:33.787  1849  3226 W FirstPartyPackageRegistry: 	at android.os.Binder.execTransact(Binder.java:994)
04-05 13:42:33.787  1849  3226 E AuthLogger: Action failed: OBTAIN_TOKEN, callingPackage: com.oculus.identitymanagement.service, accountType: com.oculus, tokenType: dsat, extras: {}, duration: 21ms
04-05 13:42:33.787  1849  3226 E AuthLogger: java.lang.SecurityException: Package is listed in registry but is not trusted first party: com.oculus.identitymanagement.service
04-05 13:42:33.787  1849  3226 E AuthLogger: 	at X.0p3.A0a(:6)
04-05 13:42:33.787  1849  3226 E AuthLogger: 	at com.oculus.auth.firstparty.FirstPartyPackageRegistry.lookupAppId(:39)
04-05 13:42:33.787  1849  3226 E AuthLogger: 	at com.oculus.auth.firstparty.FirstPartyPackageRegistry.lookupOculusAppId(:2)
04-05 13:42:33.787  1849  3226 E AuthLogger: 	at com.oculus.auth.authenticator.oculus.OculusAuthenticator.doGetAuthToken(:27)
04-05 13:42:33.787  1849  3226 E AuthLogger: 	at com.oculus.auth.authenticator.common.BaseAuthenticator.getAuthToken(:97)
04-05 13:42:33.787  1849  3226 E AuthLogger: 	at android.accounts.AbstractAccountAuthenticator$Transport.getAuthToken(AbstractAccountAuthenticator.java:246)
04-05 13:42:33.787  1849  3226 E AuthLogger: 	at android.accounts.IAccountAuthenticator$Stub.onTransact(IAccountAuthenticator.java:282)
04-05 13:42:33.787  1849  3226 E AuthLogger: 	at android.os.Binder.execTransactInternal(Binder.java:1021)
04-05 13:42:33.787  1849  3226 E AuthLogger: 	at android.os.Binder.execTransact(Binder.java:994)
04-05 13:42:33.788  1849  3226 W AccountAuthenticator: getAuthToken(Account {name=Oculus, type=com.oculus},dsat)
04-05 13:42:33.788  1849  3226 W AccountAuthenticator: java.lang.SecurityException: Package is listed in registry but is not trusted first party: com.oculus.identitymanagement.service
04-05 13:42:33.788  1849  3226 W AccountAuthenticator: 	at X.0p3.A0a(:6)
04-05 13:42:33.788  1849  3226 W AccountAuthenticator: 	at com.oculus.auth.firstparty.FirstPartyPackageRegistry.lookupAppId(:39)
04-05 13:42:33.788  1849  3226 W AccountAuthenticator: 	at com.oculus.auth.firstparty.FirstPartyPackageRegistry.lookupOculusAppId(:2)
04-05 13:42:33.788  1849  3226 W AccountAuthenticator: 	at com.oculus.auth.authenticator.oculus.OculusAuthenticator.doGetAuthToken(:27)
04-05 13:42:33.788  1849  3226 W AccountAuthenticator: 	at com.oculus.auth.authenticator.common.BaseAuthenticator.getAuthToken(:97)
04-05 13:42:33.788  1849  3226 W AccountAuthenticator: 	at android.accounts.AbstractAccountAuthenticator$Transport.getAuthToken(AbstractAccountAuthenticator.java:246)
04-05 13:42:33.788  1849  3226 W AccountAuthenticator: 	at android.accounts.IAccountAuthenticator$Stub.onTransact(IAccountAuthenticator.java:282)
04-05 13:42:33.788  1849  3226 W AccountAuthenticator: 	at android.os.Binder.execTransactInternal(Binder.java:1021)
04-05 13:42:33.788  1849  3226 W AccountAuthenticator: 	at android.os.Binder.execTransact(Binder.java:994)
04-05 13:42:33.791  2166  2360 E AccessTokenWorker: Query AccountManager.blockingGetAuthToken failed
04-05 13:42:33.791  2166  2360 E AccessTokenWorker: android.accounts.AuthenticatorException: getAuthToken failed
04-05 13:42:33.791  2166  2360 E AccessTokenWorker: 	at android.accounts.AccountManager.convertErrorToException(AccountManager.java:2529)
04-05 13:42:33.791  2166  2360 E AccessTokenWorker: 	at android.accounts.AccountManager.access$700(AccountManager.java:162)
04-05 13:42:33.791  2166  2360 E AccessTokenWorker: 	at android.accounts.AccountManager$AmsTask$Response.onError(AccountManager.java:2365)
04-05 13:42:33.791  2166  2360 E AccessTokenWorker: 	at android.accounts.IAccountManagerResponse$Stub.onTransact(IAccountManagerResponse.java:107)
04-05 13:42:33.791  2166  2360 E AccessTokenWorker: 	at android.os.Binder.execTransactInternal(Binder.java:1021)
04-05 13:42:33.791  2166  2360 E AccessTokenWorker: 	at android.os.Binder.execTransact(Binder.java:994)
04-05 13:42:33.806  1540 24810 W ContextImpl: Calling a method in the system process without a qualified user: android.app.ContextImpl.sendBroadcast:1057 android.content.ContextWrapper.sendBroadcast:448 X.o8.A00:143 X.oO.A00:17 X.oO.handleMessage:90 
04-05 13:42:33.807  2166  2217 I WM-WorkerWrapper: Worker result FAILURE for Work [ id=ca964687-ac86-4cef-8b6a-223361a0e06a, tags={ com.oculus.identitymanagement.service.workers.AccessTokenWorker } ]
04-05 13:42:33.820  1073  1221 D ConnectivityService: releasing NetworkRequest [ TRACK_DEFAULT id=40, [ Capabilities: INTERNET&NOT_RESTRICTED&TRUSTED Uid: 10052] ] (release request)
04-05 13:42:33.822   697   964 I netd    : firewallSetUidRule(2, 10052, 2) <0.03ms>
04-05 13:42:33.830   825  3000 I chatty  : uid=1000(system) Binder:825_5 identical 12 lines
04-05 13:42:33.831   825  3000 E TrackingService: attachClient: found client in attached list
04-05 13:42:33.838  3617  3686 I chatty  : uid=10021(com.oculus.vrshell) ShellOverlayVR expire 6 lines
04-05 13:42:33.839   825   825 E TrackingService: attachClient: found client in attached list
04-05 13:42:33.841   825   825 I chatty  : uid=1000(system) /system/bin/trackingservice identical 1 line
04-05 13:42:33.842   825   825 E TrackingService: attachClient: found client in attached list
04-05 13:42:33.843   825  3000 E TrackingService: attachClient: found client in attached list
04-05 13:42:33.853   825   825 E TrackingService: attachClient: found client in attached list
04-05 13:42:33.854   825  3000 E TrackingService: attachClient: found client in attached list
04-05 13:42:33.867   823  2667 W [CT]    : BOLTDEPTH: BoltDepthSystem: Invalid Bolt depth system state for core depth computation: PAUSED
04-05 13:42:33.872   825  3000 I chatty  : uid=1000(system) Binder:825_5 identical 5 lines
04-05 13:42:33.873   825  3000 E TrackingService: attachClient: found client in attached list
04-05 13:42:33.882   825   825 E TrackingService: attachClient: found client in attached list
04-05 13:42:33.883   825   825 I chatty  : uid=1000(system) /system/bin/trackingservice identical 1 line
04-05 13:42:33.885   825   825 E TrackingService: attachClient: found client in attached list
04-05 13:42:33.894   825  1691 E TrackingService: attachClient: found client in attached list
04-05 13:42:33.922  3100  3100 D [SUI] SocialViewModel: loadProfilePhotoUrl() - Fetched social viewer info, latency: 303ms
04-05 13:42:33.922  3100  3100 D [SUI] SocialViewModel: updateSocialViewerForObservers(): -$$Lambda$SystemStatusView$hvdttGlyfUmlGZJVTLPJRt2c5Fk
04-05 13:42:33.932  1898 23578 I SwapChain_Surface: AttachSurfaceSwapChainGLES: 0x778f867000 with SurfaceTexture 0x30b2 attached on init
04-05 13:42:33.939  1898 23578 I TimeWarpProgs: [0x77ac2c36d8] Built layerProgram 1:0x100048005:0x0 in 6.3 ms
04-05 13:42:33.948   825  1691 I chatty  : uid=1000(system) Binder:825_4 identical 16 lines
04-05 13:42:33.951  1540 24821 W ContextImpl: Calling a method in the system process without a qualified user: android.app.ContextImpl.sendBroadcast:1057 android.content.ContextWrapper.sendBroadcast:448 X.o8.A00:143 X.oO.A00:17 X.oO.handleMessage:90 
04-05 13:42:33.957   825  1691 E TrackingService: attachClient: found client in attached list
04-05 13:42:33.964   825  3000 E TrackingService: attachClient: found client in attached list
04-05 13:42:33.979  1540 24809 W ContextImpl: Calling a method in the system process without a qualified user: android.app.ContextImpl.sendBroadcast:1057 android.content.ContextWrapper.sendBroadcast:448 X.o8.A00:143 X.oO.A00:17 X.oO.handleMessage:90 
04-05 13:42:33.984   825  3000 I chatty  : uid=1000(system) Binder:825_5 identical 7 lines
04-05 13:42:33.986   825  3000 E TrackingService: attachClient: found client in attached list
04-05 13:42:33.987  2362  2362 W PartyNativeModuleManager: Calling nativeTearDown but native code wasn't initialized. Noop.
04-05 13:42:33.991   825  1691 E TrackingService: attachClient: found client in attached list
04-05 13:42:33.992   825  1691 E TrackingService: attachClient: found client in attached list
04-05 13:42:34.007   825  3000 E TrackingService: attachClient: found client in attached list
04-05 13:42:34.047  2188  3827 I VrGuardianService: GuardianSDKServer::SetGuardianHitDialog 1
04-05 13:42:34.054  3100  3100 D [SUI] SocialViewModel: refresPartyData()
04-05 13:42:34.120   825  3000 I chatty  : uid=1000(system) Binder:825_5 identical 34 lines
04-05 13:42:34.122   825  3000 E TrackingService: attachClient: found client in attached list
04-05 13:42:34.131   825  1691 E TrackingService: attachClient: found client in attached list
04-05 13:42:34.145  3100  3100 W [SUI] AsyncQueryHandlerBase: Callback reference is null
04-05 13:42:34.165 23683 23816 I chatty  : uid=10194(com.epicgames.PruebaVR) expire 929 lines
04-05 13:42:34.176 23683 23716 I chatty  : uid=10194(com.epicgames.PruebaVR) expire 399 lines
04-05 13:42:34.180   825  1691 I chatty  : uid=1000(system) Binder:825_4 identical 14 lines
04-05 13:42:34.181   825  1691 E TrackingService: attachClient: found client in attached list
04-05 13:42:34.188   825  3000 E TrackingService: attachClient: found client in attached list
04-05 13:42:34.261   825  3000 I chatty  : uid=1000(system) Binder:825_5 identical 22 lines
04-05 13:42:34.263   825  3000 E TrackingService: attachClient: found client in attached list
04-05 13:42:34.273   825  1691 E TrackingService: attachClient: found client in attached list
04-05 13:42:34.320   825 23581 I [CT]    : VIPER:MAP_MANAGER: State: TrackingPersistent, UUID=0236f00a-b7d0-2762-ceac-8516caac74a0, Num. Persistent maps = 3,  Persistent maps:9dafb6d2-7cce-fc48-79a1-27a9abfd876d,0236f00a-b7d0-2762-ceac-8516caac74a0,bc705666-18f7-3b7b-46c2-e61fa37bbbc9,
04-05 13:42:34.359   825  1691 I chatty  : uid=1000(system) Binder:825_4 identical 23 lines
04-05 13:42:34.360   825 23581 I [CT]    : VIPER: Mode=Vega,Status=6DoF,TRACKING,KF=-1,Inl=267,Pts=0,Mem=76.4,Jit=0.1mm,Issues(Cam/min=0.0,IMU/min=0.0),Exp=(5.2ms,g=3.0,I=77,Ir=4947.3)(3.8ms,g=2.0,I=86,Ir=11209.7)(3.8ms,g=2.0,I=78,Ir=10201.0)(1.8ms,g=1.0,I=77,Ir=41912.3)
04-05 13:42:34.369   825  1691 E TrackingService: attachClient: found client in attached list
04-05 13:42:34.371   825  3000 E TrackingService: attachClient: found client in attached list
04-05 13:42:34.429   825  3000 I chatty  : uid=1000(system) Binder:825_5 identical 18 lines
04-05 13:42:34.430   825  3000 E TrackingService: attachClient: found client in attached list
04-05 13:42:34.430  1641  2550 I [CT]    : MIXEDREALITY: MrServiceView: renderIteration: (every 10 seconds), screen is: ON, PT is: ON, ID is: OFF
04-05 13:42:34.432   825  1691 E TrackingService: attachClient: found client in attached list
04-05 13:42:34.462   825  1691 I chatty  : uid=1000(system) Binder:825_4 identical 5 lines
04-05 13:42:34.464   825  1691 E TrackingService: attachClient: found client in attached list
04-05 13:42:34.465   825   825 E TrackingService: attachClient: found client in attached list
04-05 13:42:34.471  1325  1325 V AvrcpMediaPlayerList: mPackageChangedBroadcastReceiver: action: android.intent.action.PACKAGE_CHANGED
04-05 13:42:34.471  1325  1325 D AvrcpMediaPlayerList: Name of package changed: com.oculus.identitymanagement.service
04-05 13:42:34.474  1073  1127 W Searchables: No global search activity found
04-05 13:42:34.475  1073  1127 W VoiceInteractionManagerService: no available voice interaction services found for user 0
04-05 13:42:34.476  1073  1188 I InputReader: Reconfiguring input devices.  changes=0x00000010
04-05 13:42:34.494  3617 24793 I chatty  : uid=10021(com.oculus.vrshell) ShellOverlayMai expire 1 line
04-05 13:42:34.499   825   825 I chatty  : uid=1000(system) /system/bin/trackingservice identical 8 lines
04-05 13:42:34.499  3100  3100 D [SUI] SocialViewModel: Fetched party: null 
04-05 13:42:34.499  3100  3100 D [SUI] SocialViewModel: setParty() - no change
04-05 13:42:34.500   825   825 E TrackingService: attachClient: found client in attached list
04-05 13:42:34.507   825  1691 E TrackingService: attachClient: found client in attached list
04-05 13:42:34.513   825  1691 I chatty  : uid=1000(system) Binder:825_4 identical 2 lines
04-05 13:42:34.514   825  1691 E TrackingService: attachClient: found client in attached list
04-05 13:42:34.521   825   825 E TrackingService: attachClient: found client in attached list
04-05 13:42:34.525   825   825 I chatty  : uid=1000(system) /system/bin/trackingservice identical 2 lines
04-05 13:42:34.526   825   825 E TrackingService: attachClient: found client in attached list
04-05 13:42:34.535   825  1691 E TrackingService: attachClient: found client in attached list
04-05 13:42:34.597   825  1691 I chatty  : uid=1000(system) Binder:825_4 identical 18 lines
04-05 13:42:34.598   825  1691 E TrackingService: attachClient: found client in attached list
04-05 13:42:34.609   825   825 E TrackingService: attachClient: found client in attached list
04-05 13:42:34.641   825   825 I chatty  : uid=1000(system) /system/bin/trackingservice identical 10 lines
04-05 13:42:34.641   825   825 E TrackingService: attachClient: found client in attached list
04-05 13:42:34.652   825  1691 E TrackingService: attachClient: found client in attached list
04-05 13:42:34.653   825  1691 I chatty  : uid=1000(system) Binder:825_4 identical 1 line
04-05 13:42:34.655   825  1691 E TrackingService: attachClient: found client in attached list
04-05 13:42:34.657   825   825 E TrackingService: attachClient: found client in attached list
04-05 13:42:34.663  1641  2550 I [CT]    : MIXEDREALITY: MrServiceModel: commitLayerState: (every 10 seconds), ImagesAndCompute: false, ImagesOnly: false, NoRequirement: true.
04-05 13:42:34.702   825   825 I chatty  : uid=1000(system) /system/bin/trackingservice identical 12 lines
04-05 13:42:34.712   825   825 E TrackingService: attachClient: found client in attached list
04-05 13:42:34.716   825  1691 E TrackingService: attachClient: found client in attached list
04-05 13:42:34.717   825   825 E TrackingService: attachClient: found client in attached list
04-05 13:42:34.743   825   825 I chatty  : uid=1000(system) /system/bin/trackingservice identical 7 lines
04-05 13:42:34.745   825   825 E TrackingService: attachClient: found client in attached list
04-05 13:42:34.747   825  1691 E TrackingService: attachClient: found client in attached list
04-05 13:42:34.755   825 23504 I [CT]    : boltlib: DSP utilization: 6.68 % (334 / 5003 ms)
04-05 13:42:34.776   825  1691 I chatty  : uid=1000(system) Binder:825_4 identical 7 lines
04-05 13:42:34.777   825  1691 E TrackingService: attachClient: found client in attached list
04-05 13:42:34.786   825   825 E TrackingService: attachClient: found client in attached list
04-05 13:42:34.803   825   825 I chatty  : uid=1000(system) /system/bin/trackingservice identical 6 lines
04-05 13:42:34.805   825   825 E TrackingService: attachClient: found client in attached list
04-05 13:42:34.814   825  3000 E TrackingService: attachClient: found client in attached list
04-05 13:42:34.847   825  3000 I chatty  : uid=1000(system) Binder:825_5 identical 10 lines
04-05 13:42:34.848   825  3000 E TrackingService: attachClient: found client in attached list
04-05 13:42:34.857   825   825 E TrackingService: attachClient: found client in attached list
04-05 13:42:34.862   825   825 I chatty  : uid=1000(system) /system/bin/trackingservice identical 3 lines
04-05 13:42:34.872   825   825 E TrackingService: attachClient: found client in attached list
04-05 13:42:34.873   825  3000 E TrackingService: attachClient: found client in attached list
04-05 13:42:35.019   825  3000 I chatty  : uid=1000(system) Binder:825_5 identical 35 lines
04-05 13:42:35.020   825  3000 E TrackingService: attachClient: found client in attached list
04-05 13:42:35.022   825  1691 E TrackingService: attachClient: found client in attached list
04-05 13:42:35.040   825  1691 I chatty  : uid=1000(system) Binder:825_4 identical 5 lines
04-05 13:42:35.048   825  1691 E TrackingService: attachClient: found client in attached list
04-05 13:42:35.051   825  3000 E TrackingService: attachClient: found client in attached list
04-05 13:42:35.067   823  2667 W [CT]    : BOLTDEPTH: BoltDepthSystem: Invalid Bolt depth system state for core depth computation: PAUSED
04-05 13:42:35.094  1898 23578 I TimeWarpProgs: [0x77ac2c36d8] Built layerProgram 1:0x100048007:0x0 in 6.2 ms
04-05 13:42:35.180   825  3000 I chatty  : uid=1000(system) Binder:825_5 identical 33 lines
04-05 13:42:35.181   825  3000 E TrackingService: attachClient: found client in attached list
04-05 13:42:35.190   825  1691 E TrackingService: attachClient: found client in attached list
04-05 13:42:35.227   825  1691 I chatty  : uid=1000(system) Binder:825_4 identical 8 lines
04-05 13:42:35.229   825  1691 E TrackingService: attachClient: found client in attached list
04-05 13:42:35.231   825  3000 E TrackingService: attachClient: found client in attached list
04-05 13:42:35.277   825  3000 I chatty  : uid=1000(system) Binder:825_5 identical 11 lines
04-05 13:42:35.278   825  3000 E TrackingService: attachClient: found client in attached list
04-05 13:42:35.279   825   825 E TrackingService: attachClient: found client in attached list
04-05 13:42:35.334   825   825 I chatty  : uid=1000(system) /system/bin/trackingservice identical 11 lines
04-05 13:42:35.336   825   825 E TrackingService: attachClient: found client in attached list
04-05 13:42:35.343   825  1259 E TrackingService: attachClient: found client in attached list
04-05 13:42:35.345   825  1259 I chatty  : uid=1000(system) Binder:825_2 identical 2 lines
04-05 13:42:35.345   825  1259 E TrackingService: attachClient: found client in attached list
04-05 13:42:35.357   825   825 E TrackingService: attachClient: found client in attached list
04-05 13:42:35.359   825   825 I chatty  : uid=1000(system) /system/bin/trackingservice identical 1 line
04-05 13:42:35.360   825   825 E TrackingService: attachClient: found client in attached list
04-05 13:42:35.362   825  1259 E TrackingService: attachClient: found client in attached list
04-05 13:42:35.417   825  1259 I chatty  : uid=1000(system) Binder:825_2 identical 15 lines
04-05 13:42:35.418   825  1259 E TrackingService: attachClient: found client in attached list
04-05 13:42:35.429   825   825 E TrackingService: attachClient: found client in attached list
04-05 13:42:35.432   825   825 I chatty  : uid=1000(system) /system/bin/trackingservice identical 2 lines
04-05 13:42:35.433   825   825 E TrackingService: attachClient: found client in attached list
04-05 13:42:35.442   825  1259 E TrackingService: attachClient: found client in attached list
04-05 13:42:35.472   825  1259 I chatty  : uid=1000(system) Binder:825_2 identical 8 lines
04-05 13:42:35.473   825  1259 E TrackingService: attachClient: found client in attached list
04-05 13:42:35.475   825   825 E TrackingService: attachClient: found client in attached list
04-05 13:42:35.490  2188  2652 I VrRuntimeDeviceConfigClient: GetBoolean: oculus_mobile_disable_non_hands_app_hands_usage 0
04-05 13:42:35.490  2188  2652 I VrRuntimeDeviceConfigClient: GetBoolean: oculus_keyboard_telemetry 0
04-05 13:42:35.528  1641  2657 I VrRuntimeDeviceConfigClient: GetBoolean: oculus_mobile_disable_non_hands_app_hands_usage 0
04-05 13:42:35.528  1641  2657 I VrRuntimeDeviceConfigClient: GetBoolean: oculus_keyboard_telemetry 0
04-05 13:42:35.595   825   825 I chatty  : uid=1000(system) /system/bin/trackingservice identical 31 lines
04-05 13:42:35.596   825   825 E TrackingService: attachClient: found client in attached list
04-05 13:42:35.598   825  1259 E TrackingService: attachClient: found client in attached list
04-05 13:42:35.651   825  1259 I chatty  : uid=1000(system) Binder:825_2 identical 13 lines
04-05 13:42:35.653   825  1259 E TrackingService: attachClient: found client in attached list
04-05 13:42:35.654   825   825 E TrackingService: attachClient: found client in attached list
04-05 13:42:35.684   825   825 I chatty  : uid=1000(system) /system/bin/trackingservice identical 8 lines
04-05 13:42:35.685   825   825 E TrackingService: attachClient: found client in attached list
04-05 13:42:35.695   825  1259 E TrackingService: attachClient: found client in attached list
04-05 13:42:35.753   825  1259 I chatty  : uid=1000(system) Binder:825_2 identical 14 lines
04-05 13:42:35.754   825  1259 E TrackingService: attachClient: found client in attached list
04-05 13:42:35.760   825  3000 E TrackingService: attachClient: found client in attached list
04-05 13:42:35.776 23683 23814 I chatty  : uid=10194(com.epicgames.PruebaVR) expire 4 lines
04-05 13:42:35.778   825  3000 I chatty  : uid=1000(system) Binder:825_5 identical 6 lines
04-05 13:42:35.781   825  3000 E TrackingService: attachClient: found client in attached list
04-05 13:42:35.788   825  1259 E TrackingService: attachClient: found client in attached list
04-05 13:42:35.790   825  1259 I chatty  : uid=1000(system) Binder:825_2 identical 1 line
04-05 13:42:35.792   825  1259 E TrackingService: attachClient: found client in attached list
04-05 13:42:35.793   825  3000 E TrackingService: attachClient: found client in attached list
04-05 13:42:35.803   825  1259 E TrackingService: attachClient: found client in attached list
04-05 13:42:35.957   825  1259 I chatty  : uid=1000(system) Binder:825_2 identical 43 lines
04-05 13:42:35.966   825  1259 E TrackingService: attachClient: found client in attached list
04-05 13:42:35.969   825  1691 E TrackingService: attachClient: found client in attached list
04-05 13:42:35.971   825  1259 E TrackingService: attachClient: found client in attached list
04-05 13:42:36.014   825  1259 I chatty  : uid=1000(system) Binder:825_2 identical 12 lines
04-05 13:42:36.017   825  1259 E TrackingService: attachClient: found client in attached list
04-05 13:42:36.025   825  1691 E TrackingService: attachClient: found client in attached list
04-05 13:42:36.044   825  1691 I chatty  : uid=1000(system) Binder:825_4 identical 6 lines
04-05 13:42:36.046   825  1691 E TrackingService: attachClient: found client in attached list
04-05 13:42:36.056   825  1259 E TrackingService: attachClient: found client in attached list
04-05 13:42:36.086   825  1259 I chatty  : uid=1000(system) Binder:825_2 identical 8 lines
04-05 13:42:36.089   825  1259 E TrackingService: attachClient: found client in attached list
04-05 13:42:36.090   735 23521 W SensorService: Unknown packet type (20) received
04-05 13:42:36.091   825  1259 E TrackingService: attachClient: found client in attached list
04-05 13:42:36.095   825  3000 E TrackingService: attachClient: found client in attached list
04-05 13:42:36.103   825  3000 I chatty  : uid=1000(system) Binder:825_5 identical 3 lines
04-05 13:42:36.104   825  3000 E TrackingService: attachClient: found client in attached list
04-05 13:42:36.118   825  1259 E TrackingService: attachClient: found client in attached list
04-05 13:42:36.120   825  1259 E TrackingService: attachClient: found client in attached list
04-05 13:42:36.122   825  3000 E TrackingService: attachClient: found client in attached list
04-05 13:42:36.140   825  3000 I chatty  : uid=1000(system) Binder:825_5 identical 5 lines
04-05 13:42:36.145 23683 23718 I chatty  : uid=10194(com.epicgames.PruebaVR) expire 1 line
04-05 13:42:36.148   825  3000 E TrackingService: attachClient: found client in attached list
04-05 13:42:36.150   825   825 E TrackingService: attachClient: found client in attached list
04-05 13:42:36.151   825  3000 E TrackingService: attachClient: found client in attached list
04-05 13:42:36.167   825  3000 I chatty  : uid=1000(system) Binder:825_5 identical 3 lines
04-05 13:42:36.169   825  3000 E TrackingService: attachClient: found client in attached list
04-05 13:42:36.170   825   825 E TrackingService: attachClient: found client in attached list
04-05 13:42:36.178   825  3000 E TrackingService: attachClient: found client in attached list
04-05 13:42:36.225   825  3000 I chatty  : uid=1000(system) Binder:825_5 identical 14 lines
04-05 13:42:36.227   825  3000 E TrackingService: attachClient: found client in attached list
04-05 13:42:36.237   825   825 E TrackingService: attachClient: found client in attached list
04-05 13:42:36.267   823  2667 W [CT]    : BOLTDEPTH: BoltDepthSystem: Invalid Bolt depth system state for core depth computation: PAUSED
04-05 13:42:36.267   823  2667 W [CT]    : MIXEDREALITY: StereoPipeline: computeCoreDepth: Core stereo computation failed.
04-05 13:42:36.328   825   825 I chatty  : uid=1000(system) /system/bin/trackingservice identical 25 lines
04-05 13:42:36.329   825   825 E TrackingService: attachClient: found client in attached list
04-05 13:42:36.330   825  3000 E TrackingService: attachClient: found client in attached list
04-05 13:42:36.376   825  3000 I chatty  : uid=1000(system) Binder:825_5 identical 11 lines
04-05 13:42:36.376   825  3000 E TrackingService: attachClient: found client in attached list
04-05 13:42:36.387   825   825 E TrackingService: attachClient: found client in attached list
04-05 13:42:36.389   825   825 I chatty  : uid=1000(system) /system/bin/trackingservice identical 2 lines
04-05 13:42:36.390   825   825 E TrackingService: attachClient: found client in attached list
04-05 13:42:36.401   825  3000 E TrackingService: attachClient: found client in attached list
04-05 13:42:36.505   825  3000 I chatty  : uid=1000(system) Binder:825_5 identical 31 lines
04-05 13:42:36.505   825  3000 E TrackingService: attachClient: found client in attached list
04-05 13:42:36.506   825   825 E TrackingService: attachClient: found client in attached list
04-05 13:42:36.560  3100  3100 I [SUI] AnytimeUIAndroidPanelApp: handleGenericMessage tooltipShow {"tooltipId":"anytime_tablet_destination_ui_v2_casting_button","text":"Cast","position":"top","hostLayerName":"tablet","hostLayerUCoordinate":0.1850000023841858,"hostLayerVCoordinate":0.2735999822616577}
04-05 13:42:36.561  3100  3100 I [SUI] AnytimeUIAndroidPanelApp: showTooltip (configuring Android tooltip view) -  {"tooltipId":"anytime_tablet_destination_ui_v2_casting_button","text":"Cast","position":"top","hostLayerName":"tablet","hostLayerUCoordinate":0.1850000023841858,"hostLayerVCoordinate":0.2735999822616577}
04-05 13:42:36.561  3100  3100 I AndroidPanelApp: HideLayer(tooltip, shape: 1, shouldMinimizeLayer: false)
04-05 13:42:36.562  1073 10942 I DisplayManagerService: Display device added: DisplayDeviceInfo{"com.oculus.android_panel_app.AndroidPanelLayer-tooltip": uniqueId="virtual:com.oculus.systemux,10032,com.oculus.android_panel_app.AndroidPanelLayer-tooltip,0", 1250 x 1250, modeId 197, defaultModeId 197, supportedModes [{id=197, width=1250, height=1250, fps=60.0}], colorMode 0, supportedColorModes [0], HdrCapabilities null, density 200, 200.0 x 200.0 dpi, appVsyncOff 0, presDeadline 16666666, touch NONE, rotation 0, type VIRTUAL, state OFF, owner com.oculus.systemux (uid 10032), FLAG_PRIVATE, FLAG_NEVER_BLANK, FLAG_OWN_CONTENT_ONLY}
04-05 13:42:36.567  3100  3100 I [SUI] TooltipView: TooltipView created
04-05 13:42:36.568  3100  3100 I [SUI] TooltipView: Initializing TooltipView
04-05 13:42:36.568  3100  3100 I [SUI] TooltipView: Configuring TooltipView -  {"tooltipId":"anytime_tablet_destination_ui_v2_casting_button","text":"Cast","position":"top","hostLayerName":"tablet","hostLayerUCoordinate":0.1850000023841858,"hostLayerVCoordinate":0.2735999822616577}
04-05 13:42:36.570  1073 10942 I DisplayManagerService: Display device removed: DisplayDeviceInfo{"com.oculus.android_panel_app.AndroidPanelLayer-tooltip": uniqueId="virtual:com.oculus.systemux,10032,com.oculus.android_panel_app.AndroidPanelLayer-tooltip,0", 1250 x 1250, modeId 197, defaultModeId 197, supportedModes [{id=197, width=1250, height=1250, fps=60.0}], colorMode 0, supportedColorModes [0], HdrCapabilities null, density 200, 200.0 x 200.0 dpi, appVsyncOff 0, presDeadline 16666666, touch NONE, rotation 0, type VIRTUAL, state OFF, owner com.oculus.systemux (uid 10032), FLAG_PRIVATE, FLAG_NEVER_BLANK, FLAG_OWN_CONTENT_ONLY}
04-05 13:42:36.571  1073 10942 I DisplayManagerService: Display device added: DisplayDeviceInfo{"com.oculus.android_panel_app.AndroidPanelLayer-tooltip": uniqueId="virtual:com.oculus.systemux,10032,com.oculus.android_panel_app.AndroidPanelLayer-tooltip,0", 67 x 65, modeId 198, defaultModeId 198, supportedModes [{id=198, width=67, height=65, fps=60.0}], colorMode 0, supportedColorModes [0], HdrCapabilities null, density 200, 200.0 x 200.0 dpi, appVsyncOff 0, presDeadline 16666666, touch NONE, rotation 0, type VIRTUAL, state OFF, owner com.oculus.systemux (uid 10032), FLAG_PRIVATE, FLAG_NEVER_BLANK, FLAG_OWN_CONTENT_ONLY}
04-05 13:42:36.573  3100  3100 I AndroidPanelApp: Processing pending hide layer for layer tooltip.
04-05 13:42:36.573  3100  3100 I AndroidPanelApp: Processing pending show layer info for layer tooltip with width 67 and height 65.
04-05 13:42:36.573  3100  3100 I AndroidPanelApp: layerSupersample no changes
04-05 13:42:36.584  1073  1120 W InputReader: Device has associated, but no associated display id.
04-05 13:42:36.589  1073  1122 W InputReader: Device has associated, but no associated display id.
04-05 13:42:36.589  1073  1122 I ActivityTaskManager: Override config changes=20005df8 {0.0 ?mcc?mnc ?localeList ?layoutDir sw1000dp w1000dp h1000dp 200dpi xlrg port ?uimode ?night -touch qwerty/v/v -nav/h winConfig={ mBounds=Rect(0, 0 - 1250, 1250) mAppBounds=Rect(0, 0 - 1250, 1250) mWindowingMode=fullscreen mDisplayWindowingMode=fullscreen mActivityType=undefined mAlwaysOnTop=undefined mRotation=ROTATION_0}} for displayId=192
04-05 13:42:36.589  3100  3100 I AndroidPanelApp: Processing next frame action "layerShow" for layer "tooltip"
04-05 13:42:36.591  1073  1122 I DisplayManagerService: Display device changed state: "com.oculus.android_panel_app.AndroidPanelLayer-tooltip", ON
04-05 13:42:36.605  1073  1120 W InputReader: Device has associated, but no associated display id.
04-05 13:42:36.608   825   825 I chatty  : uid=1000(system) /system/bin/trackingservice identical 27 lines
04-05 13:42:36.609   825   825 E TrackingService: attachClient: found client in attached list
04-05 13:42:36.610   825  3000 E TrackingService: attachClient: found client in attached list
04-05 13:42:36.612  1073  1120 E SurfaceFlinger: captureScreen failed to readInt32: -22
04-05 13:42:36.612  1073  1120 W WindowManager: Unable to take screenshot of display 193
04-05 13:42:36.617  1073 10942 E WindowManager: App trying to use insecure INPUT_FEATURE_NO_INPUT_CHANNEL flag. Ignoring
04-05 13:42:36.628  1073  1122 W InputReader: Device has associated, but no associated display id.
04-05 13:42:36.629  1073  1122 I ActivityTaskManager: Override config changes=20005df8 {0.0 ?mcc?mnc ?localeList ?layoutDir sw52dp w53dp h52dp 200dpi smll land ?uimode ?night -touch qwerty/v/v -nav/h winConfig={ mBounds=Rect(0, 0 - 67, 65) mAppBounds=Rect(0, 0 - 67, 65) mWindowingMode=fullscreen mDisplayWindowingMode=fullscreen mActivityType=undefined mAlwaysOnTop=undefined mRotation=ROTATION_0}} for displayId=193
04-05 13:42:36.630  1073  1122 I WindowManager: Screen frozen for +24ms due to new-config
04-05 13:42:36.638   825  3000 I chatty  : uid=1000(system) Binder:825_5 identical 5 lines
04-05 13:42:36.639   825  3000 E TrackingService: attachClient: found client in attached list
04-05 13:42:36.642   825   825 E TrackingService: attachClient: found client in attached list
04-05 13:42:36.643   825   825 E TrackingService: attachClient: found client in attached list
04-05 13:42:36.652  1898  3683 I VrRuntimeService: CreateSwapChain: 2377537138
04-05 13:42:36.652  1898  3683 I VrRuntimeService: CreateSwapChain: api:gles 0 0x8c43 67 65 7 2 1 0 3
04-05 13:42:36.652   825  3000 E TrackingService: attachClient: found client in attached list
04-05 13:42:36.653  1898  3683 I VrRuntimeServer: CreateTextureSwapChain: result importswapchaingles 1
04-05 13:42:36.657  3617  3686 I chatty  : uid=10021(com.oculus.vrshell) ShellOverlayVR expire 55 lines
04-05 13:42:36.657  1898  3683 I VrRuntimeService: UpdateSwapChainSamplerState: 464
04-05 13:42:36.657  1898  3683 I VrRuntimeService: UpdateSwapChainSamplerState: minFilter=1 magFilter=1 wrapModeS=3 warpModeT=3 maxAniso=1.000000 border={0.000000,0.000000,0.000000,0.000000} swizzle={0,1,2,3}
04-05 13:42:36.673   825  3000 I chatty  : uid=1000(system) Binder:825_5 identical 6 lines
04-05 13:42:36.674   825  3000 E TrackingService: attachClient: found client in attached list
04-05 13:42:36.681   825   825 E TrackingService: attachClient: found client in attached list
04-05 13:42:36.709  1898 23578 I TimeWarpProgs: [0x77ac2c36d8] Built layerProgram 0:0x100048007:0x0 in 6.3 ms
04-05 13:42:36.716   825   825 I chatty  : uid=1000(system) /system/bin/trackingservice identical 9 lines
04-05 13:42:36.718   825   825 E TrackingService: attachClient: found client in attached list
04-05 13:42:36.720   825  3000 E TrackingService: attachClient: found client in attached list
04-05 13:42:36.731   825  3000 I chatty  : uid=1000(system) Binder:825_5 identical 3 lines
04-05 13:42:36.731   825  3000 E TrackingService: attachClient: found client in attached list
04-05 13:42:36.740   825   825 E TrackingService: attachClient: found client in attached list
04-05 13:42:36.768   825   825 I chatty  : uid=1000(system) /system/bin/trackingservice identical 7 lines
04-05 13:42:36.777   825   825 E TrackingService: attachClient: found client in attached list
04-05 13:42:36.779   825  3000 E TrackingService: attachClient: found client in attached list
04-05 13:42:36.795   825  3000 I chatty  : uid=1000(system) Binder:825_5 identical 5 lines
04-05 13:42:36.796   825  3000 E TrackingService: attachClient: found client in attached list
04-05 13:42:36.805   825   825 E TrackingService: attachClient: found client in attached list
04-05 13:42:36.812   825   825 I chatty  : uid=1000(system) /system/bin/trackingservice identical 6 lines
04-05 13:42:36.813   825   825 E TrackingService: attachClient: found client in attached list
04-05 13:42:36.820   825  3000 E TrackingService: attachClient: found client in attached list
04-05 13:42:36.823   825  3000 I chatty  : uid=1000(system) Binder:825_5 identical 2 lines
04-05 13:42:36.824   825  3000 E TrackingService: attachClient: found client in attached list
04-05 13:42:36.843   825   825 E TrackingService: attachClient: found client in attached list
04-05 13:42:36.852  1540 24834 W ContextImpl: Calling a method in the system process without a qualified user: android.app.ContextImpl.sendBroadcast:1057 android.content.ContextWrapper.sendBroadcast:448 X.o8.A00:143 X.oO.A00:17 X.oO.handleMessage:90 
04-05 13:42:36.872   825   825 I chatty  : uid=1000(system) /system/bin/trackingservice identical 8 lines
04-05 13:42:36.874   825   825 E TrackingService: attachClient: found client in attached list
04-05 13:42:36.875   825  3000 E TrackingService: attachClient: found client in attached list
04-05 13:42:36.881   825  3000 E TrackingService: attachClient: found client in attached list
04-05 13:42:36.889   825   825 E TrackingService: attachClient: found client in attached list
04-05 13:42:36.934   825   825 I chatty  : uid=1000(system) /system/bin/trackingservice identical 13 lines
04-05 13:42:36.934   825   825 E TrackingService: attachClient: found client in attached list
04-05 13:42:36.935   825  3000 E TrackingService: attachClient: found client in attached list
04-05 13:42:36.964   825  3000 I chatty  : uid=1000(system) Binder:825_5 identical 6 lines
04-05 13:42:36.967   825  3000 E TrackingService: attachClient: found client in attached list
04-05 13:42:36.967   825   825 E TrackingService: attachClient: found client in attached list
04-05 13:42:36.982   825   825 I chatty  : uid=1000(system) /system/bin/trackingservice identical 4 lines
04-05 13:42:36.996   825   825 E TrackingService: attachClient: found client in attached list
04-05 13:42:37.001   825  1691 E TrackingService: attachClient: found client in attached list
04-05 13:42:37.017   825  1691 I chatty  : uid=1000(system) Binder:825_4 identical 6 lines
04-05 13:42:37.025   825  1691 E TrackingService: attachClient: found client in attached list
04-05 13:42:37.028 23683 23716 I chatty  : uid=10194(com.epicgames.PruebaVR) expire 156 lines
04-05 13:42:37.028 23683 23816 I chatty  : uid=10194(com.epicgames.PruebaVR) expire 354 lines
04-05 13:42:37.028   825  3000 E TrackingService: attachClient: found client in attached list
04-05 13:42:37.029   825  3000 I chatty  : uid=1000(system) Binder:825_5 identical 1 line
04-05 13:42:37.030   825  3000 E TrackingService: attachClient: found client in attached list
04-05 13:42:37.042   825   825 E TrackingService: attachClient: found client in attached list
04-05 13:42:37.044   825   825 I chatty  : uid=1000(system) /system/bin/trackingservice identical 1 line
04-05 13:42:37.045   825   825 E TrackingService: attachClient: found client in attached list
04-05 13:42:37.047   825  3000 E TrackingService: attachClient: found client in attached list
04-05 13:42:37.055   825  1691 E TrackingService: attachClient: found client in attached list
04-05 13:42:37.103   825  1691 I chatty  : uid=1000(system) Binder:825_4 identical 14 lines
04-05 13:42:37.104   825  1691 E TrackingService: attachClient: found client in attached list
04-05 13:42:37.113   825  3000 E TrackingService: attachClient: found client in attached list
04-05 13:42:37.114   825  3000 I chatty  : uid=1000(system) Binder:825_5 identical 1 line
04-05 13:42:37.115   825  3000 E TrackingService: attachClient: found client in attached list
04-05 13:42:37.115   825  1691 E TrackingService: attachClient: found client in attached list
04-05 13:42:37.117   825  1691 I chatty  : uid=1000(system) Binder:825_4 identical 1 line
04-05 13:42:37.120   825  1691 E TrackingService: attachClient: found client in attached list
04-05 13:42:37.128   825  3000 E TrackingService: attachClient: found client in attached list
04-05 13:42:37.129   825  3000 I chatty  : uid=1000(system) Binder:825_5 identical 1 line
04-05 13:42:37.130   825  3000 E TrackingService: attachClient: found client in attached list
04-05 13:42:37.133   825  1691 E TrackingService: attachClient: found client in attached list
04-05 13:42:37.145   825  1691 I chatty  : uid=1000(system) Binder:825_4 identical 3 lines
04-05 13:42:37.147   825  1691 E TrackingService: attachClient: found client in attached list
04-05 13:42:37.157   825  3000 E TrackingService: attachClient: found client in attached list
04-05 13:42:37.159   825  3000 I chatty  : uid=1000(system) Binder:825_5 identical 1 line
04-05 13:42:37.163   825  3000 E TrackingService: attachClient: found client in attached list
04-05 13:42:37.164   825  1691 E TrackingService: attachClient: found client in attached list
04-05 13:42:37.232   825  1691 I chatty  : uid=1000(system) Binder:825_4 identical 17 lines
04-05 13:42:37.233   825  1691 E TrackingService: attachClient: found client in attached list
04-05 13:42:37.234   825  3000 E TrackingService: attachClient: found client in attached list
04-05 13:42:37.235   825  1691 E TrackingService: attachClient: found client in attached list
04-05 13:42:37.416  2188  2257 I GuardianInput: RightTrigger down
04-05 13:42:37.429   825  1691 I chatty  : uid=1000(system) Binder:825_4 identical 50 lines
04-05 13:42:37.430   825  1691 E TrackingService: attachClient: found client in attached list
04-05 13:42:37.431   825   825 E TrackingService: attachClient: found client in attached list
04-05 13:42:37.460   825   825 I chatty  : uid=1000(system) /system/bin/trackingservice identical 8 lines
04-05 13:42:37.467   823  2667 W [CT]    : BOLTDEPTH: BoltDepthSystem: Invalid Bolt depth system state for core depth computation: PAUSED
04-05 13:42:37.474   825   825 E TrackingService: attachClient: found client in attached list
04-05 13:42:37.475   825  1691 E TrackingService: attachClient: found client in attached list
04-05 13:42:37.488   825  1691 I chatty  : uid=1000(system) Binder:825_4 identical 4 lines
04-05 13:42:37.489   825  1691 E TrackingService: attachClient: found client in attached list
04-05 13:42:37.490   825   825 E TrackingService: attachClient: found client in attached list
04-05 13:42:37.504   825   825 I chatty  : uid=1000(system) /system/bin/trackingservice identical 3 lines
