--------- beginning of system
04-05 13:38:30.270  1540 23656 W ContextImpl: Calling a method in the system process without a qualified user: android.app.ContextImpl.sendBroadcast:1057 android.content.ContextWrapper.sendBroadcast:448 X.o8.A00:143 X.oO.A00:17 X.oO.handleMessage:90 
04-05 13:38:30.373  1073  3460 I ActivityTaskManager: START u0 {flg=0x10000000 cmp=com.epicgames.PruebaVR/com.epicgames.ue4.GameActivity} from uid 2000
04-05 13:38:30.375  1073  3460 D ActivityTaskManager: Using main display for VR activity ActivityRecord{fff28a7 u0 com.epicgames.PruebaVR/com.epicgames.ue4.GameActivity t-1}
04-05 13:38:30.375  1073  3460 I chatty  : uid=1000(system) Binder:1073_F identical 1 line
04-05 13:38:30.376  1073  3460 D ActivityTaskManager: Using main display for VR activity ActivityRecord{fff28a7 u0 com.epicgames.PruebaVR/com.epicgames.ue4.GameActivity t-1}
04-05 13:38:30.433  1073  1133 I ActivityManager: Start proc 23683:com.epicgames.PruebaVR/u0a194 for activity {com.epicgames.PruebaVR/com.epicgames.ue4.GameActivity}
04-05 13:38:30.465  1540 23670 W ContextImpl: Calling a method in the system process without a qualified user: android.app.ContextImpl.sendBroadcast:1057 android.content.ContextWrapper.sendBroadcast:448 X.o8.A00:143 X.oO.A00:17 X.oO.handleMessage:90 
--------- beginning of tracking
04-05 13:38:30.896   735   927 I SyncBossHAL: [info   ] syncboss_hal_impl_input.c(992): Pulsar connected devices state change: 23
04-05 13:38:30.898   735 23520 I SyncBossFW: 9089907 [info   ] {WIHO}: Pulsar device connected 7c0258126e7b29fa (type: 8011401, connection id: 0x17)
04-05 13:38:30.958   735   928 I SyncBossHAL: [info   ] pulsar_manager.c(467): 7c025812xxxxxxxx: Configuring IR LED to ontime = 34, period = 40000
04-05 13:38:30.964   735   928 I SyncBossHAL: [info   ] pulsar_manager.c(319): Finished getting cache data for controller
04-05 13:38:30.964   735   928 I SyncBossHAL:     id            : 7c025812xxxxxxxx
04-05 13:38:30.964   735   928 I SyncBossHAL:     pulsar_type   : 0x08011401
04-05 13:38:30.964   735   928 I SyncBossHAL:     connection id : 0x17
04-05 13:38:30.964   735   928 I SyncBossHAL:     fw ver        : 1.8.2
04-05 13:38:30.964   735   928 I SyncBossHAL:     spl ver       : 1.5.0
04-05 13:38:30.964   735   928 I SyncBossHAL:     serial        : 1WMHCR90EH0493
04-05 13:38:30.964   735   928 I SyncBossHAL:     handedness    : right
04-05 13:38:30.964   735   928 I SyncBossHAL:     battery state : 30%
04-05 13:38:30.964   735   928 I SyncBossHAL: [info   ] pulsar_manager.c(336): Jedi-specific cache data:
04-05 13:38:30.964   735   928 I SyncBossHAL:     captouch ver  : 1.7.0
04-05 13:38:30.968   735 23528 D SensorService: stateChangeNotifierFunc(): Reporting controller info. Change token: 52
04-05 13:38:30.969   735 23520 I SyncBossFW: 9089979 [info   ] {APPI}: Found 1 connected pulsar devices
04-05 13:38:30.972   735   927 I SyncBossHAL: [info   ] syncboss_hal_impl_input.c(992): Pulsar connected devices state change: 24
04-05 13:38:30.972   735   735 D SensorService: Found paired controllers: 2
04-05 13:38:30.973   825 23530 I TrackingService: Registering primary controller 7c0258126e7b29fa in slot 0
04-05 13:38:30.974   825 23530 D TrackingService: TrackingDataPostProcessor: Hand autotransition v2 GK enabled: 1
04-05 13:38:30.974   825 23530 D TrackingService: registerRemote: 7c0258126e7b29fa
04-05 13:38:30.974   735 23520 I SyncBossFW: 9089983 [info   ] {WIHO}: Pulsar device connected bec25d3a5594a307 (type: 8001401, connection id: 0x18)
04-05 13:38:30.976   735   928 I SyncBossHAL: [info   ] pulsar_manager.c(815): Setting transmit power for all connected controllers to -4 dBm
04-05 13:38:30.977   735 23520 I SyncBossFW: 9089987 [info   ] {APPI}: Found 2 connected pulsar devices
04-05 13:38:30.988   825 23530 W TrackingService: Attempted to control leds, but gatekeeper is disabled. Skipping operation.
04-05 13:38:31.010  1073  3460 E WindowManager: App trying to use insecure INPUT_FEATURE_NO_INPUT_CHANNEL flag. Ignoring
04-05 13:38:31.024   735 23521 I SyncBossHAL: [info   ] syncboss_hal_input_controller.c(197): Controller 7c025812xxxxxxxx battery level changed: 0% -> 30%
04-05 13:38:31.028   735 23528 D SensorService: stateChangeNotifierFunc(): Reporting controller info. Change token: 53
04-05 13:38:31.045   735 23521 I SyncBossInput: [info   ] [jedi (right) 7c025812xxxxxxxx]: 9942916 [info   ] {THDG}: active_seek -> inactive_seek
04-05 13:38:31.048   735   928 I SyncBossHAL: [info   ] pulsar_manager.c(467): bec25d3axxxxxxxx: Configuring IR LED to ontime = 34, period = 40000
04-05 13:38:31.050   735 23521 W SensorService: Unknown packet type (20) received
04-05 13:38:31.050   825 23527 D TrackingService: [HANDTRACKING] Controller 7c0258126e7b29fa in hand: Y, valid: Y
04-05 13:38:31.051  1073 13342 I DisplayManagerService: Display device removed: DisplayDeviceInfo{"com.oculus.android_panel_app.AndroidPanelLayer-controlbar3": uniqueId="virtual:com.oculus.systemux,10032,com.oculus.android_panel_app.AndroidPanelLayer-controlbar3,0", 1000 x 50, modeId 193, defaultModeId 193, supportedModes [{id=193, width=1000, height=50, fps=60.0}], colorMode 0, supportedColorModes [0], HdrCapabilities null, density 200, 200.0 x 200.0 dpi, appVsyncOff 0, presDeadline 16666666, touch NONE, rotation 0, type VIRTUAL, state ON, owner com.oculus.systemux (uid 10032), FLAG_PRIVATE, FLAG_NEVER_BLANK, FLAG_OWN_CONTENT_ONLY}
04-05 13:38:31.054   735   928 I SyncBossHAL: [info   ] pulsar_manager.c(319): Finished getting cache data for controller
04-05 13:38:31.054   735   928 I SyncBossHAL:     id            : bec25d3axxxxxxxx
04-05 13:38:31.054   735   928 I SyncBossHAL:     pulsar_type   : 0x08001401
04-05 13:38:31.054   735   928 I SyncBossHAL:     connection id : 0x18
04-05 13:38:31.054   735   928 I SyncBossHAL:     fw ver        : 1.8.2
04-05 13:38:31.054   735   928 I SyncBossHAL:     spl ver       : 1.5.0
04-05 13:38:31.054   735   928 I SyncBossHAL:     serial        : 1WMHCL21LV0493
04-05 13:38:31.054   735   928 I SyncBossHAL:     handedness    : left
04-05 13:38:31.054   735   928 I SyncBossHAL:     battery state : 50%
04-05 13:38:31.054   735   928 I SyncBossHAL: [info   ] pulsar_manager.c(336): Jedi-specific cache data:
04-05 13:38:31.054   735   928 I SyncBossHAL:     captouch ver  : 1.7.0
04-05 13:38:31.059   735 23528 D SensorService: stateChangeNotifierFunc(): Reporting controller info. Change token: 54
04-05 13:38:31.063   735   735 D SensorService: Found paired controllers: 2
04-05 13:38:31.064   825 23530 I TrackingService: Registering primary controller bec25d3a5594a307 in slot 1
04-05 13:38:31.064   735   928 I SyncBossHAL: [info   ] pulsar_manager.c(815): Setting transmit power for all connected controllers to -4 dBm
04-05 13:38:31.065   825 23530 D TrackingService: TrackingDataPostProcessor: Hand autotransition v2 GK enabled: 1
04-05 13:38:31.065   825 23530 D TrackingService: registerRemote: bec25d3a5594a307
04-05 13:38:31.077   825 23530 W TrackingService: Attempted to control leds, but gatekeeper is disabled. Skipping operation.
04-05 13:38:31.083   735 23521 I SyncBossInput: [info   ] [jedi (right) 7c025812xxxxxxxx]: 10311039 [info   ] {APP }: Connected
04-05 13:38:31.114   735 23616 I FrameSetDispatcher: [HEADSET] Client thread stopping
04-05 13:38:31.114   735  9280 I FrameSetDispatcher: [HEADSET] Client thread joined
04-05 13:38:31.114   735  9280 I CameraClientManager: [HEADSET] Removed client - started clients: 2
04-05 13:38:31.121   735 23521 I SyncBossInput: [info   ] [jedi ( left) bec25d3axxxxxxxx]: 9893123 [info   ] {THDG}: active_seek -> inactive_seek
04-05 13:38:31.130   825 23527 D TrackingService: [HANDTRACKING] Controller bec25d3a5594a307 in hand: Y, valid: Y
04-05 13:38:31.132   735 23521 I SyncBossInput: [info   ] [jedi (right) 7c025812xxxxxxxx]: 10311040 [info   ] {THDG}: inactive_seek -> active_connected
04-05 13:38:31.150   735 23521 I SyncBossInput: [info   ] [jedi ( left) bec25d3axxxxxxxx]: 10261314 [info   ] {APP }: Connected
04-05 13:38:31.200   735 23521 I SyncBossInput: [info   ] [jedi ( left) bec25d3axxxxxxxx]: 10261315 [info   ] {THDG}: inactive_seek -> active_connected
04-05 13:38:31.297  1073  7074 I DisplayManagerService: Display device removed: DisplayDeviceInfo{"com.oculus.android_panel_app.AndroidPanelLayer-tablet": uniqueId="virtual:com.oculus.systemux,10032,com.oculus.android_panel_app.AndroidPanelLayer-tablet,0", 1000 x 625, modeId 191, defaultModeId 191, supportedModes [{id=191, width=1000, height=625, fps=60.0}], colorMode 0, supportedColorModes [0], HdrCapabilities null, density 200, 200.0 x 200.0 dpi, appVsyncOff 0, presDeadline 16666666, touch NONE, rotation 0, type VIRTUAL, state ON, owner com.oculus.systemux (uid 10032), FLAG_PRIVATE, FLAG_NEVER_BLANK, FLAG_OWN_CONTENT_ONLY}
04-05 13:38:31.311  1073  7074 I DisplayManagerService: Display device removed: DisplayDeviceInfo{"com.oculus.android_panel_app.AndroidPanelLayer-#main": uniqueId="virtual:com.oculus.systemux,10032,com.oculus.android_panel_app.AndroidPanelLayer-#main,2", 800 x 110, modeId 190, defaultModeId 190, supportedModes [{id=190, width=800, height=110, fps=60.0}], colorMode 0, supportedColorModes [0], HdrCapabilities null, density 200, 200.0 x 200.0 dpi, appVsyncOff 0, presDeadline 16666666, touch NONE, rotation 0, type VIRTUAL, state ON, owner com.oculus.systemux (uid 10032), FLAG_PRIVATE, FLAG_NEVER_BLANK, FLAG_OWN_CONTENT_ONLY}
04-05 13:38:31.400  1540 23738 W ContextImpl: Calling a method in the system process without a qualified user: android.app.ContextImpl.sendBroadcast:1057 android.content.ContextWrapper.sendBroadcast:448 X.o8.A00:143 X.oO.A00:17 X.oO.handleMessage:90 
04-05 13:38:31.485  1540 23736 W ContextImpl: Calling a method in the system process without a qualified user: android.app.ContextImpl.sendBroadcast:1057 android.content.ContextWrapper.sendBroadcast:448 X.o8.A00:143 X.oO.A00:17 X.oO.handleMessage:90 
04-05 13:38:31.561   735 23521 I SyncBossInput: [info   ] [jedi (right) 7c025812xxxxxxxx]: 10311657 [info   ] {HPTH}: Set haptics frequency to 0x2160
04-05 13:38:31.640   735 23521 I SyncBossInput: [info   ] [jedi ( left) bec25d3axxxxxxxx]: 10261938 [info   ] {HPTH}: Set haptics frequency to 0x2116
04-05 13:38:31.707   735  9280 I FrameSetDispatcher: [HEADSET] Client thread started
04-05 13:38:31.707   735  9280 I CameraClientManager: [HEADSET] Added client - started clients: 3
04-05 13:38:31.912  1540 23753 W ContextImpl: Calling a method in the system process without a qualified user: android.app.ContextImpl.sendBroadcast:1057 android.content.ContextWrapper.sendBroadcast:448 X.o8.A00:143 X.oO.A00:17 X.oO.handleMessage:90 
04-05 13:38:32.054   735 23521 I SyncBossHAL: [info   ] syncboss_hal_input_controller.c(197): Controller bec25d3axxxxxxxx battery level changed: 0% -> 50%
04-05 13:38:32.059   735 23528 D SensorService: stateChangeNotifierFunc(): Reporting controller info. Change token: 55
04-05 13:38:33.722   825 23527 D TrackingService: [HANDTRACKING] Controller 7c0258126e7b29fa in hand: N, valid: Y
04-05 13:38:33.972  1073  1813 E TaskPersister: File error accessing recents directory (directory doesn't exist?).
04-05 13:38:34.418   825 23527 D TrackingService: [HANDTRACKING] Controller 7c0258126e7b29fa in hand: Y, valid: Y
04-05 13:38:34.595   825  3000 D TrackingService: getSharedMemory: com.epicgames.PruebaVR, HeadTracker
04-05 13:38:34.660   825  3000 D TrackingService: getSharedMemory: com.epicgames.PruebaVR, Controller
04-05 13:38:34.663   825  3000 D TrackingService: haptic socket already exists
04-05 13:38:34.663   825  3000 D TrackingService: getSocket: com.epicgames.PruebaVR
04-05 13:38:34.705  1073  9154 I DisplayManagerService: Display device added: DisplayDeviceInfo{"com.oculus.android_panel_app.AndroidPanelLayer-#main": uniqueId="virtual:com.oculus.systemux,10032,com.oculus.android_panel_app.AndroidPanelLayer-#main,2", 800 x 1250, modeId 194, defaultModeId 194, supportedModes [{id=194, width=800, height=1250, fps=60.0}], colorMode 0, supportedColorModes [0], HdrCapabilities null, density 200, 200.0 x 200.0 dpi, appVsyncOff 0, presDeadline 16666666, touch NONE, rotation 0, type VIRTUAL, state OFF, owner com.oculus.systemux (uid 10032), FLAG_PRIVATE, FLAG_NEVER_BLANK, FLAG_OWN_CONTENT_ONLY}
04-05 13:38:34.739  1073  1122 I ActivityTaskManager: Override config changes=20005df8 {0.0 ?mcc?mnc ?localeList ?layoutDir sw640dp w640dp h1000dp 200dpi lrg port ?uimode ?night -touch qwerty/v/v -nav/h winConfig={ mBounds=Rect(0, 0 - 800, 1250) mAppBounds=Rect(0, 0 - 800, 1250) mWindowingMode=fullscreen mDisplayWindowingMode=fullscreen mActivityType=undefined mAlwaysOnTop=undefined mRotation=ROTATION_0}} for displayId=189
04-05 13:38:34.791  1073  8430 I DisplayManagerService: Display device removed: DisplayDeviceInfo{"com.oculus.android_panel_app.AndroidPanelLayer-#main": uniqueId="virtual:com.oculus.systemux,10032,com.oculus.android_panel_app.AndroidPanelLayer-#main,2", 800 x 1250, modeId 194, defaultModeId 194, supportedModes [{id=194, width=800, height=1250, fps=60.0}], colorMode 0, supportedColorModes [0], HdrCapabilities null, density 200, 200.0 x 200.0 dpi, appVsyncOff 0, presDeadline 16666666, touch NONE, rotation 0, type VIRTUAL, state OFF, owner com.oculus.systemux (uid 10032), FLAG_PRIVATE, FLAG_NEVER_BLANK, FLAG_OWN_CONTENT_ONLY}
04-05 13:38:34.795  1073  7074 I DisplayManagerService: Display device added: DisplayDeviceInfo{"com.oculus.android_panel_app.AndroidPanelLayer-#main": uniqueId="virtual:com.oculus.systemux,10032,com.oculus.android_panel_app.AndroidPanelLayer-#main,2", 800 x 110, modeId 195, defaultModeId 195, supportedModes [{id=195, width=800, height=110, fps=60.0}], colorMode 0, supportedColorModes [0], HdrCapabilities null, density 200, 200.0 x 200.0 dpi, appVsyncOff 0, presDeadline 16666666, touch NONE, rotation 0, type VIRTUAL, state OFF, owner com.oculus.systemux (uid 10032), FLAG_PRIVATE, FLAG_NEVER_BLANK, FLAG_OWN_CONTENT_ONLY}
04-05 13:38:34.822  1073  1122 I ActivityTaskManager: Override config changes=20005df8 {0.0 ?mcc?mnc ?localeList ?layoutDir sw88dp w640dp h88dp 200dpi nrml long land ?uimode ?night -touch qwerty/v/v -nav/h winConfig={ mBounds=Rect(0, 0 - 800, 110) mAppBounds=Rect(0, 0 - 800, 110) mWindowingMode=fullscreen mDisplayWindowingMode=fullscreen mActivityType=undefined mAlwaysOnTop=undefined mRotation=ROTATION_0}} for displayId=190
04-05 13:38:34.843   735 23750 I FrameSetDispatcher: [HEADSET] Client thread stopping
04-05 13:38:34.843   735  9280 I FrameSetDispatcher: [HEADSET] Client thread joined
04-05 13:38:34.843   735  9280 I CameraClientManager: [HEADSET] Removed client - started clients: 2
04-05 13:38:34.898  1073  1122 I DisplayManagerService: Display device changed state: "com.oculus.android_panel_app.AndroidPanelLayer-#main", ON
04-05 13:38:34.906  1073 13342 E WindowManager: App trying to use insecure INPUT_FEATURE_NO_INPUT_CHANNEL flag. Ignoring
04-05 13:38:35.188  1540 23847 W ContextImpl: Calling a method in the system process without a qualified user: android.app.ContextImpl.sendBroadcast:1057 android.content.ContextWrapper.sendBroadcast:448 X.o8.A00:143 X.oO.A00:17 X.oO.handleMessage:90 
04-05 13:38:35.224  1540 23841 W ContextImpl: Calling a method in the system process without a qualified user: android.app.ContextImpl.sendBroadcast:1057 android.content.ContextWrapper.sendBroadcast:448 X.o8.A00:143 X.oO.A00:17 X.oO.handleMessage:90 
04-05 13:38:35.333  1540 24268 W ContextImpl: Calling a method in the system process without a qualified user: android.app.ContextImpl.sendBroadcast:1057 android.content.ContextWrapper.sendBroadcast:448 X.o8.A00:143 X.oO.A00:17 X.oO.handleMessage:90 
04-05 13:38:35.710  1073  1127 W VoiceInteractionManagerService: no available voice interaction services found for user 0
04-05 13:38:36.050   735 23521 W SensorService: Unknown packet type (20) received
04-05 13:38:37.721   825 23527 D TrackingService: [HANDTRACKING] Controller 7c0258126e7b29fa in hand: N, valid: Y
04-05 13:38:37.868   735  9280 I FrameSetDispatcher: [HEADSET] Client thread started
04-05 13:38:37.868   735  9280 I CameraClientManager: [HEADSET] Added client - started clients: 3
04-05 13:38:38.120  1540 24280 W ContextImpl: Calling a method in the system process without a qualified user: android.app.ContextImpl.sendBroadcast:1057 android.content.ContextWrapper.sendBroadcast:448 X.o8.A00:143 X.oO.A00:17 X.oO.handleMessage:90 
04-05 13:38:38.201   825 23527 D TrackingService: [HANDTRACKING] Controller 7c0258126e7b29fa in hand: Y, valid: Y
04-05 13:38:39.437   735 24277 I FrameSetDispatcher: [HEADSET] Client thread stopping
04-05 13:38:39.437   735  9280 I FrameSetDispatcher: [HEADSET] Client thread joined
04-05 13:38:39.437   735  9280 I CameraClientManager: [HEADSET] Removed client - started clients: 2
04-05 13:38:40.321   825 23527 D TrackingService: [HANDTRACKING] Controller 7c0258126e7b29fa in hand: N, valid: Y
04-05 13:38:41.050   735 23521 W SensorService: Unknown packet type (20) received
04-05 13:38:41.322   825 23527 D TrackingService: [HANDTRACKING] Controller 7c0258126e7b29fa in hand: Y, valid: Y
04-05 13:38:41.563   825 23527 D TrackingService: [HANDTRACKING] Controller bec25d3a5594a307 in hand: N, valid: Y
04-05 13:38:46.052   735 23521 W SensorService: Unknown packet type (20) received
04-05 13:38:56.054   735 23521 I chatty  : uid=1000(system) SBEventHandler identical 2 lines
04-05 13:39:01.055   735 23521 W SensorService: Unknown packet type (20) received
04-05 13:39:02.221   735 23520 I SyncBossFW: 9121229 [info   ] {PERF}: cpu load cur=0.3934 min=0.0511 max=0.4129 avg=0.1792
04-05 13:39:06.057   735 23521 W SensorService: Unknown packet type (20) received
04-05 13:39:08.719  1540 24351 W ContextImpl: Calling a method in the system process without a qualified user: android.app.ContextImpl.sendBroadcast:1057 android.content.ContextWrapper.sendBroadcast:448 X.o8.A00:143 X.oO.A00:17 X.oO.handleMessage:90 
04-05 13:39:34.817  1073  1132 W ActivityManager: Stopping service due to app idle: u0a15 -1m10s51ms com.oculus.appsafety/.AppSafetyService
04-05 13:39:51.065   735 23521 I chatty  : uid=1000(system) SBEventHandler identical 9 lines
04-05 13:39:56.065   735 23521 W SensorService: Unknown packet type (20) received
04-05 13:39:56.667   735  9280 I FrameSetDispatcher: [HEADSET] Client thread started
04-05 13:39:56.667   735  9280 I CameraClientManager: [HEADSET] Added client - started clients: 3
04-05 13:39:56.838  1540 24452 W ContextImpl: Calling a method in the system process without a qualified user: android.app.ContextImpl.sendBroadcast:1057 android.content.ContextWrapper.sendBroadcast:448 X.o8.A00:143 X.oO.A00:17 X.oO.handleMessage:90 
04-05 13:39:57.268   735 24449 I FrameSetDispatcher: [HEADSET] Client thread stopping
04-05 13:39:57.268   735  9280 I FrameSetDispatcher: [HEADSET] Client thread joined
04-05 13:39:57.269   735  9280 I CameraClientManager: [HEADSET] Removed client - started clients: 2
04-05 13:39:58.293   735  9280 I FrameSetDispatcher: [HEADSET] Client thread started
04-05 13:39:58.294   735  9280 I CameraClientManager: [HEADSET] Added client - started clients: 3
04-05 13:39:58.446  1540 24460 W ContextImpl: Calling a method in the system process without a qualified user: android.app.ContextImpl.sendBroadcast:1057 android.content.ContextWrapper.sendBroadcast:448 X.o8.A00:143 X.oO.A00:17 X.oO.handleMessage:90 
04-05 13:39:58.551   735 24457 I FrameSetDispatcher: [HEADSET] Client thread stopping
04-05 13:39:58.552   735  9280 I FrameSetDispatcher: [HEADSET] Client thread joined
04-05 13:39:58.552   735  9280 I CameraClientManager: [HEADSET] Removed client - started clients: 2
04-05 13:40:00.522   735  9280 I FrameSetDispatcher: [HEADSET] Client thread started
04-05 13:40:00.522   735  9280 I CameraClientManager: [HEADSET] Added client - started clients: 3
04-05 13:40:00.526   825 23527 D TrackingService: [HANDTRACKING] Controller bec25d3a5594a307 in hand: Y, valid: Y
04-05 13:40:00.659  1540 24471 W ContextImpl: Calling a method in the system process without a qualified user: android.app.ContextImpl.sendBroadcast:1057 android.content.ContextWrapper.sendBroadcast:448 X.o8.A00:143 X.oO.A00:17 X.oO.handleMessage:90 
04-05 13:40:01.066   735 23521 W SensorService: Unknown packet type (20) received
04-05 13:40:02.225   735 23520 I SyncBossFW: 9181232 [info   ] {PERF}: cpu load cur=0.3932 min=0.0511 max=0.4129 avg=0.1806
04-05 13:40:04.326   825 23527 D TrackingService: [HANDTRACKING] Controller bec25d3a5594a307 in hand: N, valid: Y
04-05 13:40:06.067   735 23521 W SensorService: Unknown packet type (20) received
04-05 13:40:11.069   735 23521 W SensorService: Unknown packet type (20) received
04-05 13:40:13.231   735 24468 I FrameSetDispatcher: [HEADSET] Client thread stopping
04-05 13:40:13.231   735  9280 I FrameSetDispatcher: [HEADSET] Client thread joined
04-05 13:40:13.231   735  9280 I CameraClientManager: [HEADSET] Removed client - started clients: 2
04-05 13:40:16.069   735 23521 W SensorService: Unknown packet type (20) received
04-05 13:40:17.742   735   933 I SyncBossHAL: [info   ] syncboss_hal_powerstate.c(63): Reporting powerstate event: prox_off
04-05 13:40:17.745   825   825 D SensorClientUtils: Received transition request to STANDBY current is RUNNING
04-05 13:40:17.745   825   825 D SensorClientUtils: Executing transition from RUNNING to STANDBY
04-05 13:40:17.781  1073 11500 I DropBoxManagerService: add tag=system_server_wtf isTagEnabled=true flags=0x2
04-05 13:40:17.788  1073 10942 I DropBoxManagerService: add tag=system_server_wtf isTagEnabled=true flags=0x2
04-05 13:40:18.089  1540 24507 W ContextImpl: Calling a method in the system process without a qualified user: android.app.ContextImpl.sendBroadcast:1057 android.content.ContextWrapper.sendBroadcast:448 X.o8.A00:143 X.oO.A00:17 X.oO.handleMessage:90 
04-05 13:40:18.838  1073  1127 W VoiceInteractionManagerService: no available voice interaction services found for user 0
04-05 13:40:19.194   825 23527 D TrackingService: [HANDTRACKING] Controller 7c0258126e7b29fa in hand: N, valid: Y
04-05 13:40:20.124   825 23527 D TrackingService: [HANDTRACKING] Controller 7c0258126e7b29fa in hand: Y, valid: Y
04-05 13:40:20.167   825 23527 D TrackingService: [HANDTRACKING] Controller bec25d3a5594a307 in hand: Y, valid: Y
04-05 13:40:21.070   735 23521 W SensorService: Unknown packet type (20) received
04-05 13:40:21.301   735   933 I SyncBossHAL: [info   ] syncboss_hal_powerstate.c(63): Reporting powerstate event: prox_on
04-05 13:40:21.302   825   825 D SensorClientUtils: Received transition request to RUNNING current is STANDBY
04-05 13:40:21.302   825   825 D SensorClientUtils: Executing transition from STANDBY to RUNNING
04-05 13:40:22.325   825 23527 D TrackingService: [HANDTRACKING] Controller 7c0258126e7b29fa in hand: N, valid: Y
04-05 13:40:22.326   825 23527 D TrackingService: [HANDTRACKING] Controller bec25d3a5594a307 in hand: N, valid: Y
04-05 13:40:22.370  1073  1127 W VoiceInteractionManagerService: no available voice interaction services found for user 0
04-05 13:40:22.869   735  9280 I FrameSetDispatcher: [HEADSET] Client thread started
04-05 13:40:22.869   735  9280 I CameraClientManager: [HEADSET] Added client - started clients: 3
04-05 13:40:23.016  1540 24522 W ContextImpl: Calling a method in the system process without a qualified user: android.app.ContextImpl.sendBroadcast:1057 android.content.ContextWrapper.sendBroadcast:448 X.o8.A00:143 X.oO.A00:17 X.oO.handleMessage:90 
04-05 13:40:24.203   825 23527 D TrackingService: [HANDTRACKING] Controller 7c0258126e7b29fa in hand: Y, valid: Y
04-05 13:40:24.245   825 23527 D TrackingService: [HANDTRACKING] Controller bec25d3a5594a307 in hand: Y, valid: Y
04-05 13:40:26.071   735 23521 W SensorService: Unknown packet type (20) received
04-05 13:40:26.363   825 23527 D TrackingService: [HANDTRACKING] Controller 7c0258126e7b29fa in hand: N, valid: Y
04-05 13:40:26.364   825 23527 D TrackingService: [HANDTRACKING] Controller bec25d3a5594a307 in hand: N, valid: Y
04-05 13:40:29.964   825 23527 D TrackingService: [HANDTRACKING] Controller bec25d3a5594a307 in hand: Y, valid: Y
04-05 13:40:31.071   735 23521 W SensorService: Unknown packet type (20) received
04-05 13:40:33.045   825 23527 D TrackingService: [HANDTRACKING] Controller bec25d3a5594a307 in hand: N, valid: Y
04-05 13:40:36.072   735 23521 W SensorService: Unknown packet type (20) received
04-05 13:40:38.646   825 23527 D TrackingService: [HANDTRACKING] Controller 7c0258126e7b29fa in hand: Y, valid: Y
04-05 13:40:38.649   825 23527 D TrackingService: [HANDTRACKING] Controller bec25d3a5594a307 in hand: Y, valid: Y
04-05 13:40:40.846   825 23527 D TrackingService: [HANDTRACKING] Controller 7c0258126e7b29fa in hand: N, valid: Y
04-05 13:40:40.927   825 23527 D TrackingService: [HANDTRACKING] Controller bec25d3a5594a307 in hand: N, valid: Y
04-05 13:40:41.073   735 23521 W SensorService: Unknown packet type (20) received
04-05 13:40:43.166   825 23527 D TrackingService: [HANDTRACKING] Controller bec25d3a5594a307 in hand: Y, valid: Y
04-05 13:40:43.526   825 23527 D TrackingService: [HANDTRACKING] Controller 7c0258126e7b29fa in hand: Y, valid: Y
04-05 13:40:45.606   825 23527 D TrackingService: [HANDTRACKING] Controller bec25d3a5594a307 in hand: N, valid: Y
04-05 13:40:45.686   825 23527 D TrackingService: [HANDTRACKING] Controller 7c0258126e7b29fa in hand: N, valid: Y
04-05 13:40:46.074   735 23521 W SensorService: Unknown packet type (20) received
04-05 13:40:52.079  1540 24581 W ContextImpl: Calling a method in the system process without a qualified user: android.app.ContextImpl.sendBroadcast:1057 android.content.ContextWrapper.sendBroadcast:448 X.o8.A00:143 X.oO.A00:17 X.oO.handleMessage:90 
04-05 13:40:56.076   735 23521 I chatty  : uid=1000(system) SBEventHandler identical 2 lines
04-05 13:41:01.077   735 23521 W SensorService: Unknown packet type (20) received
04-05 13:41:02.229   735 23520 I SyncBossFW: 9241234 [info   ] {PERF}: cpu load cur=0.3932 min=0.0511 max=0.4129 avg=0.1819
04-05 13:41:06.077   735 23521 W SensorService: Unknown packet type (20) received
04-05 13:41:21.079   735 23521 I chatty  : uid=1000(system) SBEventHandler identical 3 lines
04-05 13:41:26.081   735 23521 W SensorService: Unknown packet type (20) received
04-05 13:41:28.729   735 23521 I SyncBossHAL: [info   ] syncboss_hal_input_controller.c(63): bec25d3axxxxxxxx: 15 missed/90015 expected (PER 0.02%)
04-05 13:41:28.887   735 23521 I SyncBossHAL: [info   ] syncboss_hal_input_controller.c(63): 7c025812xxxxxxxx: 10 missed/90010 expected (PER 0.01%)
04-05 13:41:29.740  1540 24659 W ContextImpl: Calling a method in the system process without a qualified user: android.app.ContextImpl.sendBroadcast:1057 android.content.ContextWrapper.sendBroadcast:448 X.o8.A00:143 X.oO.A00:17 X.oO.handleMessage:90 
04-05 13:41:31.081   735 23521 W SensorService: Unknown packet type (20) received
04-05 13:41:56.085   735 23521 I chatty  : uid=1000(system) SBEventHandler identical 5 lines
04-05 13:42:01.086   735 23521 W SensorService: Unknown packet type (20) received
04-05 13:42:01.286   735   933 I SyncBossHAL: [info   ] syncboss_hal_powerstate.c(63): Reporting powerstate event: prox_off
04-05 13:42:01.289   825   825 D SensorClientUtils: Received transition request to STANDBY current is RUNNING
04-05 13:42:01.289   825   825 D SensorClientUtils: Executing transition from RUNNING to STANDBY
04-05 13:42:01.317  1073  1090 I DropBoxManagerService: add tag=system_server_wtf isTagEnabled=true flags=0x2
04-05 13:42:01.324  1073  1090 I DropBoxManagerService: add tag=system_server_wtf isTagEnabled=true flags=0x2
04-05 13:42:02.233   735 23520 I SyncBossFW: 9301236 [info   ] {PERF}: cpu load cur=0.3932 min=0.0511 max=0.4129 avg=0.1833
04-05 13:42:02.373  1073  1127 W VoiceInteractionManagerService: no available voice interaction services found for user 0
04-05 13:42:04.845   735   933 I SyncBossHAL: [info   ] syncboss_hal_powerstate.c(63): Reporting powerstate event: prox_on
04-05 13:42:04.847   825   825 D SensorClientUtils: Received transition request to RUNNING current is STANDBY
04-05 13:42:04.847   825   825 D SensorClientUtils: Executing transition from STANDBY to RUNNING
04-05 13:42:05.234  1540 24730 W ContextImpl: Calling a method in the system process without a qualified user: android.app.ContextImpl.sendBroadcast:1057 android.content.ContextWrapper.sendBroadcast:448 X.o8.A00:143 X.oO.A00:17 X.oO.handleMessage:90 
04-05 13:42:05.944  1073  1127 W VoiceInteractionManagerService: no available voice interaction services found for user 0
04-05 13:42:06.087   735 23521 W SensorService: Unknown packet type (20) received
04-05 13:42:06.428   735 24519 I FrameSetDispatcher: [HEADSET] Client thread stopping
04-05 13:42:06.429   735  9280 I FrameSetDispatcher: [HEADSET] Client thread joined
04-05 13:42:06.429   735  9280 I CameraClientManager: [HEADSET] Removed client - started clients: 2
04-05 13:42:11.088   735 23521 W SensorService: Unknown packet type (20) received
04-05 13:42:16.089   735 23521 W SensorService: Unknown packet type (20) received
04-05 13:42:16.448   825 23527 D TrackingService: [HANDTRACKING] Controller 7c0258126e7b29fa in hand: Y, valid: Y
04-05 13:42:16.531   825 23527 D TrackingService: [HANDTRACKING] Controller bec25d3a5594a307 in hand: Y, valid: Y
04-05 13:42:19.252   825 23527 D TrackingService: [HANDTRACKING] Controller bec25d3a5594a307 in hand: N, valid: Y
04-05 13:42:21.089   735 23521 W SensorService: Unknown packet type (20) received
04-05 13:42:33.339  1073 14695 E WindowManager: App trying to use insecure INPUT_FEATURE_NO_INPUT_CHANNEL flag. Ignoring
04-05 13:42:33.343  1073  1090 W ActivityManager: Package for pid 823: no process record found
04-05 13:42:26.089   735 23521 I chatty  : uid=1000(system) SBEventHandler identical 1 line
04-05 13:42:31.089   735 23521 W SensorService: Unknown packet type (20) received
04-05 13:42:33.355   825  1691 E TrackingService: attachClient: found client in attached list
04-05 13:42:33.356   825  3000 E TrackingService: attachClient: found client in attached list
04-05 13:42:33.356   825  1691 D TrackingService: getSharedMemory: com.oculus.guardian, Controller
04-05 13:42:33.360   825  3000 E TrackingService: attachClient: found client in attached list
04-05 13:42:33.360   825  1691 E TrackingService: attachClient: found client in attached list
04-05 13:42:33.361   825  1691 D TrackingService: getSharedMemory: com.oculus.systemdriver, Controller
04-05 13:42:33.367   825  3000 E TrackingService: attachClient: found client in attached list
04-05 13:42:33.384   825  3000 I chatty  : uid=1000(system) Binder:825_5 identical 2 lines
04-05 13:42:33.387   825  3000 E TrackingService: attachClient: found client in attached list
04-05 13:42:33.389   825   825 E TrackingService: attachClient: found client in attached list
04-05 13:42:33.391   825   825 E TrackingService: attachClient: found client in attached list
04-05 13:42:33.404   825  3000 E TrackingService: attachClient: found client in attached list
04-05 13:42:33.405   825   825 E TrackingService: attachClient: found client in attached list
04-05 13:42:33.406   825   825 I chatty  : uid=1000(system) /system/bin/trackingservice identical 1 line
04-05 13:42:33.408   825   825 E TrackingService: attachClient: found client in attached list
04-05 13:42:33.413   735   735 I FrameSetDispatcher: [HEADSET] Client thread started
04-05 13:42:33.413   735   735 I CameraClientManager: [HEADSET] Added client - started clients: 3
04-05 13:42:33.417   825   825 E TrackingService: attachClient: found client in attached list
04-05 13:42:33.418   825   825 E TrackingService: attachClient: found client in attached list
04-05 13:42:33.420   825  1691 E TrackingService: attachClient: found client in attached list
04-05 13:42:33.420   825   825 E TrackingService: attachClient: found client in attached list
04-05 13:42:33.423   825   825 I chatty  : uid=1000(system) /system/bin/trackingservice identical 2 lines
04-05 13:42:33.424   825   825 E TrackingService: attachClient: found client in attached list
04-05 13:42:33.425   825  1691 E TrackingService: attachClient: found client in attached list
04-05 13:42:33.427  1073 12797 W ActivityManager: Package for pid 823: no process record found
04-05 13:42:33.428   825  1691 E TrackingService: attachClient: found client in attached list
04-05 13:42:33.428   825  1691 D TrackingService: getSharedMemory: /system/bin/mrsystemservice, Controller
04-05 13:42:33.430   825  1691 E TrackingService: attachClient: found client in attached list
04-05 13:42:33.436   825  1691 I chatty  : uid=1000(system) Binder:825_4 identical 3 lines
04-05 13:42:33.444   825  1691 E TrackingService: attachClient: found client in attached list
04-05 13:42:33.447   825   825 E TrackingService: attachClient: found client in attached list
04-05 13:42:33.449   825   825 I chatty  : uid=1000(system) /system/bin/trackingservice identical 2 lines
04-05 13:42:33.453   825   825 E TrackingService: attachClient: found client in attached list
04-05 13:42:33.454   825   825 D TrackingService: getSharedMemory: com.oculus.vrshell, Controller
04-05 13:42:33.458   825   825 E TrackingService: attachClient: found client in attached list
04-05 13:42:33.460   825   825 I chatty  : uid=1000(system) /system/bin/trackingservice identical 2 lines
04-05 13:42:33.464   825   825 E TrackingService: attachClient: found client in attached list
04-05 13:42:33.465   825   825 D TrackingService: getSharedMemory: com.epicgames.PruebaVR, Controller
--------- beginning of main
04-05 13:42:33.471  1898  2099 I ServiceInputManager: InhibitHandleHomeKey has changed on the service. New value: 0
04-05 13:42:33.475 23683 23813 I chatty  : uid=10194(com.epicgames.PruebaVR) expire 2 lines
04-05 13:42:33.478  3100  3100 I chatty  : uid=10032 com.oculus.systemux:SystemUX expire 6 lines
04-05 13:42:33.490  1073 13342 D ConnectivityService: requestNetwork for uid/pid:10052/2166 NetworkRequest [ TRACK_DEFAULT id=40, [ Capabilities: INTERNET&NOT_RESTRICTED&TRUSTED Uid: 10052] ]
04-05 13:42:33.491  1073  1286 D Ethernet: got request NetworkRequest [ TRACK_DEFAULT id=40, [ Capabilities: INTERNET&NOT_RESTRICTED&TRUSTED Uid: 10052] ] with score 60 and serial -1
04-05 13:42:33.491  1073  1208 D WifiNetworkFactory: got request NetworkRequest [ TRACK_DEFAULT id=40, [ Capabilities: INTERNET&NOT_RESTRICTED&TRUSTED Uid: 10052] ] with score 60 and serial -1
04-05 13:42:33.491  1073  1208 D UntrustedWifiNetworkFactory: got request NetworkRequest [ TRACK_DEFAULT id=40, [ Capabilities: INTERNET&NOT_RESTRICTED&TRUSTED Uid: 10052] ] with score 60 and serial -1
04-05 13:42:33.491  1073  1285 D WIFI_AWARE_FACTORY: got request NetworkRequest [ TRACK_DEFAULT id=40, [ Capabilities: INTERNET&NOT_RESTRICTED&TRUSTED Uid: 10052] ] with score 60 and serial -1
04-05 13:42:33.493  2225 13353 W LibraryProvider: Cannot find entitlement for com.epicgames.PruebaVR
04-05 13:42:33.493  1849  1849 W OVRLibrary: null cursor received for query content://com.oculus.ocms.library/apps/com.epicgames.PruebaVR
04-05 13:42:33.497  2225 13353 W LibraryProvider: Cannot find entitlement for com.epicgames.PruebaVR
04-05 13:42:33.498  1849  1849 W OVRLibrary: null cursor received for query content://com.oculus.ocms.library/apps/com.epicgames.PruebaVR
04-05 13:42:33.499  1073 14695 I DisplayManagerService: Display device added: DisplayDeviceInfo{"com.oculus.android_panel_app.AndroidPanelLayer-tablet": uniqueId="virtual:com.oculus.systemux,10032,com.oculus.android_panel_app.AndroidPanelLayer-tablet,0", 1000 x 625, modeId 196, defaultModeId 196, supportedModes [{id=196, width=1000, height=625, fps=60.0}], colorMode 0, supportedColorModes [0], HdrCapabilities null, density 200, 200.0 x 200.0 dpi, appVsyncOff 0, presDeadline 16666666, touch NONE, rotation 0, type VIRTUAL, state OFF, owner com.oculus.systemux (uid 10032), FLAG_PRIVATE, FLAG_NEVER_BLANK, FLAG_OWN_CONTENT_ONLY}
04-05 13:42:33.505  2225 13353 W LibraryProvider: Cannot find entitlement for com.epicgames.PruebaVR
04-05 13:42:33.505  1849  1849 W OVRLibrary: null cursor received for query content://com.oculus.ocms.library/apps/com.epicgames.PruebaVR
04-05 13:42:33.505  3617 24804 I chatty  : uid=10021(com.oculus.vrshell) ShellOverlayMai expire 1 line
04-05 13:42:33.509  3100  3100 D [SUI] EmptyView: Initializing EmptyView
04-05 13:42:33.509  3100  3100 D [SUI] EmptyView: Showing EmptyView
04-05 13:42:33.517  3100  3100 D [SUI] DestinationUIViewV2: Constructing DestinationUIViewV2
04-05 13:42:33.517  1073  1120 W InputReader: Device has associated, but no associated display id.
04-05 13:42:33.519  3100  3100 W Resources: Drawable com.oculus.systemux:drawable/anytime_tablet_destination_ui_background_placeholder has unresolved theme attributes! Consider using Resources.getDrawable(int, Theme) or Context.getDrawable(int).
04-05 13:42:33.519  3100  3100 W Resources: java.lang.RuntimeException
04-05 13:42:33.519  3100  3100 W Resources: 	at android.content.res.Resources.getDrawable(Resources.java:822)
04-05 13:42:33.519  3100  3100 W Resources: 	at com.facebook.drawee.generic.GenericDraweeHierarchyInflater.getDrawable(GenericDraweeHierarchyInflater.java:259)
04-05 13:42:33.519  3100  3100 W Resources: 	at com.facebook.drawee.generic.GenericDraweeHierarchyInflater.updateBuilder(GenericDraweeHierarchyInflater.java:124)
04-05 13:42:33.519  3100  3100 W Resources: 	at com.facebook.drawee.generic.GenericDraweeHierarchyInflater.inflateBuilder(GenericDraweeHierarchyInflater.java:80)
04-05 13:42:33.519  3100  3100 W Resources: 	at com.facebook.drawee.view.GenericDraweeView.inflateHierarchy(GenericDraweeView.java:59)
04-05 13:42:33.519  3100  3100 W Resources: 	at com.facebook.drawee.view.GenericDraweeView.<init>(GenericDraweeView.java:40)
04-05 13:42:33.519  3100  3100 W Resources: 	at com.facebook.drawee.view.SimpleDraweeView.<init>(SimpleDraweeView.java:63)
04-05 13:42:33.519  3100  3100 W Resources: 	at java.lang.reflect.Constructor.newInstance0(Native Method)
04-05 13:42:33.519  3100  3100 W Resources: 	at java.lang.reflect.Constructor.newInstance(Constructor.java:343)
04-05 13:42:33.519  3100  3100 W Resources: 	at android.view.LayoutInflater.createView(LayoutInflater.java:854)
04-05 13:42:33.519  3100  3100 W Resources: 	at android.view.LayoutInflater.createViewFromTag(LayoutInflater.java:1006)
04-05 13:42:33.519  3100  3100 W Resources: 	at android.view.LayoutInflater.createViewFromTag(LayoutInflater.java:961)
04-05 13:42:33.519  3100  3100 W Resources: 	at android.view.LayoutInflater.rInflate(LayoutInflater.java:1123)
04-05 13:42:33.519  3100  3100 W Resources: 	at android.view.LayoutInflater.rInflateChildren(LayoutInflater.java:1084)
04-05 13:42:33.519  3100  3100 W Resources: 	at android.view.LayoutInflater.rInflate(LayoutInflater.java:1126)
04-05 13:42:33.519  3100  3100 W Resources: 	at android.view.LayoutInflater.rInflateChildren(LayoutInflater.java:1084)
04-05 13:42:33.519  3100  3100 W Resources: 	at android.view.LayoutInflater.inflate(LayoutInflater.java:682)
04-05 13:42:33.519  3100  3100 W Resources: 	at android.view.LayoutInflater.inflate(LayoutInflater.java:534)
04-05 13:42:33.519  3100  3100 W Resources: 	at androidx.databinding.DataBindingUtil.inflate(DataBindingUtil.java:126)
04-05 13:42:33.519  3100  3100 W Resources: 	at androidx.databinding.ViewDataBinding.inflateInternal(ViewDataBinding.java:1368)
04-05 13:42:33.519  3100  3100 W Resources: 	at com.oculus.panelapp.anytimeui.databinding.AnytimeTabletDestinationUiViewV2Binding.inflate(AnytimeTabletDestinationUiViewV2Binding.java:226)
04-05 13:42:33.519  3100  3100 W Resources: 	at com.oculus.panelapp.anytimeui.databinding.AnytimeTabletDestinationUiViewV2Binding.inflate(AnytimeTabletDestinationUiViewV2Binding.java:212)
04-05 13:42:33.519  3100  3100 W Resources: 	at com.oculus.panelapp.anytimeui.tablet.common.HostView.ensureCreateView(HostView.java:143)
04-05 13:42:33.519  3100  3100 W Resources: 	at com.oculus.panelapp.anytimeui.tablet.common.HostView.showTablet(HostView.java:260)
04-05 13:42:33.519  3100  3100 W Resources: 	at com.oculus.panelapp.anytimeui.AnytimeUIAndroidPanelApp.onDeepLink(AnytimeUIAndroidPanelApp.java:1052)
04-05 13:42:33.519  3100  3100 W Resources: 	at android.os.MessageQueue.nativePollOnce(Native Method)
04-05 13:42:33.519  3100  3100 W Resources: 	at android.os.MessageQueue.next(MessageQueue.java:336)
04-05 13:42:33.519  3100  3100 W Resources: 	at android.os.Looper.loop(Looper.java:174)
04-05 13:42:33.519  3100  3100 W Resources: 	at android.app.ActivityThread.main(ActivityThread.java:7389)
04-05 13:42:33.519  3100  3100 W Resources: 	at java.lang.reflect.Method.invoke(Native Method)
04-05 13:42:33.519  3100  3100 W Resources: 	at com.android.internal.os.RuntimeInit$MethodAndArgsCaller.run(RuntimeInit.java:492)
04-05 13:42:33.519  3100  3100 W Resources: 	at com.android.internal.os.ZygoteInit.main(ZygoteInit.java:933)
04-05 13:42:33.522  1073  4552 E WindowManager: App trying to use insecure INPUT_FEATURE_NO_INPUT_CHANNEL flag. Ignoring
04-05 13:42:33.526  3100  3100 W ConstraintHelper: Could not find id of "screenshot_button_icon"
04-05 13:42:33.526  3100  3100 W ConstraintHelper: Could not find id of "screen_recording_button_icon"
04-05 13:42:33.527  3100  3100 W ConstraintHelper: Could not find id of "casting_button_icon"
04-05 13:42:33.527  3100  3100 W ConstraintHelper: Could not find id of "report_button_icon"
04-05 13:42:33.527  1073  1122 W InputReader: Device has associated, but no associated display id.
04-05 13:42:33.528  1073  1122 I ActivityTaskManager: Override config changes=20005df8 {0.0 ?mcc?mnc ?localeList ?layoutDir sw500dp w800dp h500dp 200dpi lrg land ?uimode ?night -touch qwerty/v/v -nav/h winConfig={ mBounds=Rect(0, 0 - 1000, 625) mAppBounds=Rect(0, 0 - 1000, 625) mWindowingMode=fullscreen mDisplayWindowingMode=fullscreen mActivityType=undefined mAlwaysOnTop=undefined mRotation=ROTATION_0}} for displayId=191
04-05 13:42:33.531  3617  3617 I chatty  : uid=10021(com.oculus.vrshell) ShellOverlayMai expire 6 lines
04-05 13:42:33.535  3617  3686 I chatty  : uid=10021(com.oculus.vrshell) ShellOverlayVR expire 3 lines
04-05 13:42:33.537  3617  3617 I chatty  : uid=10021(com.oculus.vrshell) ShellOverlayMai expire 3 lines
04-05 13:42:33.537  1898  1898 I ClientMgr: FocusedWindowChanged: found matching overlay client: 2377537138
04-05 13:42:33.537  1898  1898 I ClientMgr: FocusedClient changed.
04-05 13:42:33.537  1898  1898 I ClientMgr: ClientMgr::SetFocusedClient: 3617:com.oculus.vrshell type 1
04-05 13:42:33.537  1898  1898 I ClientMgr: SetFocusedPackageName - packageName com.oculus.vrshell processName com.oculus.vrshell:Overlay clientId 2377537138 clientPid 3617
04-05 13:42:33.537  1898  1898 I VrRuntimeService: RuntimeIPC: SendFocusChangeEventToAllClients: PostClientEvent SUCCESS: com.epicgames.PruebaVR:com.epicgames.PruebaVR:23683, com.oculus.vrshell, com.oculus.vrshell:Overlay
04-05 13:42:33.537  1898  1898 I VrRuntimeService: RuntimeIPC: SendFocusChangeEventToAllClients: PostClientEvent SUCCESS: com.oculus.vrshell:com.oculus.vrshell:Overlay:3617, com.oculus.vrshell, com.oculus.vrshell:Overlay
04-05 13:42:33.537  1898  1898 I VrRuntimeService: RuntimeIPC: SendFocusChangeEventToAllClients: PostClientEvent SUCCESS: com.oculus.vrshell:com.oculus.vrshell:2873, com.oculus.vrshell, com.oculus.vrshell:Overlay
04-05 13:42:33.537  1898  1898 W REFLECT : RuntimeIPC: ipc_PostClientEvent FAILED: FocusChangeEvent
04-05 13:42:33.537  1898  1898 W VrRuntimeService: RuntimeIPC: SendFocusChangeEventToAllClients: PostClientEvent FAILED: com.oculus.mrservice:com.oculus.mrservice:1641, com.oculus.vrshell, com.oculus.vrshell:Overlay
04-05 13:42:33.537  1898  1898 W REFLECT : RuntimeIPC: ipc_PostClientEvent FAILED: FocusChangeEvent
04-05 13:42:33.537  1898  1898 W VrRuntimeService: RuntimeIPC: SendFocusChangeEventToAllClients: PostClientEvent FAILED: com.oculus.shellenv:com.oculus.shellenv:2846, com.oculus.vrshell, com.oculus.vrshell:Overlay
04-05 13:42:33.537  1898  1898 I VrRuntimeService: RuntimeIPC: SendFocusChangeEventToAllClients: PostClientEvent SUCCESS: com.oculus.guardian:com.oculus.vrguardianservice:2188, com.oculus.vrshell, com.oculus.vrshell:Overlay
04-05 13:42:33.540  1898  2099 I ServiceInputManager: InhibitHandleHomeKey has changed on the service. New value: 1
04-05 13:42:33.540   825  3000 E TrackingService: attachClient: found client in attached list
04-05 13:42:33.541   825  1691 E TrackingService: attachClient: found client in attached list
04-05 13:42:33.541  3100  3100 D [SUI] DestinationUIViewV2: Initializing DestinationUIViewV2
04-05 13:42:33.541  3100  3100 D [SUI] AnytimeUIPanelAppBase: Acquiring viewModel DestinationUIV2ViewModel refCount: 4
04-05 13:42:33.541  3100  3100 D [SUI] AnytimeUIPanelAppBase: Acquiring viewModel SocialViewModel refCount: 5
04-05 13:42:33.541  3100  3100 D [SUI] AnytimeUIPanelAppBase: Acquiring viewModel SharingViewModel refCount: 2
04-05 13:42:33.541  3100  3100 D [SUI] DestinationUIViewV2: Inflating template
04-05 13:42:33.541  3100  3100 D [SUI] DestinationUIViewV2: Inflated template
04-05 13:42:33.541   825  1691 D TrackingService: getSharedMemory: com.oculus.guardian, Controller
04-05 13:42:33.541  3100  3100 D [SUI] ScreenCaptureButtonUtil: Initializing screen recording button
04-05 13:42:33.541   825  3000 D TrackingService: getSharedMemory: com.oculus.systemdriver, Controller
04-05 13:42:33.542  1849  1849 E OVRMediaServiceManager: LivestreamingManager Not initialized
04-05 13:42:33.544   825  1691 E TrackingService: attachClient: found client in attached list
04-05 13:42:33.544  3100  3100 D [SUI] ScreenCaptureButtonUtil: Initializing screenshot button
04-05 13:42:33.545  3100  3100 D [SUI] ScreenCaptureButtonUtil: Initialized screenshot button
04-05 13:42:33.545  3100  3100 D [SUI] ScreenCaptureButtonUtil: Initializing casting button
04-05 13:42:33.545  3100  3100 D [SUI] ScreenCaptureButtonUtil: Initialized casting button
04-05 13:42:33.545  3100  3100 D [SUI] SharingViewModel: clearAbuseReportRecordingTimer
04-05 13:42:33.546   825  1691 E TrackingService: attachClient: found client in attached list
04-05 13:42:33.551   825  3000 E TrackingService: attachClient: found client in attached list
04-05 13:42:33.552   825  1691 E TrackingService: attachClient: found client in attached list
04-05 13:42:33.552  3100  3100 D [SUI] EmptyView: Hiding EmptyView
04-05 13:42:33.552  3100  3100 D [SUI] DestinationUIViewV2: Showing DestinationUIViewV2 uri: /destination_ui
04-05 13:42:33.553  3100  3100 D [SUI] MemoryManager: Executing clearViewCache - maxAgeSecs: 0
04-05 13:42:33.553  3100  3100 D [SUI] EmptyView: Destroying EmptyView
04-05 13:42:33.553  3100  3100 I [SUI] AnytimeUIAndroidPanelApp: handleGenericMessage activeComponent com.oculus.systemux/com.oculus.panelapp.anytimeui.AnytimeUIAndroidPanelService com.epicgames.PruebaVR
04-05 13:42:33.554  3100  3100 I [SUI] AnytimeUIAndroidPanelApp: handleActiveComponent - com.oculus.systemux/com.oculus.panelapp.anytimeui.AnytimeUIAndroidPanelService, returnComponent = com.epicgames.PruebaVR
04-05 13:42:33.554   825  1691 E TrackingService: attachClient: found client in attached list
04-05 13:42:33.555   825  3000 D TrackingService: getSharedMemory: /system/bin/mrsystemservice, Controller
04-05 13:42:33.560   825  1691 E TrackingService: attachClient: found client in attached list
04-05 13:42:33.561   825  3000 E TrackingService: attachClient: found client in attached list
04-05 13:42:33.561   825  1691 D TrackingService: getSharedMemory: com.oculus.vrshell, Controller
04-05 13:42:33.562   825  3000 E TrackingService: attachClient: found client in attached list
04-05 13:42:33.565   825  3000 I chatty  : uid=1000(system) Binder:825_5 identical 2 lines
04-05 13:42:33.571   825  3000 E TrackingService: attachClient: found client in attached list
04-05 13:42:33.574   825  1691 E TrackingService: attachClient: found client in attached list
04-05 13:42:33.576  3617  3686 I chatty  : uid=10021(com.oculus.vrshell) ShellOverlayVR expire 7 lines
04-05 13:42:33.581   825  1691 I chatty  : uid=1000(system) Binder:825_4 identical 2 lines
04-05 13:42:33.583  2225 13353 W LibraryProvider: Cannot find entitlement for com.oculus.vrshell
04-05 13:42:33.584  1849  1849 W OVRLibrary: null cursor received for query content://com.oculus.ocms.library/apps/com.oculus.vrshell
04-05 13:42:33.588   825  1691 E TrackingService: attachClient: found client in attached list
04-05 13:42:33.588  2225  2312 W LibraryProvider: Cannot find entitlement for com.epicgames.PruebaVR
04-05 13:42:33.588  3100  3100 W OVRLibrary: null cursor received for query content://com.oculus.ocms.library/apps/com.epicgames.PruebaVR
04-05 13:42:33.590   825  3000 E TrackingService: attachClient: found client in attached list
04-05 13:42:33.592   825  3000 E TrackingService: attachClient: found client in attached list
04-05 13:42:33.593  3617  3617 I chatty  : uid=10021(com.oculus.vrshell) ShellOverlayMai expire 6 lines
04-05 13:42:33.593   825  1691 E TrackingService: attachClient: found client in attached list
04-05 13:42:33.595  2225 13353 W LibraryProvider: Cannot find entitlement for com.epicgames.PruebaVR
04-05 13:42:33.598   825  3000 E TrackingService: attachClient: found client in attached list
04-05 13:42:33.600  1849  1849 W OVRLibrary: null cursor received for query content://com.oculus.ocms.library/apps/com.epicgames.PruebaVR
04-05 13:42:33.602   825  1691 E TrackingService: attachClient: found client in attached list
04-05 13:42:33.603 23683 23816 I chatty  : uid=10194(com.epicgames.PruebaVR) expire 191 lines
04-05 13:42:33.603  2225 13353 W LibraryProvider: Cannot find entitlement for com.epicgames.PruebaVR
04-05 13:42:33.610  1849  1849 W OVRLibrary: null cursor received for query content://com.oculus.ocms.library/apps/com.epicgames.PruebaVR
