04-05 13:42:37.504   825   825 E TrackingService: attachClient: found client in attached list
04-05 13:42:37.516   825  1691 E TrackingService: attachClient: found client in attached list
04-05 13:42:37.548   825  1691 I chatty  : uid=1000(system) Binder:825_4 identical 10 lines
04-05 13:42:37.549   825  1691 E TrackingService: attachClient: found client in attached list
04-05 13:42:37.561   825   825 E TrackingService: attachClient: found client in attached list
04-05 13:42:37.577   825   825 I chatty  : uid=1000(system) /system/bin/trackingservice identical 7 lines
04-05 13:42:37.578   825   825 E TrackingService: attachClient: found client in attached list
04-05 13:42:37.590   825  1691 E TrackingService: attachClient: found client in attached list
04-05 13:42:37.610   825  1691 I chatty  : uid=1000(system) Binder:825_4 identical 5 lines
04-05 13:42:37.611   825  1691 E TrackingService: attachClient: found client in attached list
04-05 13:42:37.612   825  3000 E TrackingService: attachClient: found client in attached list
04-05 13:42:37.641   825  3000 I chatty  : uid=1000(system) Binder:825_5 identical 7 lines
04-05 13:42:37.642   825  3000 E TrackingService: attachClient: found client in attached list
04-05 13:42:37.655   825  1691 E TrackingService: attachClient: found client in attached list
04-05 13:42:37.656   825  3000 E TrackingService: attachClient: found client in attached list
04-05 13:42:37.709  2188  2257 I GuardianInput: RightTrigger up
04-05 13:42:37.739   825  3000 I chatty  : uid=1000(system) Binder:825_5 identical 21 lines
04-05 13:42:37.740   825  3000 E TrackingService: attachClient: found client in attached list
04-05 13:42:37.752   825  1691 E TrackingService: attachClient: found client in attached list
04-05 13:42:37.776  3100  3100 I [SUI] AnytimeUIPanelAppBase: actionNavigate - App:  systemux://dialog/local-stream-start-from-device, Uri:  com.epicgames.PruebaVR
04-05 13:42:37.776  3100  3100 D [SUI] AnytimeUIPanelAppBase: ClickEventButtonId: AUI_DESTINATION_UI_V2_CASTING_START
04-05 13:42:37.833   825  1691 I chatty  : uid=1000(system) Binder:825_4 identical 26 lines
04-05 13:42:37.833   825  1691 E TrackingService: attachClient: found client in attached list
04-05 13:42:37.846   825  3000 E TrackingService: attachClient: found client in attached list
04-05 13:42:37.847   825  3000 E TrackingService: attachClient: found client in attached list
04-05 13:42:37.849   825  1691 E TrackingService: attachClient: found client in attached list
04-05 13:42:37.853  3100  3100 D CppPanelService: PanelService()
04-05 13:42:37.853  3100  3100 D CppPanelService: onBind()
04-05 13:42:37.856  3617  3617 I chatty  : uid=10021(com.oculus.vrshell) ShellOverlayMai expire 3 lines
04-05 13:42:37.861  3617  3686 I chatty  : uid=10021(com.oculus.vrshell) ShellOverlayVR expire 1 line
04-05 13:42:37.861   825  1691 I chatty  : uid=1000(system) Binder:825_4 identical 2 lines
04-05 13:42:37.862   825  1691 E TrackingService: attachClient: found client in attached list
04-05 13:42:37.863   825   825 E TrackingService: attachClient: found client in attached list
04-05 13:42:37.863  3100  3120 I CppPanelService: verifyVrShellUID(Debug Signatures=false, uid=10021) => apkSignatureResult=SigCertInfo(isTrusted=true, packageNames=[com.oculus.vrshell], fingerprint sha1=331660b6dd3bd582f3dfd3cbae4546724668a021, fingerprint sha256=dc2f834e3c1942378b14f076c82cd1ab59ea6566bff4730b2047e98efc9f9daf, signature=3082038d30820275a00302010202041303858a300d06092a864886f70d01010b05003077310b3009060355040613025553310b3009060355040813024341311330110603550407130a4d656e6c6f205061726b31173015060355040a130e4f63756c75732056522c204c4c4331173015060355040b130e4f63756c75732056522c204c4c43311430120603550403130b4f63756c75732041707073301e170d3134313033303231343032315a170d3432303331373231343032315a3077310b3009060355040613025553310b3009060355040813024341311330110603550407130a4d656e6c6f205061726b31173015060355040a130e4f63756c75732056522c204c4c4331173015060355040b130e4f63756c75732056522c204c4c43311430120603550403130b4f63756c7573204170707330820122300d06092a864886f70d01010105000382010f003082010a0282010100a34c7fbd96dea95d811f21a0d760cabca85f2df5dbe19b62aca7a3e3e0b6e48f7e173345f2753c458d639cc2e222eeee4cfb5e89ac1c5060044414056709a43a7f1a6f1e4f2c3d708c48912634be08ad6da1fff92d9c0d4b85e4bc8a8b1c27de84c04eb1e6577c10693500af46beaf7bd2ce72a06a46f4e565859f242cecbef1a431ae8096db712cebe73840bacc64de6b99077ba1ca8c20e5d0b4870bd161f087abbf568dfef58e604068ca6f7cdea183c8681c306bc30cb223e7c5ce3a2fcf00d13e158475b3700ef62dcca46c57baecca4d91052e20b861a1a085d5fc8e99aed8c4a9cfd550d01e54ef5062133befcf7f9ea6a5a1d1575a72cd82279f34030203010001a321301f301d0603551d0e04160414ec7ccdaf8ccdc6dd1b87d4b561582ad8ec397b80300d06092a864886f70d01010b0500038201010014c557ecddc17ba8b979618036e7093b8e7307f624644532c31239f4dc83fd9424267ca7670fa9f78689cbc5bfd8a6312fdc214bd159d614a8753ceec0f2b2d9166217895b13c992e1d10ca625a3153dacfa51dbdb7fde139bd59510f5add29f88be3826b445ce7386dcf06577be72fbdf118fa81179091fad275981409e02d40422d8e86df5827a2c496a4b905b4825c3f1ba0af4cf509bf9b0d4d608cf0b4320ac60d1a8cbcc384de24f11a4c93c0fc5b887cbd6855871af1b1ef729c51a8a123efc6a627b6494e81a264587443b9156ad17772863c2f9685fae9c72a552b333f8ef2822bce5d4d178e45b3a8dd4e321924f6a5ba43f732971a9e74cbf0433), time=1 ms
04-05 13:42:37.863  3100  3100 D CppPanelService: BEGIN: Initializing panel application via MSG_CREATE_PANEL_APP.
04-05 13:42:37.863  3100  3100 I AndroidPanelApp: Created
04-05 13:42:37.863  3100  3100 V LifecycleAwareViewModelStore: LifecycleAwareViewModelStore created
04-05 13:42:37.863  3100  3100 V LifecycleAwarePanelApp: PanelApp initial lifecycle started and moved from state INITIALIZED to state RESUMED
04-05 13:42:37.863  3100  3100 I PanelService: BEGIN: nativeInitializePanelInstance - Configure and set up thread polling.
04-05 13:42:37.863  3100  3100 I PanelService: BEGIN: Call hosted app's Configure method.
04-05 13:42:37.863  3100  3100 I PanelService: END: Call hosted app's Configure method.
04-05 13:42:37.863  3100  3100 I PanelService: END: nativeInitializePanelInstance - Add fd 149 to looper with error code 1
04-05 13:42:37.863  3100  3100 D CppPanelService: END: Initializing panel application via MSG_CREATE_PANEL_APP.
04-05 13:42:37.864   825   825 I chatty  : uid=1000(system) /system/bin/trackingservice identical 1 line
04-05 13:42:37.864  3100  3100 I [SUI] AndroidDialogPanelApp: handleShowDialog command received: dialogShow vrshell com.oculus.vrshell com.oculus.vrshell {"dialogId":"common_system_dialog_local_stream_start","parameters":{},"type":"common"}
04-05 13:42:37.864  3100  3100 I AndroidPanelApp: HideLayer(#main, shape: 2, shouldMinimizeLayer: false)
04-05 13:42:37.866  1073 10942 I DisplayManagerService: Display device added: DisplayDeviceInfo{"com.oculus.android_panel_app.AndroidPanelLayer-#main": uniqueId="virtual:com.oculus.systemux,10032,com.oculus.android_panel_app.AndroidPanelLayer-#main,3", 480 x 938, modeId 199, defaultModeId 199, supportedModes [{id=199, width=480, height=938, fps=60.0}], colorMode 0, supportedColorModes [0], HdrCapabilities null, density 200, 200.0 x 200.0 dpi, appVsyncOff 0, presDeadline 16666666, touch NONE, rotation 0, type VIRTUAL, state OFF, owner com.oculus.systemux (uid 10032), FLAG_PRIVATE, FLAG_NEVER_BLANK, FLAG_OWN_CONTENT_ONLY}
04-05 13:42:37.869  3100  3100 I [SUI] CustomDialog: Constructed CustomDialog.
04-05 13:42:37.871  3617  3686 I [OAO] PanelRenderLayer: ResetSurface 0 x 0 - shape:0 stereo:0
04-05 13:42:37.878   825   825 E TrackingService: attachClient: found client in attached list
04-05 13:42:37.879   825  1691 E TrackingService: attachClient: found client in attached list
04-05 13:42:37.879   825  1691 I chatty  : uid=1000(system) Binder:825_4 identical 1 line
04-05 13:42:37.880   825  1691 E TrackingService: attachClient: found client in attached list
04-05 13:42:37.888  1073  1120 W InputReader: Device has associated, but no associated display id.
04-05 13:42:37.888  3100  3100 E DeviceConfigTelemetryLogger: Can't find param: oculus_casting:aui_enable_local_cast_network_check_dialog
04-05 13:42:37.890   825   825 E TrackingService: attachClient: found client in attached list
04-05 13:42:37.895  1073  1122 W InputReader: Device has associated, but no associated display id.
04-05 13:42:37.895  1073  1122 I ActivityTaskManager: Override config changes=20005df8 {0.0 ?mcc?mnc ?localeList ?layoutDir sw384dp w384dp h750dp 200dpi nrml long port ?uimode ?night -touch qwerty/v/v -nav/h winConfig={ mBounds=Rect(0, 0 - 480, 938) mAppBounds=Rect(0, 0 - 480, 938) mWindowingMode=fullscreen mDisplayWindowingMode=fullscreen mActivityType=undefined mAlwaysOnTop=undefined mRotation=ROTATION_0}} for displayId=194
04-05 13:42:37.902  3100  3100 I AndroidPanelApp: Processing pending hide layer for layer #main.
04-05 13:42:37.902  3100  3100 I AndroidPanelApp: Processing pending show layer info for layer #main with width 480 and height 938.
04-05 13:42:37.902  3100  3100 I AndroidPanelApp: layerSupersample no changes
04-05 13:42:37.902  3100  3100 I AndroidPanelApp: Processing next frame action "layerShow" for layer "#main"
04-05 13:42:37.903  3617  3686 I [OAO] PanelAppHost: Setting panel layer visibility of layer "#main" to invisible
04-05 13:42:37.903  3617  3686 I [OAO] PanelAppHost: Resize layer #main to size 480 x 938 shape:2 stereo:0
04-05 13:42:37.903  3617  3686 I [OAO] PanelRenderLayer: ResetSurface 480 x 938 - shape:2 stereo:0
04-05 13:42:37.907  1073  1122 I DisplayManagerService: Display device changed state: "com.oculus.android_panel_app.AndroidPanelLayer-#main", ON
04-05 13:42:37.919  1073 14695 E WindowManager: App trying to use insecure INPUT_FEATURE_NO_INPUT_CHANNEL flag. Ignoring
04-05 13:42:37.921   825 23581 I [CT]    : VIPER:MAP_MANAGER: State: TrackingPersistent, UUID=0236f00a-b7d0-2762-ceac-8516caac74a0, Num. Persistent maps = 3,  Persistent maps:9dafb6d2-7cce-fc48-79a1-27a9abfd876d,0236f00a-b7d0-2762-ceac-8516caac74a0,bc705666-18f7-3b7b-46c2-e61fa37bbbc9,
04-05 13:42:37.921   698   698 D Zygote  : Forked child process 24838
04-05 13:42:37.928  1073  1133 I ActivityManager: Start proc 24838:com.oculus.vrcast/1000 for service {com.oculus.vrcast/com.oculus.vrcast.VrCastService}
04-05 13:42:37.931  3617  3686 I [OAO] PanelAppAnalytics: First frame latency: 0.085 for id 19 com.oculus.systemux/com.oculus.panelapp.androiddialog.AndroidDialogPanelService
04-05 13:42:37.931  3617  3686 I [OAO] LayerSwapChainResource: LayerSwapChainResource 480,938 : 2
04-05 13:42:37.931  3617  3686 I [OAO] SwapChainApiOpenXr: CreateTextureSwapChain 480,938 - 2
04-05 13:42:37.931  1898  3683 I VrRuntimeService: CreateSwapChain: 2377537138
04-05 13:42:37.931  1898  3683 I VrRuntimeService: CreateSwapChain: api:gles 0 0x8c43 480 938 10 2 1 0 3
04-05 13:42:37.933  1898  3683 I VrRuntimeServer: CreateTextureSwapChain: result importswapchaingles 1
04-05 13:42:37.940 24838 24838 E m.oculus.vrcas: Not starting debugger since process cannot load the jdwp agent.
04-05 13:42:37.941   825   825 I chatty  : uid=1000(system) /system/bin/trackingservice identical 14 lines
04-05 13:42:37.942   825   825 E TrackingService: attachClient: found client in attached list
04-05 13:42:37.943  3617  3686 I [OAO] SwapChainApiOpenXr: Swapchain created: 480,938 - 2
04-05 13:42:37.944  1898  3683 I VrRuntimeService: UpdateSwapChainSamplerState: 465
04-05 13:42:37.944  1898  3683 I VrRuntimeService: UpdateSwapChainSamplerState: minFilter=1 magFilter=1 wrapModeS=3 warpModeT=3 maxAniso=1.000000 border={0.000000,0.000000,0.000000,0.000000} swizzle={0,1,2,3}
04-05 13:42:37.951  3100  3100 W [SUI] LocalStreamStartDialog: Dialog configuration has not been set; setting default.
04-05 13:42:37.952   825  1691 E TrackingService: attachClient: found client in attached list
04-05 13:42:37.954   825  1691 I chatty  : uid=1000(system) Binder:825_4 identical 2 lines
04-05 13:42:37.955   825  1691 E TrackingService: attachClient: found client in attached list
04-05 13:42:37.960  3617  3686 I [OAO] PanelAppHost: Setting panel layer visibility of layer "#main" to visible
04-05 13:42:37.962   825 23581 I [CT]    : VIPER: Mode=Vega,Status=6DoF,TRACKING,KF=-1,Inl=357,Pts=0,Mem=76.4,Jit=0.1mm,Issues(Cam/min=0.0,IMU/min=0.0),Exp=(5.0ms,g=1.0,I=79,Ir=16000.6)(3.9ms,g=2.0,I=90,Ir=11497.9)(3.9ms,g=2.0,I=79,Ir=10050.2)(1.9ms,g=1.0,I=75,Ir=40590.5)
04-05 13:42:37.970   825   825 E TrackingService: attachClient: found client in attached list
04-05 13:42:37.988   825   825 I chatty  : uid=1000(system) /system/bin/trackingservice identical 7 lines
04-05 13:42:38.000   825   825 E TrackingService: attachClient: found client in attached list
04-05 13:42:38.001   825  1691 E TrackingService: attachClient: found client in attached list
04-05 13:42:38.001   825  3000 E TrackingService: attachClient: found client in attached list
04-05 13:42:38.017   825  3000 I chatty  : uid=1000(system) Binder:825_5 identical 3 lines
04-05 13:42:38.018   825  3000 E TrackingService: attachClient: found client in attached list
04-05 13:42:38.020   825  1259 E TrackingService: attachClient: found client in attached list
04-05 13:42:38.031   825  3000 E TrackingService: attachClient: found client in attached list
04-05 13:42:38.032   825  3000 E TrackingService: attachClient: found client in attached list
04-05 13:42:38.033   825  1259 E TrackingService: attachClient: found client in attached list
04-05 13:42:38.033 24838 24838 D UnifiedTelemetryLogger: UnifiedTelemetryLogger instance created
04-05 13:42:38.035 24838 24838 D UnifiedTelemetryLogger: binding with UnifiedTelemetryService
04-05 13:42:38.038 24838 24838 D VrCastDeviceStore: Total supported protocols: 1
04-05 13:42:38.039 24838 24838 D VrCastDeviceStore: Should keep connection alive when active device lost: false
04-05 13:42:38.054 24838 24856 W VrCastDeviceStore: There is no active cast device connected.
04-05 13:42:38.054  3100  3100 D [SUI] MainThreadVrCastController: onBindServiceSucceeded(null)
04-05 13:42:38.056  3100  3120 D [SUI] MainThreadVrCastController: onDevicesFound([])
04-05 13:42:38.066  1073  1224 D NsdService: mdnssd [start-service]
04-05 13:42:38.068   697   962 D MDnsDS  : Starting MDNSD
04-05 13:42:38.088  2225  2312 W LibraryProvider: Cannot find entitlement for com.oculus.vrcast
04-05 13:42:38.088  1540  3996 W OVRLibrary: null cursor received for query content://com.oculus.ocms.library/apps/com.oculus.vrcast
04-05 13:42:38.089   825  1259 I chatty  : uid=1000(system) Binder:825_2 identical 15 lines
04-05 13:42:38.089   825  1259 E TrackingService: attachClient: found client in attached list
04-05 13:42:38.090   825  3000 E TrackingService: attachClient: found client in attached list
04-05 13:42:38.101   825  3000 I chatty  : uid=1000(system) Binder:825_5 identical 2 lines
04-05 13:42:38.102   825  3000 E TrackingService: attachClient: found client in attached list
04-05 13:42:38.102   825  1259 E TrackingService: attachClient: found client in attached list
04-05 13:42:38.124   825  1259 I chatty  : uid=1000(system) Binder:825_2 identical 2 lines
04-05 13:42:38.125   825  1259 E TrackingService: attachClient: found client in attached list
04-05 13:42:38.125 23683 23716 I chatty  : uid=10194(com.epicgames.PruebaVR) expire 87 lines
04-05 13:42:38.125   825  3000 E TrackingService: attachClient: found client in attached list
04-05 13:42:38.126 23683 23816 I chatty  : uid=10194(com.epicgames.PruebaVR) expire 349 lines
04-05 13:42:38.138  3100  3100 I [SUI] AnytimeUIAndroidPanelApp: handleGenericMessage tooltipHide
04-05 13:42:38.138  3100  3100 I [SUI] AnytimeUIAndroidPanelApp: hideTooltip (configuring Android tooltip view)
04-05 13:42:38.140  2188  3827 I VrGuardianService: GuardianSDKServer::SetGuardianHitDialog 0
04-05 13:42:38.142   825  3000 I chatty  : uid=1000(system) Binder:825_5 identical 3 lines
04-05 13:42:38.142   825  3000 E TrackingService: attachClient: found client in attached list
04-05 13:42:38.145  3617  3686 I [OAO] TelemetryProvider: AUI visibility false, TaskBar visibility false, forced true
04-05 13:42:38.154  1073 14695 I DisplayManagerService: Display device removed: DisplayDeviceInfo{"com.oculus.android_panel_app.AndroidPanelLayer-tooltip": uniqueId="virtual:com.oculus.systemux,10032,com.oculus.android_panel_app.AndroidPanelLayer-tooltip,0", 67 x 65, modeId 198, defaultModeId 198, supportedModes [{id=198, width=67, height=65, fps=60.0}], colorMode 0, supportedColorModes [0], HdrCapabilities null, density 200, 200.0 x 200.0 dpi, appVsyncOff 0, presDeadline 16666666, touch NONE, rotation 0, type VIRTUAL, state ON, owner com.oculus.systemux (uid 10032), FLAG_PRIVATE, FLAG_NEVER_BLANK, FLAG_OWN_CONTENT_ONLY}
04-05 13:42:38.154  3100  3100 I AndroidPanelApp: HideLayer(tooltip, shape: 1, shouldMinimizeLayer: true)
04-05 13:42:38.154  3100  3100 I AndroidPanelApp: Processing pending hide layer for layer tooltip.
04-05 13:42:38.157   825  1259 E TrackingService: attachClient: found client in attached list
04-05 13:42:38.158   825  3000 E TrackingService: attachClient: found client in attached list
04-05 13:42:38.170  1540 24857 W ContextImpl: Calling a method in the system process without a qualified user: android.app.ContextImpl.sendBroadcast:1057 android.content.ContextWrapper.sendBroadcast:448 X.o8.A00:143 X.oO.A00:17 X.oO.handleMessage:90 
04-05 13:42:38.190  3617  3686 I [OAO] PanelAppHost: Setting panel layer visibility of layer "tooltip" to invisible
04-05 13:42:38.191  3617  3686 I [OAO] PanelAppHost: Resize layer tooltip to size 1 x 1 shape:1 stereo:0
04-05 13:42:38.191  3617  3686 I [OAO] PanelRenderLayer: ResetSurface 1 x 1 - shape:1 stereo:0
04-05 13:42:38.191  1898  3683 I VrRuntimeService: UpdateSwapChainSamplerState: 464
04-05 13:42:38.191  1898  3683 I VrRuntimeService: UpdateSwapChainSamplerState: minFilter=5 magFilter=1 wrapModeS=3 warpModeT=3 maxAniso=1.000000 border={0.000000,0.000000,0.000000,0.000000} swizzle={0,1,2,3}
04-05 13:42:38.193  3617  3686 I [OAO] LayerSwapChainResource: LayerSwapChainResource 1,1 : 2
04-05 13:42:38.193  3617  3686 I [OAO] SwapChainApiOpenXr: CreateTextureSwapChain 1,1 - 2
04-05 13:42:38.194  1898  3683 I VrRuntimeService: CreateSwapChain: 2377537138
04-05 13:42:38.194  1898  3683 I VrRuntimeService: CreateSwapChain: api:gles 0 0x8c43 1 1 1 2 1 0 3
04-05 13:42:38.194  1898  3683 I VrRuntimeServer: CreateTextureSwapChain: result importswapchaingles 1
04-05 13:42:38.200  3617  3686 I [OAO] SwapChainApiOpenXr: Swapchain created: 1,1 - 2
04-05 13:42:38.201  3617  3686 I VrRuntimeClient: SetTextureSwapChainSamplerState: No change in sampler state.
04-05 13:42:38.202  3617  3686 I [OAO] SwapChainApiOpenXr: Destroying SwapChain:0xee9638f0
04-05 13:42:38.202  1898  3683 I VrRuntimeService: DestroySwapChain: swapchain=464
04-05 13:42:38.202  1898  3683 I VrRuntimeServer: DestroyTextureSwapChain: result destroyswapchain 1
04-05 13:42:38.250  3617  3686 I [OAO] ShellSurfaceRender: Averages: drawCalls 13.2 progBinds 11.2 paramUpdates 60.0 textureBinds 4.7 bufferBinds 6.9
04-05 13:42:38.271  1073  1224 D NsdService: New client listening to asynchronous messages
04-05 13:42:38.272  1073  1224 D NsdService: New client, channel: com.android.internal.util.AsyncChannel@db4258a messenger: android.os.Messenger@be037fb
04-05 13:42:38.273 24838 24860 I GoogleCastDiscoveryHelper: Starting discovery
04-05 13:42:38.289   825  3000 I chatty  : uid=1000(system) Binder:825_5 identical 38 lines
04-05 13:42:38.290   825  3000 E TrackingService: attachClient: found client in attached list
04-05 13:42:38.303   825   825 E TrackingService: attachClient: found client in attached list
04-05 13:42:38.303   825   825 E TrackingService: attachClient: found client in attached list
04-05 13:42:38.304   825  3000 E TrackingService: attachClient: found client in attached list
04-05 13:42:38.305   825  3000 I chatty  : uid=1000(system) Binder:825_5 identical 1 line
04-05 13:42:38.317   825  3000 E TrackingService: attachClient: found client in attached list
04-05 13:42:38.318   825   825 E TrackingService: attachClient: found client in attached list
04-05 13:42:38.319   825   825 E TrackingService: attachClient: found client in attached list
04-05 13:42:38.320   825  3000 E TrackingService: attachClient: found client in attached list
04-05 13:42:38.332   825   825 E TrackingService: attachClient: found client in attached list
04-05 13:42:38.349   825   825 I chatty  : uid=1000(system) /system/bin/trackingservice identical 9 lines
04-05 13:42:38.354  1540 24863 W ContextImpl: Calling a method in the system process without a qualified user: android.app.ContextImpl.sendBroadcast:1057 android.content.ContextWrapper.sendBroadcast:448 X.o8.A00:143 X.oO.A00:17 X.oO.handleMessage:90 
04-05 13:42:38.361   825   825 E TrackingService: attachClient: found client in attached list
04-05 13:42:38.361   825  3000 E TrackingService: attachClient: found client in attached list
04-05 13:42:38.362   825  3000 I chatty  : uid=1000(system) Binder:825_5 identical 1 line
04-05 13:42:38.362   825  3000 E TrackingService: attachClient: found client in attached list
04-05 13:42:38.375   825   825 E TrackingService: attachClient: found client in attached list
04-05 13:42:38.392   825   825 I chatty  : uid=1000(system) /system/bin/trackingservice identical 5 lines
04-05 13:42:38.393   825   825 E TrackingService: attachClient: found client in attached list
04-05 13:42:38.393   825  1259 E TrackingService: attachClient: found client in attached list
04-05 13:42:38.405   825   825 E TrackingService: attachClient: found client in attached list
04-05 13:42:38.408   825   825 I chatty  : uid=1000(system) /system/bin/trackingservice identical 3 lines
04-05 13:42:38.419   825   825 E TrackingService: attachClient: found client in attached list
04-05 13:42:38.420   825  1259 E TrackingService: attachClient: found client in attached list
04-05 13:42:38.447   825  1259 I chatty  : uid=1000(system) Binder:825_2 identical 7 lines
04-05 13:42:38.448   825  1259 E TrackingService: attachClient: found client in attached list
04-05 13:42:38.449   825  3000 E TrackingService: attachClient: found client in attached list
04-05 13:42:38.450   825  3000 E TrackingService: attachClient: found client in attached list
04-05 13:42:38.451   825   825 E TrackingService: attachClient: found client in attached list
04-05 13:42:38.520   825   825 I chatty  : uid=1000(system) /system/bin/trackingservice identical 23 lines
04-05 13:42:38.530   825   825 E TrackingService: attachClient: found client in attached list
04-05 13:42:38.532   825  3000 E TrackingService: attachClient: found client in attached list
04-05 13:42:38.544   825  3000 I chatty  : uid=1000(system) Binder:825_5 identical 3 lines
04-05 13:42:38.545   825  3000 E TrackingService: attachClient: found client in attached list
04-05 13:42:38.545   825  1259 E TrackingService: attachClient: found client in attached list
04-05 13:42:38.559   825  1259 I chatty  : uid=1000(system) Binder:825_2 identical 3 lines
04-05 13:42:38.562   825  1259 E TrackingService: attachClient: found client in attached list
04-05 13:42:38.564   825   825 E TrackingService: attachClient: found client in attached list
04-05 13:42:38.576   825   825 I chatty  : uid=1000(system) /system/bin/trackingservice identical 4 lines
04-05 13:42:38.586   825   825 E TrackingService: attachClient: found client in attached list
04-05 13:42:38.588   825  1259 E TrackingService: attachClient: found client in attached list
04-05 13:42:38.592   825  1259 I chatty  : uid=1000(system) Binder:825_2 identical 2 lines
04-05 13:42:38.600   825  1259 E TrackingService: attachClient: found client in attached list
04-05 13:42:38.602   825   825 E TrackingService: attachClient: found client in attached list
04-05 13:42:38.612  1641  2657 I Telemetry: App memory usage: PSS=52MB DalvikPSS=23 MB
04-05 13:42:38.614  1540 24865 W ContextImpl: Calling a method in the system process without a qualified user: android.app.ContextImpl.sendBroadcast:1057 android.content.ContextWrapper.sendBroadcast:448 X.o8.A00:143 X.oO.A00:17 X.oO.handleMessage:90 
04-05 13:42:38.643   825   825 I chatty  : uid=1000(system) /system/bin/trackingservice identical 11 lines
04-05 13:42:38.644   825   825 E TrackingService: attachClient: found client in attached list
04-05 13:42:38.644   825  1259 E TrackingService: attachClient: found client in attached list
04-05 13:42:38.647   825  1259 I chatty  : uid=1000(system) Binder:825_2 identical 1 line
04-05 13:42:38.649 23683 23814 I chatty  : uid=10194(com.epicgames.PruebaVR) expire 3 lines
04-05 13:42:38.656   825  1259 E TrackingService: attachClient: found client in attached list
04-05 13:42:38.657   825  3000 E TrackingService: attachClient: found client in attached list
04-05 13:42:38.658   825  1259 E TrackingService: attachClient: found client in attached list
04-05 13:42:38.658 23683 23716 I chatty  : uid=10194(com.epicgames.PruebaVR) expire 162 lines
04-05 13:42:38.667   823  2667 W [CT]    : BOLTDEPTH: BoltDepthSystem: Invalid Bolt depth system state for core depth computation: PAUSED
04-05 13:42:38.671  1073  1122 I system_server: Explicit concurrent copying GC freed 90622(4345KB) AllocSpace objects, 44(1540KB) LOS objects, 42% free, 11MB/19MB, paused 33us total 38.500ms
04-05 13:42:38.671   825  1259 I chatty  : uid=1000(system) Binder:825_2 identical 2 lines
04-05 13:42:38.672   825  1259 E TrackingService: attachClient: found client in attached list
04-05 13:42:38.673   825   825 E TrackingService: attachClient: found client in attached list
04-05 13:42:38.676   825   825 I chatty  : uid=1000(system) /system/bin/trackingservice identical 4 lines
04-05 13:42:38.676   825   825 E TrackingService: attachClient: found client in attached list
04-05 13:42:38.686   825  3000 E TrackingService: attachClient: found client in attached list
04-05 13:42:38.689   825  3000 I chatty  : uid=1000(system) Binder:825_5 identical 2 lines
04-05 13:42:38.689   825  3000 E TrackingService: attachClient: found client in attached list
04-05 13:42:38.700   825  1259 E TrackingService: attachClient: found client in attached list
04-05 13:42:38.701   825  1259 I chatty  : uid=1000(system) Binder:825_2 identical 2 lines
04-05 13:42:38.702   825  1259 E TrackingService: attachClient: found client in attached list
04-05 13:42:38.710  2188  3827 I VrGuardianService: GuardianSDKServer::SetGuardianHitDialog 1
04-05 13:42:38.714   825  3000 E TrackingService: attachClient: found client in attached list
04-05 13:42:38.725  3100  3100 V [SUI] AnytimeUIAndroidPanelApp: Toast Layer Hide requested
04-05 13:42:38.725  3100  3100 V [SUI] AnytimeUIAndroidPanelApp: ToastLayer has already gone away. Nothing to hide
04-05 13:42:38.790   825  3000 I chatty  : uid=1000(system) Binder:825_5 identical 23 lines
04-05 13:42:38.800   825  3000 E TrackingService: attachClient: found client in attached list
04-05 13:42:38.801   825  1259 E TrackingService: attachClient: found client in attached list
04-05 13:42:38.801   825  1259 I chatty  : uid=1000(system) Binder:825_2 identical 1 line
04-05 13:42:38.801   825  1259 E TrackingService: attachClient: found client in attached list
04-05 13:42:38.814   825  3000 E TrackingService: attachClient: found client in attached list
04-05 13:42:38.843   825  3000 I chatty  : uid=1000(system) Binder:825_5 identical 9 lines
04-05 13:42:38.844   825  3000 E TrackingService: attachClient: found client in attached list
04-05 13:42:38.844   825  1259 E TrackingService: attachClient: found client in attached list
04-05 13:42:38.856   825  3000 E TrackingService: attachClient: found client in attached list
04-05 13:42:38.885   825  3000 I chatty  : uid=1000(system) Binder:825_5 identical 10 lines
04-05 13:42:38.885   825  3000 E TrackingService: attachClient: found client in attached list
04-05 13:42:38.897   825  1259 E TrackingService: attachClient: found client in attached list
04-05 13:42:38.898   825  1259 E TrackingService: attachClient: found client in attached list
04-05 13:42:38.899   825  3000 E TrackingService: attachClient: found client in attached list
04-05 13:42:38.899   825  3000 E TrackingService: attachClient: found client in attached list
04-05 13:42:38.911   825  1259 E TrackingService: attachClient: found client in attached list
04-05 13:42:38.913   825  1259 I chatty  : uid=1000(system) Binder:825_2 identical 2 lines
04-05 13:42:38.913   825  1259 E TrackingService: attachClient: found client in attached list
04-05 13:42:38.925   825  3000 E TrackingService: attachClient: found client in attached list
04-05 13:42:38.952   825  3000 I chatty  : uid=1000(system) Binder:825_5 identical 8 lines
04-05 13:42:38.953   825  3000 E TrackingService: attachClient: found client in attached list
04-05 13:42:38.954   825  1259 E TrackingService: attachClient: found client in attached list
04-05 13:42:38.954   825  1259 E TrackingService: attachClient: found client in attached list
04-05 13:42:38.959  3100  3100 D [SUI] SocialViewModel: refresPartyData()
04-05 13:42:38.965   825  3000 E TrackingService: attachClient: found client in attached list
04-05 13:42:38.968   825  3000 I chatty  : uid=1000(system) Binder:825_5 identical 3 lines
04-05 13:42:38.978   825  3000 E TrackingService: attachClient: found client in attached list
04-05 13:42:38.980   825  1691 E TrackingService: attachClient: found client in attached list
04-05 13:42:39.004   825  1691 I chatty  : uid=1000(system) Binder:825_4 identical 7 lines
04-05 13:42:39.005   825  1691 E TrackingService: attachClient: found client in attached list
04-05 13:42:39.009   825   825 E TrackingService: attachClient: found client in attached list
04-05 13:42:39.090   825   825 I chatty  : uid=1000(system) /system/bin/trackingservice identical 23 lines
04-05 13:42:39.092   825   825 E TrackingService: attachClient: found client in attached list
04-05 13:42:39.092   825  3000 E TrackingService: attachClient: found client in attached list
04-05 13:42:39.144 23683 23816 I chatty  : uid=10194(com.epicgames.PruebaVR) expire 185 lines
04-05 13:42:39.199   825  3000 I chatty  : uid=1000(system) Binder:825_5 identical 30 lines
04-05 13:42:39.200   825  3000 E TrackingService: attachClient: found client in attached list
04-05 13:42:39.201   825   825 E TrackingService: attachClient: found client in attached list
04-05 13:42:39.212   825  3000 E TrackingService: attachClient: found client in attached list
04-05 13:42:39.213   825  3000 I chatty  : uid=1000(system) Binder:825_5 identical 2 lines
04-05 13:42:39.214   825  3000 E TrackingService: attachClient: found client in attached list
04-05 13:42:39.226   825   825 E TrackingService: attachClient: found client in attached list
04-05 13:42:39.227   825   825 I chatty  : uid=1000(system) /system/bin/trackingservice identical 1 line
04-05 13:42:39.227   825   825 E TrackingService: attachClient: found client in attached list
04-05 13:42:39.228   825  3000 E TrackingService: attachClient: found client in attached list
04-05 13:42:39.240   825  3000 I chatty  : uid=1000(system) Binder:825_5 identical 1 line
04-05 13:42:39.241   825  3000 E TrackingService: attachClient: found client in attached list
04-05 13:42:39.241   825   825 E TrackingService: attachClient: found client in attached list
04-05 13:42:39.252  3100  3100 D [SUI] SocialViewModel: Fetched party: null 
04-05 13:42:39.252  3100  3100 D [SUI] SocialViewModel: setParty() - no change
04-05 13:42:39.255   825   825 I chatty  : uid=1000(system) /system/bin/trackingservice identical 3 lines
04-05 13:42:39.256   825   825 E TrackingService: attachClient: found client in attached list
04-05 13:42:39.256   825  3000 E TrackingService: attachClient: found client in attached list
04-05 13:42:39.268   825   825 E TrackingService: attachClient: found client in attached list
04-05 13:42:39.297   825   825 I chatty  : uid=1000(system) /system/bin/trackingservice identical 9 lines
04-05 13:42:39.298   825   825 E TrackingService: attachClient: found client in attached list
04-05 13:42:39.298   825  3000 E TrackingService: attachClient: found client in attached list
04-05 13:42:39.312   825  3000 I chatty  : uid=1000(system) Binder:825_5 identical 4 lines
04-05 13:42:39.324   825  3000 E TrackingService: attachClient: found client in attached list
04-05 13:42:39.324   825   825 E TrackingService: attachClient: found client in attached list
04-05 13:42:39.326   825   825 I chatty  : uid=1000(system) /system/bin/trackingservice identical 1 line
04-05 13:42:39.328   825   825 E TrackingService: attachClient: found client in attached list
04-05 13:42:39.338   825  1259 E TrackingService: attachClient: found client in attached list
04-05 13:42:39.435   825  1259 I chatty  : uid=1000(system) Binder:825_2 identical 29 lines
04-05 13:42:39.436   825  1259 E TrackingService: attachClient: found client in attached list
04-05 13:42:39.437   825  3000 E TrackingService: attachClient: found client in attached list
04-05 13:42:39.495   825  3000 I chatty  : uid=1000(system) Binder:825_5 identical 17 lines
04-05 13:42:39.505   825  3000 E TrackingService: attachClient: found client in attached list
04-05 13:42:39.506   825   825 E TrackingService: attachClient: found client in attached list
04-05 13:42:39.507   825  3000 E TrackingService: attachClient: found client in attached list
04-05 13:42:39.507   825  3000 E TrackingService: attachClient: found client in attached list
04-05 13:42:39.518   825   825 E TrackingService: attachClient: found client in attached list
04-05 13:42:39.519   825   825 I chatty  : uid=1000(system) /system/bin/trackingservice identical 1 line
04-05 13:42:39.519   825   825 E TrackingService: attachClient: found client in attached list
04-05 13:42:39.520   825  3000 E TrackingService: attachClient: found client in attached list
04-05 13:42:39.532   825   825 E TrackingService: attachClient: found client in attached list
04-05 13:42:39.533   825   825 E TrackingService: attachClient: found client in attached list
04-05 13:42:39.533   825  3000 E TrackingService: attachClient: found client in attached list
04-05 13:42:39.534   825  3000 E TrackingService: attachClient: found client in attached list
04-05 13:42:39.546   825   825 E TrackingService: attachClient: found client in attached list
04-05 13:42:39.577   825   825 I chatty  : uid=1000(system) /system/bin/trackingservice identical 10 lines
04-05 13:42:39.577   825   825 E TrackingService: attachClient: found client in attached list
04-05 13:42:39.590   825  1259 E TrackingService: attachClient: found client in attached list
04-05 13:42:39.590   825  1259 I chatty  : uid=1000(system) Binder:825_2 identical 1 line
04-05 13:42:39.591   825  1259 E TrackingService: attachClient: found client in attached list
04-05 13:42:39.593   825   825 E TrackingService: attachClient: found client in attached list
04-05 13:42:39.605   825   825 I chatty  : uid=1000(system) /system/bin/trackingservice identical 3 lines
04-05 13:42:39.605   825   825 E TrackingService: attachClient: found client in attached list
04-05 13:42:39.609   825  3000 E TrackingService: attachClient: found client in attached list
04-05 13:42:39.610   825  1259 E TrackingService: attachClient: found client in attached list
04-05 13:42:39.612  2188  2652 I Telemetry: App memory usage: PSS=59MB DalvikPSS=11 MB
04-05 13:42:39.618   825  1259 I chatty  : uid=1000(system) Binder:825_2 identical 3 lines
04-05 13:42:39.619   825  1259 E TrackingService: attachClient: found client in attached list
04-05 13:42:39.621   825  3000 E TrackingService: attachClient: found client in attached list
04-05 13:42:39.628  3100  3100 D [SUI] SocialViewModel: refreshLowPriData()
04-05 13:42:39.628  3100  3100 D [SUI] SocialViewModel: loadProfilePhotoUrl()
04-05 13:42:39.632   825  3000 I chatty  : uid=1000(system) Binder:825_5 identical 2 lines
04-05 13:42:39.635   825  3000 E TrackingService: attachClient: found client in attached list
04-05 13:42:39.636   825  1259 E TrackingService: attachClient: found client in attached list
04-05 13:42:39.646   825  1259 I chatty  : uid=1000(system) Binder:825_2 identical 2 lines
04-05 13:42:39.649   825  1259 E TrackingService: attachClient: found client in attached list
04-05 13:42:39.650   825   825 E TrackingService: attachClient: found client in attached list
04-05 13:42:39.651   825  1259 E TrackingService: attachClient: found client in attached list
04-05 13:42:39.651 23683 23814 I chatty  : uid=10194(com.epicgames.PruebaVR) expire 1 line
04-05 13:42:39.671 23683 23816 I chatty  : uid=10194(com.epicgames.PruebaVR) expire 167 lines
04-05 13:42:39.677 23683 23716 I chatty  : uid=10194(com.epicgames.PruebaVR) expire 136 lines
04-05 13:42:39.679   825  1259 I chatty  : uid=1000(system) Binder:825_2 identical 11 lines
04-05 13:42:39.679   825  1259 E TrackingService: attachClient: found client in attached list
04-05 13:42:39.690   825   825 E TrackingService: attachClient: found client in attached list
04-05 13:42:39.705   825   825 I chatty  : uid=1000(system) /system/bin/trackingservice identical 4 lines
04-05 13:42:39.709   825   825 E TrackingService: attachClient: found client in attached list
04-05 13:42:39.710   825  1259 E TrackingService: attachClient: found client in attached list
04-05 13:42:39.736   825  1259 I chatty  : uid=1000(system) Binder:825_2 identical 9 lines
04-05 13:42:39.747   825  1259 E TrackingService: attachClient: found client in attached list
04-05 13:42:39.748   825   825 E TrackingService: attachClient: found client in attached list
04-05 13:42:39.749   825   825 E TrackingService: attachClient: found client in attached list
04-05 13:42:39.749   825  1259 E TrackingService: attachClient: found client in attached list
04-05 13:42:39.762   825   825 E TrackingService: attachClient: found client in attached list
04-05 13:42:39.762   825  1259 E TrackingService: attachClient: found client in attached list
04-05 13:42:39.789   825 23504 I [CT]    : boltlib: DSP utilization: 7.66 % (385 / 5033 ms)
04-05 13:42:39.798  3100  3100 D [SUI] SocialViewModel: loadProfilePhotoUrl() - Fetched social viewer info, latency: 170ms
04-05 13:42:39.798  3100  3100 D [SUI] SocialViewModel: updateSocialViewerForObservers(): -$$Lambda$SystemStatusView$hvdttGlyfUmlGZJVTLPJRt2c5Fk
04-05 13:42:39.806   825  1259 I chatty  : uid=1000(system) Binder:825_2 identical 13 lines
04-05 13:42:39.807   825  1259 E TrackingService: attachClient: found client in attached list
04-05 13:42:39.820   825   825 E TrackingService: attachClient: found client in attached list
04-05 13:42:39.848   825   825 I chatty  : uid=1000(system) /system/bin/trackingservice identical 8 lines
04-05 13:42:39.849   825   825 E TrackingService: attachClient: found client in attached list
04-05 13:42:39.849   825  1259 E TrackingService: attachClient: found client in attached list
04-05 13:42:39.850   825  1259 E TrackingService: attachClient: found client in attached list
04-05 13:42:39.863   825   825 E TrackingService: attachClient: found client in attached list
04-05 13:42:39.865   825   825 I chatty  : uid=1000(system) /system/bin/trackingservice identical 3 lines
04-05 13:42:39.866   823  2667 W [CT]    : BOLTDEPTH: BoltDepthSystem: Invalid Bolt depth system state for core depth computation: PAUSED
04-05 13:42:39.877   825   825 E TrackingService: attachClient: found client in attached list
04-05 13:42:39.878   825  1259 E TrackingService: attachClient: found client in attached list
04-05 13:42:39.879   825  1259 I chatty  : uid=1000(system) Binder:825_2 identical 1 line
04-05 13:42:39.881   825  1259 E TrackingService: attachClient: found client in attached list
04-05 13:42:39.892   825   825 E TrackingService: attachClient: found client in attached list
04-05 13:42:39.990   825   825 I chatty  : uid=1000(system) /system/bin/trackingservice identical 29 lines
04-05 13:42:39.990   825   825 E TrackingService: attachClient: found client in attached list
04-05 13:42:39.991   825  1259 E TrackingService: attachClient: found client in attached list
04-05 13:42:40.004   825  1259 I chatty  : uid=1000(system) Binder:825_2 identical 3 lines
04-05 13:42:40.005   825  1259 E TrackingService: attachClient: found client in attached list
04-05 13:42:40.017   825   825 E TrackingService: attachClient: found client in attached list
04-05 13:42:40.045   825   825 I chatty  : uid=1000(system) /system/bin/trackingservice identical 8 lines
04-05 13:42:40.046   825   825 E TrackingService: attachClient: found client in attached list
04-05 13:42:40.046   825  1259 E TrackingService: attachClient: found client in attached list
04-05 13:42:40.047   825   825 E TrackingService: attachClient: found client in attached list
04-05 13:42:40.059   825   825 E TrackingService: attachClient: found client in attached list
04-05 13:42:40.060   825  1259 E TrackingService: attachClient: found client in attached list
04-05 13:42:40.061   825  1259 I chatty  : uid=1000(system) Binder:825_2 identical 1 line
04-05 13:42:40.062   825  1259 E TrackingService: attachClient: found client in attached list
04-05 13:42:40.072   825   825 E TrackingService: attachClient: found client in attached list
04-05 13:42:40.073   825   825 E TrackingService: attachClient: found client in attached list
04-05 13:42:40.074   825  1259 E TrackingService: attachClient: found client in attached list
04-05 13:42:40.088   825  1259 I chatty  : uid=1000(system) Binder:825_2 identical 4 lines
04-05 13:42:40.088   825  1259 E TrackingService: attachClient: found client in attached list
04-05 13:42:40.100   825   825 E TrackingService: attachClient: found client in attached list
04-05 13:42:40.112  1898  2099 I PerformanceManager_V0: SetClockLevels: Apply pending clock request change: 3,4 -> 2,4
04-05 13:42:40.112  1898 23602 I Clocks  : ReleaseClocks - start
04-05 13:42:40.113  1898 23602 I Clocks  : ReleaseClocks - end (0.3 ms)
04-05 13:42:40.113  1898 23602 I Clocks  : LockClocks( cpu=2, gpu=4 ) - start
04-05 13:42:40.113  1898 23602 I Clocks  : CPU levels [0, 4]
04-05 13:42:40.113  1898 23602 I Clocks  : GPU levels [0, 5]
04-05 13:42:40.113  1898 23602 I Clocks  : LockClocks( cpu=2, gpu=4 ) - end (0.6 ms)
04-05 13:42:40.144 23683 23816 I chatty  : uid=10194(com.epicgames.PruebaVR) expire 338 lines
04-05 13:42:40.184   825   825 I chatty  : uid=1000(system) /system/bin/trackingservice identical 24 lines
04-05 13:42:40.185   825   825 E TrackingService: attachClient: found client in attached list
04-05 13:42:40.186   825  1259 E TrackingService: attachClient: found client in attached list
04-05 13:42:40.242   825  1259 I chatty  : uid=1000(system) Binder:825_2 identical 17 lines
04-05 13:42:40.254   825  1259 E TrackingService: attachClient: found client in attached list
04-05 13:42:40.255   825   825 E TrackingService: attachClient: found client in attached list
04-05 13:42:40.256   825   825 I chatty  : uid=1000(system) /system/bin/trackingservice identical 1 line
04-05 13:42:40.257   825   825 E TrackingService: attachClient: found client in attached list
04-05 13:42:40.268   825  1259 E TrackingService: attachClient: found client in attached list
04-05 13:42:40.325   825  1259 I chatty  : uid=1000(system) Binder:825_2 identical 17 lines
04-05 13:42:40.326   825  1259 E TrackingService: attachClient: found client in attached list
04-05 13:42:40.326   825   825 E TrackingService: attachClient: found client in attached list
04-05 13:42:40.367   825   825 I chatty  : uid=1000(system) /system/bin/trackingservice identical 10 lines
04-05 13:42:40.367   825   825 E TrackingService: attachClient: found client in attached list
04-05 13:42:40.368   825  1259 E TrackingService: attachClient: found client in attached list
04-05 13:42:40.380   825   825 E TrackingService: attachClient: found client in attached list
04-05 13:42:40.395   825   825 I chatty  : uid=1000(system) /system/bin/trackingservice identical 6 lines
04-05 13:42:40.396   825   825 E TrackingService: attachClient: found client in attached list
04-05 13:42:40.408   825  1259 E TrackingService: attachClient: found client in attached list
04-05 13:42:40.436   825  1259 I chatty  : uid=1000(system) Binder:825_2 identical 8 lines
04-05 13:42:40.437   825  1259 E TrackingService: attachClient: found client in attached list
04-05 13:42:40.437   825   825 E TrackingService: attachClient: found client in attached list
04-05 13:42:40.452   825   825 I chatty  : uid=1000(system) /system/bin/trackingservice identical 4 lines
04-05 13:42:40.452   825   825 E TrackingService: attachClient: found client in attached list
04-05 13:42:40.464   825  1259 E TrackingService: attachClient: found client in attached list
04-05 13:42:40.481   825  1259 I chatty  : uid=1000(system) Binder:825_2 identical 6 lines
04-05 13:42:40.482   825  1259 E TrackingService: attachClient: found client in attached list
04-05 13:42:40.491   825   825 E TrackingService: attachClient: found client in attached list
04-05 13:42:40.492   825   825 I chatty  : uid=1000(system) /system/bin/trackingservice identical 2 lines
04-05 13:42:40.492   825   825 E TrackingService: attachClient: found client in attached list
04-05 13:42:40.505   825  1259 E TrackingService: attachClient: found client in attached list
04-05 13:42:40.505   825  1259 I chatty  : uid=1000(system) Binder:825_2 identical 1 line
04-05 13:42:40.506   825  1259 E TrackingService: attachClient: found client in attached list
04-05 13:42:40.506   825   825 E TrackingService: attachClient: found client in attached list
04-05 13:42:40.518   825  1259 E TrackingService: attachClient: found client in attached list
04-05 13:42:40.533   825  1259 I chatty  : uid=1000(system) Binder:825_2 identical 6 lines
04-05 13:42:40.534   825  1259 E TrackingService: attachClient: found client in attached list
04-05 13:42:40.546   825   825 E TrackingService: attachClient: found client in attached list
04-05 13:42:40.547   825   825 I chatty  : uid=1000(system) /system/bin/trackingservice identical 1 line
04-05 13:42:40.548   825   825 E TrackingService: attachClient: found client in attached list
04-05 13:42:40.548   825  1259 E TrackingService: attachClient: found client in attached list
04-05 13:42:40.561   825  1259 I chatty  : uid=1000(system) Binder:825_2 identical 2 lines
04-05 13:42:40.561   825  1259 E TrackingService: attachClient: found client in attached list
04-05 13:42:40.562   825   825 E TrackingService: attachClient: found client in attached list
04-05 13:42:40.574   825  1259 E TrackingService: attachClient: found client in attached list
04-05 13:42:40.575   825  1259 I chatty  : uid=1000(system) Binder:825_2 identical 2 lines
04-05 13:42:40.577   825  1259 E TrackingService: attachClient: found client in attached list
04-05 13:42:40.588   825   825 E TrackingService: attachClient: found client in attached list
04-05 13:42:40.602   825   825 I chatty  : uid=1000(system) /system/bin/trackingservice identical 4 lines
04-05 13:42:40.603   825   825 E TrackingService: attachClient: found client in attached list
04-05 13:42:40.604   825  1259 E TrackingService: attachClient: found client in attached list
04-05 13:42:40.618 23683 23716 I chatty  : uid=10194(com.epicgames.PruebaVR) expire 68 lines
04-05 13:42:40.631   825  1259 I chatty  : uid=1000(system) Binder:825_2 identical 7 lines
04-05 13:42:40.633   825  1259 E TrackingService: attachClient: found client in attached list
04-05 13:42:40.634   825   825 E TrackingService: attachClient: found client in attached list
04-05 13:42:40.654 23683 23814 I chatty  : uid=10194(com.epicgames.PruebaVR) expire 1 line
04-05 13:42:40.659   825   825 I chatty  : uid=1000(system) /system/bin/trackingservice identical 6 lines
04-05 13:42:40.660   825   825 E TrackingService: attachClient: found client in attached list
04-05 13:42:40.661   825  1259 E TrackingService: attachClient: found client in attached list
04-05 13:42:40.673   825   825 E TrackingService: attachClient: found client in attached list
04-05 13:42:40.674   825   825 I chatty  : uid=1000(system) /system/bin/trackingservice identical 2 lines
04-05 13:42:40.676   825   825 E TrackingService: attachClient: found client in attached list
04-05 13:42:40.687   825  1259 E TrackingService: attachClient: found client in attached list
04-05 13:42:40.688   825  1259 I chatty  : uid=1000(system) Binder:825_2 identical 2 lines
04-05 13:42:40.688   825  1259 E TrackingService: attachClient: found client in attached list
04-05 13:42:40.701   825   825 E TrackingService: attachClient: found client in attached list
04-05 13:42:40.716   825   825 I chatty  : uid=1000(system) /system/bin/trackingservice identical 6 lines
04-05 13:42:40.716   825   825 E TrackingService: attachClient: found client in attached list
04-05 13:42:40.729   825  1259 E TrackingService: attachClient: found client in attached list
04-05 13:42:40.730   825  1259 E TrackingService: attachClient: found client in attached list
04-05 13:42:40.730   825   825 E TrackingService: attachClient: found client in attached list
04-05 13:42:40.730   825   825 E TrackingService: attachClient: found client in attached list
04-05 13:42:40.743   825  1259 E TrackingService: attachClient: found client in attached list
04-05 13:42:40.744   825  1259 I chatty  : uid=1000(system) Binder:825_2 identical 1 line
04-05 13:42:40.744   825  1259 E TrackingService: attachClient: found client in attached list
04-05 13:42:40.745   825   825 E TrackingService: attachClient: found client in attached list
04-05 13:42:40.758   825   825 I chatty  : uid=1000(system) /system/bin/trackingservice identical 3 lines
04-05 13:42:40.759   825   825 E TrackingService: attachClient: found client in attached list
04-05 13:42:40.771   825  1259 E TrackingService: attachClient: found client in attached list
04-05 13:42:40.772   825   825 E TrackingService: attachClient: found client in attached list
