04-04 16:46:28.110   833 28629 I [CT]    : CONSTELLATION:IMU_STATUS: 7c0258126e7b29fa (R): [FusionTracked=1.000, OutputTracked=1.000, OutputValid=1.000] [AccelSat=0.000, GyroSat=0.000] 
04-04 16:46:28.114   833 28629 I [CT]    : CONSTELLATION:IMU_STATUS: bec25d3a5594a307 (L): [FusionTracked=1.000, OutputTracked=1.000, OutputValid=1.000] [AccelSat=0.000, GyroSat=0.000] 
04-04 16:46:28.121 31429 31462 I chatty  : uid=10184(com.epicgames.PruebaVR) expire 170 lines
04-04 16:46:28.124 31429 31542 I chatty  : uid=10184(com.epicgames.PruebaVR) expire 169 lines
04-04 16:46:28.784   833 28629 I [CT]    : INPUT_TRACKING:Behavior:OutOfFoVRotation: [Right] state transition: TorsoInitialized -> InRange
04-04 16:46:28.941   833 28629 I [CT]    : INPUT_TRACKING:Behavior:OutOfFoVRotation: [Right] state transition: InRange -> Init
04-04 16:46:28.943   833 28629 I [CT]    : INPUT_TRACKING:Behavior:OutOfFoVRotation: [Right] state transition: Init -> TorsoInitialized
04-04 16:46:29.022   833 28602 I [CT]    : boltlib: DSP utilization: 6.48 % (326 / 5035 ms)
04-04 16:46:29.147  1563  2961 I [CT]    : MIXEDREALITY: MrServiceView: renderIteration: (every 10 seconds), screen is: ON, PT is: OFF, ID is: OFF
04-04 16:46:29.383 31429 31462 I chatty  : uid=10184(com.epicgames.PruebaVR) expire 168 lines
04-04 16:46:29.532  1563  2961 I [CT]    : MIXEDREALITY: MrServiceModel: commitLayerState: (every 10 seconds), ImagesAndCompute: false, ImagesOnly: false, NoRequirement: true.
04-04 16:46:29.811 31429 31540 I chatty  : uid=10184(com.epicgames.PruebaVR) expire 3 lines
04-04 16:46:30.318   833 28691 I [CT]    : VIPER:MAP_MANAGER: State: TrackingPersistent, UUID=0236f00a-b7d0-2762-ceac-8516caac74a0, Num. Persistent maps = 3,  Persistent maps:bc705666-18f7-3b7b-46c2-e61fa37bbbc9,9dafb6d2-7cce-fc48-79a1-27a9abfd876d,0236f00a-b7d0-2762-ceac-8516caac74a0,
04-04 16:46:30.355   833 28691 I [CT]    : VIPER: Mode=Vega,Status=6DoF,TRACKING,KF=-1,Inl=373,Pts=0,Mem=78.4,Jit=0.7mm,Issues(Cam/min=0.0,IMU/min=0.0),Exp=(4.3ms,g=1.0,I=72,Ir=16792.3)(4.5ms,g=1.0,I=66,Ir=14806.5)(4.5ms,g=1.0,I=73,Ir=16143.6)(2.1ms,g=1.0,I=73,Ir=34394.6)
04-04 16:46:31.063 31429 31462 I chatty  : uid=10184(com.epicgames.PruebaVR) expire 169 lines
04-04 16:46:31.065 31429 31542 I chatty  : uid=10184(com.epicgames.PruebaVR) expire 84 lines
04-04 16:46:31.715   833 28629 I [CT]    : INPUT_TRACKING:Behavior:NearHeadMoving: [Right] state transition: TorsoInitialized -> InRange
04-04 16:46:31.719  2270  2355 I GuardianInput: RightTrigger up
04-04 16:46:31.775  2270  2355 I GuardianInput: LeftTrigger up
04-04 16:46:31.889   833 28629 I [CT]    : INPUT_TRACKING:Behavior:NearHeadMoving: [Right] state transition: InRange -> Init
04-04 16:46:31.891   833 28629 I [CT]    : INPUT_TRACKING:Behavior:NearHeadMoving: [Right] state transition: Init -> TorsoInitialized
04-04 16:46:32.037 31429 31464 I chatty  : uid=10184(com.epicgames.PruebaVR) expire 1 line
04-04 16:46:32.538 31429 31462 I chatty  : uid=10184(com.epicgames.PruebaVR) expire 169 lines
04-04 16:46:32.550 31429 31542 I chatty  : uid=10184(com.epicgames.PruebaVR) expire 85 lines
04-04 16:46:32.811 31429 31540 I chatty  : uid=10184(com.epicgames.PruebaVR) expire 3 lines
04-04 16:46:33.723 31429 31462 I chatty  : uid=10184(com.epicgames.PruebaVR) expire 174 lines
04-04 16:46:33.734 31429 31542 I chatty  : uid=10184(com.epicgames.PruebaVR) expire 174 lines
04-04 16:46:33.915   833 28691 I [CT]    : VIPER:MAP_MANAGER: State: TrackingPersistent, UUID=0236f00a-b7d0-2762-ceac-8516caac74a0, Num. Persistent maps = 3,  Persistent maps:bc705666-18f7-3b7b-46c2-e61fa37bbbc9,9dafb6d2-7cce-fc48-79a1-27a9abfd876d,0236f00a-b7d0-2762-ceac-8516caac74a0,
04-04 16:46:33.957   833 28691 I [CT]    : VIPER: Mode=Vega,Status=6DoF,TRACKING,KF=-1,Inl=307,Pts=0,Mem=78.5,Jit=0.4mm,Issues(Cam/min=0.0,IMU/min=0.0),Exp=(3.8ms,g=1.0,I=72,Ir=18842.3)(5.1ms,g=2.0,I=69,Ir=6817.7)(5.1ms,g=2.0,I=75,Ir=7322.5)(2.2ms,g=1.0,I=73,Ir=32638.6)
04-04 16:46:34.023   833 28602 I [CT]    : boltlib: DSP utilization: 5.86 % (292 / 5000 ms)
04-04 16:46:34.076  1563  3071 I VrRuntimeDeviceConfigClient: GetBoolean: oculus_mobile_disable_non_hands_app_hands_usage 0
04-04 16:46:34.076  1563  3071 I VrRuntimeDeviceConfigClient: GetBoolean: oculus_keyboard_telemetry 0
04-04 16:46:34.105  1964  2179 I PerformanceManager_V0: SetClockLevels: Apply pending clock request change: 4,4 -> 3,4
04-04 16:46:34.105  1964 28700 I Clocks  : ReleaseClocks - start
04-04 16:46:34.105  1964 28700 I Clocks  : ReleaseClocks - end (0.3 ms)
04-04 16:46:34.105  1964 28700 I Clocks  : LockClocks( cpu=3, gpu=4 ) - start
04-04 16:46:34.105  1964 28700 I Clocks  : CPU levels [0, 4]
04-04 16:46:34.105  1964 28700 I Clocks  : GPU levels [0, 5]
04-04 16:46:34.105  1964 28700 I Clocks  : LockClocks( cpu=3, gpu=4 ) - end (0.3 ms)
04-04 16:46:34.227  2270  3051 I VrRuntimeDeviceConfigClient: GetBoolean: oculus_mobile_disable_non_hands_app_hands_usage 0
04-04 16:46:34.227  2270  3051 I VrRuntimeDeviceConfigClient: GetBoolean: oculus_keyboard_telemetry 0
04-04 16:46:34.948 31429 31462 I chatty  : uid=10184(com.epicgames.PruebaVR) expire 174 lines
04-04 16:46:35.718   833 28629 I [CT]    : INPUT_TRACKING:Behavior:NearHeadMoving: [Right] state transition: TorsoInitialized -> InRange
04-04 16:46:35.812 31429 31540 I chatty  : uid=10184(com.epicgames.PruebaVR) expire 2 lines
04-04 16:46:35.818  1463  2329 W ContextImpl: Calling a method in the system process without a qualified user: android.app.ContextImpl.sendBroadcast:1057 android.content.ContextWrapper.sendBroadcast:448 X.o8.A00:143 X.oO.A00:17 X.oO.handleMessage:90 
04-04 16:46:36.086   833 28629 I [CT]    : INPUT_TRACKING:Behavior:OutOfFoVRotation: [Left] state transition: TorsoInitialized -> InRange
04-04 16:46:36.110  1964  2179 I PerformanceManager_V0: SetClockLevels: Apply pending clock request change: 3,4 -> 2,4
04-04 16:46:36.110  1964 28700 I Clocks  : ReleaseClocks - start
04-04 16:46:36.110  1964 28700 I Clocks  : ReleaseClocks - end (0.3 ms)
04-04 16:46:36.110  1964 28700 I Clocks  : LockClocks( cpu=2, gpu=4 ) - start
04-04 16:46:36.110  1964 28700 I Clocks  : CPU levels [0, 4]
04-04 16:46:36.110  1964 28700 I Clocks  : GPU levels [0, 5]
04-04 16:46:36.111  1964 28700 I Clocks  : LockClocks( cpu=2, gpu=4 ) - end (0.4 ms)
04-04 16:46:36.163 31429 31462 I chatty  : uid=10184(com.epicgames.PruebaVR) expire 182 lines
04-04 16:46:36.164 31429 31542 I chatty  : uid=10184(com.epicgames.PruebaVR) expire 186 lines
04-04 16:46:36.170   833 28629 I [CT]    : INPUT_TRACKING:Behavior:OutOfFoVRotation: [Left] state transition: InRange -> Init
04-04 16:46:36.172   833 28629 I [CT]    : INPUT_TRACKING:Behavior:OutOfFoVRotation: [Left] state transition: Init -> TorsoInitialized
04-04 16:46:36.186   833 28629 I [CT]    : INPUT_TRACKING:Behavior:NearHeadMoving: [Left] state transition: TorsoInitialized -> InRange
04-04 16:46:36.338   833 28629 I [CT]    : INPUT_TRACKING:Behavior:NearHeadMoving: [Left] state transition: InRange -> Init
04-04 16:46:36.340   833 28629 I [CT]    : INPUT_TRACKING:Behavior:NearHeadMoving: [Left] state transition: Init -> TorsoInitialized
04-04 16:46:36.372   833 28629 I [CT]    : INPUT_TRACKING:Behavior:NearHeadMoving: [Right] state transition: InRange -> Init
04-04 16:46:36.374   833 28629 I [CT]    : INPUT_TRACKING:Behavior:NearHeadMoving: [Right] state transition: Init -> TorsoInitialized
04-04 16:46:36.702   833 28691 I [CT]    : BrightnessPredictor: [Throttled count=374] Current/previous irradiance: 21618.807/23951.777 (samples: 16).
04-04 16:46:37.429 31429 31462 I chatty  : uid=10184(com.epicgames.PruebaVR) expire 192 lines
04-04 16:46:37.514   833 28691 I [CT]    : VIPER:MAP_MANAGER: State: TrackingPersistent, UUID=0236f00a-b7d0-2762-ceac-8516caac74a0, Num. Persistent maps = 3,  Persistent maps:bc705666-18f7-3b7b-46c2-e61fa37bbbc9,9dafb6d2-7cce-fc48-79a1-27a9abfd876d,0236f00a-b7d0-2762-ceac-8516caac74a0,
04-04 16:46:37.555   833 28691 I [CT]    : VIPER: Mode=Vega,Status=6DoF,TRACKING,KF=-1,Inl=314,Pts=0,Mem=78.4,Jit=0.5mm,Issues(Cam/min=0.0,IMU/min=0.0),Exp=(4.1ms,g=1.0,I=72,Ir=17588.9)(5.3ms,g=2.0,I=72,Ir=6815.2)(5.3ms,g=2.0,I=74,Ir=6990.5)(2.3ms,g=1.0,I=73,Ir=31885.8)
04-04 16:46:37.812 31429 31540 I chatty  : uid=10184(com.epicgames.PruebaVR) expire 2 lines
04-04 16:46:37.956   833 28617 I [CT]    : VIPER: InternalAnchorHealthMonitor: Anchors: 1 | Persistent anchors: 1 | Anchors never observed: 0
04-04 16:46:37.956   833 28617 I [CT]    :   (min/avg/max) Anchor landmarks: (24|24.0|24) | Covisible keyframes: (30|30.0|30) | Times since observation: (0.0|0.0|0.0)
04-04 16:46:38.012   833 28697 I [CT]    : CONSTELLATION:VISION_STATUS: 7c0258126e7b29fa (R): BlobDetection:[#BlobsDetected=(20.27, 22.35)]Matching:[MatchSuccess=1.000, MatchCost=(0.00454, 0.00001), #MatchedBlobs=(8.82, 6.57), #MatchedLeds=(6.90, 1.43), RematchM=0.000, SkipRefine=0.012] MatchMethod:[Prox=1.000, ConstBrute=0.000, UnconstBrute=0.000] MatchResets[AnomBlobSize=0.000, SharedMatch=0.000, DenseReacq=0.000] | Fusion:[FusionError=0.000, ImuFromCamMs=(16.094, 1.154), RematchF=0.052] FusionUpdates:[Successful=1.000, Reliable=0.988, TightFusion=0.980, FullPose=0.020, StaticPrior=0.000, StaticForHandTrans=0.000, PoseUpdateMD=(2.6962, 10.4326)] FusionResets[6DoFReset=0.000, ResetSuccess=0.000] FusionStatus[HasPosition=1.000, HasVelocity=1.000] 
04-04 16:46:38.041  2270  2355 I GuardianInput: RightTrigger down
04-04 16:46:38.052   833 28697 I [CT]    : CONSTELLATION:VISION_STATUS: bec25d3a5594a307 (L): BlobDetection:[#BlobsDetected=(20.31, 22.29)]Matching:[MatchSuccess=1.000, MatchCost=(0.00449, 0.00001), #MatchedBlobs=(10.43, 8.65), #MatchedLeds=(7.04, 0.91), RematchM=0.000, SkipRefine=0.000] MatchMethod:[Prox=1.000, ConstBrute=0.000, UnconstBrute=0.000] MatchResets[AnomBlobSize=0.000, SharedMatch=0.000, DenseReacq=0.000] | Fusion:[FusionError=0.000, ImuFromCamMs=(16.300, 1.514), RematchF=0.036] FusionUpdates:[Successful=1.000, Reliable=0.988, TightFusion=1.000, FullPose=0.000, StaticPrior=0.000, StaticForHandTrans=0.000, PoseUpdateMD=(0.0000, 0.0000)] FusionResets[6DoFReset=0.000, ResetSuccess=0.000] FusionStatus[HasPosition=1.000, HasVelocity=1.000] 
04-04 16:46:38.069  2270  2355 I GuardianControllerCollisionTracker: Guardian Controller Collision: Magnitude: 4.430, Duration: -1.000 sec, TimeStamp: 17069.503906 sec
04-04 16:46:38.109   833 28629 I [CT]    : CONSTELLATION:IMU_STATUS: 7c0258126e7b29fa (R): [FusionTracked=1.000, OutputTracked=1.000, OutputValid=1.000] [AccelSat=0.000, GyroSat=0.000] 
04-04 16:46:38.114   833 28629 I [CT]    : CONSTELLATION:IMU_STATUS: bec25d3a5594a307 (L): [FusionTracked=1.000, OutputTracked=1.000, OutputValid=1.000] [AccelSat=0.000, GyroSat=0.000] 
04-04 16:46:38.316  1051  1063 I system_server: Background concurrent copying GC freed 182712(7577KB) AllocSpace objects, 111(2236KB) LOS objects, 42% free, 13MB/23MB, paused 93us total 218.069ms
04-04 16:46:38.755 31429 31542 I chatty  : uid=10184(com.epicgames.PruebaVR) expire 85 lines
04-04 16:46:38.768 31429 31462 I chatty  : uid=10184(com.epicgames.PruebaVR) expire 340 lines
04-04 16:46:39.023   833 28602 I [CT]    : boltlib: DSP utilization: 5.81 % (290 / 5000 ms)
04-04 16:46:39.153  1563  2961 I [CT]    : MIXEDREALITY: MrServiceView: renderIteration: (every 10 seconds), screen is: ON, PT is: OFF, ID is: OFF
04-04 16:46:39.536  1563  2961 I [CT]    : MIXEDREALITY: MrServiceModel: commitLayerState: (every 10 seconds), ImagesAndCompute: false, ImagesOnly: false, NoRequirement: true.
04-04 16:46:39.586  2270  2355 I GuardianInput: RightTrigger up
04-04 16:46:39.601  2270  2355 I GuardianControllerCollisionTracker: Guardian Controller Collision: Magnitude: 5.605, Duration: -1.000 sec, TimeStamp: 17071.041016 sec
04-04 16:46:39.940 31429 31542 I chatty  : uid=10184(com.epicgames.PruebaVR) expire 85 lines
04-04 16:46:39.950 31429 31540 I chatty  : uid=10184(com.epicgames.PruebaVR) expire 4 lines
04-04 16:46:41.021  2270  2355 I GuardianInput: RightTrigger down
04-04 16:46:41.114   833 28691 I [CT]    : VIPER:MAP_MANAGER: State: TrackingPersistent, UUID=0236f00a-b7d0-2762-ceac-8516caac74a0, Num. Persistent maps = 3,  Persistent maps:bc705666-18f7-3b7b-46c2-e61fa37bbbc9,9dafb6d2-7cce-fc48-79a1-27a9abfd876d,0236f00a-b7d0-2762-ceac-8516caac74a0,
04-04 16:46:41.123 31429 31542 I chatty  : uid=10184(com.epicgames.PruebaVR) expire 87 lines
04-04 16:46:41.134 31429 31462 I chatty  : uid=10184(com.epicgames.PruebaVR) expire 172 lines
04-04 16:46:41.154   833 28691 I [CT]    : VIPER: Mode=Vega,Status=6DoF,TRACKING,KF=-1,Inl=339,Pts=0,Mem=85.3,Jit=0.4mm,Issues(Cam/min=0.0,IMU/min=0.0),Exp=(3.3ms,g=1.0,I=75,Ir=23203.5)(4.8ms,g=1.0,I=74,Ir=15485.3)(4.8ms,g=1.0,I=72,Ir=15035.0)(2.1ms,g=1.0,I=75,Ir=35905.8)
04-04 16:46:33.216   738 28619 I chatty  : uid=1000(system) SBEventHandler identical 8 lines
04-04 16:46:38.216   738 28619 W SensorService: Unknown packet type (20) received
04-04 16:46:41.348   738 28619 I SyncBossHAL: [info   ] syncboss_hal_input_controller.c(63): bec25d3axxxxxxxx: 99 missed/990099 expected (PER 0.01%)
04-04 16:46:41.575  1520  1888 D DeviceCertLibrary: verifyKeyForCurrentSecureState returned status: 0
04-04 16:46:41.575  1520  1888 D DeviceCertLibrary: containsAlias received status: 0
04-04 16:46:42.280 31429 31464 I chatty  : uid=10184(com.epicgames.PruebaVR) expire 1 line
04-04 16:46:42.370 31429 31462 I chatty  : uid=10184(com.epicgames.PruebaVR) expire 175 lines
04-04 16:46:42.372 31429 31542 I chatty  : uid=10184(com.epicgames.PruebaVR) expire 87 lines
04-04 16:46:42.812 31429 31540 I chatty  : uid=10184(com.epicgames.PruebaVR) expire 2 lines
04-04 16:46:43.177  1563  3071 I Telemetry: App memory usage: PSS=23MB DalvikPSS=3 MB
04-04 16:46:43.217   738 28619 W SensorService: Unknown packet type (20) received
04-04 16:46:43.585 31429 31462 I chatty  : uid=10184(com.epicgames.PruebaVR) expire 173 lines
04-04 16:46:43.586 31429 31542 I chatty  : uid=10184(com.epicgames.PruebaVR) expire 174 lines
04-04 16:46:43.996   738 28619 I SyncBossHAL: [info   ] syncboss_hal_input_controller.c(63): 7c025812xxxxxxxx: 70 missed/990070 expected (PER 0.01%)
04-04 16:46:44.027   833 28602 I [CT]    : boltlib: DSP utilization: 6.58 % (329 / 5003 ms)
04-04 16:46:44.715   833 28691 I [CT]    : VIPER:MAP_MANAGER: State: TrackingPersistent, UUID=0236f00a-b7d0-2762-ceac-8516caac74a0, Num. Persistent maps = 3,  Persistent maps:bc705666-18f7-3b7b-46c2-e61fa37bbbc9,9dafb6d2-7cce-fc48-79a1-27a9abfd876d,0236f00a-b7d0-2762-ceac-8516caac74a0,
04-04 16:46:44.754   833 28691 I [CT]    : VIPER: Mode=Vega,Status=6DoF,TRACKING,KF=-1,Inl=325,Pts=0,Mem=85.4,Jit=0.1mm,Issues(Cam/min=0.0,IMU/min=0.0),Exp=(3.1ms,g=1.0,I=77,Ir=25023.1)(4.3ms,g=1.0,I=75,Ir=17793.8)(4.3ms,g=1.0,I=77,Ir=18171.8)(2.1ms,g=1.0,I=74,Ir=34941.3)
04-04 16:46:44.796 31429 31462 I chatty  : uid=10184(com.epicgames.PruebaVR) expire 176 lines
04-04 16:46:44.812 31429 31540 I chatty  : uid=10184(com.epicgames.PruebaVR) expire 3 lines
04-04 16:46:46.035 31429 31542 I chatty  : uid=10184(com.epicgames.PruebaVR) expire 85 lines
04-04 16:46:46.048 31429 31462 I chatty  : uid=10184(com.epicgames.PruebaVR) expire 332 lines
04-04 16:46:46.344  2270  3051 I Telemetry: App memory usage: PSS=49MB DalvikPSS=0 MB
04-04 16:46:46.956  1964  2179 I PerformanceManager_V0: SetClockLevels: Apply pending clock request change: 2,4 -> 3,4
04-04 16:46:46.956  1964 28700 I Clocks  : ReleaseClocks - start
04-04 16:46:46.957  1964 28700 I Clocks  : ReleaseClocks - end (0.5 ms)
04-04 16:46:46.957  1964 28700 I Clocks  : LockClocks( cpu=3, gpu=4 ) - start
04-04 16:46:46.957  1964 28700 I Clocks  : CPU levels [0, 4]
04-04 16:46:46.957  1964 28700 I Clocks  : GPU levels [0, 5]
04-04 16:46:46.957  1964 28700 I Clocks  : LockClocks( cpu=3, gpu=4 ) - end (0.7 ms)
04-04 16:46:47.310 31429 31542 I chatty  : uid=10184(com.epicgames.PruebaVR) expire 82 lines
04-04 16:46:47.698   833 28629 I [CT]    : INPUT_TRACKING:Behavior:OutOfFoVRotation: [Right] state transition: TorsoInitialized -> InRange
04-04 16:46:47.814 31429 31540 I chatty  : uid=10184(com.epicgames.PruebaVR) expire 2 lines
04-04 16:46:48.012   833 28697 I [CT]    : CONSTELLATION:VISION_STATUS: 7c0258126e7b29fa (R): BlobDetection:[#BlobsDetected=(19.03, 6.95)]Matching:[MatchSuccess=1.000, MatchCost=(0.00444, 0.00003), #MatchedBlobs=(9.61, 5.33), #MatchedLeds=(6.33, 1.36), RematchM=0.000, SkipRefine=0.056] MatchMethod:[Prox=1.000, ConstBrute=0.000, UnconstBrute=0.000] MatchResets[AnomBlobSize=0.000, SharedMatch=0.000, DenseReacq=0.000] | Fusion:[FusionError=0.000, ImuFromCamMs=(15.974, 1.384), RematchF=0.056] FusionUpdates:[Successful=1.000, Reliable=0.972, TightFusion=0.980, FullPose=0.020, StaticPrior=0.000, StaticForHandTrans=0.000, PoseUpdateMD=(12.5571, 367.0045)] FusionResets[6DoFReset=0.000, ResetSuccess=0.000] FusionStatus[HasPosition=1.000, HasVelocity=1.000] 
04-04 16:46:48.052   833 28697 I [CT]    : CONSTELLATION:VISION_STATUS: bec25d3a5594a307 (L): BlobDetection:[#BlobsDetected=(19.02, 6.86)]Matching:[MatchSuccess=1.000, MatchCost=(0.00258, 0.00000), #MatchedBlobs=(8.44, 5.45), #MatchedLeds=(7.13, 0.81), RematchM=0.000, SkipRefine=0.000] MatchMethod:[Prox=1.000, ConstBrute=0.000, UnconstBrute=0.000] MatchResets[AnomBlobSize=0.000, SharedMatch=0.000, DenseReacq=0.000] | Fusion:[FusionError=0.000, ImuFromCamMs=(16.436, 1.192), RematchF=0.032] FusionUpdates:[Successful=1.000, Reliable=0.996, TightFusion=0.996, FullPose=0.004, StaticPrior=0.000, StaticForHandTrans=0.136, PoseUpdateMD=(0.2271, 0.0000)] FusionResets[6DoFReset=0.000, ResetSuccess=0.000] FusionStatus[HasPosition=1.000, HasVelocity=1.000] 
04-04 16:46:48.116   833 28629 I [CT]    : CONSTELLATION:IMU_STATUS: 7c0258126e7b29fa (R): [FusionTracked=1.000, OutputTracked=1.000, OutputValid=1.000] [AccelSat=0.000, GyroSat=0.000] 
04-04 16:46:48.116   833 28629 I [CT]    : CONSTELLATION:IMU_STATUS: bec25d3a5594a307 (L): [FusionTracked=1.000, OutputTracked=1.000, OutputValid=1.000] [AccelSat=0.000, GyroSat=0.000] 
04-04 16:46:48.218   738 28619 W SensorService: Unknown packet type (20) received
04-04 16:46:48.317   833 28691 I [CT]    : VIPER:MAP_MANAGER: State: TrackingPersistent, UUID=0236f00a-b7d0-2762-ceac-8516caac74a0, Num. Persistent maps = 3,  Persistent maps:bc705666-18f7-3b7b-46c2-e61fa37bbbc9,9dafb6d2-7cce-fc48-79a1-27a9abfd876d,0236f00a-b7d0-2762-ceac-8516caac74a0,
04-04 16:46:48.356   833 28691 I [CT]    : VIPER: Mode=Vega,Status=6DoF,TRACKING,KF=-1,Inl=348,Pts=0,Mem=85.4,Jit=0.1mm,Issues(Cam/min=0.0,IMU/min=0.0),Exp=(4.5ms,g=1.0,I=74,Ir=16629.7)(3.9ms,g=3.0,I=76,Ir=6576.0)(3.9ms,g=3.0,I=73,Ir=6288.1)(3.3ms,g=1.0,I=74,Ir=22456.0)
04-04 16:46:48.440 31429 31462 I chatty  : uid=10184(com.epicgames.PruebaVR) expire 166 lines
04-04 16:46:48.452 31429 31542 I chatty  : uid=10184(com.epicgames.PruebaVR) expire 175 lines
04-04 16:46:48.848   833 28629 W [CT]    : CONSTELLATION: R: Lost position tracking, waiting for 6DoF reset: [#VisionUp=906, #RelUp=0, VelNorm=0.010, CurTimeDur=0.41s, DurThresh=0.2s]
04-04 16:46:48.848   833 28629 I [CT]    : INPUT_TRACKING:Behavior:OutOfFoVRotation: [Right] state transition: InRange -> Active
04-04 16:46:48.848   833 28629 I [CT]    : INPUT_TRACKING:Behavior:OutOfFoVRotation: [Right] activated
04-04 16:46:48.848   833 28629 I [CT]    : INPUT_TRACKING:Behavior:OutOfFoVRotation: [Right] using reliablePoseInWorld
04-04 16:46:48.848   833 28629 I [CT]    : INPUT_TRACKING:ControllerMotionModel: [Right] t = 16921.174s, behavior transition: None -> OutOfFoVRotation
04-04 16:46:48.850   833 28697 I [CT]    : CONSTELLATION: R: Not reinitializing 6DoF filter yet (no valid pose from matching).
04-04 16:46:49.027   833 28602 I [CT]    : boltlib: DSP utilization: 5.91 % (295 / 5000 ms)
04-04 16:46:49.079   738 28618 I SyncBossFW: 16921407 [info   ] {PERF}: cpu load cur=0.3908 min=0.0511 max=0.6346 avg=0.1804
04-04 16:46:49.160  1563  2961 I [CT]    : MIXEDREALITY: MrServiceView: renderIteration: (every 10 seconds), screen is: ON, PT is: OFF, ID is: OFF
04-04 16:46:49.543  1563  2961 I [CT]    : MIXEDREALITY: MrServiceModel: commitLayerState: (every 10 seconds), ImagesAndCompute: false, ImagesOnly: false, NoRequirement: true.
04-04 16:46:49.556  2270  2355 I GuardianInput: RightTrigger up
04-04 16:46:49.600 31429 31462 I chatty  : uid=10184(com.epicgames.PruebaVR) expire 185 lines
04-04 16:46:49.812 31429 31540 I chatty  : uid=10184(com.epicgames.PruebaVR) expire 3 lines
04-04 16:46:50.012   833 28697 I [CT]    : CONSTELLATION: R: Successfully reinitialized 6DoF filter. Keep Cov and Calib States = Y. Keep velocity state and covariance = Y
04-04 16:46:50.012   833 28629 I [CT]    : INPUT_TRACKING:Behavior:OutOfFoVRotation: [Right] state transition: Active -> Transition
04-04 16:46:50.103  1964  2179 I PerformanceManager_V0: SetClockLevels: Apply pending clock request change: 3,4 -> 2,4
04-04 16:46:50.103  1964 28700 I Clocks  : ReleaseClocks - start
04-04 16:46:50.103  1964 28700 I Clocks  : ReleaseClocks - end (0.4 ms)
04-04 16:46:50.103  1964 28700 I Clocks  : LockClocks( cpu=2, gpu=4 ) - start
04-04 16:46:50.103  1964 28700 I Clocks  : CPU levels [0, 4]
04-04 16:46:50.103  1964 28700 I Clocks  : GPU levels [0, 5]
04-04 16:46:50.104  1964 28700 I Clocks  : LockClocks( cpu=2, gpu=4 ) - end (0.3 ms)
04-04 16:46:50.106   833 28629 I [CT]    : INPUT_TRACKING:Behavior:OutOfFoVRotation: [Right] state transition: Transition -> Init
04-04 16:46:50.106   833 28629 I [CT]    : INPUT_TRACKING:Behavior:OutOfFoVRotation: [Right] deactivated
04-04 16:46:50.106   833 28629 I [CT]    : INPUT_TRACKING:ControllerMotionModel: [Right] t = 16922.431s, behavior transition: OutOfFoVRotation -> None
04-04 16:46:50.108   833 28629 I [CT]    : INPUT_TRACKING:Behavior:OutOfFoVRotation: [Right] state transition: Init -> InRange
04-04 16:46:50.218   833 28629 I [CT]    : INPUT_TRACKING:Behavior:OutOfFoVRotation: [Right] state transition: InRange -> Init
04-04 16:46:50.221   833 28629 I [CT]    : INPUT_TRACKING:Behavior:OutOfFoVRotation: [Right] state transition: Init -> TorsoInitialized
04-04 16:46:50.292   833 28697 W [CT]    : CONSTELLATION: R: LED Mahalanobis distance p50 = 4.21 too high. Fallback to full pose update.
04-04 16:46:50.895 31429 31462 I chatty  : uid=10184(com.epicgames.PruebaVR) expire 165 lines
04-04 16:46:50.895 31429 31542 I chatty  : uid=10184(com.epicgames.PruebaVR) expire 161 lines
04-04 16:46:51.703   833 28691 I [CT]    : BrightnessPredictor: [Throttled count=374] Current/previous irradiance: 21618.807/23951.777 (samples: 16).
04-04 16:46:51.916   833 28691 I [CT]    : VIPER:MAP_MANAGER: State: TrackingPersistent, UUID=0236f00a-b7d0-2762-ceac-8516caac74a0, Num. Persistent maps = 3,  Persistent maps:bc705666-18f7-3b7b-46c2-e61fa37bbbc9,9dafb6d2-7cce-fc48-79a1-27a9abfd876d,0236f00a-b7d0-2762-ceac-8516caac74a0,
04-04 16:46:51.956   833 28691 I [CT]    : VIPER: Mode=Vega,Status=6DoF,TRACKING,KF=-1,Inl=374,Pts=0,Mem=85.5,Jit=1.2mm,Issues(Cam/min=0.0,IMU/min=0.0),Exp=(4.7ms,g=1.0,I=75,Ir=16221.4)(3.8ms,g=3.0,I=76,Ir=6764.1)(3.8ms,g=3.0,I=74,Ir=6627.7)(3.0ms,g=1.0,I=77,Ir=25985.8)
04-04 16:46:52.046 31429 31462 I chatty  : uid=10184(com.epicgames.PruebaVR) expire 156 lines
04-04 16:46:52.382   833 28691 W [CT]    : ID_WRAPAROUND: Id has reached maximum value. Start with min value again.
04-04 16:46:52.506 31429 31464 I chatty  : uid=10184(com.epicgames.PruebaVR) expire 1 line
04-04 16:46:52.814 31429 31540 I chatty  : uid=10184(com.epicgames.PruebaVR) expire 1 line
04-04 16:46:53.076   833 28617 I [CT]    : VIPER: InternalAnchorHealthMonitor: Anchors: 1 | Persistent anchors: 1 | Anchors never observed: 0
04-04 16:46:53.076   833 28617 I [CT]    :   (min/avg/max) Anchor landmarks: (24|24.0|24) | Covisible keyframes: (30|30.0|30) | Times since observation: (0.0|0.0|0.0)
04-04 16:46:53.131 31429 31462 I OpenXR_Actions: -------- xrStopHapticFeedback ----------
04-04 16:46:53.131 31429 31462 I OpenXR_Actions: -------- xrStopHapticFeedback ----------
04-04 16:46:53.134 31429 31542 I JniUtils: Creating temporary JNIEnv. This is a heavy operation and should be infrequent. To optimize, use JNI AttachCurrentThread on calling thread
04-04 16:46:53.145 31429 31462 I OpenXR_Actions: -------- xrStopHapticFeedback ----------
04-04 16:46:53.145 31429 31462 I OpenXR_Actions: -------- xrStopHapticFeedback ----------
04-04 16:46:53.148 31429 31542 I JniUtils: Creating temporary JNIEnv. This is a heavy operation and should be infrequent. To optimize, use JNI AttachCurrentThread on calling thread
04-04 16:46:53.159 31429 31462 I OpenXR_Actions: -------- xrStopHapticFeedback ----------
04-04 16:46:53.159 31429 31462 I OpenXR_Actions: -------- xrStopHapticFeedback ----------
04-04 16:46:53.162 31429 31542 I JniUtils: Creating temporary JNIEnv. This is a heavy operation and should be infrequent. To optimize, use JNI AttachCurrentThread on calling thread
04-04 16:46:53.173 31429 31462 I OpenXR_Actions: -------- xrStopHapticFeedback ----------
04-04 16:46:53.173 31429 31462 I OpenXR_Actions: -------- xrStopHapticFeedback ----------
04-04 16:46:53.176 31429 31542 I JniUtils: Creating temporary JNIEnv. This is a heavy operation and should be infrequent. To optimize, use JNI AttachCurrentThread on calling thread
04-04 16:46:53.187 31429 31462 I OpenXR_Actions: -------- xrStopHapticFeedback ----------
04-04 16:46:53.187 31429 31462 I OpenXR_Actions: -------- xrStopHapticFeedback ----------
04-04 16:46:53.190 31429 31542 I JniUtils: Creating temporary JNIEnv. This is a heavy operation and should be infrequent. To optimize, use JNI AttachCurrentThread on calling thread
04-04 16:46:53.201 31429 31462 I OpenXR_Actions: -------- xrStopHapticFeedback ----------
04-04 16:46:53.201 31429 31462 I OpenXR_Actions: -------- xrStopHapticFeedback ----------
04-04 16:46:53.204 31429 31542 I JniUtils: Creating temporary JNIEnv. This is a heavy operation and should be infrequent. To optimize, use JNI AttachCurrentThread on calling thread
04-04 16:46:53.215 31429 31462 I OpenXR_Actions: -------- xrStopHapticFeedback ----------
04-04 16:46:53.215 31429 31462 I OpenXR_Actions: -------- xrStopHapticFeedback ----------
04-04 16:46:53.217 31429 31542 I JniUtils: Creating temporary JNIEnv. This is a heavy operation and should be infrequent. To optimize, use JNI AttachCurrentThread on calling thread
04-04 16:46:53.218   738 28619 W SensorService: Unknown packet type (20) received
04-04 16:46:53.229 31429 31462 I OpenXR_Actions: -------- xrStopHapticFeedback ----------
04-04 16:46:53.229 31429 31462 I OpenXR_Actions: -------- xrStopHapticFeedback ----------
04-04 16:46:53.231 31429 31542 I JniUtils: Creating temporary JNIEnv. This is a heavy operation and should be infrequent. To optimize, use JNI AttachCurrentThread on calling thread
04-04 16:46:53.243 31429 31462 I OpenXR_Actions: -------- xrStopHapticFeedback ----------
04-04 16:46:53.243 31429 31462 I OpenXR_Actions: -------- xrStopHapticFeedback ----------
04-04 16:46:53.246 31429 31542 I JniUtils: Creating temporary JNIEnv. This is a heavy operation and should be infrequent. To optimize, use JNI AttachCurrentThread on calling thread
04-04 16:46:53.256 31429 31462 I OpenXR_Actions: -------- xrStopHapticFeedback ----------
04-04 16:46:53.256 31429 31462 I OpenXR_Actions: -------- xrStopHapticFeedback ----------
04-04 16:46:53.260 31429 31542 I JniUtils: Creating temporary JNIEnv. This is a heavy operation and should be infrequent. To optimize, use JNI AttachCurrentThread on calling thread
04-04 16:46:53.270 31429 31462 I OpenXR_Actions: -------- xrStopHapticFeedback ----------
04-04 16:46:53.270 31429 31462 I OpenXR_Actions: -------- xrStopHapticFeedback ----------
04-04 16:46:53.273 31429 31542 I JniUtils: Creating temporary JNIEnv. This is a heavy operation and should be infrequent. To optimize, use JNI AttachCurrentThread on calling thread
04-04 16:46:53.284 31429 31462 I OpenXR_Actions: -------- xrStopHapticFeedback ----------
04-04 16:46:53.284 31429 31462 I OpenXR_Actions: -------- xrStopHapticFeedback ----------
04-04 16:46:53.287 31429 31542 I JniUtils: Creating temporary JNIEnv. This is a heavy operation and should be infrequent. To optimize, use JNI AttachCurrentThread on calling thread
04-04 16:46:53.298 31429 31462 I OpenXR_Actions: -------- xrStopHapticFeedback ----------
04-04 16:46:53.298 31429 31462 I OpenXR_Actions: -------- xrStopHapticFeedback ----------
04-04 16:46:53.301 31429 31542 I JniUtils: Creating temporary JNIEnv. This is a heavy operation and should be infrequent. To optimize, use JNI AttachCurrentThread on calling thread
04-04 16:46:53.312 31429 31462 I OpenXR_Actions: -------- xrStopHapticFeedback ----------
04-04 16:46:53.312 31429 31462 I OpenXR_Actions: -------- xrStopHapticFeedback ----------
04-04 16:46:53.315 31429 31542 I JniUtils: Creating temporary JNIEnv. This is a heavy operation and should be infrequent. To optimize, use JNI AttachCurrentThread on calling thread
04-04 16:46:53.326 31429 31462 I OpenXR_Actions: -------- xrStopHapticFeedback ----------
04-04 16:46:53.326 31429 31462 I OpenXR_Actions: -------- xrStopHapticFeedback ----------
04-04 16:46:53.330 31429 31542 I JniUtils: Creating temporary JNIEnv. This is a heavy operation and should be infrequent. To optimize, use JNI AttachCurrentThread on calling thread
04-04 16:46:53.340 31429 31462 I OpenXR_Actions: -------- xrStopHapticFeedback ----------
04-04 16:46:53.340 31429 31462 I OpenXR_Actions: -------- xrStopHapticFeedback ----------
04-04 16:46:53.343 31429 31542 I JniUtils: Creating temporary JNIEnv. This is a heavy operation and should be infrequent. To optimize, use JNI AttachCurrentThread on calling thread
04-04 16:46:53.354 31429 31462 I OpenXR_Actions: -------- xrStopHapticFeedback ----------
04-04 16:46:53.354 31429 31462 I OpenXR_Actions: -------- xrStopHapticFeedback ----------
04-04 16:46:53.357 31429 31542 I JniUtils: Creating temporary JNIEnv. This is a heavy operation and should be infrequent. To optimize, use JNI AttachCurrentThread on calling thread
04-04 16:46:53.368 31429 31462 I OpenXR_Actions: -------- xrStopHapticFeedback ----------
04-04 16:46:53.368 31429 31462 I OpenXR_Actions: -------- xrStopHapticFeedback ----------
04-04 16:46:53.371 31429 31542 I JniUtils: Creating temporary JNIEnv. This is a heavy operation and should be infrequent. To optimize, use JNI AttachCurrentThread on calling thread
04-04 16:46:53.383 31429 31462 I OpenXR_Actions: -------- xrStopHapticFeedback ----------
04-04 16:46:53.383 31429 31462 I OpenXR_Actions: -------- xrStopHapticFeedback ----------
04-04 16:46:53.385  2270  2355 I GuardianInput: RightTrigger down
04-04 16:46:53.385 31429 31542 I JniUtils: Creating temporary JNIEnv. This is a heavy operation and should be infrequent. To optimize, use JNI AttachCurrentThread on calling thread
04-04 16:46:53.396 31429 31462 I OpenXR_Actions: -------- xrStopHapticFeedback ----------
04-04 16:46:53.396 31429 31462 I OpenXR_Actions: -------- xrStopHapticFeedback ----------
04-04 16:46:53.399 31429 31542 I JniUtils: Creating temporary JNIEnv. This is a heavy operation and should be infrequent. To optimize, use JNI AttachCurrentThread on calling thread
04-04 16:46:53.410 31429 31462 I OpenXR_Actions: -------- xrStopHapticFeedback ----------
04-04 16:46:53.410 31429 31462 I OpenXR_Actions: -------- xrStopHapticFeedback ----------
04-04 16:46:53.413 31429 31542 I JniUtils: Creating temporary JNIEnv. This is a heavy operation and should be infrequent. To optimize, use JNI AttachCurrentThread on calling thread
04-04 16:46:53.424 31429 31462 I OpenXR_Actions: -------- xrStopHapticFeedback ----------
04-04 16:46:53.424 31429 31462 I OpenXR_Actions: -------- xrStopHapticFeedback ----------
04-04 16:46:53.427 31429 31542 I JniUtils: Creating temporary JNIEnv. This is a heavy operation and should be infrequent. To optimize, use JNI AttachCurrentThread on calling thread
04-04 16:46:53.437 31429 31462 I OpenXR_Actions: -------- xrStopHapticFeedback ----------
04-04 16:46:53.438 31429 31462 I OpenXR_Actions: -------- xrStopHapticFeedback ----------
04-04 16:46:53.441 31429 31542 I JniUtils: Creating temporary JNIEnv. This is a heavy operation and should be infrequent. To optimize, use JNI AttachCurrentThread on calling thread
04-04 16:46:53.452 31429 31462 I OpenXR_Actions: -------- xrStopHapticFeedback ----------
04-04 16:46:53.452 31429 31462 I OpenXR_Actions: -------- xrStopHapticFeedback ----------
04-04 16:46:53.455 31429 31542 I JniUtils: Creating temporary JNIEnv. This is a heavy operation and should be infrequent. To optimize, use JNI AttachCurrentThread on calling thread
04-04 16:46:53.466 31429 31462 I OpenXR_Actions: -------- xrStopHapticFeedback ----------
04-04 16:46:53.466 31429 31462 I OpenXR_Actions: -------- xrStopHapticFeedback ----------
04-04 16:46:53.468 31429 31542 I JniUtils: Creating temporary JNIEnv. This is a heavy operation and should be infrequent. To optimize, use JNI AttachCurrentThread on calling thread
04-04 16:46:53.479 31429 31462 I OpenXR_Actions: -------- xrStopHapticFeedback ----------
04-04 16:46:53.479 31429 31462 I OpenXR_Actions: -------- xrStopHapticFeedback ----------
04-04 16:46:53.482 31429 31542 I JniUtils: Creating temporary JNIEnv. This is a heavy operation and should be infrequent. To optimize, use JNI AttachCurrentThread on calling thread
04-04 16:46:53.494 31429 31462 I OpenXR_Actions: -------- xrStopHapticFeedback ----------
04-04 16:46:53.494 31429 31462 I OpenXR_Actions: -------- xrStopHapticFeedback ----------
04-04 16:46:53.496 31429 31542 I JniUtils: Creating temporary JNIEnv. This is a heavy operation and should be infrequent. To optimize, use JNI AttachCurrentThread on calling thread
04-04 16:46:53.507 31429 31462 I OpenXR_Actions: -------- xrStopHapticFeedback ----------
04-04 16:46:53.507 31429 31462 I OpenXR_Actions: -------- xrStopHapticFeedback ----------
04-04 16:46:53.510 31429 31542 I JniUtils: Creating temporary JNIEnv. This is a heavy operation and should be infrequent. To optimize, use JNI AttachCurrentThread on calling thread
04-04 16:46:53.522 31429 31462 I OpenXR_Actions: -------- xrStopHapticFeedback ----------
04-04 16:46:53.522 31429 31462 I OpenXR_Actions: -------- xrStopHapticFeedback ----------
04-04 16:46:53.524 31429 31542 I JniUtils: Creating temporary JNIEnv. This is a heavy operation and should be infrequent. To optimize, use JNI AttachCurrentThread on calling thread
04-04 16:46:53.536 31429 31462 I OpenXR_Actions: -------- xrStopHapticFeedback ----------
04-04 16:46:53.536 31429 31462 I OpenXR_Actions: -------- xrStopHapticFeedback ----------
04-04 16:46:53.538 31429 31542 I JniUtils: Creating temporary JNIEnv. This is a heavy operation and should be infrequent. To optimize, use JNI AttachCurrentThread on calling thread
04-04 16:46:53.549 31429 31462 D UE4     : [2022.04.04-14.46.53:549][ 99]Closing by request
04-04 16:46:53.549 31429 31462 D UE4     : [2022.04.04-14.46.53:549][ 99]LogAndroid: FAndroidMisc::RequestExit(0)
04-04 16:46:53.549 31429 31462 D UE4     : [2022.04.04-14.46.53:549][ 99]LogCore: Engine exit requested (reason: Android RequestExit)
04-04 16:46:53.550 31429 31462 I OpenXR_Actions: -------- xrStopHapticFeedback ----------
04-04 16:46:53.550 31429 31462 I OpenXR_Actions: -------- xrStopHapticFeedback ----------
04-04 16:46:53.552 31429 31542 I JniUtils: Creating temporary JNIEnv. This is a heavy operation and should be infrequent. To optimize, use JNI AttachCurrentThread on calling thread
04-04 16:46:53.561 31429 31462 D UE4     : [2022.04.04-14.46.53:561][100]LogAndroid: Exiting
04-04 16:46:53.562 31429 31462 D UE4     : [2022.04.04-14.46.53:562][100]LogInit: Display: PreExit Game.
04-04 16:46:53.565  2270  2355 I GuardianInput: RightTrigger up
04-04 16:46:53.566 31429 31542 I JniUtils: Creating temporary JNIEnv. This is a heavy operation and should be infrequent. To optimize, use JNI AttachCurrentThread on calling thread
04-04 16:46:53.569 31429 31462 D UE4     : [2022.04.04-14.46.53:569][100]LogWorld: BeginTearingDown for /Game/VRTemplate/Maps/VRTemplateMap
04-04 16:46:53.570 31429 31462 I OpenXR_Actions: -------- xrStopHapticFeedback ----------
04-04 16:46:53.570 31429 31462 I OpenXR_Actions: -------- xrStopHapticFeedback ----------
04-04 16:46:53.570 31429 31462 D UE4     : [2022.04.04-14.46.53:570][100]LogWorld: UWorld::CleanupWorld for VRTemplateMap, bSessionEnded=true, bCleanupResources=true
04-04 16:46:53.572 31429 31462 D UE4     : [2022.04.04-14.46.53:572][100]LogSlate: InvalidateAllWidgets triggered.  All widgets were invalidated
04-04 16:46:53.574  1964 31516 I VrRuntimeService: DestroySwapChain: swapchain=534
04-04 16:46:53.574 31429 31462 I OpenXR  : ------------ xrDestroySession [start] -----------
04-04 16:46:53.574 31429 31462 W Telemetry: [OpenXR] xrDestroySession: Session is in running state.; 
04-04 16:46:53.574 31429 31462 I XrRuntimeUtils: XrRuntimeUtils::EndSession
04-04 16:46:53.576 31429 31462 D VrApi   : targetSDKVersion 25
04-04 16:46:53.578 31429 31462 I VrRuntimeClient: DEVICE MODEL NUMBER = Quest
04-04 16:46:53.578 31429 31462 I VrRuntimeClient: DEVICE BUILD NAME = user-24721900527300000
04-04 16:46:53.578 31429 31462 I VrRuntimeClient: DEVICE BUILD TYPE = user
04-04 16:46:53.578 31429 31462 I VrRuntimeClient: DEVICE OS VERSION = 10
04-04 16:46:53.578 31429 31462 I VrRuntimeClient: API LOADER VERSION = 1.0.17
04-04 16:46:53.578 31429 31462 I VrRuntimeClient: RUNTIME API VERSION = 1.0.20
04-04 16:46:53.578 31429 31462 I VrRuntimeClient: RUNTIME VERSION = 38.0.0.82.727 Mar  8 2022 12:20:03 RELEASE
04-04 16:46:53.578 31429 31462 I VrRuntimeClient: APP NAME = PruebaVR
04-04 16:46:53.578 31429 31462 I VrRuntimeClient: APP VERSION = 1.0 versionCode 1 internalVersionName <none>
04-04 16:46:53.578 31429 31462 I VrRuntimeClient: APP VR TYPE = <none>
04-04 16:46:53.578 31429 31462 I VrRuntimeClient: APP MODE TYPE = VR
04-04 16:46:53.578 31429 31462 I VrRuntimeClient: APP PACKAGE NAME = com.epicgames.PruebaVR
04-04 16:46:53.578 31429 31462 I VrRuntimeClient: APP ACTIVITY CLASS = com.epicgames.ue4.GameActivity
04-04 16:46:53.578 31429 31462 D BatteryReceiver: Unregistering battery receiver
04-04 16:46:53.578 31429 31462 I Sensor  : OSSDKTRACKING Shutdown tracking
04-04 16:46:53.578 31429 31462 I LogTimer: CPUTIME: VrRuntimeClient_EndSession took 4.0980 ms
04-04 16:46:53.585 31429 31540 I VrRuntimeDeviceConfigClient: GetBoolean: oculus_mobile_disable_non_hands_app_hands_usage 0
04-04 16:46:53.585 31429 31540 I VrRuntimeDeviceConfigClient: GetBoolean: oculus_keyboard_telemetry 0
04-04 16:46:53.586 31429 31540 I VrApi   : FPS=72/72,Prd=52ms,Tear=0,Early=0,Stale=0,VSnc=0,Lat=-1,Fov=0,CPU4/GPU=2/4,1171/525MHz,OC=FF,TA=0/0/0,SP=N/N/N,Mem=2092MHz,Free=2727MB,PLS=0,Temp=38.2C/0.0C,TW=2.39ms,App=10.46ms,GD=0.52ms,CPU&GPU=17.63ms,LCnt=1,GPU%=0.98,CPU%=0.49(W0.56),DSF=1.00
04-04 16:46:53.587 31429 31462 I VrApi   : OVR::Stats thread stopped
04-04 16:46:53.587 31429 31462 I InputDeviceManager: ovrInputDeviceManager::~ovrInputDeviceManager
04-04 16:46:53.587 31429 31462 I InputDevice_TrackedRemote: OSSDKTRACKING shutting down Haptics
04-04 16:46:53.587 31429 31462 I chatty  : uid=10184(com.epicgames.PruebaVR) identical 2 lines
04-04 16:46:53.587 31429 31462 I InputDevice_TrackedRemote: OSSDKTRACKING shutting down Haptics
04-04 16:46:53.587 31429 31462 I OSHandDataQuerier: OSSDKTRACKING shutting down HandsTracker
04-04 16:46:53.587 31429 31462 I OSHandDataQuerier: OSSDKTRACKING shutting down HandsTracker
04-04 16:46:53.600 31429 31539 I ClientInputThread_Internal: InputThreadRun ShutdownRequest received
04-04 16:46:53.601 31429 31462 I InputHooks_Internal: Disabling Native Input Hooks
04-04 16:46:53.601 31429 31462 I ClientInputTrackedKeyboardManager: TRACKEDKEYBOARD ClearTrackedObjectManager called on client
04-04 16:46:53.601  1964 31516 I VrRuntimeService: RuntimeServiceSDKServer::EnableRendering: 0x0, 0, com.epicgames.PruebaVR
04-04 16:46:53.601  1964 31516 I ClientMgr: ClientMgr::EnableRendering 31429:com.epicgames.PruebaVR : type 0 comp-id 17: disable
04-04 16:46:53.601  1964 31516 I VrRuntimeServer: DisableCompositorClient: 17
04-04 16:46:53.601  1964 31516 I TimeWarpClientMgr: Disable client 17
04-04 16:46:53.601  1964 31516 I TimeWarpClientMgr: DisableClient: frame flush required: 1
04-04 16:46:53.609  1964 28686 I TimeWarp: SetSchedFifo( tid=31544, pol=2, pri=0 ) succeeded
04-04 16:46:53.610  1964 31516 I UnifiedTelemetryWrapper: Stopped UT session render:com.epicgames.PruebaVR
04-04 16:46:53.611  1964  2179 I ClientMgr: Non-overlay clients rendering status has changed: prev=87, curr=88, enabled=0
04-04 16:46:53.612  1964  2179 I TimeWarpClientMgr: Enable client 0
04-04 16:46:53.612  1964  2179 I VrRuntimeServer: EnableCompositorClient client(0): layer placement(2147483643) flags(8) sm(0x75066615a8)
04-04 16:46:53.618  1964 28686 I TimeWarp: Global CAC is disabled (0x0)
04-04 16:46:53.619   749   749 D SurfaceFlinger: CAC state changed to 0
04-04 16:46:53.624   740   740 I SDM     : HWDeviceDRM::UpdateMixerAttributes: Mixer WxH 1920x3664-1 for Virtual
04-04 16:46:53.624   740   740 I SDM     : HWVirtualDRM::SetDisplayAttributes: New WB Resolution: 1920x3664 cur_mode_index 2
04-04 16:46:53.625   740   740 I SDM     : DisplayVirtual::SetActiveConfig: Virtual display resolution changed to[1920x3664]
04-04 16:46:53.625   740   740 I SDM     : DisplayBase::SetFrameBufferConfig: New framebuffer resolution (1920x3664)
04-04 16:46:53.625   740   740 I SDM     : HWCDisplay::SetFrameBufferConfig: New framebuffer resolution (1920x3664)
04-04 16:46:53.666 31429 31544 W Vulkan_Utils: Vulkan error: vulkanLoader.vkWaitForFences(*job.device, 1, job.fence, VK_TRUE, 100000000): VK_TIMEOUT
04-04 16:46:53.666 31429 31544 I FenceChecker: FenceChecker::MainLoop - ended
04-04 16:46:53.666 31429 31462 I VrRuntimeClient: PhaseSync Instance deleted
04-04 16:46:53.667 31429 31462 I XrRuntimeUtils: XrRuntimeUtils::DestroySession
04-04 16:46:53.667 31429 31462 D SystemActivitiesReceiver: Unregistering Oculus System Activity receiver
04-04 16:46:53.667 31429 31462 I VulkanLoader: ovrVulkanLoader::Unload
04-04 16:46:53.667 31429 31462 I AudioCapture: AudioCapture::Shutdown
04-04 16:46:53.667 31429 31462 I AudioCapture: AudioCapture::StopAudioConsumerThread
04-04 16:46:53.668 31429 31462 I AudioCapture: AudioCapture::StopAudioConsumerThread COMPLETE
04-04 16:46:53.668 31429 31462 I AudioCapture: AudioCapture::Shutdown COMPLETE
04-04 16:46:53.668 31429 31462 I ResourceCreationThread: ovrResourceCreationThread::Stop
04-04 16:46:53.668 31429 31518 I ResourceCreationThread: ResourceCreationThread: quitting
04-04 16:46:53.669 31429 31462 I ResourceCreationThread: OVR::ResourceCreationThread thread stopped
04-04 16:46:53.669 31429 31462 D VrRuntimeClient: VrRuntimeClient: shutdown.
04-04 16:46:53.669 31429 31462 I VrGuardianClient: Shutdown
04-04 16:46:53.669 31429 31462 I RuntimeIPCClientMgr: RuntimeIPCClientMgr::DisconnectFromServer: 0, Client: com.epicgames.PruebaVR:com.epicgames.PruebaVR:31429, Server: com.oculus.guardian:com.oculus.vrguardianservice (guardianserver)
04-04 16:46:53.669  2270 31519 I RuntimeIPCServerMgr: HandleClientDisconnect: Client: com.epicgames.PruebaVR:com.epicgames.PruebaVR:31429, Server: com.oculus.guardian:com.oculus.vrguardianservice (guardianserver)
04-04 16:46:53.669 31429 31462 I RuntimeIPCClientMgr: RuntimeIPCClient: Shutdown: Client: com.epicgames.PruebaVR:com.epicgames.PruebaVR:31429, Server: com.oculus.guardian:com.oculus.vrguardianservice (guardianserver)
04-04 16:46:53.669 31429 31462 I RuntimeIPCApi: ipc_Shutdown
04-04 16:46:53.669 31429 31462 I RuntimeIPCServiceClient: Shutdown: Refs still outstanding: 1, com.epicgames.PruebaVR
04-04 16:46:53.669 31429 31462 I LogTimer: CPUTIME: VrRuntimeClient_Shutdown took 1.6055 ms
04-04 16:46:53.669 31429 31462 I RuntimeIPCClientMgr: RuntimeIPCClientMgr::DisconnectFromServer: 0, Client: com.epicgames.PruebaVR:com.epicgames.PruebaVR:31429, Server: com.oculus.systemdriver:com.oculus.vrruntimeservice (RuntimeServiceServer)
04-04 16:46:53.669  1964 31515 I RuntimeIPCServerMgr: HandleClientDisconnect: Client: com.epicgames.PruebaVR:com.epicgames.PruebaVR:31429, Server: com.oculus.systemdriver:com.oculus.vrruntimeservice (RuntimeServiceServer)
04-04 16:46:53.669 31429 31462 I RuntimeIPCClientMgr: RuntimeIPCClient: Shutdown: Client: com.epicgames.PruebaVR:com.epicgames.PruebaVR:31429, Server: com.oculus.systemdriver:com.oculus.vrruntimeservice (RuntimeServiceServer)
04-04 16:46:53.669 31429 31462 I RuntimeIPCApi: ipc_Shutdown
04-04 16:46:53.669  1964 31516 I VrRuntimeService: RuntimeIPC: IPC_SYSTEM_EVENT_CLIENT_DISCONNECTED_EXT: com.epicgames.PruebaVR
04-04 16:46:53.669  1964 31516 I ClientMgr: ClientMgr::DestroyClient: 31429:com.epicgames.PruebaVR
04-04 16:46:53.669  1964 31516 I ClientMgr: ClientMgr::DestroyClient: Remove 31429:com.epicgames.PruebaVR as focused client.
04-04 16:46:53.669  1964 31516 I ClientMgr: FocusedClient changed.
04-04 16:46:53.669  1964 31516 W ClientMgr: ClientMgr::SetFocusedClient: No focused client
04-04 16:46:53.669  1964 31516 I ClientMgr: Releasing clocks.
04-04 16:46:53.669  1964 31516 I ClientMgr: SetFocusedPackageName - packageName  processName  clientId 0 clientPid 0
04-04 16:46:53.669  1964 31516 I ClientMgr: ClientMgr::DestroyClient: non-deferred ShutdownResources: 52102 == 52102 
04-04 16:46:53.669 31429 31511 I AsyncTaskMgr: MainLoop exiting
04-04 16:46:53.669  1964 31516 I VrRuntimeServer: UnRegisterCompositorClient client(17)
04-04 16:46:53.670 31429 31462 I ServerProcessConnector: RuntimeIPC: Shutdown: Begin
04-04 16:46:53.670 31429 31462 I ServerProcessConnector: RuntimeIPC: Shutdown: Success: com.epicgames.PruebaVR
04-04 16:46:53.670 31429 31462 I RuntimeIPCClientMgr: RuntimeIPCClientMgr::Shutdown
04-04 16:46:53.670  2270 31519 W RPCServerHandlerHelper: RPCServerHandlerHelper::MainLoop: Error reading pipe: ServerProcessConnection: com.epicgames.PruebaVR:com.epicgames.PruebaVR:31429
04-04 16:46:53.670  1964 31515 W RPCServerHandlerHelper: RPCServerHandlerHelper::MainLoop: Error reading pipe: ServerProcessConnection: com.epicgames.PruebaVR:com.epicgames.PruebaVR:31429
04-04 16:46:53.670   789 10297 I RuntimeIPCService: DestroyBrokerConnection: com.epicgames.PruebaVR:com.epicgames.PruebaVR:31429
04-04 16:46:53.670 31429 31462 I ServerStateMgr: Shutdown
04-04 16:46:53.670 31429 31510 I DeadlockObserver: MainLoop exiting
04-04 16:46:53.670 31429 31462 I RuntimeIPCServiceClient: Shutdown: complete com.epicgames.PruebaVR
04-04 16:46:53.671 31429 31462 D OsSdk   : TrackingServiceConnection dtor
04-04 16:46:53.671   833  1420 I TrackingService: Unregistering client by ITrackingService.unregisterClient
04-04 16:46:53.671   833  1420 I TrackingService: Failed to unregister client because client not found in registered list
04-04 16:46:53.671   833  1420 I chatty  : uid=1000(system) Binder:833_2 identical 2 lines
04-04 16:46:53.671   833  1420 I TrackingService: Failed to unregister client because client not found in registered list
04-04 16:46:53.672   833  1420 D TrackingService: unregister: com.epicgames.PruebaVR#31429
04-04 16:46:53.672 31429 31462 D OsSdk   : TrackingServiceConnection unregistered
04-04 16:46:53.673 31429 31462 I OpenXR  : ------------ xrDestroySession [end] -----------
04-04 16:46:53.673 31429 31462 D UE4     : [2022.04.04-14.46.53:673][100]LogAudio: Display: Beginning Audio Device Manager Shutdown (Module: AudioMixerAndroid)...
04-04 16:46:53.673 31429 31462 D UE4     : [2022.04.04-14.46.53:673][100]LogAudio: Display: Destroying 1 Remaining Audio Device(s)...
04-04 16:46:53.673 31429 31462 D UE4     : [2022.04.04-14.46.53:673][100]LogAudio: Display: Audio Device unregistered from world 'VRTemplateMap'.
04-04 16:46:53.675  2270  2355 I GuardianSystem: runtimeServiceSDKClient_.ActiveClientDestroyedEventData: package=[com.epicgames.PruebaVR], process=[com.epicgames.PruebaVR]
04-04 16:46:53.675  2270  2355 I GuardianSystem: OnDestroyActiveClient: com.epicgames.PruebaVR
04-04 16:46:53.675  2270  2355 I GuardianSystem: OnDestroyActiveClient: Clearing return package because owning client was destroyed: com.epicgames.PruebaVR
04-04 16:46:53.675  2270  2355 I GuardianSystem: GuardianSystem::GuardianCmd CMD_CLEAR_RETURN_PACKAGE
04-04 16:46:53.675  1964 31516 I UnifiedTelemetryWrapper: Stopped UT session lifetime:com.epicgames.PruebaVR
04-04 16:46:53.675  1964 31516 I ClientMgr: RemoveClient: com.epicgames.PruebaVR:com.epicgames.PruebaVR:31429
04-04 16:46:53.696  2270  2355 I GuardianJSONHelper: GuardianJSONHelper::WriteGuardianSettings()
04-04 16:46:53.696  2270  2355 V VrGuardianService: VrGuardianService: for user: 0 run: writeUserJSONFile
04-04 16:46:53.696  2270  2355 D VrGuardianUserService: getGuardianFilesDir() /data/user/0/com.oculus.guardian/files/guardian/
04-04 16:46:53.696  2270  2355 D VrGuardianUserService: VrGuardianService: saveUserFile() /data/user/0/com.oculus.guardian/files/guardian/guardian_settings.json
04-04 16:46:53.698 31429 31462 D UE4     : [2022.04.04-14.46.53:698][100]LogResonanceAudio: Display: Resonance Audio Listener is shutdown
04-04 16:46:53.698 31429 31462 D         : PlayerBase::stop() from IPlayer
04-04 16:46:53.698 31429 31462 D AudioTrack: stop(150): called with 36946098 frames delivered
04-04 16:46:53.700  1254  1254 V AvrcpMediaPlayerList: onPlaybackConfigChanged(): Configs list size=8
04-04 16:46:53.700  1254  1254 V AvrcpMediaPlayerList: onPlaybackConfigChanged(): Configs list size=7
04-04 16:46:53.705 31429 31462 D UE4     : [2022.04.04-14.46.53:704][100]LogAudio: Display: Audio Device Manager Shutdown
04-04 16:46:53.705 31429 31462 D UE4     : [2022.04.04-14.46.53:705][100]LogSlate: Request Window 'PruebaVR (32-bit Development SF_VULKAN_ES31_ANDROID) ' being destroyed
04-04 16:46:53.711 31429 31462 D UE4     : [2022.04.04-14.46.53:711][100]LogSlate: Window 'PruebaVR (32-bit Development SF_VULKAN_ES31_ANDROID) ' being destroyed
