04-04 16:46:55.136  2598  2865 I [SEO] VrPlatformOpenXr: VrPlatformOpenXr::SetPropInhibitHandleHomeKey inhibit:1
04-04 16:46:55.136  2598  2865 I OpenXR_DeviceSettings: ------------ xrSetDeviceSettingBooleanFB -----------
04-04 16:46:55.136  1563  2961 I [CT]    : MIXEDREALITY: MrServiceController: Executing passthroughStart on model
04-04 16:46:55.136  2598  2865 I ClientInputSettings: SetInhibitHandleHomeKey = true for com.oculus.vrshell
04-04 16:46:55.136  1563  2961 I [CT]    : MIXEDREALITY: MrServiceModel: passthroughStart()
04-04 16:46:55.136  2598  2865 I ClientInputInterface: SetInhibitHandleHomeKey 1 for process com.oculus.vrshell 2598
04-04 16:46:55.136  1563  2961 I [CT]    : MIXEDREALITY: MrServiceModel: passthroughStart: Started Passthrough
04-04 16:46:55.136  2598  2865 I [SEO] VrPlatformOpenXr: VrPlatformOpenXr::SetPropInhibitHandleHomeKey result = 0
04-04 16:46:55.136  2598  2865 I [SEO] Compositor: EnterVrMode with eye buffer: 1440x1584 : 3
04-04 16:46:55.136  2598  2865 I [SEO] AudioMixer: Enabling AudioPlayer.
04-04 16:46:55.136  2598  2865 I [SEO] AudioEngine: virtual void AudioLibrary::AudioEngine::EnablePlayer()
04-04 16:46:55.136  1563  2961 I [CT]    : MIXEDREALITY: MrServiceView: renderIteration: Display refresh rate changed, new value: 90.0.
04-04 16:46:55.136  1563  2961 I [CT]    : MIXEDREALITY: MrRuntimeImpl: onDisplayRefreshRateChanged: Display rate changed from 72.0 to 90.0.
04-04 16:46:55.136  1563  2961 I [CT]    : MIXEDREALITY: MrRuntimeImpl: Force telemetry to be sent now.
04-04 16:46:55.136  1563  2961 I [CT]    : MIXEDREALITY: MrRuntimeImpl: Reset telemetry such to start collecting data using the new refresh rate.
04-04 16:46:55.136  1563  2961 I [CT]    : MIXEDREALITY: MrRuntimeImpl: setSessionInitTime: Session initialization timer was set to 17086.605669572 ns.
04-04 16:46:55.136  1563  2961 I [CT]    : MIXEDREALITY: MrRuntimeImpl: setSessionInitTime: Reset session duration timer after 563.306980983 seconds.
04-04 16:46:55.136  1563  2961 I [CT]    : MIXEDREALITY: MrServiceView: renderIteration: Rendering resuming.
04-04 16:46:55.136  2598  2865 D         : PlayerBase::PlayerBase()
04-04 16:46:55.136  2598  2865 D         : TrackPlayerBase::TrackPlayerBase()
04-04 16:46:55.136  2598  2865 I libOpenSLES: Emulating old channel mask behavior (ignoring positional mask 0x3, using default mask 0x3 based on channel count of 2)
04-04 16:46:55.137   830  3094 I [CT]    : MIXEDREALITY: MrRuntimeCompute: onWakeup: Refreshing online calibration.
04-04 16:46:55.138  1894  2245 I [OAO] SystemTabletController: Reset, reason: 6, taskBarVisibility: 1
04-04 16:46:55.138  1800  1842 I Clay    : xrPollEvent: DISPLAY_REFRESH_RATE_CHANGED_FB: 72.000000 -> 90.000000
04-04 16:46:55.138   711 31209 I audio_hw_primary: getting vr mode to 0
04-04 16:46:55.138  1894  2245 I [OAO] SystemDialogController: Reset
04-04 16:46:55.138  1894  2245 I [OAO] DialogControllerManager: Reset resetReason:6
04-04 16:46:55.138  1894  2245 I [OAO] OverlayFlowController: Reset - Resetting lastNonSystemPackageName to empty
04-04 16:46:55.138  1894  2245 I [OAO] OverlayFlowController: OnPrimaryPackageChange Setting lastNonSystemPackageName = com.oculus.shellenv
04-04 16:46:55.138  1894  2245 I [OAO] OverlaySystemUxOsDialogFlow: OverlaySystemUxOsDialogFlow UpdatePrimaryPackage isVrShellPackage1
04-04 16:46:55.138  1894  2245 I [OAO] OverlayGuardianPtodFlow: OverlayGuardianPtodFlow UpdatePrimaryPackage lastNonSystemPackage:com.oculus.shellenv isVrShellPackage1
04-04 16:46:55.138  1894  2245 I [OAO] OverlayGuardianFlow: OverlayGuardianFlow UpdatePrimaryPackage lastNonSystemPackage:com.oculus.shellenv isVrShellPackage1
04-04 16:46:55.138   830  3094 I [CT]    : MIXEDREALITY: StereoPipeline: updateOnlineCalibration: Refreshed online calibration, age 0.016666666666666666 minutes.
04-04 16:46:55.138   830  3094 I [CT]    : MIXEDREALITY: MrRuntimeCompute: refreshOnlineCalibration: Refreshed for stereo pipeline.
04-04 16:46:55.138   830  3151 I [CT]    : BOLTDEPTH: StereoWarper: Init: I_W=319 I_H=239 O_W=240 O_H=320 THREADED=false ASYNC=false OWN_MEM=false RT=false BL=true CVP=false FP=true
04-04 16:46:55.139  1563  2961 I [CT]    : MIXEDREALITY: MrRuntimeImpl: onWakeup: Refreshing online calibration.
04-04 16:46:55.139   746  3754 I AudioPolicyManagerCustom: VR mode is 0, switch to primary output if request is for fast|raw
04-04 16:46:55.139  1894  2245 I [OAO] VrPlatformOpenXr: xrPollEvent: received XR_TYPE_EVENT_DATA_DISPLAY_REFRESH_RATE_CHANGED_FB event: fromRate 72.000000 -> toRate 90.000000
04-04 16:46:55.139  1894  2245 I [OAO] ShellOverlayApp: Start sleep timeout. Now:17086.609172, Timeout:17088.609172
04-04 16:46:55.140   746  3754 W AudioFlinger: createTrack_l(): mismatch between requested flags (00000104) and output flags (00000006)
04-04 16:46:55.140   746  3754 D AudioFlinger: Client defaulted notificationFrames to 192 for frameCount 384
04-04 16:46:55.141   746  3754 D AF::TrackHandle: OpPlayAudio: track:173 uid:10021 pkg:com.oculus.vrshell usage:1 not muted
04-04 16:46:55.141  2598  3123 D VrApi   : targetSDKVersion 29
04-04 16:46:55.144 21889 21889 E PartyStateManager: onAppStart nativeGetSystemVoipData didn't contain state
04-04 16:46:55.144 21889 21889 W VRLifecycleManager: onHeadsetMounted
04-04 16:46:55.146  2598  3123 I JniUtils: ovr_GetCurrentPackageSignature 
04-04 16:46:55.147  2598  2865 I AudioTrack: createTrack_l(36): AUDIO_OUTPUT_FLAG_FAST successful; frameCount 0 -> 384
04-04 16:46:55.147  2598  3123 I Metrics : device name = Oculus Quest 2
04-04 16:46:55.148   746  1091 D AudioFlinger: mixer(0x7cb6171d80) throttle end: throttle time(47)
04-04 16:46:55.152  1254  1254 V AvrcpMediaPlayerList: onPlaybackConfigChanged(): Configs list size=7
04-04 16:46:55.160  2598  2865 D [SEO] ShellApplication: requestAudioFocus, transientFocus=false
04-04 16:46:55.160  2598  2865 W AudioManager: Use of stream types is deprecated for operations other than volume control
04-04 16:46:55.161  2598  2865 W AudioManager: See the documentation of requestAudioFocus() for what to use instead with android.media.AudioAttributes to qualify your playback use case
04-04 16:46:55.165  1762  1762 E OVRMediaServiceManager: LivestreamingManager Not initialized
04-04 16:46:55.167 21889 21889 E PartyStateManager: onAppStart nativeGetSystemVoipData didn't contain state
04-04 16:46:55.168  1051  1455 I MediaFocusControl: requestAudioFocus() from uid/pid 10021/2598 clientId=android.media.AudioManager@7a9a71acom.oculus.vrshell.ShellAudioFocusHandler@c42424b callingPack=com.oculus.vrshell req=1 flags=0x0 sdk=29
04-04 16:46:55.170   711 31209 D msm8974_platform: platform_split_snd_device: snd_device(2) num devices(1) new_snd_devices(0)
04-04 16:46:55.170   711 31209 D ACDB-LOADER: ACDB -> send_audvoltable
04-04 16:46:55.170   711 31209 D ACDB-LOADER: ACDB -> ACDB_CMD_GET_AUDPROC_INSTANCE_GAIN_DEP_STEP_TABLE_SIZE
04-04 16:46:55.170   711 31209 D         : Failed to fetch the lookup information of the device 0000000F 
04-04 16:46:55.170   711 31209 D ACDB-LOADER: Error: ACDB_CMD_GET_AUDPROC_INSTANCE_GAIN_DEP_STEP_TABLE_SIZE Returned = -19
04-04 16:46:55.170   711 31209 D ACDB-LOADER: ACDB -> ACDB_CMD_GET_AUDPROC_INSTANCE_GAIN_DEP_STEP_TABLE, vol index 10
04-04 16:46:55.170   711 31209 D         : Failed to fetch the lookup information of the device 0000000F 
04-04 16:46:55.170   711 31209 D ACDB-LOADER: Error: ACDB AudProc vol returned = -19
04-04 16:46:55.170   711 31209 D ACDB-LOADER: ACDB -> AUDIO_SET_VOL_CAL cal type = 40
04-04 16:46:55.170   711 31209 D msm8974_platform: platform_split_snd_device: snd_device(2) num devices(1) new_snd_devices(0)
04-04 16:46:55.170   711 31209 D ACDB-LOADER: ACDB -> send_audvoltable
04-04 16:46:55.170   711 31209 D ACDB-LOADER: ACDB -> ACDB_CMD_GET_AUDPROC_INSTANCE_GAIN_DEP_STEP_TABLE_SIZE
04-04 16:46:55.170   711 31209 D         : Failed to fetch the lookup information of the device 0000000F 
04-04 16:46:55.170   711 31209 D ACDB-LOADER: Error: ACDB_CMD_GET_AUDPROC_INSTANCE_GAIN_DEP_STEP_TABLE_SIZE Returned = -19
04-04 16:46:55.170   711 31209 D ACDB-LOADER: ACDB -> ACDB_CMD_GET_AUDPROC_INSTANCE_GAIN_DEP_STEP_TABLE, vol index 10
04-04 16:46:55.170   711 31209 D         : Failed to fetch the lookup information of the device 0000000F 
04-04 16:46:55.170   711 31209 D ACDB-LOADER: Error: ACDB AudProc vol returned = -19
04-04 16:46:55.170   711 31209 D ACDB-LOADER: ACDB -> AUDIO_SET_VOL_CAL cal type = 40
04-04 16:46:55.172  2598  2865 I [SEO] AudioSystem: Got audio focus : 1
04-04 16:46:55.173  2598  2865 I [SEO] SystemUXController: Recentering for launch - None, , 
04-04 16:46:55.173  2598  2865 I [SEO] LocalSpace: ResetNextFrame
04-04 16:46:55.173  2598  2865 I [SEO] GuardianController: auiPanel == nullptr
04-04 16:46:55.173  2598  2865 I [SEO] SystemAssistant: OnModeChanged from ImmersiveAppFocused to FullShell
04-04 16:46:55.173  2598  2865 I [SEO] LocalSpace: EnterVrMode: Setting local pose state.
04-04 16:46:55.179  1563  2961 I [CT]    : CALIBRATION: HorizontalFlip not found. Using the default: 'false'
04-04 16:46:55.179  1563  2961 I [CT]    : CALIBRATION: VerticalFlip not found. Using the default: 'false'
04-04 16:46:55.179  1563  2961 I [CT]    : CALIBRATION: HorizontalFlip not found. Using the default: 'false'
04-04 16:46:55.179  1563  2961 I [CT]    : CALIBRATION: VerticalFlip not found. Using the default: 'false'
04-04 16:46:55.179  1563  2961 I [CT]    : CALIBRATION: HorizontalFlip not found. Using the default: 'false'
04-04 16:46:55.179  1563  2961 I [CT]    : CALIBRATION: VerticalFlip not found. Using the default: 'false'
04-04 16:46:55.179  1563  2961 I [CT]    : CALIBRATION: HorizontalFlip not found. Using the default: 'false'
04-04 16:46:55.179  1563  2961 I [CT]    : CALIBRATION: VerticalFlip not found. Using the default: 'false'
04-04 16:46:55.179  2598  2865 I OpenXR_Hands: ------------ xrGetHandMeshFB -----------
04-04 16:46:55.179  2598  2865 I OpenXR_Hands: ------------ xrGetHandMeshFB -----------
04-04 16:46:55.179  2598  2865 D VrRuntimeClient: loadDriverResource - resourceName: 'hand_left' 
04-04 16:46:55.179  1484  1484 D OculusNotificationListenerService: Notification posted: 0|android|0|com.android.server.wm.AlertWindowNotification - com.oculus.vrshell|1000
04-04 16:46:55.182  1894  1894 D VrNotificationAnalytics: logNotificationPosted(third_party)
04-04 16:46:55.183  2598  2865 I OpenXR_Hands: ------------ xrGetHandMeshFB -----------
04-04 16:46:55.183  2598  2865 I OpenXR_Hands: ------------ xrGetHandMeshFB -----------
04-04 16:46:55.183  2598  2865 D VrRuntimeClient: loadDriverResource - resourceName: 'hand_right' 
04-04 16:46:55.184  1894  1894 I [OAO] VrNotificationListenerService: onNotificationPosted() - key = 0|android|0|com.android.server.wm.AlertWindowNotification - com.oculus.vrshell|1000, type = third_party, isToast = false, isBlocked = false
04-04 16:46:55.184  1894  1894 D [OAO] VrBroadcastReceiver: action: com.oculus.vrshell.intent.action.NOTIFICATION_WAKE
04-04 16:46:55.185  1894  1894 D [OAO] VrNotificationService: VrNotificationService onStartCommand() Intent { cmp=com.oculus.vrshell/.VrNotificationService }
04-04 16:46:55.186   738   738 W sensors@1.0-ser: type=1400 audit(0.0:14296): avc: denied { getattr } for path="/proc/830" dev="proc" ino=17892 scontext=u:r:hal_oculus_sensors_default:s0 tcontext=u:r:mrsystemservice:s0 tclass=dir permissive=0
04-04 16:46:55.186  2598  2865 I [SEO] InputManager: LoadKeyboards()
04-04 16:46:55.190  1563  2961 I [CT]    : MIXEDREALITY: PassthroughRenderer: updateOnlineCalibration: Refreshed online calibration.
04-04 16:46:55.191  1563  2961 I [CT]    : MIXEDREALITY: MrRuntimeImpl: onResume: Starting telemetry. Target device 2.
04-04 16:46:55.191 21889 21889 E PartyStateManager: onAppStart nativeGetSystemVoipData didn't contain state
04-04 16:46:55.191  2598  2865 I [SEO] LocalSpace: Reset - initialRawFromLocalPose: quat(-0.698712, -0.129269, -0.122523, 0.692877), translation(-0.003755, -0.379546, 0.523782)
04-04 16:46:55.191  2598  2865 I [SEO] LocalSpace: Applying VRAPI Reorient
04-04 16:46:55.192  1964  2863 I VrRuntimeService: RuntimeServiceSDKServer::RecenterLocalSpace
04-04 16:46:55.192  1964  2863 I VrRuntimeService: RuntimeServiceSDKServer::RecenterLocalSpaceInternal
04-04 16:46:55.192  1964  2863 I VrRuntimeServer: UpdateLocalSpace: Src: 2, Version: 120, VersionUser: 0, RawFloorHeightOld: -1.201249, RawFloorHeightNew: -1.201249
04-04 16:46:55.194  2598  2865 I ClientInputTrackedKeyboardManager: TRACKEDKEYBOARD created PTKServiceClient
04-04 16:46:55.194  2598  2865 I ipcLoader_static: RuntimeIPC: Loader: IPC Service API Loader Version: 24 Feb 26 2022 02:23:42
04-04 16:46:55.194  2598  2865 I RuntimeIPCApi: ipc_Initialize
04-04 16:46:55.194  2598  2865 I RuntimeIPCServiceClient: Init: Already initialized: com.oculus.vrshell, 13
04-04 16:46:55.194   738   738 E libosutils: failed to get real path of file /proc/830/cmdline, err: Permission denied
04-04 16:46:55.195  1762  1762 E OVRMediaServiceManager: LivestreamingManager Not initialized
04-04 16:46:55.197  2110  4196 W LibraryProvider: Cannot find entitlement for com.oculus.vrshell
04-04 16:46:55.197  1762  1762 W OVRLibrary: null cursor received for query content://com.oculus.ocms.library/apps/com.oculus.vrshell
04-04 16:46:55.198  2598  2865 I RuntimeIPCClientMgr: ConnectToServer: Re-using existing connection. SUCCESS: Client: com.oculus.vrshell:com.oculus.vrshell:2598, Server: com.oculus.vrshell:com.oculus.vrshell:Overlay (ptkserviceserver)
04-04 16:46:55.198   738   738 I FrameSetDispatcher: [HEADSET] Client thread started
04-04 16:46:55.198   738   738 I CameraClientManager: [HEADSET] Added client - started clients: 3
04-04 16:46:55.199   830  3094 I [CT]    : MIXEDREALITY: MrRuntimeCompute: onResume: Starting telemetry. Target device 2.
04-04 16:46:55.199   830  3094 I [CT]    : MIXEDREALITY: MrRuntimeCompute: onResume: Resuming Stereo Pipeline.
04-04 16:46:55.201  1800  1842 I Clay    : xrPollEvent: REFERENCE_SPACE_CHANGE_PENDING
04-04 16:46:55.202  2270  2355 I GuardianSystem: UpdateSystem: Responding to local space version number change.
04-04 16:46:55.202  2270  2355 I GuardianSurfaceMgr: ForceShowSurfaceBounds: false, 1.00
04-04 16:46:55.202  2270  2355 I GuardianSurfaceMgr: ForceShowSurfaceBounds: Soft fade out: currentTime 17086.67, ForceShowTime 17087.67, ForceShowFadeTime 17088.67
04-04 16:46:55.204  2598  2865 I [SEO] InputManager: Adding controller deviceId = 2
04-04 16:46:55.205  2598  2865 I [SEO] InputManager: Adding controller deviceId = 1
04-04 16:46:55.206  3206 31566 I RuntimeIPCClientMgr: RuntimeIPCClientMgr::DisconnectFromServer: 0, Client: com.oculus.systemux:com.oculus.systemux:SystemUX:3206, Server: com.oculus.presence:com.oculus.presence (PubSubServer)
04-04 16:46:55.206  2002  3388 I RuntimeIPCServerMgr: HandleClientDisconnect: Client: com.oculus.systemux:com.oculus.systemux:SystemUX:3206, Server: com.oculus.presence:com.oculus.presence (PubSubServer)
04-04 16:46:55.207  3206 31566 I RuntimeIPCClientMgr: RuntimeIPCClient: Shutdown: Client: com.oculus.systemux:com.oculus.systemux:SystemUX:3206, Server: com.oculus.presence:com.oculus.presence (PubSubServer)
04-04 16:46:55.207  3206 31566 I RuntimeIPCApi: ipc_Shutdown
04-04 16:46:55.207  3206 31566 I RuntimeIPCServiceClient: Shutdown: Refs still outstanding: 2, com.oculus.systemux:SystemUX
04-04 16:46:55.207  3206 31566 I RuntimeIPCClientMgr: RuntimeIPCClientMgr::DisconnectFromServer: 0, Client: com.oculus.systemux:com.oculus.systemux:SystemUX:3206, Server: com.oculus.presence:com.oculus.presence (PresenceServer)
04-04 16:46:55.207  2598  2865 I [SEO] InputManager: Switching Primary controller due to vrapi
04-04 16:46:55.207  2598  2865 I [SEO] InputManager: Secondary input source selection id=1
04-04 16:46:55.210  2270  3017 I VrGuardianService: GuardianSDKServer::SetActiveHand
04-04 16:46:55.211  2598  2865 I [SEO] RouteInput: New inputState.cursorTraceSource: 1
04-04 16:46:55.211  2002  3388 I RuntimeIPCServerMgr: HandleClientDisconnect: Client: com.oculus.systemux:com.oculus.systemux:SystemUX:3206, Server: com.oculus.presence:com.oculus.presence (PresenceServer)
04-04 16:46:55.211  3206 31566 I RuntimeIPCClientMgr: RuntimeIPCClient: Shutdown: Client: com.oculus.systemux:com.oculus.systemux:SystemUX:3206, Server: com.oculus.presence:com.oculus.presence (PresenceServer)
04-04 16:46:55.211  3206 31566 I RuntimeIPCApi: ipc_Shutdown
04-04 16:46:55.211  3206 31566 I RuntimeIPCServiceClient: Shutdown: Refs still outstanding: 1, com.oculus.systemux:SystemUX
04-04 16:46:55.211  3206  3206 D HyperspaceClient: destroy - end
04-04 16:46:55.211  3206  3206 D HyperspaceClient: release instance, refcount: 0
04-04 16:46:55.211  3206  3206 D [SUI] MessengerCallViewModel: released hyperspace client
04-04 16:46:55.211  3206  3206 D [SUI] MessengerCallViewModel: destroyed MessengerCallViewModel
04-04 16:46:55.211  3206  3206 D [SUI] MessengerCallBarViewModel: destroyed MessengerCallBarViewModel
04-04 16:46:55.211  3206  3206 D [SUI] DynamicAppsView: Destroying dynamic apps view on bar
04-04 16:46:55.211  3206  3206 D [SUI] DestinationUIButtonView: Destroying RunningAppSection
04-04 16:46:55.211  3206  3206 D [SUI] AnytimeUIPanelAppBase: Releasing viewModel DestinationUIV2ViewModel refCount: 1
04-04 16:46:55.211  3206  3206 D [SUI] SocialViewModel: removePartyObserver(): -$$Lambda$BarView$_n5ab72-UnyHb6NHXw4XRP4FKAc
04-04 16:46:55.211  3206  3206 D [SUI] MessengerCallViewModel: removeObserver
04-04 16:46:55.211  3206  3206 D [SUI] AnytimeUIPanelAppBase: Releasing viewModel DynamicAppsViewModel refCount: 0
04-04 16:46:55.211  2598  2865 I [SEO] SystemTaskBarV2: Create PanelApp
04-04 16:46:55.211  3206  3206 D [SUI] DynamicAppsViewModel: Destroying BarPinnedAppsViewModel
04-04 16:46:55.211  2598  2865 I [SEO] PanelAppLaunchInfo: PanelAppLaunchInfo componentString:com.oculus.systemux/com.oculus.panelapp.anytimeui.AnytimeUIAndroidPanelService packageName:com.oculus.systemux serviceName:com.oculus.panelapp.anytimeui.AnytimeUIAndroidPanelService componentName:com.oculus.systemux/com.oculus.panelapp.anytimeui.AnytimeUIAndroidPanelService
04-04 16:46:55.211  3206  3206 E [SUI] AnytimeUIPanelAppBase: Release ViewModel called on already destroyed ViewModelnull
04-04 16:46:55.211  2598  2865 I [SEO] HostPlatform: Retrieving component launch information for package (com.oculus.systemux) and service (com.oculus.panelapp.anytimeui.AnytimeUIAndroidPanelService)
04-04 16:46:55.211  3206  3206 D [SUI] AnytimeUIPanelAppBase: Releasing viewModel BarViewModel refCount: 0
04-04 16:46:55.211  3206  3206 D [SUI] BarViewModel: Destroying BarViewModel
04-04 16:46:55.212  3206  3206 D [SUI] AnytimeUIPanelAppBase: Releasing viewModel SettingsViewModel refCount: 0
04-04 16:46:55.212  3206  3206 D [SUI] SettingsViewModel: Destroying ViewModel
04-04 16:46:55.213  1563  2961 I [CT]    : MIXEDREALITY: MrRuntimeImpl: setSessionInitTime: Session initialization timer was set to 17086.682157488 ns.
04-04 16:46:55.213  1563  2961 I [CT]    : MIXEDREALITY: MrRuntimeImpl: setSessionInitTime: Reset session duration timer after 0.076506562 seconds.
04-04 16:46:55.214  1894  1894 I [OAO] ShellOverlayService: onStartCommand(): Intent { cmp=com.oculus.vrshell/.ShellOverlayService }
04-04 16:46:55.214  1894  1894 I [OAO] ShellOverlayServiceJNI: NativeWake
04-04 16:46:55.214  1894  1894 I [OAO] ShellOverlayMain: WakeVrThread
04-04 16:46:55.214  1894  1894 I [OAO] ShellOverlayMain: WakeVrThread - notifying vr thread
04-04 16:46:55.216  2598  2865 I [SEO] HostPlatform: Is valid panel service component for package (com.oculus.systemux) and service (com.oculus.panelapp.anytimeui.AnytimeUIAndroidPanelService) - true
04-04 16:46:55.216  2598  2865 I [SEO] ShellApp: CreatePanelApp( com.oculus.systemux/com.oculus.panelapp.anytimeui.AnytimeUIAndroidPanelService )
04-04 16:46:55.216  2598  2865 I [SEO] ShellApp: Environment:
04-04 16:46:55.216  2598  2865 I [SEO] ShellApp: Notifying foreground panel changed
04-04 16:46:55.217  2598  2865 I [SEO] PanelAppHost: PanelAppHost( com.oculus.systemux/com.oculus.panelapp.anytimeui.AnytimeUIAndroidPanelService ) for PanelId 58
04-04 16:46:55.218  2598  2865 I [SEO] PanelAppHost: Panel app 58 (com.oculus.systemux/com.oculus.panelapp.anytimeui.AnytimeUIAndroidPanelService) changing state from startup to foreground
04-04 16:46:55.218  3206  3206 D [SUI] AnytimeUIPanelAppBase: Releasing viewModel StatusViewModel refCount: 2
04-04 16:46:55.218  1964  2257 I VrRuntimeService: CreateAndroidSurfaceSwapChain: 240020496
04-04 16:46:55.218  1964  2257 I VrRuntimeService: CreateAndroidSurfaceSwapChain: 131072 1 32856 65536 65536 1 1 1 0 3
04-04 16:46:55.219  1463  1494 I nifiedtelemetr: Background concurrent copying GC freed 43060(2492KB) AllocSpace objects, 16(540KB) LOS objects, 49% free, 3025KB/6050KB, paused 60us total 111.325ms
04-04 16:46:55.219  1964  2104 I SwapChain_Surface: CreateAndroidSurfaceSwapChainGLES: 0x74e4906000: SurfaceTexture 0x306a Surface 0x307a
04-04 16:46:55.219  1964  2257 I VrRuntimeServer: CreateAndroidSurfaceSwapChain: result surface 0x74e4906000
04-04 16:46:55.221   830  3134 I [CT]    : MIXEDREALITY: ServiceLogic: Successfully set cpu affinity for thread 3134 to gold (7)
04-04 16:46:55.221   830  3134 I [CT]    : MIXEDREALITY: ServiceLogic: Successfully set cpu affinity for thread 3115 to gold (7)
04-04 16:46:55.221   830  3134 I [CT]    : MIXEDREALITY: ServiceLogic: Successfully set cpu affinity for thread 3094 to gold (7)
04-04 16:46:55.221   830  3134 I [CT]    : MIXEDREALITY: ServiceLogic: Successfully set cpu affinity for thread 945 to gold (7)
04-04 16:46:55.221   830  3115 I [CT]    : MIXEDREALITY: MrRuntimeCompute: computeIteration: (every 10 seconds), Passthrough: OFF, SpaceSense: OFF, PlayspaceScan: OFF.
04-04 16:46:55.224  1964  2257 I VrRuntimeService: CreateAndroidSurfaceSwapChain: 240020496
04-04 16:46:55.225  1964  2257 I VrRuntimeService: CreateAndroidSurfaceSwapChain: 131072 1 32856 65536 65536 1 1 1 0 3
04-04 16:46:55.225  1964  2104 I SwapChain_Surface: CreateAndroidSurfaceSwapChainGLES: 0x74daa33000: SurfaceTexture 0x30a6 Surface 0x30b6
04-04 16:46:55.225  1964  2257 I VrRuntimeServer: CreateAndroidSurfaceSwapChain: result surface 0x74daa33000
04-04 16:46:55.227  2598  2865 I [SEO] PanelAppHost: Passing env var _oc_analytics_session_id = 5e506a89-8c05-4aa2-b2c9-ffb4868449fb
04-04 16:46:55.227  2598  2865 I [SEO] PanelAppHost: Passing env var _oc_userid = 101042312219970
04-04 16:46:55.227  2598  2865 I [SEO] PanelAppHost: Passing env var _oc_shell_version_name = 38.0.0.82.728
04-04 16:46:55.227  2598  2865 I [SEO] PanelAppHost: Passing env var _oc_shell_version_code = 356477935
04-04 16:46:55.227  2598  2865 I [SEO] PanelAppHost: Passing env var _oc_shell_automation_enabled = false
04-04 16:46:55.227  2598  2865 I [SEO] PanelAppHost: Passing env var _oc_shell_view_id_debugging_enabled = false
04-04 16:46:55.227  2598  2865 I [SEO] PanelAppHost: Passing env var _oc_shell_pixel_density = 20
04-04 16:46:55.227  2598  2865 I [SEO] PanelAppHost: Passing env var _oc_shell_render_scale = 1.250000
04-04 16:46:55.227  2598  2865 I [SEO] PanelAppHost: Passing env var _oc_shell_ux_policy = {"panelBackgroundLayerOriginDepths":{"far":0.2,"mid":0.1,"near":0.015}}
04-04 16:46:55.227  2598  2865 I [SEO] PanelAppHost: Passing env var _oc_shell_panel_session_id = 5e506a89-8c05-4aa2-b2c9-ffb4868449fb-58
04-04 16:46:55.227  2598  2865 I [SEO] PanelAppHost: Passing env var _oc_shell_back_navigation_enabled = true
04-04 16:46:55.227  2598  2865 I [SEO] PanelAppHost: Passing env var _oc_shell_feature_sets = cooperativeState-v2,layerTranslate-v1,multiapp-v1,multiapp-v2,multiapp-v3,system-ux-file-picker-v1,system-reauth-v1,dragDrop-v1,controlBar-v1,systemThemeSetting-v1,layerOptions-v1,destinationUi-v2,shellPanelAdaptability-v1,vrNotificationsBootLoad-v1,recoverInstances-v1
04-04 16:46:55.227  2598  2865 I [SEO] PanelAppHost: Passing env var _oc_launch_timestamp = 17086685
04-04 16:46:55.227  2598  2865 I [SEO] PanelAppHost: Passing env var _oc_shell_host = vrshell
04-04 16:46:55.227  2598  2865 I [SEO] PanelAppHost: Passing env var _oc_shell_panel_id = 58
04-04 16:46:55.227  2598  2865 I [SEO] PanelAppHost: Calling sendPanelLaunchIntent for panel app com.oculus.systemux/com.oculus.panelapp.anytimeui.AnytimeUIAndroidPanelService
04-04 16:46:55.228  2598  2865 D [SEO] ShellApplication: sendApkPanelLaunchIntent: packageName=com.oculus.systemux, serviceClassName=com.oculus.panelapp.anytimeui.AnytimeUIAndroidPanelService
04-04 16:46:55.230  2598  2865 D [SEO] PanelServiceConnection: getSystemProcessUidForCurrentUser: 'android' systemUid = 1000
04-04 16:46:55.230  2598  2865 D [SEO] ShellApplication: bindService Intent { cmp=com.oculus.systemux/com.oculus.panelapp.anytimeui.AnytimeUIAndroidPanelService }
04-04 16:46:55.236  2598  2865 D [SEO] ShellApplication: notify OS to set com.oculus.systemux/com.oculus.panelapp.anytimeui.AnytimeUIAndroidPanelService to FOREGROUND
04-04 16:46:55.237  2598  2865 I [SEO] SystemTabletController: Processing pending None tablet.
04-04 16:46:55.237  2598  2865 I [SEO] SystemTabletController: Processing AUI deep link uri /tablet_none.
04-04 16:46:55.237  3206  3206 D [SUI] AnytimeUIPanelAppBase: Releasing viewModel DestinationUIV2ViewModel refCount: 0
04-04 16:46:55.237  3206  3206 D [SUI] DestinationUIV2ViewModel: Destroying DestinationUIV2ViewModel
04-04 16:46:55.237  3206  3206 D [SUI] SocialViewModel: removePartyObserver(): 
04-04 16:46:55.237  3206  3206 D [SUI] AnytimeUIPanelAppBase: Releasing viewModel SocialViewModel refCount: 1
04-04 16:46:55.237  3206  3206 D [SUI] AnytimeUIPanelAppBase: Releasing viewModel SocialViewModel refCount: 0
04-04 16:46:55.237  3206  3206 D [SUI] SocialViewModel: Destroying ViewModel
04-04 16:46:55.240  1894  2245 I [OAO] ShellOverlayApp: 0xc488dc08 msg: broadcastIntent:
04-04 16:46:55.240  1894  2245 I [OAO] ShellOverlayApp: ProcessMessage_Broadcast: 
04-04 16:46:55.240  1894  2245 I [OAO] OverlayFlowController: Unhandled broadcast: 
04-04 16:46:55.240  1894  2245 I [OAO] VrPlatformOpenXr: xrPollEvent: received XR_TYPE_EVENT_DATA_REFERENCE_SPACE_CHANGE_PENDING event
04-04 16:46:55.241  3206  3206 D [SUI] AnytimeUIPanelAppBase: Releasing viewModel StatusViewModel refCount: 1
04-04 16:46:55.241  3206  3206 I [SUI] AnytimeUIAndroidPanelApp: Destroyed AUI PanelApp, isInOverlay: true, instanceCount: 0
04-04 16:46:55.243  3206  3206 D [SUI] AnytimeUIPanelAppBase: Releasing viewModel StatusViewModel refCount: 0
04-04 16:46:55.243  3206  3206 D [SUI] StatusViewModel: Destroying ViewModel
04-04 16:46:55.245  1800  1842 I Clay    : EnvironmentSystem: setCurrentEnvironment from '' to 'apk://com.oculus.environment.prod.adobe/assets/scene.zip'. Computed visibility: Visible (reason: <none>)
04-04 16:46:55.245  2598  2865 I [SEO] ShellEnvHomeController: copresence: received setCollisionShapes
04-04 16:46:55.245  2598  3147 I FenceChecker: FenceChecker::MainLoop - started
04-04 16:46:55.247  3206  3206 D [SUI] FollowTabletPanelController: Destroying FollowTabletPanelController
04-04 16:46:55.247  3206  3206 D [SUI] GraphQLExecutor: Destroying
04-04 16:46:55.247  3206  3206 V LifecycleAwareViewModelStore: LifecycleAwareViewModelStore destroyed
04-04 16:46:55.247  3206  3206 V LifecycleAwarePanelApp: PanelApp lifecycle moved to final state: DESTROYED
04-04 16:46:55.248  2598  2865 I OpenXR  : PostSessionStateChange: XR_SESSION_STATE_READY -> XR_SESSION_STATE_SYNCHRONIZED
04-04 16:46:55.248  2598  2865 I [SEO] VrPlatformOpenXr: xrPollEvent: received XR_TYPE_EVENT_DATA_REFERENCE_SPACE_CHANGE_PENDING event
04-04 16:46:55.248  2598  2865 I OpenXR  : PostSessionStateChange: XR_SESSION_STATE_SYNCHRONIZED -> XR_SESSION_STATE_VISIBLE
04-04 16:46:55.248  2598  2865 I OpenXR  : PostSessionStateChange: XR_SESSION_STATE_VISIBLE -> XR_SESSION_STATE_FOCUSED
04-04 16:46:55.248  2598  2865 I [SEO] VrPlatformOpenXr: xrPollEvent: received XR_TYPE_EVENT_DATA_DISPLAY_REFRESH_RATE_CHANGED_FB event: fromRate 72.000000 -> toRate 90.000000
04-04 16:46:55.248  2598  2865 I [SEO] VrPlatformOpenXr: xrPollEvent: received XR_TYPE_EVENT_DATA_SESSION_STATE_CHANGED: 3 for session 0x2 at time 17086.717358
04-04 16:46:55.248  2598  2865 I [SEO] VrPlatformOpenXr: Session state changed XR_SESSION_STATE_SYNCHRONIZED
04-04 16:46:55.248  2598  2865 I [SEO] VrPlatformOpenXr: xrPollEvent: received XR_TYPE_EVENT_DATA_SESSION_STATE_CHANGED: 4 for session 0x2 at time 17086.717388
04-04 16:46:55.248  2598  2865 I [SEO] VrPlatformOpenXr: Session state changed XR_SESSION_STATE_VISIBLE
04-04 16:46:55.248  2598  2865 I [SEO] VrPlatformOpenXr: xrPollEvent: received XR_TYPE_EVENT_DATA_SESSION_STATE_CHANGED: 5 for session 0x2 at time 17086.717395
04-04 16:46:55.248  2598  2865 I [SEO] VrPlatformOpenXr: Session state changed XR_SESSION_STATE_FOCUSED
04-04 16:46:55.256  1051  4210 I DisplayManagerService: Display device removed: DisplayDeviceInfo{"com.oculus.android_panel_app.AndroidPanelLayer-#main": uniqueId="virtual:com.oculus.systemux,10032,com.oculus.android_panel_app.AndroidPanelLayer-#main,2", 800 x 110, modeId 256, defaultModeId 256, supportedModes [{id=256, width=800, height=110, fps=60.0}], colorMode 0, supportedColorModes [0], HdrCapabilities null, density 200, 200.0 x 200.0 dpi, appVsyncOff 0, presDeadline 16666666, touch NONE, rotation 0, type VIRTUAL, state ON, owner com.oculus.systemux (uid 10032), FLAG_PRIVATE, FLAG_NEVER_BLANK, FLAG_OWN_CONTENT_ONLY}
04-04 16:46:55.256  2598  2865 I [SEO] ShellEnvHomeController: copresence: processing currentCollisionShapes
04-04 16:46:55.257  2598  2865 I [SEO] LocalSpace: New Space: quat(-0.085574, 0.001151, 0.013402, 0.996241), translation(0.000000, 1.188705, 0.000000) - Prior Space: quat(-0.085574, 0.001151, 0.013402, 0.996241), translation(0.000000, 1.188705, 0.000000)
04-04 16:46:55.257  2598  2865 I [SEO] LocalSpace: Local space version from 114 to 115, local space user version from 0 to 0.
04-04 16:46:55.261 21889 21909 I .socialplatfor: Background young concurrent copying GC freed 4917(489KB) AllocSpace objects, 3(60KB) LOS objects, 20% free, 2268KB/2865KB, paused 6.030ms total 34.273ms
04-04 16:46:55.261  2598  2865 I [SEO] SystemUXController: OnReorient(reason: 3)
04-04 16:46:55.264  2598  2865 I [SEO] TelemetryProvider: aui_reorient system 0 0 0 
04-04 16:46:55.265  1800  1842 I Clay    : EnvironmentSystem: Loading 'apk://com.oculus.environment.prod.adobe/assets/scene.zip' as asset package
04-04 16:46:55.266  2270  3017 I VrGuardianService: GuardianSDKServer::SendRenderModeConditions
04-04 16:46:55.267  2270  3017 I GuardianSystem: ForceShowGuardian: false, 1.00
04-04 16:46:55.267  2270  3017 I GuardianSystem: ForceShowGuardian: Soft fade out: 1.00
04-04 16:46:55.268  3206  3206 D [SUI] NotificationBroadcastReceiver: action: com.oculus.intent.action.NOTIF_CHANGE
04-04 16:46:55.268  3206  3206 E [SUI] BackgroundThreadExecutor: Refusing to execute task because BackgroundThreadExecutor instance is destroyed: com.oculus.panelapp.anytimeui.tablet.notifications.core.-$$Lambda$NotificationManagerSourceHandler$HybXWBXsqdbvph6F5RgmzU3_G5A@718784b
04-04 16:46:55.268  3206  3206 D CppPanelService: PanelService()
04-04 16:46:55.268  3206  3206 D CppPanelService: onBind()
04-04 16:46:55.269  2598  2598 D [SEO] PanelServiceConnection: onSeviceConnected - component name (ComponentInfo{com.oculus.systemux/com.oculus.panelapp.anytimeui.AnytimeUIAndroidPanelService}), panel app id (58)
04-04 16:46:55.269  2598  2598 D [SEO] ShellApplication: notify OS to set com.oculus.systemux/com.oculus.panelapp.anytimeui.AnytimeUIAndroidPanelService to FOREGROUND
04-04 16:46:55.270  2598  2598 I [SEO] PanelServiceConnection: verifyFirstPartyUID(Debug Signatures=false, uid=10032) => apkSignatureResult=SigCertInfo(isTrusted=true, packageNames=[com.oculus.systemux], fingerprint sha1=98a1809f3c3e79170e5df8135b500ecfa39df1be, fingerprint sha256=012f8165c191efe8fb0d6d4606aa4abac14d77d1d97d5340860c9f81045aa157, signature=308205cf308203b7a0030201020204097e91c1300d06092a864886f70d01010b0500308197310b3009060355040613025553311330110603550408130a43616c69666f726e6961311330110603550407130a4d656e6c6f205061726b31233021060355040a131a46616365626f6f6b20546563686e6f6c6f676965732c204c4c4331233021060355040b131a46616365626f6f6b20546563686e6f6c6f676965732c204c4c43311430120603550403130b4f63756c75732041707073301e170d3139303730343131333935315a170d3436313131393131333935315a308197310b3009060355040613025553311330110603550408130a43616c69666f726e6961311330110603550407130a4d656e6c6f205061726b31233021060355040a131a46616365626f6f6b20546563686e6f6c6f676965732c204c4c4331233021060355040b131a46616365626f6f6b20546563686e6f6c6f676965732c204c4c43311430120603550403130b4f63756c7573204170707330820222300d06092a864886f70d01010105000382020f003082020a0282020100b815642a5c201c8da044905dafbb06c05fddb75449cc75a716a0434da0493a52a4d60643532c237e76cb41d2c32a5e4474f12b37f632a809b5a5ceb8c6289ecf828e736b4ec452b1c2757bd0b5ed13eff5a7a47ab2ef6cdf60a8d749e9e8603f30d12b5db8f734c57578a2a4ce5ff5737c1f02c629d2dcb4f82726674663a699de94463ff370fa9eb48158831bf0b68bd6ec84293182d52e860bdd81bb9ce9cdd6a77fea0df25004da34d3cce7a31069646aa4628fba9ccb0952163793be9a4edf49a53f83179c2f44d8c87d6c129e8d590af0f3fced26201ee43b31fccd93b497cd198c5cd1f98d64c4f7ad79ca47278c02652d5dc072a99807e22f473f7bae4da2bafcae48cd49ad55a764b8d39f329f6175eac9074307deff48b1c4a6e19b748766617768c31a17feae8478eb7f9ebfb61af2b9f5a692b636342d7ebc53d7146626b51801b5a0a102e281475decdefb8683d0ca2843dc7aaeb6759bcab0dcba38db44f5d7f797a1c9c02dd159c0e3c72b14dc882d31c24ad8abee4ce0f7f0205e05efef551e2551a61e96636ed5dfd7435d3d24f5a130a12f10452cc954aa770d5d95e3e0cb9d7b05c5506a7947f8ff3437b3d82274fdaa156d85bfb7fbcb4fa5557080fedab86520b71d3d533e7bb3e7e3ebe9712b68e755d700b0afbf7595ffa80a6b3d90bfe599769138ee6515df415e32c0abed2b8e4aea1f47351f490203010001a321301f301d0603551d0e04160414a3c939e6b71c43bc9193f773c0351be1aff311f9300d06092a864886f70d01010b050003820201004e4c865231f2a3583c6af9488ecf9aa96b1ee84e2d7bfad00581537dc70c54ecfcf360e563d018efa4cdd77bf6fc4c9f1a20ebd4215cf1538686d4089bdcc8adb6ae4497ead14b0c18efd52ce93357019973e94e16b3326c60885b1bdc5f9cad1098f16732935876d8d19bda3ceeaaa69a83c4e2231710c6735f88abdfffe3dfa2be3f18f894923441b4e4a9c9664ed6294c16d7c073547063bfdbbefad184a001f1dce2feffdc96d10eb16a3bfbcd382cd297ca3b4edb7ebacd1a9931a1368a5157ceaebbca5b39bd5db5461a340db8ec076d38a94bcdd042bfb51388158ba97a49b631c1762fa746c7bb36eaf15cae23fa993cfb052e824f2ae173ea27b50a6cca91eb955f4faf131514757e5a3ecae9df6d23771279b7742f28fb9ce394eb9e03926f550716f1312355a5efdc479d8347b516cff55cb14307c81280142cacf2fd6562a2baacbfc97869272b1c51abf79121de8bab227e001313d4115eb9b33a332ebb34e290f14b5352ef1038f7a5f3740c9d1136b3526de4331deb4fa529c36a17c04c3e64d4f6ebda73d6e6e18281e3948fd11e685eab6611be1bc62839bce5962715e7f6537e6c083bcd3538d17407b26c850cd6b3f5e2149fdef027a6cfb7ed0f93c928aca14927b10c6a3f104ba1b10413af8b1868b84a004e5ddd065fff26a7bb3c818bb5a2d69aedf9441ef9033efae3ef52282a96f66d4b4ff3f2), time=0 ms
04-04 16:46:55.271  2598  2865 W [SEO] HandRenderComponent: HandRenderComponent got invalid world transform: `-0.2938220501 -0.8560659289 0.4252108335 0.2809630036 0.8687425256 -0.424706161 -0.25474599 0.9137625694 0.3986721039 0.2945510447 0.8684956431 -0.2343614846 0 0 0 1`
04-04 16:46:55.273  3206  3937 I CppPanelService: verifyVrShellUID(Debug Signatures=false, uid=10021) => apkSignatureResult=SigCertInfo(isTrusted=true, packageNames=[com.oculus.vrshell], fingerprint sha1=331660b6dd3bd582f3dfd3cbae4546724668a021, fingerprint sha256=dc2f834e3c1942378b14f076c82cd1ab59ea6566bff4730b2047e98efc9f9daf, signature=3082038d30820275a00302010202041303858a300d06092a864886f70d01010b05003077310b3009060355040613025553310b3009060355040813024341311330110603550407130a4d656e6c6f205061726b31173015060355040a130e4f63756c75732056522c204c4c4331173015060355040b130e4f63756c75732056522c204c4c43311430120603550403130b4f63756c75732041707073301e170d3134313033303231343032315a170d3432303331373231343032315a3077310b3009060355040613025553310b3009060355040813024341311330110603550407130a4d656e6c6f205061726b31173015060355040a130e4f63756c75732056522c204c4c4331173015060355040b130e4f63756c75732056522c204c4c43311430120603550403130b4f63756c7573204170707330820122300d06092a864886f70d01010105000382010f003082010a0282010100a34c7fbd96dea95d811f21a0d760cabca85f2df5dbe19b62aca7a3e3e0b6e48f7e173345f2753c458d639cc2e222eeee4cfb5e89ac1c5060044414056709a43a7f1a6f1e4f2c3d708c48912634be08ad6da1fff92d9c0d4b85e4bc8a8b1c27de84c04eb1e6577c10693500af46beaf7bd2ce72a06a46f4e565859f242cecbef1a431ae8096db712cebe73840bacc64de6b99077ba1ca8c20e5d0b4870bd161f087abbf568dfef58e604068ca6f7cdea183c8681c306bc30cb223e7c5ce3a2fcf00d13e158475b3700ef62dcca46c57baecca4d91052e20b861a1a085d5fc8e99aed8c4a9cfd550d01e54ef5062133befcf7f9ea6a5a1d1575a72cd82279f34030203010001a321301f301d0603551d0e04160414ec7ccdaf8ccdc6dd1b87d4b561582ad8ec397b80300d06092a864886f70d01010b0500038201010014c557ecddc17ba8b979618036e7093b8e7307f624644532c31239f4dc83fd9424267ca7670fa9f78689cbc5bfd8a6312fdc214bd159d614a8753ceec0f2b2d9166217895b13c992e1d10ca625a3153dacfa51dbdb7fde139bd59510f5add29f88be3826b445ce7386dcf06577be72fbdf118fa81179091fad275981409e02d40422d8e86df5827a2c496a4b905b4825c3f1ba0af4cf509bf9b0d4d608cf0b4320ac60d1a8cbcc384de24f11a4c93c0fc5b887cbd6855871af1b1ef729c51a8a123efc6a627b6494e81a264587443b9156ad17772863c2f9685fae9c72a552b333f8ef2822bce5d4d178e45b3a8dd4e321924f6a5ba43f732971a9e74cbf0433), time=2 ms
04-04 16:46:55.273  3206  3206 D CppPanelService: BEGIN: Initializing panel application via MSG_CREATE_PANEL_APP.
04-04 16:46:55.275  3206  3206 I AndroidPanelApp: Created
04-04 16:46:55.275  3206  3206 V LifecycleAwareViewModelStore: LifecycleAwareViewModelStore created
04-04 16:46:55.275  3206  3206 V LifecycleAwarePanelApp: PanelApp initial lifecycle started and moved from state INITIALIZED to state RESUMED
04-04 16:46:55.278  3206  3206 I [SUI] ConsumerConfiguration: Setting SystemUX Configuration and Policy Settings.
04-04 16:46:55.281  3206  3206 D [SUI] AnytimeUIBroadcastReceiver: requestCaptureState being sent
04-04 16:46:55.281  3206  3152 D QuickPromotionController: Initialized and enabled.
04-04 16:46:55.281  3206  3152 D QuickPromotionController: Fetching Quick Promotions for all surfaces.
04-04 16:46:55.281  3206  3152 D QuickPromotionController: Initialized and enabled.
04-04 16:46:55.281  3206  3152 D QuickPromotionController: Set access token.
04-04 16:46:55.281  3206  3206 D [SUI] StatusViewModel: Constructing ViewModel
04-04 16:46:55.282  3206  3152 D QuickPromotionController: Fetched Quick Promotions for all surfaces.
04-04 16:46:55.286   694   694 I netd    : firewallSetUidRule(2, 10003, 1) <0.01ms>
04-04 16:46:55.290  3206  3206 I android_os_HwBinder: HwBinder: Starting thread pool for getting: vendor.oculus.hardware.battery@1.0::IBattery/default
04-04 16:46:55.291  2598  2865 W [SEO] HandRenderComponent: HandRenderComponent got invalid world transform: `-0.342433691 -0.8278059959 0.44436571 0.281278491 0.8552949429 -0.470400691 -0.2172056288 0.9145533442 0.3888370693 0.3056875467 0.8691060543 -0.2444989383 0 0 0 1`
04-04 16:46:55.295  3206  3206 D [SUI] StatusViewModel: Initializing wifi status BroadcastReceiver
04-04 16:46:55.296  3206  3206 D [SUI] StatusViewModel: Initialized wifi status BroadcastReceiver
04-04 16:46:55.297  2110  4196 W LibraryProvider: Cannot find entitlement for com.oculus.shellenv
04-04 16:46:55.297  2447  3070 W OVRLibrary: null cursor received for query content://com.oculus.ocms.library/apps/com.oculus.shellenv
04-04 16:46:55.298  1051  3913 E ActivityManager: Sending non-protected broadcast com.oculus.systemactivities.CAPTURE_STATE_UPDATE from system 1762:com.oculus.horizon/u0a48 pkg com.oculus.horizon
04-04 16:46:55.298  1051  3913 E ActivityManager: java.lang.Throwable
04-04 16:46:55.298  1051  3913 E ActivityManager: 	at com.android.server.am.ActivityManagerService.checkBroadcastFromSystem(ActivityManagerService.java:15005)
04-04 16:46:55.298  1051  3913 E ActivityManager: 	at com.android.server.am.ActivityManagerService.broadcastIntentLocked(ActivityManagerService.java:15562)
04-04 16:46:55.298  1051  3913 E ActivityManager: 	at com.android.server.am.ActivityManagerService.broadcastIntentLocked(ActivityManagerService.java:15022)
04-04 16:46:55.298  1051  3913 E ActivityManager: 	at com.android.server.am.ActivityManagerService.broadcastIntent(ActivityManagerService.java:15798)
04-04 16:46:55.298  1051  3913 E ActivityManager: 	at android.app.IActivityManager$Stub.onTransact(IActivityManager.java:1964)
04-04 16:46:55.298  1051  3913 E ActivityManager: 	at com.android.server.am.ActivityManagerService.onTransact(ActivityManagerService.java:2769)
04-04 16:46:55.298  1051  3913 E ActivityManager: 	at android.os.Binder.execTransactInternal(Binder.java:1021)
04-04 16:46:55.298  1051  3913 E ActivityManager: 	at android.os.Binder.execTransact(Binder.java:994)
04-04 16:46:55.301  1051  3913 I DropBoxManagerService: add tag=system_server_wtf isTagEnabled=true flags=0x2
04-04 16:46:55.301  2598  2865 W [SEO] HandRenderComponent: HandRenderComponent got invalid world transform: `-0.3450057507 -0.8249947429 0.4475927949 0.2813299894 0.8602775931 -0.4686456323 -0.2006945312 0.9155089259 0.3753372431 0.315815717 0.8714166284 -0.2499751896 0 0 0 1`
04-04 16:46:55.302  2447  2496 I WM-WorkerWrapper: Worker result SUCCESS for Work [ id=17ca8153-9b52-46c0-ba65-d38080f7ee18, tags={ com.oculus.identitymanagement.service.workers.MVanScreenTimeWorker } ]
04-04 16:46:55.306  1051  3913 E ActivityManager: Sending non-protected broadcast com.oculus.systemactivities.CAPTURE_STATE_UPDATE from system 1762:com.oculus.horizon/u0a48 pkg com.oculus.horizon
04-04 16:46:55.306  1051  3913 E ActivityManager: java.lang.Throwable
04-04 16:46:55.306  1051  3913 E ActivityManager: 	at com.android.server.am.ActivityManagerService.checkBroadcastFromSystem(ActivityManagerService.java:15005)
04-04 16:46:55.306  1051  3913 E ActivityManager: 	at com.android.server.am.ActivityManagerService.broadcastIntentLocked(ActivityManagerService.java:15656)
04-04 16:46:55.306  1051  3913 E ActivityManager: 	at com.android.server.am.ActivityManagerService.broadcastIntentLocked(ActivityManagerService.java:15022)
04-04 16:46:55.306  1051  3913 E ActivityManager: 	at com.android.server.am.ActivityManagerService.broadcastIntent(ActivityManagerService.java:15798)
04-04 16:46:55.306  1051  3913 E ActivityManager: 	at android.app.IActivityManager$Stub.onTransact(IActivityManager.java:1964)
04-04 16:46:55.306  1051  3913 E ActivityManager: 	at com.android.server.am.ActivityManagerService.onTransact(ActivityManagerService.java:2769)
04-04 16:46:55.306  1051  3913 E ActivityManager: 	at android.os.Binder.execTransactInternal(Binder.java:1021)
04-04 16:46:55.306  1051  3913 E ActivityManager: 	at android.os.Binder.execTransact(Binder.java:994)
04-04 16:46:55.309  1051  3913 I DropBoxManagerService: add tag=system_server_wtf isTagEnabled=true flags=0x2
04-04 16:46:55.312  2598  2865 W [SEO] HandRenderComponent: HandRenderComponent got invalid world transform: `-0.3529247046 -0.8185423613 0.4532297552 0.2815544009 0.8616862297 -0.4731040001 -0.1834506392 0.9161069393 0.364589721 0.3258000612 0.8723034263 -0.2552712262 0 0 0 1`
04-04 16:46:55.315  2598  2598 D [SEO] RssdkHelper: getCurrentPackageInfo
04-04 16:46:55.315  2598  2598 I [SEO] RssdkHelperJNI: Java_com_oculus_common_navigation_RssdkHelper_nativeGetCurrentPackageInfo
04-04 16:46:55.315  2598  2598 I [SEO] RssdkHelperJNI: NativeGetCurrentPackageInfo - str combined: 'com.oculus.shellenv'
04-04 16:46:55.315  2598  2598 D [SEO] ShellControlBroadcastReceiver: onReceive with MainActivity native pointer 4003543496, action com.oculus.systemactivities.CAPTURE_STATE_UPDATE
04-04 16:46:55.315  2598  2598 D [SEO] ShellApplication: isTrustedAppLaunch early exit. Not a trusted action.com.oculus.systemactivities.CAPTURE_STATE_UPDATE
04-04 16:46:55.315  2598  2598 D [SEO] ShellControlBroadcastReceiver: isLaunchAction = false, isTrustedAppLaunch = false
04-04 16:46:55.315  2598  2598 D [SEO] ShellControlBroadcastReceiver: IsCaptureStateUpdateAction
04-04 16:46:55.318  1894  1894 D DeviceHelper: isScreenOn = true
04-04 16:46:55.318  1894  1894 D [OAO] ShellOverlayBroadcastReceiver: onReceive with ShellOverlayService native pointer 4003571544, action com.oculus.systemactivities.CAPTURE_STATE_UPDATE
04-04 16:46:55.320  1051  3524 E ActivityManager: Sending non-protected broadcast com.oculus.systemactivities.LOCAL_STREAM_STATE_UPDATE from system 1762:com.oculus.horizon/u0a48 pkg com.oculus.horizon
04-04 16:46:55.320  1051  3524 E ActivityManager: java.lang.Throwable
04-04 16:46:55.320  1051  3524 E ActivityManager: 	at com.android.server.am.ActivityManagerService.checkBroadcastFromSystem(ActivityManagerService.java:15005)
04-04 16:46:55.320  1051  3524 E ActivityManager: 	at com.android.server.am.ActivityManagerService.broadcastIntentLocked(ActivityManagerService.java:15562)
04-04 16:46:55.320  1051  3524 E ActivityManager: 	at com.android.server.am.ActivityManagerService.broadcastIntentLocked(ActivityManagerService.java:15022)
04-04 16:46:55.320  1051  3524 E ActivityManager: 	at com.android.server.am.ActivityManagerService.broadcastIntent(ActivityManagerService.java:15798)
04-04 16:46:55.320  1051  3524 E ActivityManager: 	at android.app.IActivityManager$Stub.onTransact(IActivityManager.java:1964)
04-04 16:46:55.320  1051  3524 E ActivityManager: 	at com.android.server.am.ActivityManagerService.onTransact(ActivityManagerService.java:2769)
04-04 16:46:55.320  1051  3524 E ActivityManager: 	at android.os.Binder.execTransactInternal(Binder.java:1021)
04-04 16:46:55.320  1051  3524 E ActivityManager: 	at android.os.Binder.execTransact(Binder.java:994)
04-04 16:46:55.322  1051  3524 I DropBoxManagerService: add tag=system_server_wtf isTagEnabled=true flags=0x2
04-04 16:46:55.334  3206  3206 D [SUI] AnytimeUIPanelAppBase: Acquiring viewModel StatusViewModel refCount: 1
04-04 16:46:55.335  2598  2865 W [SEO] HandRenderComponent: HandRenderComponent got invalid world transform: `-0.366848588 -0.8062304258 0.4641113877 0.2824525237 0.8640556335 -0.4801587462 -0.1511297375 0.9170623422 0.3446951509 0.3455789685 0.8727802038 -0.2662914693 0 0 0 1`
04-04 16:46:55.340  3206  3206 D [SUI] FollowTabletPanelController: Constructing FollowTabletPanelController
04-04 16:46:55.340  3206  3206 D [SUI] FollowTabletPanelController: Start to fetch for main view
04-04 16:46:55.340  3206  3206 D [SUI] FollowMainViewModel: Constructing FollowMainViewModel
04-04 16:46:55.340  3206  3206 D [SUI] OCFollowingLoader: fetching
04-04 16:46:55.341  3206  3206 D [SUI] FollowTabletPanelController: Start to fetch top bar
04-04 16:46:55.341  3206  3206 D [SUI] FollowTopBarViewModel: Constructing FollowTopBarViewModel
04-04 16:46:55.341  3206  3206 D [SUI] FollowTopBarViewModel: fetching follow counts
04-04 16:46:55.341  3206  3206 I [SUI] AnytimeUIAndroidPanelApp: Creating AUI PanelApp, isInOverlay: false, instanceCount: 1
04-04 16:46:55.346  3206  3206 D [SUI] AnytimeUIBroadcastReceiver: requestCaptureState being sent
04-04 16:46:55.347  3206  3206 D [SUI] DynamicAppsViewModel: Initializing pinned apps
04-04 16:46:55.347  3206  3206 E [SUI] FakeAppUtils: error no systemUX route for com.oculus.explore
04-04 16:46:55.347  3206  3206 E [SUI] FakeAppUtils: error no systemUX route for com.oculus.store
04-04 16:46:55.347  3206  3206 D [SUI] AnytimeUIPanelAppBase: Acquiring viewModel DynamicAppsViewModel refCount: 1
04-04 16:46:55.347  3206  3206 D [SUI] SocialViewModel: Constructing ViewModel
04-04 16:46:55.349  3206  3206 D [SUI] AnytimeUIPanelAppBase: Acquiring viewModel SocialViewModel refCount: 1
04-04 16:46:55.349  3206  3206 D [SUI] DestinationUIV2ViewModel: Constructing DestinationUIV2ViewModel
04-04 16:46:55.349  3206  3206 D [SUI] SocialViewModel: registerPartyObserver(): 
04-04 16:46:55.349  3206  3206 D [SUI] AnytimeUIPanelAppBase: Acquiring viewModel DestinationUIV2ViewModel refCount: 1
04-04 16:46:55.349  3206  3206 D [SUI] SharingViewModel: Constructing ViewModel
04-04 16:46:55.351  3206  3206 D [SUI] SharingViewModel: clearAbuseReportRecordingTimer
04-04 16:46:55.351  3206  3206 D [SUI] AnytimeUIPanelAppBase: Acquiring viewModel SharingViewModel refCount: 1
04-04 16:46:55.351  3206  3206 I AndroidPanelApp: HideLayer(#main, shape: 1, shouldMinimizeLayer: false)
04-04 16:46:55.358  1051  3913 I DisplayManagerService: Display device added: DisplayDeviceInfo{"com.oculus.android_panel_app.AndroidPanelLayer-#main": uniqueId="virtual:com.oculus.systemux,10032,com.oculus.android_panel_app.AndroidPanelLayer-#main,2", 800 x 1250, modeId 257, defaultModeId 257, supportedModes [{id=257, width=800, height=1250, fps=60.0}], colorMode 0, supportedColorModes [0], HdrCapabilities null, density 200, 200.0 x 200.0 dpi, appVsyncOff 0, presDeadline 16666666, touch NONE, rotation 0, type VIRTUAL, state OFF, owner com.oculus.systemux (uid 10032), FLAG_PRIVATE, FLAG_NEVER_BLANK, FLAG_OWN_CONTENT_ONLY}
04-04 16:46:55.368  1051  3524 E ActivityManager: Sending non-protected broadcast com.oculus.systemactivities.CAPTURE_STATE_UPDATE from system 1762:com.oculus.horizon/u0a48 pkg com.oculus.horizon
04-04 16:46:55.368  1051  3524 E ActivityManager: java.lang.Throwable
04-04 16:46:55.368  1051  3524 E ActivityManager: 	at com.android.server.am.ActivityManagerService.checkBroadcastFromSystem(ActivityManagerService.java:15005)
04-04 16:46:55.368  1051  3524 E ActivityManager: 	at com.android.server.am.ActivityManagerService.broadcastIntentLocked(ActivityManagerService.java:15562)
04-04 16:46:55.368  1051  3524 E ActivityManager: 	at com.android.server.am.ActivityManagerService.broadcastIntentLocked(ActivityManagerService.java:15022)
04-04 16:46:55.368  1051  3524 E ActivityManager: 	at com.android.server.am.ActivityManagerService.broadcastIntent(ActivityManagerService.java:15798)
